[2025-06-06T08:21:42.134+0000][80165][info][gc,init] CardTable entry size: 512
[2025-06-06T08:21:42.134+0000][80165][info][gc     ] Using G1
[2025-06-06T08:21:43.582+0000][80165][info][gc,init] Version: 21+35-2513 (release)
[2025-06-06T08:21:43.582+0000][80165][info][gc,init] CPUs: 8 total, 8 available
[2025-06-06T08:21:43.582+0000][80165][info][gc,init] Memory: 16384M
[2025-06-06T08:21:43.582+0000][80165][info][gc,init] Large Page Support: Disabled
[2025-06-06T08:21:43.582+0000][80165][info][gc,init] NUMA Support: Disabled
[2025-06-06T08:21:43.582+0000][80165][info][gc,init] Compressed Oops: Enabled (Zero based)
[2025-06-06T08:21:43.582+0000][80165][info][gc,init] Heap Region Size: 4M
[2025-06-06T08:21:43.582+0000][80165][info][gc,init] Heap Min Capacity: 8G
[2025-06-06T08:21:43.582+0000][80165][info][gc,init] Heap Initial Capacity: 8G
[2025-06-06T08:21:43.582+0000][80165][info][gc,init] Heap Max Capacity: 8G
[2025-06-06T08:21:43.582+0000][80165][info][gc,init] Pre-touch: Enabled
[2025-06-06T08:21:43.582+0000][80165][info][gc,init] Parallel Workers: 8
[2025-06-06T08:21:43.582+0000][80165][info][gc,init] Concurrent Workers: 2
[2025-06-06T08:21:43.582+0000][80165][info][gc,init] Concurrent Refinement Workers: 8
[2025-06-06T08:21:43.582+0000][80165][info][gc,init] Periodic GC: Disabled
[2025-06-06T08:21:43.588+0000][80165][info][gc,metaspace] CDS archive(s) mapped at: [0x0000000138000000-0x0000000138ca4000-0x0000000138ca4000), size 13254656, SharedBaseAddress: 0x0000000138000000, ArchiveRelocationMode: 1.
[2025-06-06T08:21:43.588+0000][80165][info][gc,metaspace] Compressed class space mapped at: 0x0000000139000000-0x0000000179000000, reserved size: 1073741824
[2025-06-06T08:21:43.588+0000][80165][info][gc,metaspace] Narrow klass base: 0x0000000138000000, Narrow klass shift: 0, Narrow klass range: 0x100000000
[2025-06-06T08:21:44.108+0000][80165][info][safepoint   ] Safepoint "ICBufferFull", Time since last: 515302500 ns, Reaching safepoint: 3042 ns, Cleanup: 1491042 ns, At safepoint: 49083 ns, Total: 1543167 ns
[2025-06-06T08:21:44.544+0000][80165][info][safepoint   ] Safepoint "ICBufferFull", Time since last: 434123708 ns, Reaching safepoint: 2375 ns, Cleanup: 1482709 ns, At safepoint: 2333 ns, Total: 1487417 ns
[2025-06-06T08:21:45.669+0000][80165][info][safepoint   ] Safepoint "Cleanup", Time since last: 1123498083 ns, Reaching safepoint: 1584 ns, Cleanup: 1212625 ns, At safepoint: 233958 ns, Total: 1448167 ns
[2025-06-06T08:21:46.494+0000][80165][info][safepoint   ] Safepoint "ICBufferFull", Time since last: 823807208 ns, Reaching safepoint: 2250 ns, Cleanup: 1549542 ns, At safepoint: 9125 ns, Total: 1560917 ns
[2025-06-06T08:21:47.066+0000][80165][info][safepoint   ] Safepoint "ICBufferFull", Time since last: 569545708 ns, Reaching safepoint: 3000 ns, Cleanup: 1568834 ns, At safepoint: 336958 ns, Total: 1908792 ns
[2025-06-06T08:21:47.615+0000][80165][info][safepoint   ] Safepoint "ICBufferFull", Time since last: 547558417 ns, Reaching safepoint: 2583 ns, Cleanup: 1597708 ns, At safepoint: 109792 ns, Total: 1710083 ns
[2025-06-06T08:21:48.041+0000][80165][info][gc,start    ] GC(0) Pause Young (Concurrent Start) (Metadata GC Threshold)
[2025-06-06T08:21:48.041+0000][80165][info][gc,task     ] GC(0) Using 8 workers of 8 for evacuation
[2025-06-06T08:21:48.041+0000][80165][debug][gc,age      ] GC(0) Desired survivor size 27262976 bytes, new threshold 15 (max threshold 15)
[2025-06-06T08:21:48.080+0000][80165][info ][gc,phases   ] GC(0)   Pre Evacuate Collection Set: 0.9ms
[2025-06-06T08:21:48.080+0000][80165][info ][gc,phases   ] GC(0)   Merge Heap Roots: 0.3ms
[2025-06-06T08:21:48.080+0000][80165][info ][gc,phases   ] GC(0)   Evacuate Collection Set: 37.0ms
[2025-06-06T08:21:48.080+0000][80165][info ][gc,phases   ] GC(0)   Post Evacuate Collection Set: 0.9ms
[2025-06-06T08:21:48.080+0000][80165][info ][gc,phases   ] GC(0)   Other: 0.6ms
[2025-06-06T08:21:48.080+0000][80165][trace][gc,age      ] GC(0) Age table with threshold 15 (max threshold 15)
[2025-06-06T08:21:48.080+0000][80165][trace][gc,age      ] GC(0) - age   1:   12613272 bytes,   12613272 total
[2025-06-06T08:21:48.080+0000][80165][info ][gc,heap     ] GC(0) Eden regions: 74->0(98)
[2025-06-06T08:21:48.080+0000][80165][info ][gc,heap     ] GC(0) Survivor regions: 0->4(13)
[2025-06-06T08:21:48.080+0000][80165][info ][gc,heap     ] GC(0) Old regions: 1->1
[2025-06-06T08:21:48.080+0000][80165][info ][gc,heap     ] GC(0) Humongous regions: 0->0
[2025-06-06T08:21:48.080+0000][80165][info ][gc,metaspace] GC(0) Metaspace: 21012K(21504K)->21012K(21504K) NonClass: 18715K(19008K)->18715K(19008K) Class: 2297K(2496K)->2297K(2496K)
[2025-06-06T08:21:48.080+0000][80165][info ][gc          ] GC(0) Pause Young (Concurrent Start) (Metadata GC Threshold) 297M->13M(8192M) 39.918ms
[2025-06-06T08:21:48.081+0000][80165][info ][gc,cpu      ] GC(0) User=0.05s Sys=0.03s Real=0.04s
[2025-06-06T08:21:48.081+0000][80165][info ][gc          ] GC(1) Concurrent Mark Cycle
[2025-06-06T08:21:48.081+0000][80165][info ][gc,marking  ] GC(1) Concurrent Scan Root Regions
[2025-06-06T08:21:48.081+0000][80165][info ][safepoint   ] Safepoint "CollectForMetadataAllocation", Time since last: 424130750 ns, Reaching safepoint: 2292 ns, Cleanup: 1159125 ns, At safepoint: 40659125 ns, Total: 41820542 ns
[2025-06-06T08:21:48.084+0000][80165][info ][gc,marking  ] GC(1) Concurrent Scan Root Regions 3.308ms
[2025-06-06T08:21:48.084+0000][80165][info ][gc,marking  ] GC(1) Concurrent Mark
[2025-06-06T08:21:48.084+0000][80165][info ][gc,marking  ] GC(1) Concurrent Mark From Roots
[2025-06-06T08:21:48.084+0000][80165][info ][gc,task     ] GC(1) Using 2 workers of 2 for marking
[2025-06-06T08:21:48.087+0000][80165][info ][gc,marking  ] GC(1) Concurrent Mark From Roots 3.372ms
[2025-06-06T08:21:48.088+0000][80165][info ][gc,marking  ] GC(1) Concurrent Preclean
[2025-06-06T08:21:48.090+0000][80165][info ][gc,marking  ] GC(1) Concurrent Preclean 1.312ms
[2025-06-06T08:21:48.091+0000][80165][info ][gc,start    ] GC(1) Pause Remark
[2025-06-06T08:21:48.099+0000][80165][info ][gc          ] GC(1) Pause Remark 15M->15M(8192M) 8.631ms
[2025-06-06T08:21:48.099+0000][80165][info ][gc,cpu      ] GC(1) User=0.01s Sys=0.01s Real=0.00s
[2025-06-06T08:21:48.099+0000][80165][info ][safepoint   ] Safepoint "G1PauseRemark", Time since last: 8751708 ns, Reaching safepoint: 798500 ns, Cleanup: 2875 ns, At safepoint: 8702667 ns, Total: 9504042 ns
[2025-06-06T08:21:48.099+0000][80165][info ][gc,marking  ] GC(1) Concurrent Mark 15.226ms
[2025-06-06T08:21:48.099+0000][80165][info ][gc,marking  ] GC(1) Concurrent Rebuild Remembered Sets and Scrub Regions
[2025-06-06T08:21:48.102+0000][80165][info ][gc,marking  ] GC(1) Concurrent Rebuild Remembered Sets and Scrub Regions 2.173ms
[2025-06-06T08:21:48.102+0000][80165][info ][gc,start    ] GC(1) Pause Cleanup
[2025-06-06T08:21:48.102+0000][80165][info ][gc          ] GC(1) Pause Cleanup 15M->15M(8192M) 0.111ms
[2025-06-06T08:21:48.102+0000][80165][info ][gc,cpu      ] GC(1) User=0.00s Sys=0.00s Real=0.00s
[2025-06-06T08:21:48.102+0000][80165][info ][safepoint   ] Safepoint "G1PauseCleanup", Time since last: 2365291 ns, Reaching safepoint: 83917 ns, Cleanup: 3250 ns, At safepoint: 181042 ns, Total: 268209 ns
[2025-06-06T08:21:48.102+0000][80165][info ][gc,marking  ] GC(1) Concurrent Clear Claimed Marks
[2025-06-06T08:21:48.102+0000][80165][info ][gc,marking  ] GC(1) Concurrent Clear Claimed Marks 0.011ms
[2025-06-06T08:21:48.102+0000][80165][info ][gc,marking  ] GC(1) Concurrent Cleanup for Next Mark
[2025-06-06T08:21:48.113+0000][80165][info ][gc,marking  ] GC(1) Concurrent Cleanup for Next Mark 10.955ms
[2025-06-06T08:21:48.113+0000][80165][info ][gc          ] GC(1) Concurrent Mark Cycle 32.429ms
[2025-06-06T08:21:49.044+0000][80165][info ][safepoint   ] Safepoint "ICBufferFull", Time since last: 940212250 ns, Reaching safepoint: 4333 ns, Cleanup: 1971333 ns, At safepoint: 2334 ns, Total: 1978000 ns
[2025-06-06T08:21:49.356+0000][80165][info ][safepoint   ] Safepoint "ICBufferFull", Time since last: 310574416 ns, Reaching safepoint: 120292 ns, Cleanup: 1388167 ns, At safepoint: 42333 ns, Total: 1550792 ns
[2025-06-06T08:21:49.656+0000][80165][info ][gc,start    ] GC(2) Pause Young (Prepare Mixed) (G1 Evacuation Pause)
[2025-06-06T08:21:49.657+0000][80165][info ][gc,task     ] GC(2) Using 8 workers of 8 for evacuation
[2025-06-06T08:21:49.657+0000][80165][debug][gc,age      ] GC(2) Desired survivor size 27262976 bytes, new threshold 15 (max threshold 15)
[2025-06-06T08:21:49.683+0000][80165][info ][gc,phases   ] GC(2)   Pre Evacuate Collection Set: 0.3ms
[2025-06-06T08:21:49.683+0000][80165][info ][gc,phases   ] GC(2)   Merge Heap Roots: 0.1ms
[2025-06-06T08:21:49.683+0000][80165][info ][gc,phases   ] GC(2)   Evacuate Collection Set: 24.7ms
[2025-06-06T08:21:49.683+0000][80165][info ][gc,phases   ] GC(2)   Post Evacuate Collection Set: 1.0ms
[2025-06-06T08:21:49.683+0000][80165][info ][gc,phases   ] GC(2)   Other: 0.1ms
[2025-06-06T08:21:49.683+0000][80165][trace][gc,age      ] GC(2) Age table with threshold 15 (max threshold 15)
[2025-06-06T08:21:49.683+0000][80165][trace][gc,age      ] GC(2) - age   1:    8911920 bytes,    8911920 total
[2025-06-06T08:21:49.683+0000][80165][trace][gc,age      ] GC(2) - age   2:   11678928 bytes,   20590848 total
[2025-06-06T08:21:49.683+0000][80165][info ][gc,heap     ] GC(2) Eden regions: 98->0(96)
[2025-06-06T08:21:49.683+0000][80165][info ][gc,heap     ] GC(2) Survivor regions: 4->6(13)
[2025-06-06T08:21:49.683+0000][80165][info ][gc,heap     ] GC(2) Old regions: 1->1
[2025-06-06T08:21:49.683+0000][80165][info ][gc,heap     ] GC(2) Humongous regions: 0->0
[2025-06-06T08:21:49.683+0000][80165][info ][gc,metaspace] GC(2) Metaspace: 28388K(29056K)->28388K(29056K) NonClass: 25140K(25536K)->25140K(25536K) Class: 3248K(3520K)->3248K(3520K)
[2025-06-06T08:21:49.683+0000][80165][info ][gc          ] GC(2) Pause Young (Prepare Mixed) (G1 Evacuation Pause) 405M->23M(8192M) 26.424ms
[2025-06-06T08:21:49.683+0000][80165][info ][gc,cpu      ] GC(2) User=0.05s Sys=0.04s Real=0.03s
[2025-06-06T08:21:49.683+0000][80165][info ][safepoint   ] Safepoint "G1CollectForAllocation", Time since last: 299213292 ns, Reaching safepoint: 2583 ns, Cleanup: 1038292 ns, At safepoint: 26593583 ns, Total: 27634458 ns
[2025-06-06T08:21:50.528+0000][80165][info ][gc,start    ] GC(3) Pause Young (Mixed) (G1 Evacuation Pause)
[2025-06-06T08:21:50.528+0000][80165][info ][gc,task     ] GC(3) Using 8 workers of 8 for evacuation
[2025-06-06T08:21:50.528+0000][80165][debug][gc,age      ] GC(3) Desired survivor size 27262976 bytes, new threshold 15 (max threshold 15)
[2025-06-06T08:21:50.552+0000][80165][info ][gc,phases   ] GC(3)   Pre Evacuate Collection Set: 0.2ms
[2025-06-06T08:21:50.552+0000][80165][info ][gc,phases   ] GC(3)   Merge Heap Roots: 0.1ms
[2025-06-06T08:21:50.552+0000][80165][info ][gc,phases   ] GC(3)   Evacuate Collection Set: 22.1ms
[2025-06-06T08:21:50.552+0000][80165][info ][gc,phases   ] GC(3)   Post Evacuate Collection Set: 0.8ms
[2025-06-06T08:21:50.552+0000][80165][info ][gc,phases   ] GC(3)   Other: 0.1ms
[2025-06-06T08:21:50.552+0000][80165][trace][gc,age      ] GC(3) Age table with threshold 15 (max threshold 15)
[2025-06-06T08:21:50.552+0000][80165][trace][gc,age      ] GC(3) - age   1:    5657224 bytes,    5657224 total
[2025-06-06T08:21:50.552+0000][80165][trace][gc,age      ] GC(3) - age   2:    8193312 bytes,   13850536 total
[2025-06-06T08:21:50.552+0000][80165][trace][gc,age      ] GC(3) - age   3:   11677568 bytes,   25528104 total
[2025-06-06T08:21:50.552+0000][80165][info ][gc,heap     ] GC(3) Eden regions: 96->0(95)
[2025-06-06T08:21:50.552+0000][80165][info ][gc,heap     ] GC(3) Survivor regions: 6->7(13)
[2025-06-06T08:21:50.552+0000][80165][info ][gc,heap     ] GC(3) Old regions: 1->1
[2025-06-06T08:21:50.552+0000][80165][info ][gc,heap     ] GC(3) Humongous regions: 0->0
[2025-06-06T08:21:50.552+0000][80165][info ][gc,metaspace] GC(3) Metaspace: 33983K(34816K)->33983K(34816K) NonClass: 30102K(30592K)->30102K(30592K) Class: 3881K(4224K)->3881K(4224K)
[2025-06-06T08:21:50.552+0000][80165][info ][gc          ] GC(3) Pause Young (Mixed) (G1 Evacuation Pause) 407M->27M(8192M) 23.375ms
[2025-06-06T08:21:50.552+0000][80165][info ][gc,cpu      ] GC(3) User=0.05s Sys=0.02s Real=0.03s
[2025-06-06T08:21:50.552+0000][80165][info ][safepoint   ] Safepoint "G1CollectForAllocation", Time since last: 843529042 ns, Reaching safepoint: 36708 ns, Cleanup: 1366750 ns, At safepoint: 23884625 ns, Total: 25288083 ns
[2025-06-06T08:21:50.790+0000][80165][info ][gc,start    ] GC(4) Pause Young (Concurrent Start) (Metadata GC Threshold)
[2025-06-06T08:21:50.790+0000][80165][info ][gc,task     ] GC(4) Using 8 workers of 8 for evacuation
[2025-06-06T08:21:50.790+0000][80165][debug][gc,age      ] GC(4) Desired survivor size 27262976 bytes, new threshold 15 (max threshold 15)
[2025-06-06T08:21:50.806+0000][80165][info ][gc,phases   ] GC(4)   Pre Evacuate Collection Set: 0.3ms
[2025-06-06T08:21:50.806+0000][80165][info ][gc,phases   ] GC(4)   Merge Heap Roots: 0.0ms
[2025-06-06T08:21:50.806+0000][80165][info ][gc,phases   ] GC(4)   Evacuate Collection Set: 14.8ms
[2025-06-06T08:21:50.806+0000][80165][info ][gc,phases   ] GC(4)   Post Evacuate Collection Set: 0.6ms
[2025-06-06T08:21:50.806+0000][80165][info ][gc,phases   ] GC(4)   Other: 0.1ms
[2025-06-06T08:21:50.806+0000][80165][trace][gc,age      ] GC(4) Age table with threshold 15 (max threshold 15)
[2025-06-06T08:21:50.806+0000][80165][trace][gc,age      ] GC(4) - age   1:    2671480 bytes,    2671480 total
[2025-06-06T08:21:50.806+0000][80165][trace][gc,age      ] GC(4) - age   2:    5525552 bytes,    8197032 total
[2025-06-06T08:21:50.806+0000][80165][trace][gc,age      ] GC(4) - age   3:    8190336 bytes,   16387368 total
[2025-06-06T08:21:50.806+0000][80165][trace][gc,age      ] GC(4) - age   4:   11670432 bytes,   28057800 total
[2025-06-06T08:21:50.806+0000][80165][info ][gc,heap     ] GC(4) Eden regions: 8->0(94)
[2025-06-06T08:21:50.806+0000][80165][info ][gc,heap     ] GC(4) Survivor regions: 7->8(13)
[2025-06-06T08:21:50.806+0000][80165][info ][gc,heap     ] GC(4) Old regions: 1->1
[2025-06-06T08:21:50.806+0000][80165][info ][gc,heap     ] GC(4) Humongous regions: 0->0
[2025-06-06T08:21:50.806+0000][80165][info ][gc,metaspace] GC(4) Metaspace: 35155K(35968K)->35155K(35968K) NonClass: 31129K(31616K)->31129K(31616K) Class: 4026K(4352K)->4026K(4352K)
[2025-06-06T08:21:50.806+0000][80165][info ][gc          ] GC(4) Pause Young (Concurrent Start) (Metadata GC Threshold) 57M->31M(8192M) 15.999ms
[2025-06-06T08:21:50.806+0000][80165][info ][gc,cpu      ] GC(4) User=0.05s Sys=0.02s Real=0.01s
[2025-06-06T08:21:50.806+0000][80165][info ][gc          ] GC(5) Concurrent Mark Cycle
[2025-06-06T08:21:50.806+0000][80165][info ][gc,marking  ] GC(5) Concurrent Scan Root Regions
[2025-06-06T08:21:50.806+0000][80165][info ][safepoint   ] Safepoint "CollectForMetadataAllocation", Time since last: 237605583 ns, Reaching safepoint: 2667 ns, Cleanup: 680958 ns, At safepoint: 16070709 ns, Total: 16754334 ns
[2025-06-06T08:21:50.810+0000][80165][info ][gc,marking  ] GC(5) Concurrent Scan Root Regions 4.144ms
[2025-06-06T08:21:50.810+0000][80165][info ][gc,marking  ] GC(5) Concurrent Mark
[2025-06-06T08:21:50.810+0000][80165][info ][gc,marking  ] GC(5) Concurrent Mark From Roots
[2025-06-06T08:21:50.810+0000][80165][info ][gc,task     ] GC(5) Using 2 workers of 2 for marking
[2025-06-06T08:21:50.811+0000][80165][info ][gc,marking  ] GC(5) Concurrent Mark From Roots 0.964ms
[2025-06-06T08:21:50.811+0000][80165][info ][gc,marking  ] GC(5) Concurrent Preclean
[2025-06-06T08:21:50.811+0000][80165][info ][gc,marking  ] GC(5) Concurrent Preclean 0.007ms
[2025-06-06T08:21:50.812+0000][80165][info ][gc,start    ] GC(5) Pause Remark
[2025-06-06T08:21:50.821+0000][80165][info ][gc          ] GC(5) Pause Remark 33M->33M(8192M) 9.410ms
[2025-06-06T08:21:50.821+0000][80165][info ][gc,cpu      ] GC(5) User=0.02s Sys=0.02s Real=0.01s
[2025-06-06T08:21:50.821+0000][80165][info ][safepoint   ] Safepoint "G1PauseRemark", Time since last: 5215500 ns, Reaching safepoint: 413708 ns, Cleanup: 3250 ns, At safepoint: 9470000 ns, Total: 9886958 ns
[2025-06-06T08:21:50.821+0000][80165][info ][gc,marking  ] GC(5) Concurrent Mark 10.970ms
[2025-06-06T08:21:50.821+0000][80165][info ][gc,marking  ] GC(5) Concurrent Rebuild Remembered Sets and Scrub Regions
[2025-06-06T08:21:50.822+0000][80165][info ][gc,marking  ] GC(5) Concurrent Rebuild Remembered Sets and Scrub Regions 0.344ms
[2025-06-06T08:21:50.822+0000][80165][info ][gc,start    ] GC(5) Pause Cleanup
[2025-06-06T08:21:50.822+0000][80165][info ][gc          ] GC(5) Pause Cleanup 33M->33M(8192M) 0.123ms
[2025-06-06T08:21:50.822+0000][80165][info ][gc,cpu      ] GC(5) User=0.00s Sys=0.00s Real=0.00s
[2025-06-06T08:21:50.822+0000][80165][info ][safepoint   ] Safepoint "G1PauseCleanup", Time since last: 396375 ns, Reaching safepoint: 116542 ns, Cleanup: 7583 ns, At safepoint: 172208 ns, Total: 296333 ns
[2025-06-06T08:21:50.822+0000][80165][info ][gc,marking  ] GC(5) Concurrent Clear Claimed Marks
[2025-06-06T08:21:50.822+0000][80165][info ][gc,marking  ] GC(5) Concurrent Clear Claimed Marks 0.013ms
[2025-06-06T08:21:50.822+0000][80165][info ][gc,marking  ] GC(5) Concurrent Cleanup for Next Mark
[2025-06-06T08:21:50.826+0000][80165][info ][gc,marking  ] GC(5) Concurrent Cleanup for Next Mark 3.936ms
[2025-06-06T08:21:50.826+0000][80165][info ][gc          ] GC(5) Concurrent Mark Cycle 19.859ms
[2025-06-06T08:21:51.608+0000][80165][info ][gc,start    ] GC(6) Pause Young (Normal) (G1 Evacuation Pause)
[2025-06-06T08:21:51.608+0000][80165][info ][gc,task     ] GC(6) Using 8 workers of 8 for evacuation
[2025-06-06T08:21:51.608+0000][80165][debug][gc,age      ] GC(6) Desired survivor size 27262976 bytes, new threshold 4 (max threshold 15)
[2025-06-06T08:21:51.629+0000][80165][info ][gc,phases   ] GC(6)   Pre Evacuate Collection Set: 0.2ms
[2025-06-06T08:21:51.629+0000][80165][info ][gc,phases   ] GC(6)   Merge Heap Roots: 0.1ms
[2025-06-06T08:21:51.629+0000][80165][info ][gc,phases   ] GC(6)   Evacuate Collection Set: 20.0ms
[2025-06-06T08:21:51.629+0000][80165][info ][gc,phases   ] GC(6)   Post Evacuate Collection Set: 0.6ms
[2025-06-06T08:21:51.629+0000][80165][info ][gc,phases   ] GC(6)   Other: 0.1ms
[2025-06-06T08:21:51.629+0000][80165][trace][gc,age      ] GC(6) Age table with threshold 4 (max threshold 15)
[2025-06-06T08:21:51.629+0000][80165][trace][gc,age      ] GC(6) - age   1:    5993360 bytes,    5993360 total
[2025-06-06T08:21:51.629+0000][80165][trace][gc,age      ] GC(6) - age   2:    2648720 bytes,    8642080 total
[2025-06-06T08:21:51.629+0000][80165][trace][gc,age      ] GC(6) - age   3:    5525256 bytes,   14167336 total
[2025-06-06T08:21:51.629+0000][80165][trace][gc,age      ] GC(6) - age   4:    8185024 bytes,   22352360 total
[2025-06-06T08:21:51.629+0000][80165][info ][gc,heap     ] GC(6) Eden regions: 94->0(178)
[2025-06-06T08:21:51.629+0000][80165][info ][gc,heap     ] GC(6) Survivor regions: 8->6(13)
[2025-06-06T08:21:51.629+0000][80165][info ][gc,heap     ] GC(6) Old regions: 1->4
[2025-06-06T08:21:51.629+0000][80165][info ][gc,heap     ] GC(6) Humongous regions: 0->0
[2025-06-06T08:21:51.629+0000][80165][info ][gc,metaspace] GC(6) Metaspace: 36045K(36992K)->36045K(36992K) NonClass: 31889K(32448K)->31889K(32448K) Class: 4155K(4544K)->4155K(4544K)
[2025-06-06T08:21:51.629+0000][80165][info ][gc          ] GC(6) Pause Young (Normal) (G1 Evacuation Pause) 407M->36M(8192M) 21.170ms
[2025-06-06T08:21:51.629+0000][80165][info ][gc,cpu      ] GC(6) User=0.06s Sys=0.02s Real=0.02s
[2025-06-06T08:21:51.629+0000][80165][info ][safepoint   ] Safepoint "G1CollectForAllocation", Time since last: 785219042 ns, Reaching safepoint: 2292 ns, Cleanup: 520875 ns, At safepoint: 21218958 ns, Total: 21742125 ns
[2025-06-06T08:21:52.676+0000][80165][info ][safepoint   ] Safepoint "ICBufferFull", Time since last: 1045227417 ns, Reaching safepoint: 2458 ns, Cleanup: 1604417 ns, At safepoint: 30208 ns, Total: 1637083 ns
[2025-06-06T08:21:53.682+0000][80165][info ][safepoint   ] Safepoint "Cleanup", Time since last: 1004486792 ns, Reaching safepoint: 76375 ns, Cleanup: 1106708 ns, At safepoint: 38625 ns, Total: 1221708 ns
[2025-06-06T08:21:54.299+0000][80165][info ][safepoint   ] Safepoint "ICBufferFull", Time since last: 616326458 ns, Reaching safepoint: 2625 ns, Cleanup: 1281959 ns, At safepoint: 2333 ns, Total: 1286917 ns
[2025-06-06T08:21:54.774+0000][80165][info ][gc,start    ] GC(7) Pause Young (Concurrent Start) (Metadata GC Threshold)
[2025-06-06T08:21:54.774+0000][80165][info ][gc,task     ] GC(7) Using 8 workers of 8 for evacuation
[2025-06-06T08:21:54.774+0000][80165][debug][gc,age      ] GC(7) Desired survivor size 48234496 bytes, new threshold 15 (max threshold 15)
[2025-06-06T08:21:54.808+0000][80165][info ][gc,phases   ] GC(7)   Pre Evacuate Collection Set: 0.3ms
[2025-06-06T08:21:54.808+0000][80165][info ][gc,phases   ] GC(7)   Merge Heap Roots: 0.1ms
[2025-06-06T08:21:54.808+0000][80165][info ][gc,phases   ] GC(7)   Evacuate Collection Set: 32.9ms
[2025-06-06T08:21:54.808+0000][80165][info ][gc,phases   ] GC(7)   Post Evacuate Collection Set: 1.1ms
[2025-06-06T08:21:54.808+0000][80165][info ][gc,phases   ] GC(7)   Other: 0.1ms
[2025-06-06T08:21:54.808+0000][80165][trace][gc,age      ] GC(7) Age table with threshold 15 (max threshold 15)
[2025-06-06T08:21:54.808+0000][80165][trace][gc,age      ] GC(7) - age   1:   25447928 bytes,   25447928 total
[2025-06-06T08:21:54.808+0000][80165][trace][gc,age      ] GC(7) - age   2:    3666200 bytes,   29114128 total
[2025-06-06T08:21:54.808+0000][80165][trace][gc,age      ] GC(7) - age   3:    2631272 bytes,   31745400 total
[2025-06-06T08:21:54.808+0000][80165][trace][gc,age      ] GC(7) - age   4:    5508712 bytes,   37254112 total
[2025-06-06T08:21:54.808+0000][80165][trace][gc,age      ] GC(7) - age   5:    8154032 bytes,   45408144 total
[2025-06-06T08:21:54.808+0000][80165][info ][gc,heap     ] GC(7) Eden regions: 135->0(99)
[2025-06-06T08:21:54.808+0000][80165][info ][gc,heap     ] GC(7) Survivor regions: 6->12(23)
[2025-06-06T08:21:54.808+0000][80165][info ][gc,heap     ] GC(7) Old regions: 4->4
[2025-06-06T08:21:54.808+0000][80165][info ][gc,heap     ] GC(7) Humongous regions: 0->0
[2025-06-06T08:21:54.808+0000][80165][info ][gc,metaspace] GC(7) Metaspace: 58674K(60096K)->58674K(60096K) NonClass: 51431K(52224K)->51431K(52224K) Class: 7242K(7872K)->7242K(7872K)
[2025-06-06T08:21:54.808+0000][80165][info ][gc          ] GC(7) Pause Young (Concurrent Start) (Metadata GC Threshold) 574M->60M(8192M) 34.698ms
[2025-06-06T08:21:54.808+0000][80165][info ][gc,cpu      ] GC(7) User=0.10s Sys=0.04s Real=0.03s
[2025-06-06T08:21:54.808+0000][80165][info ][gc          ] GC(8) Concurrent Mark Cycle
[2025-06-06T08:21:54.809+0000][80165][info ][gc,marking  ] GC(8) Concurrent Scan Root Regions
[2025-06-06T08:21:54.809+0000][80165][info ][safepoint   ] Safepoint "CollectForMetadataAllocation", Time since last: 473550125 ns, Reaching safepoint: 2250 ns, Cleanup: 1038500 ns, At safepoint: 34800250 ns, Total: 35841000 ns
[2025-06-06T08:21:54.820+0000][80165][info ][gc,marking  ] GC(8) Concurrent Scan Root Regions 11.581ms
[2025-06-06T08:21:54.820+0000][80165][info ][gc,marking  ] GC(8) Concurrent Mark
[2025-06-06T08:21:54.820+0000][80165][info ][gc,marking  ] GC(8) Concurrent Mark From Roots
[2025-06-06T08:21:54.820+0000][80165][info ][gc,task     ] GC(8) Using 2 workers of 2 for marking
[2025-06-06T08:21:54.825+0000][80165][info ][gc,marking  ] GC(8) Concurrent Mark From Roots 4.973ms
[2025-06-06T08:21:54.825+0000][80165][info ][gc,marking  ] GC(8) Concurrent Preclean
[2025-06-06T08:21:54.825+0000][80165][info ][gc,marking  ] GC(8) Concurrent Preclean 0.028ms
[2025-06-06T08:21:54.825+0000][80165][info ][gc,start    ] GC(8) Pause Remark
[2025-06-06T08:21:54.845+0000][80165][info ][gc          ] GC(8) Pause Remark 64M->64M(8192M) 19.401ms
[2025-06-06T08:21:54.845+0000][80165][info ][gc,cpu      ] GC(8) User=0.03s Sys=0.03s Real=0.02s
[2025-06-06T08:21:54.845+0000][80165][info ][safepoint   ] Safepoint "G1PauseRemark", Time since last: 16634208 ns, Reaching safepoint: 51667 ns, Cleanup: 2875 ns, At safepoint: 19466417 ns, Total: 19520959 ns
[2025-06-06T08:21:54.845+0000][80165][info ][gc,marking  ] GC(8) Concurrent Mark 24.592ms
[2025-06-06T08:21:54.845+0000][80165][info ][gc,marking  ] GC(8) Concurrent Rebuild Remembered Sets and Scrub Regions
[2025-06-06T08:21:54.847+0000][80165][info ][gc,marking  ] GC(8) Concurrent Rebuild Remembered Sets and Scrub Regions 2.623ms
[2025-06-06T08:21:54.847+0000][80165][info ][gc,start    ] GC(8) Pause Cleanup
[2025-06-06T08:21:54.848+0000][80165][info ][gc          ] GC(8) Pause Cleanup 64M->64M(8192M) 0.136ms
[2025-06-06T08:21:54.848+0000][80165][info ][gc,cpu      ] GC(8) User=0.00s Sys=0.00s Real=0.00s
[2025-06-06T08:21:54.848+0000][80165][info ][safepoint   ] Safepoint "G1PauseCleanup", Time since last: 2687875 ns, Reaching safepoint: 51375 ns, Cleanup: 11208 ns, At safepoint: 174542 ns, Total: 237125 ns
[2025-06-06T08:21:54.848+0000][80165][info ][gc,marking  ] GC(8) Concurrent Clear Claimed Marks
[2025-06-06T08:21:54.848+0000][80165][info ][gc,marking  ] GC(8) Concurrent Clear Claimed Marks 0.029ms
[2025-06-06T08:21:54.848+0000][80165][info ][gc,marking  ] GC(8) Concurrent Cleanup for Next Mark
[2025-06-06T08:21:54.851+0000][80165][info ][gc,marking  ] GC(8) Concurrent Cleanup for Next Mark 3.595ms
[2025-06-06T08:21:54.851+0000][80165][info ][gc          ] GC(8) Concurrent Mark Cycle 42.881ms
[2025-06-06T08:21:55.854+0000][80165][info ][safepoint   ] Safepoint "Cleanup", Time since last: 1005026791 ns, Reaching safepoint: 172667 ns, Cleanup: 1015917 ns, At safepoint: 10500 ns, Total: 1199084 ns
[2025-06-06T08:21:56.865+0000][80165][info ][safepoint   ] Safepoint "Cleanup", Time since last: 1008753791 ns, Reaching safepoint: 20792 ns, Cleanup: 2061125 ns, At safepoint: 6583 ns, Total: 2088500 ns
[2025-06-06T08:21:57.207+0000][80165][info ][gc,start    ] GC(9) Pause Young (Normal) (G1 Evacuation Pause)
[2025-06-06T08:21:57.207+0000][80165][info ][gc,task     ] GC(9) Using 8 workers of 8 for evacuation
[2025-06-06T08:21:57.207+0000][80165][debug][gc,age      ] GC(9) Desired survivor size 29360128 bytes, new threshold 3 (max threshold 15)
[2025-06-06T08:21:57.227+0000][80165][info ][gc,phases   ] GC(9)   Pre Evacuate Collection Set: 0.3ms
[2025-06-06T08:21:57.228+0000][80165][info ][gc,phases   ] GC(9)   Merge Heap Roots: 0.1ms
[2025-06-06T08:21:57.228+0000][80165][info ][gc,phases   ] GC(9)   Evacuate Collection Set: 18.7ms
[2025-06-06T08:21:57.228+0000][80165][info ][gc,phases   ] GC(9)   Post Evacuate Collection Set: 0.9ms
[2025-06-06T08:21:57.228+0000][80165][info ][gc,phases   ] GC(9)   Other: 0.1ms
[2025-06-06T08:21:57.228+0000][80165][trace][gc,age      ] GC(9) Age table with threshold 3 (max threshold 15)
[2025-06-06T08:21:57.228+0000][80165][trace][gc,age      ] GC(9) - age   1:    8096352 bytes,    8096352 total
[2025-06-06T08:21:57.228+0000][80165][trace][gc,age      ] GC(9) - age   2:   25091520 bytes,   33187872 total
[2025-06-06T08:21:57.228+0000][80165][trace][gc,age      ] GC(9) - age   3:    3607808 bytes,   36795680 total
[2025-06-06T08:21:57.228+0000][80165][info ][gc,heap     ] GC(9) Eden regions: 99->0(166)
[2025-06-06T08:21:57.228+0000][80165][info ][gc,heap     ] GC(9) Survivor regions: 12->10(14)
[2025-06-06T08:21:57.228+0000][80165][info ][gc,heap     ] GC(9) Old regions: 4->8
[2025-06-06T08:21:57.228+0000][80165][info ][gc,heap     ] GC(9) Humongous regions: 0->0
[2025-06-06T08:21:57.228+0000][80165][info ][gc,metaspace] GC(9) Metaspace: 80123K(81792K)->80123K(81792K) NonClass: 69739K(70720K)->69739K(70720K) Class: 10383K(11072K)->10383K(11072K)
[2025-06-06T08:21:57.228+0000][80165][info ][gc          ] GC(9) Pause Young (Normal) (G1 Evacuation Pause) 456M->67M(8192M) 20.204ms
[2025-06-06T08:21:57.228+0000][80165][info ][gc,cpu      ] GC(9) User=0.11s Sys=0.02s Real=0.02s
[2025-06-06T08:21:57.228+0000][80165][info ][safepoint   ] Safepoint "G1CollectForAllocation", Time since last: 341959084 ns, Reaching safepoint: 2750 ns, Cleanup: 736291 ns, At safepoint: 20257042 ns, Total: 20996083 ns
[2025-06-06T08:21:57.854+0000][80165][info ][safepoint   ] Safepoint "ICBufferFull", Time since last: 624505333 ns, Reaching safepoint: 2625 ns, Cleanup: 1360417 ns, At safepoint: 9000 ns, Total: 1372042 ns
[2025-06-06T08:21:58.304+0000][80165][info ][gc,start    ] GC(10) Pause Young (Concurrent Start) (Metadata GC Threshold)
[2025-06-06T08:21:58.304+0000][80165][info ][gc,task     ] GC(10) Using 8 workers of 8 for evacuation
[2025-06-06T08:21:58.304+0000][80165][debug][gc,age      ] GC(10) Desired survivor size 46137344 bytes, new threshold 15 (max threshold 15)
[2025-06-06T08:21:58.320+0000][80165][info ][gc,phases   ] GC(10)   Pre Evacuate Collection Set: 0.3ms
[2025-06-06T08:21:58.320+0000][80165][info ][gc,phases   ] GC(10)   Merge Heap Roots: 0.0ms
[2025-06-06T08:21:58.320+0000][80165][info ][gc,phases   ] GC(10)   Evacuate Collection Set: 13.9ms
[2025-06-06T08:21:58.320+0000][80165][info ][gc,phases   ] GC(10)   Post Evacuate Collection Set: 0.9ms
[2025-06-06T08:21:58.320+0000][80165][info ][gc,phases   ] GC(10)   Other: 0.1ms
[2025-06-06T08:21:58.320+0000][80165][trace][gc,age      ] GC(10) Age table with threshold 15 (max threshold 15)
[2025-06-06T08:21:58.320+0000][80165][trace][gc,age      ] GC(10) - age   1:    7926640 bytes,    7926640 total
[2025-06-06T08:21:58.320+0000][80165][trace][gc,age      ] GC(10) - age   2:    7776112 bytes,   15702752 total
[2025-06-06T08:21:58.320+0000][80165][trace][gc,age      ] GC(10) - age   3:   24969424 bytes,   40672176 total
[2025-06-06T08:21:58.320+0000][80165][trace][gc,age      ] GC(10) - age   4:    3603904 bytes,   44276080 total
[2025-06-06T08:21:58.320+0000][80165][info ][gc,heap     ] GC(10) Eden regions: 32->0(241)
[2025-06-06T08:21:58.320+0000][80165][info ][gc,heap     ] GC(10) Survivor regions: 10->12(22)
[2025-06-06T08:21:58.320+0000][80165][info ][gc,heap     ] GC(10) Old regions: 8->8
[2025-06-06T08:21:58.320+0000][80165][info ][gc,heap     ] GC(10) Humongous regions: 0->0
[2025-06-06T08:21:58.320+0000][80165][info ][gc,metaspace] GC(10) Metaspace: 97740K(100288K)->97740K(100288K) NonClass: 84547K(85952K)->84547K(85952K) Class: 13192K(14336K)->13192K(14336K)
[2025-06-06T08:21:58.320+0000][80165][info ][gc          ] GC(10) Pause Young (Concurrent Start) (Metadata GC Threshold) 195M->73M(8192M) 15.365ms
[2025-06-06T08:21:58.320+0000][80165][info ][gc,cpu      ] GC(10) User=0.08s Sys=0.01s Real=0.02s
[2025-06-06T08:21:58.320+0000][80165][info ][gc          ] GC(11) Concurrent Mark Cycle
[2025-06-06T08:21:58.320+0000][80165][info ][gc,marking  ] GC(11) Concurrent Scan Root Regions
[2025-06-06T08:21:58.320+0000][80165][info ][safepoint   ] Safepoint "CollectForMetadataAllocation", Time since last: 450055542 ns, Reaching safepoint: 2666 ns, Cleanup: 779167 ns, At safepoint: 15466292 ns, Total: 16248125 ns
[2025-06-06T08:21:58.334+0000][80165][info ][gc,marking  ] GC(11) Concurrent Scan Root Regions 14.304ms
[2025-06-06T08:21:58.334+0000][80165][info ][gc,marking  ] GC(11) Concurrent Mark
[2025-06-06T08:21:58.334+0000][80165][info ][gc,marking  ] GC(11) Concurrent Mark From Roots
[2025-06-06T08:21:58.334+0000][80165][info ][gc,task     ] GC(11) Using 2 workers of 2 for marking
[2025-06-06T08:21:58.344+0000][80165][info ][gc,marking  ] GC(11) Concurrent Mark From Roots 9.933ms
[2025-06-06T08:21:58.344+0000][80165][info ][gc,marking  ] GC(11) Concurrent Preclean
[2025-06-06T08:21:58.344+0000][80165][info ][gc,marking  ] GC(11) Concurrent Preclean 0.065ms
[2025-06-06T08:21:58.344+0000][80165][info ][gc,start    ] GC(11) Pause Remark
[2025-06-06T08:21:58.368+0000][80165][info ][gc          ] GC(11) Pause Remark 75M->75M(8192M) 23.588ms
[2025-06-06T08:21:58.368+0000][80165][info ][gc,cpu      ] GC(11) User=0.03s Sys=0.04s Real=0.02s
[2025-06-06T08:21:58.368+0000][80165][info ][safepoint   ] Safepoint "G1PauseRemark", Time since last: 24384625 ns, Reaching safepoint: 159375 ns, Cleanup: 3208 ns, At safepoint: 23657042 ns, Total: 23819625 ns
[2025-06-06T08:21:58.368+0000][80165][info ][gc,marking  ] GC(11) Concurrent Mark 33.912ms
[2025-06-06T08:21:58.368+0000][80165][info ][gc,marking  ] GC(11) Concurrent Rebuild Remembered Sets and Scrub Regions
[2025-06-06T08:21:58.372+0000][80165][info ][gc,marking  ] GC(11) Concurrent Rebuild Remembered Sets and Scrub Regions 3.886ms
[2025-06-06T08:21:58.372+0000][80165][info ][gc,start    ] GC(11) Pause Cleanup
[2025-06-06T08:21:58.372+0000][80165][info ][gc          ] GC(11) Pause Cleanup 75M->75M(8192M) 0.137ms
[2025-06-06T08:21:58.372+0000][80165][info ][gc,cpu      ] GC(11) User=0.00s Sys=0.00s Real=0.00s
[2025-06-06T08:21:58.373+0000][80165][info ][safepoint   ] Safepoint "G1PauseCleanup", Time since last: 3985041 ns, Reaching safepoint: 289125 ns, Cleanup: 13750 ns, At safepoint: 171084 ns, Total: 473959 ns
[2025-06-06T08:21:58.373+0000][80165][info ][gc,marking  ] GC(11) Concurrent Clear Claimed Marks
[2025-06-06T08:21:58.373+0000][80165][info ][gc,marking  ] GC(11) Concurrent Clear Claimed Marks 0.080ms
[2025-06-06T08:21:58.373+0000][80165][info ][gc,marking  ] GC(11) Concurrent Cleanup for Next Mark
[2025-06-06T08:21:58.376+0000][80165][info ][gc,marking  ] GC(11) Concurrent Cleanup for Next Mark 3.860ms
[2025-06-06T08:21:58.377+0000][80165][info ][gc          ] GC(11) Concurrent Mark Cycle 56.730ms
[2025-06-06T08:21:59.536+0000][80165][info ][safepoint   ] Safepoint "Cleanup", Time since last: 1066919625 ns, Reaching safepoint: 27666 ns, Cleanup: 95923209 ns, At safepoint: 671541 ns, Total: 96622416 ns
[2025-06-06T08:22:00.075+0000][80165][info ][safepoint   ] Safepoint "ICBufferFull", Time since last: 536665584 ns, Reaching safepoint: 6000 ns, Cleanup: 2079375 ns, At safepoint: 7333 ns, Total: 2092708 ns
[2025-06-06T08:22:00.905+0000][80165][info ][safepoint   ] Safepoint "ICBufferFull", Time since last: 827946500 ns, Reaching safepoint: 4167 ns, Cleanup: 1780333 ns, At safepoint: 2083 ns, Total: 1786583 ns
[2025-06-06T08:22:01.751+0000][80165][info ][safepoint   ] Safepoint "ICBufferFull", Time since last: 844594709 ns, Reaching safepoint: 4125 ns, Cleanup: 1624916 ns, At safepoint: 2542 ns, Total: 1631583 ns
[2025-06-06T08:22:02.894+0000][80165][info ][safepoint   ] Safepoint "Cleanup", Time since last: 1141586917 ns, Reaching safepoint: 75583 ns, Cleanup: 1271625 ns, At safepoint: 12208 ns, Total: 1359416 ns
[2025-06-06T08:22:04.903+0000][80165][info ][safepoint   ] Safepoint "Cleanup", Time since last: 2008883459 ns, Reaching safepoint: 10375 ns, Cleanup: 32250 ns, At safepoint: 1666 ns, Total: 44291 ns
[2025-06-06T08:22:08.915+0000][80165][info ][safepoint   ] Safepoint "Cleanup", Time since last: 4012401792 ns, Reaching safepoint: 19833 ns, Cleanup: 17834 ns, At safepoint: 1916 ns, Total: 39583 ns
[2025-06-06T08:22:11.930+0000][80165][info ][safepoint   ] Safepoint "Cleanup", Time since last: 3015054459 ns, Reaching safepoint: 7041 ns, Cleanup: 54709 ns, At safepoint: 2666 ns, Total: 64416 ns
[2025-06-06T08:22:12.935+0000][80165][info ][safepoint   ] Safepoint "Cleanup", Time since last: 1005086584 ns, Reaching safepoint: 6958 ns, Cleanup: 87958 ns, At safepoint: 2792 ns, Total: 97708 ns
[2025-06-06T08:22:15.824+0000][80165][info ][safepoint   ] Safepoint "Cleanup", Time since last: 2888437750 ns, Reaching safepoint: 19667 ns, Cleanup: 104458 ns, At safepoint: 5167 ns, Total: 129292 ns
[2025-06-06T08:22:16.825+0000][80165][info ][safepoint   ] Safepoint "Cleanup", Time since last: 1000702291 ns, Reaching safepoint: 7417 ns, Cleanup: 190583 ns, At safepoint: 2292 ns, Total: 200292 ns
[2025-06-06T08:22:22.848+0000][80165][info ][safepoint   ] Safepoint "Cleanup", Time since last: 6022872042 ns, Reaching safepoint: 12208 ns, Cleanup: 48125 ns, At safepoint: 2125 ns, Total: 62458 ns
[2025-06-06T08:22:23.853+0000][80165][info ][safepoint   ] Safepoint "Cleanup", Time since last: 1005235542 ns, Reaching safepoint: 7041 ns, Cleanup: 75334 ns, At safepoint: 2708 ns, Total: 85083 ns
[2025-06-06T08:22:24.858+0000][80165][info ][safepoint   ] Safepoint "Cleanup", Time since last: 1005078875 ns, Reaching safepoint: 4958 ns, Cleanup: 44375 ns, At safepoint: 2500 ns, Total: 51833 ns
[2025-06-06T08:22:25.864+0000][80165][info ][safepoint   ] Safepoint "Cleanup", Time since last: 1005087459 ns, Reaching safepoint: 5958 ns, Cleanup: 58833 ns, At safepoint: 3000 ns, Total: 67791 ns
[2025-06-06T08:22:30.886+0000][80165][info ][safepoint   ] Safepoint "Cleanup", Time since last: 5022122167 ns, Reaching safepoint: 5625 ns, Cleanup: 174917 ns, At safepoint: 2250 ns, Total: 182792 ns
[2025-06-06T08:22:31.891+0000][80165][info ][safepoint   ] Safepoint "Cleanup", Time since last: 1005362375 ns, Reaching safepoint: 7500 ns, Cleanup: 179125 ns, At safepoint: 2875 ns, Total: 189500 ns
[2025-06-06T08:22:56.360+0000][80165][info ][safepoint   ] Safepoint "Cleanup", Time since last: 24467989708 ns, Reaching safepoint: 29042 ns, Cleanup: 70083 ns, At safepoint: 2208 ns, Total: 101333 ns
[2025-06-06T08:22:57.363+0000][80165][info ][safepoint   ] Safepoint "Cleanup", Time since last: 1003454209 ns, Reaching safepoint: 6000 ns, Cleanup: 72916 ns, At safepoint: 2917 ns, Total: 81833 ns
[2025-06-06T08:22:58.368+0000][80165][info ][safepoint   ] Safepoint "Cleanup", Time since last: 1005125667 ns, Reaching safepoint: 6625 ns, Cleanup: 52833 ns, At safepoint: 2208 ns, Total: 61666 ns
[2025-06-06T08:23:00.379+0000][80165][info ][safepoint   ] Safepoint "Cleanup", Time since last: 2010094750 ns, Reaching safepoint: 6250 ns, Cleanup: 89584 ns, At safepoint: 2875 ns, Total: 98709 ns
[2025-06-06T08:23:01.380+0000][80165][info ][safepoint   ] Safepoint "Cleanup", Time since last: 1001272625 ns, Reaching safepoint: 9791 ns, Cleanup: 271334 ns, At safepoint: 3708 ns, Total: 284833 ns
[2025-06-06T08:23:02.385+0000][80165][info ][safepoint   ] Safepoint "Cleanup", Time since last: 1005065375 ns, Reaching safepoint: 6167 ns, Cleanup: 148791 ns, At safepoint: 3125 ns, Total: 158083 ns
[2025-06-06T08:23:12.421+0000][80165][info ][safepoint   ] Safepoint "Cleanup", Time since last: 10035913292 ns, Reaching safepoint: 13417 ns, Cleanup: 59416 ns, At safepoint: 2834 ns, Total: 75667 ns
[2025-06-06T08:23:19.448+0000][80165][info ][safepoint   ] Safepoint "Cleanup", Time since last: 7026949583 ns, Reaching safepoint: 7417 ns, Cleanup: 84416 ns, At safepoint: 2709 ns, Total: 94542 ns
[2025-06-06T08:23:23.469+0000][80165][info ][safepoint   ] Safepoint "Cleanup", Time since last: 4020108666 ns, Reaching safepoint: 8417 ns, Cleanup: 107458 ns, At safepoint: 2584 ns, Total: 118459 ns
[2025-06-06T08:23:25.479+0000][80165][info ][safepoint   ] Safepoint "Cleanup", Time since last: 2010114750 ns, Reaching safepoint: 10500 ns, Cleanup: 623041 ns, At safepoint: 2584 ns, Total: 636125 ns
[2025-06-06T08:23:27.490+0000][80165][info ][safepoint   ] Safepoint "Cleanup", Time since last: 2010079416 ns, Reaching safepoint: 5959 ns, Cleanup: 57208 ns, At safepoint: 2333 ns, Total: 65500 ns
[2025-06-06T08:23:31.500+0000][80165][info ][safepoint   ] Safepoint "Cleanup", Time since last: 4010480292 ns, Reaching safepoint: 10042 ns, Cleanup: 65375 ns, At safepoint: 2458 ns, Total: 77875 ns
[2025-06-06T08:23:36.507+0000][80165][info ][safepoint   ] Safepoint "Cleanup", Time since last: 5006977167 ns, Reaching safepoint: 22833 ns, Cleanup: 29792 ns, At safepoint: 2541 ns, Total: 55166 ns
[2025-06-06T08:23:37.513+0000][80165][info ][safepoint   ] Safepoint "Cleanup", Time since last: 1005699084 ns, Reaching safepoint: 6833 ns, Cleanup: 40667 ns, At safepoint: 2666 ns, Total: 50166 ns
[2025-06-06T08:23:38.637+0000][80165][info ][safepoint   ] Safepoint "Cleanup", Time since last: 1122869250 ns, Reaching safepoint: 72167 ns, Cleanup: 126167 ns, At safepoint: 1132000 ns, Total: 1330334 ns
[2025-06-06T08:23:39.642+0000][80165][info ][safepoint   ] Safepoint "Cleanup", Time since last: 1005089583 ns, Reaching safepoint: 7875 ns, Cleanup: 86250 ns, At safepoint: 2500 ns, Total: 96625 ns
[2025-06-06T08:23:40.646+0000][80165][info ][safepoint   ] Safepoint "Cleanup", Time since last: 1003868542 ns, Reaching safepoint: 6958 ns, Cleanup: 82125 ns, At safepoint: 2792 ns, Total: 91875 ns
[2025-06-06T08:23:42.498+0000][80165][info ][safepoint   ] Safepoint "Cleanup", Time since last: 1851521166 ns, Reaching safepoint: 2959 ns, Cleanup: 47916 ns, At safepoint: 14250 ns, Total: 65125 ns
[2025-06-06T08:23:48.525+0000][80165][info ][safepoint   ] Safepoint "Cleanup", Time since last: 6026739625 ns, Reaching safepoint: 16042 ns, Cleanup: 81250 ns, At safepoint: 2458 ns, Total: 99750 ns
[2025-06-06T08:23:56.557+0000][80165][info ][safepoint   ] Safepoint "Cleanup", Time since last: 8031483375 ns, Reaching safepoint: 145667 ns, Cleanup: 528667 ns, At safepoint: 8041 ns, Total: 682375 ns
[2025-06-06T08:23:56.958+0000][80165][info ][safepoint   ] Safepoint "ICBufferFull", Time since last: 398598959 ns, Reaching safepoint: 6375 ns, Cleanup: 1989916 ns, At safepoint: 3709 ns, Total: 2000000 ns
[2025-06-06T08:23:57.963+0000][80165][info ][safepoint   ] Safepoint "Cleanup", Time since last: 1005109750 ns, Reaching safepoint: 9458 ns, Cleanup: 340208 ns, At safepoint: 2709 ns, Total: 352375 ns
[2025-06-06T08:24:00.978+0000][80165][info ][safepoint   ] Safepoint "Cleanup", Time since last: 3014329750 ns, Reaching safepoint: 59708 ns, Cleanup: 111792 ns, At safepoint: 3250 ns, Total: 174750 ns
[2025-06-06T08:24:01.981+0000][80165][info ][safepoint   ] Safepoint "Cleanup", Time since last: 1003352291 ns, Reaching safepoint: 12459 ns, Cleanup: 130291 ns, At safepoint: 4334 ns, Total: 147084 ns
[2025-06-06T08:24:04.996+0000][80165][info ][safepoint   ] Safepoint "Cleanup", Time since last: 3015122000 ns, Reaching safepoint: 29041 ns, Cleanup: 97042 ns, At safepoint: 2542 ns, Total: 128625 ns
[2025-06-06T08:24:06.000+0000][80165][info ][safepoint   ] Safepoint "Cleanup", Time since last: 1003240916 ns, Reaching safepoint: 50500 ns, Cleanup: 94834 ns, At safepoint: 2500 ns, Total: 147834 ns
[2025-06-06T08:24:09.012+0000][80165][info ][safepoint   ] Safepoint "Cleanup", Time since last: 3011863791 ns, Reaching safepoint: 9459 ns, Cleanup: 85041 ns, At safepoint: 2584 ns, Total: 97084 ns
[2025-06-06T08:24:12.023+0000][80165][info ][safepoint   ] Safepoint "Cleanup", Time since last: 3011122458 ns, Reaching safepoint: 15458 ns, Cleanup: 65417 ns, At safepoint: 2875 ns, Total: 83750 ns
[2025-06-06T08:24:25.071+0000][80165][info ][safepoint   ] Safepoint "Cleanup", Time since last: 13048251833 ns, Reaching safepoint: 74209 ns, Cleanup: 69208 ns, At safepoint: 2500 ns, Total: 145917 ns
[2025-06-06T08:24:29.087+0000][80165][info ][safepoint   ] Safepoint "Cleanup", Time since last: 4014951667 ns, Reaching safepoint: 19500 ns, Cleanup: 102208 ns, At safepoint: 3208 ns, Total: 124916 ns
[2025-06-06T08:24:31.095+0000][80165][info ][safepoint   ] Safepoint "Cleanup", Time since last: 2008303834 ns, Reaching safepoint: 20750 ns, Cleanup: 79333 ns, At safepoint: 2417 ns, Total: 102500 ns
[2025-06-06T08:24:41.136+0000][80165][info ][safepoint   ] Safepoint "Cleanup", Time since last: 10041161500 ns, Reaching safepoint: 67541 ns, Cleanup: 64084 ns, At safepoint: 2708 ns, Total: 134333 ns
[2025-06-06T08:24:42.142+0000][80165][info ][safepoint   ] Safepoint "Cleanup", Time since last: 1005890958 ns, Reaching safepoint: 8125 ns, Cleanup: 93875 ns, At safepoint: 2750 ns, Total: 104750 ns
[2025-06-06T08:25:00.802+0000][80165][info ][safepoint   ] Safepoint "Cleanup", Time since last: 18659871625 ns, Reaching safepoint: 33875 ns, Cleanup: 58834 ns, At safepoint: 2541 ns, Total: 95250 ns
[2025-06-06T08:25:01.808+0000][80165][info ][safepoint   ] Safepoint "Cleanup", Time since last: 1005842000 ns, Reaching safepoint: 35125 ns, Cleanup: 53625 ns, At safepoint: 2834 ns, Total: 91584 ns
[2025-06-06T08:25:02.814+0000][80165][info ][safepoint   ] Safepoint "Cleanup", Time since last: 1005052958 ns, Reaching safepoint: 8792 ns, Cleanup: 119041 ns, At safepoint: 2667 ns, Total: 130500 ns
[2025-06-06T08:25:30.918+0000][80165][info ][safepoint   ] Safepoint "Cleanup", Time since last: 28104036500 ns, Reaching safepoint: 215708 ns, Cleanup: 73417 ns, At safepoint: 6542 ns, Total: 295667 ns
[2025-06-06T08:25:39.953+0000][80165][info ][safepoint   ] Safepoint "Cleanup", Time since last: 9034473500 ns, Reaching safepoint: 7416 ns, Cleanup: 924709 ns, At safepoint: 11583 ns, Total: 943708 ns
[2025-06-06T08:25:41.963+0000][80165][info ][safepoint   ] Safepoint "Cleanup", Time since last: 2009143125 ns, Reaching safepoint: 8500 ns, Cleanup: 95500 ns, At safepoint: 2708 ns, Total: 106708 ns
[2025-06-06T08:25:46.978+0000][80165][info ][safepoint   ] Safepoint "Cleanup", Time since last: 5015023209 ns, Reaching safepoint: 7916 ns, Cleanup: 13042 ns, At safepoint: 1583 ns, Total: 22541 ns
[2025-06-06T08:25:47.979+0000][80165][info ][safepoint   ] Safepoint "Cleanup", Time since last: 1001472542 ns, Reaching safepoint: 9583 ns, Cleanup: 82500 ns, At safepoint: 2875 ns, Total: 94958 ns
[2025-06-06T08:25:51.996+0000][80165][info ][safepoint   ] Safepoint "Cleanup", Time since last: 4016540375 ns, Reaching safepoint: 7917 ns, Cleanup: 115333 ns, At safepoint: 3500 ns, Total: 126750 ns
[2025-06-06T08:25:54.003+0000][80165][info ][safepoint   ] Safepoint "Cleanup", Time since last: 2006690000 ns, Reaching safepoint: 16834 ns, Cleanup: 17166 ns, At safepoint: 2250 ns, Total: 36250 ns
[2025-06-06T08:25:56.013+0000][80165][info ][safepoint   ] Safepoint "Cleanup", Time since last: 2009785792 ns, Reaching safepoint: 9292 ns, Cleanup: 46416 ns, At safepoint: 2500 ns, Total: 58208 ns
[2025-06-06T08:25:57.015+0000][80165][info ][safepoint   ] Safepoint "Cleanup", Time since last: 1001646250 ns, Reaching safepoint: 92875 ns, Cleanup: 120709 ns, At safepoint: 3375 ns, Total: 216959 ns
[2025-06-06T08:25:59.033+0000][80165][info ][safepoint   ] Safepoint "Cleanup", Time since last: 2011938666 ns, Reaching safepoint: 14084 ns, Cleanup: 6049625 ns, At safepoint: 17041 ns, Total: 6080750 ns
[2025-06-06T08:26:19.118+0000][80165][info ][safepoint   ] Safepoint "Cleanup", Time since last: 20084919167 ns, Reaching safepoint: 110042 ns, Cleanup: 65166 ns, At safepoint: 15917 ns, Total: 191125 ns
[2025-06-06T08:26:20.120+0000][80165][info ][safepoint   ] Safepoint "Cleanup", Time since last: 1001763625 ns, Reaching safepoint: 7667 ns, Cleanup: 58500 ns, At safepoint: 2666 ns, Total: 68833 ns
[2025-06-06T08:26:31.172+0000][80165][info ][safepoint   ] Safepoint "Cleanup", Time since last: 11052240667 ns, Reaching safepoint: 9417 ns, Cleanup: 90416 ns, At safepoint: 2750 ns, Total: 102583 ns
[2025-06-06T08:27:02.053+0000][80165][info ][safepoint   ] Safepoint "Cleanup", Time since last: 30880600125 ns, Reaching safepoint: 27084 ns, Cleanup: 99708 ns, At safepoint: 2542 ns, Total: 129334 ns
[2025-06-06T08:27:07.295+0000][80165][info ][safepoint   ] Safepoint "Cleanup", Time since last: 5050474041 ns, Reaching safepoint: 9435792 ns, Cleanup: 150657333 ns, At safepoint: 31858334 ns, Total: 191951459 ns
[2025-06-06T08:27:08.296+0000][80165][info ][safepoint   ] Safepoint "Cleanup", Time since last: 1000439583 ns, Reaching safepoint: 39792 ns, Cleanup: 301208 ns, At safepoint: 3917 ns, Total: 344917 ns
[2025-06-06T08:28:29.210+0000][80165][info ][safepoint   ] Safepoint "Cleanup", Time since last: 80913624333 ns, Reaching safepoint: 125792 ns, Cleanup: 141041 ns, At safepoint: 2125 ns, Total: 268958 ns
[2025-06-06T08:28:49.096+0000][80165][info ][safepoint   ] Safepoint "Cleanup", Time since last: 19885507667 ns, Reaching safepoint: 273792 ns, Cleanup: 95083 ns, At safepoint: 3625 ns, Total: 372500 ns
[2025-06-06T08:29:22.228+0000][80165][info ][safepoint   ] Safepoint "Cleanup", Time since last: 33131356250 ns, Reaching safepoint: 114000 ns, Cleanup: 137583 ns, At safepoint: 2667 ns, Total: 254250 ns
[2025-06-06T08:30:02.324+0000][80165][info ][safepoint   ] Safepoint "Cleanup", Time since last: 40094756167 ns, Reaching safepoint: 1119000 ns, Cleanup: 42541 ns, At safepoint: 6250 ns, Total: 1167791 ns
[2025-06-06T08:30:16.920+0000][80165][info ][safepoint   ] Safepoint "Cleanup", Time since last: 14593811750 ns, Reaching safepoint: 120667 ns, Cleanup: 1378417 ns, At safepoint: 87083 ns, Total: 1586167 ns
[2025-06-06T08:30:17.344+0000][80165][info ][safepoint   ] Safepoint "ICBufferFull", Time since last: 422595708 ns, Reaching safepoint: 6709 ns, Cleanup: 1283791 ns, At safepoint: 3084 ns, Total: 1293584 ns
[2025-06-06T08:30:17.755+0000][80165][info ][safepoint   ] Safepoint "ICBufferFull", Time since last: 409843333 ns, Reaching safepoint: 23500 ns, Cleanup: 1225667 ns, At safepoint: 9750 ns, Total: 1258917 ns
[2025-06-06T08:30:18.172+0000][80165][info ][safepoint   ] Safepoint "ICBufferFull", Time since last: 416057166 ns, Reaching safepoint: 41500 ns, Cleanup: 1279959 ns, At safepoint: 25416 ns, Total: 1346875 ns
[2025-06-06T08:30:18.417+0000][80165][info ][safepoint   ] Safepoint "ICBufferFull", Time since last: 243357917 ns, Reaching safepoint: 165667 ns, Cleanup: 1464166 ns, At safepoint: 46959 ns, Total: 1676792 ns
[2025-06-06T08:30:19.037+0000][80165][info ][safepoint   ] Safepoint "ICBufferFull", Time since last: 617682500 ns, Reaching safepoint: 19291 ns, Cleanup: 2428834 ns, At safepoint: 7541 ns, Total: 2455666 ns
[2025-06-06T08:30:19.504+0000][80165][info ][safepoint   ] Safepoint "ICBufferFull", Time since last: 466189542 ns, Reaching safepoint: 7708 ns, Cleanup: 859917 ns, At safepoint: 11042 ns, Total: 878667 ns
[2025-06-06T08:30:20.110+0000][80165][info ][safepoint   ] Safepoint "ICBufferFull", Time since last: 603802375 ns, Reaching safepoint: 5958 ns, Cleanup: 1646583 ns, At safepoint: 3209 ns, Total: 1655750 ns
[2025-06-06T08:30:21.254+0000][80165][info ][safepoint   ] Safepoint "Cleanup", Time since last: 1143296500 ns, Reaching safepoint: 10916 ns, Cleanup: 1078417 ns, At safepoint: 2750 ns, Total: 1092083 ns
[2025-06-06T08:30:28.280+0000][80165][info ][safepoint   ] Safepoint "Cleanup", Time since last: 7025366208 ns, Reaching safepoint: 9167 ns, Cleanup: 64667 ns, At safepoint: 2958 ns, Total: 76792 ns
[2025-06-06T08:30:30.288+0000][80165][info ][safepoint   ] Safepoint "Cleanup", Time since last: 2008367625 ns, Reaching safepoint: 28500 ns, Cleanup: 211208 ns, At safepoint: 15834 ns, Total: 255542 ns
[2025-06-06T08:30:31.294+0000][80165][info ][safepoint   ] Safepoint "Cleanup", Time since last: 1005072916 ns, Reaching safepoint: 8792 ns, Cleanup: 160000 ns, At safepoint: 2542 ns, Total: 171334 ns
[2025-06-06T08:30:34.306+0000][80165][info ][safepoint   ] Safepoint "Cleanup", Time since last: 3012019791 ns, Reaching safepoint: 17917 ns, Cleanup: 72458 ns, At safepoint: 4667 ns, Total: 95042 ns
[2025-06-06T08:30:36.313+0000][80165][info ][safepoint   ] Safepoint "Cleanup", Time since last: 2007213958 ns, Reaching safepoint: 15834 ns, Cleanup: 16750 ns, At safepoint: 2166 ns, Total: 34750 ns
[2025-06-06T08:30:39.328+0000][80165][info ][safepoint   ] Safepoint "Cleanup", Time since last: 3015103625 ns, Reaching safepoint: 14459 ns, Cleanup: 116833 ns, At safepoint: 2917 ns, Total: 134209 ns
[2025-06-06T08:30:41.335+0000][80165][info ][safepoint   ] Safepoint "Cleanup", Time since last: 2006513708 ns, Reaching safepoint: 19292 ns, Cleanup: 103291 ns, At safepoint: 4459 ns, Total: 127042 ns
[2025-06-06T08:30:47.481+0000][80165][info ][safepoint   ] Safepoint "Cleanup", Time since last: 6145594500 ns, Reaching safepoint: 10708 ns, Cleanup: 50417 ns, At safepoint: 2500 ns, Total: 63625 ns
[2025-06-06T08:30:49.491+0000][80165][info ][safepoint   ] Safepoint "Cleanup", Time since last: 2010422958 ns, Reaching safepoint: 20333 ns, Cleanup: 102042 ns, At safepoint: 2833 ns, Total: 125208 ns
[2025-06-06T08:31:01.544+0000][80165][info ][safepoint   ] Safepoint "Cleanup", Time since last: 12052977417 ns, Reaching safepoint: 10333 ns, Cleanup: 69084 ns, At safepoint: 3333 ns, Total: 82750 ns
[2025-06-06T08:31:12.588+0000][80165][info ][safepoint   ] Safepoint "Cleanup", Time since last: 11043431625 ns, Reaching safepoint: 11875 ns, Cleanup: 44292 ns, At safepoint: 2458 ns, Total: 58625 ns
[2025-06-06T08:31:22.636+0000][80165][info ][safepoint   ] Safepoint "Cleanup", Time since last: 10048408083 ns, Reaching safepoint: 7167 ns, Cleanup: 30667 ns, At safepoint: 2208 ns, Total: 40042 ns
[2025-06-06T08:31:31.682+0000][80165][info ][safepoint   ] Safepoint "Cleanup", Time since last: 9045254250 ns, Reaching safepoint: 215958 ns, Cleanup: 104250 ns, At safepoint: 3709 ns, Total: 323917 ns
[2025-06-06T08:31:39.723+0000][80165][info ][safepoint   ] Safepoint "Cleanup", Time since last: 8041040833 ns, Reaching safepoint: 28625 ns, Cleanup: 77375 ns, At safepoint: 2833 ns, Total: 108833 ns
[2025-06-06T08:31:47.478+0000][80165][info ][safepoint   ] Safepoint "Cleanup", Time since last: 7755122542 ns, Reaching safepoint: 10500 ns, Cleanup: 62917 ns, At safepoint: 2416 ns, Total: 75833 ns
[2025-06-06T08:31:57.527+0000][80165][info ][safepoint   ] Safepoint "Cleanup", Time since last: 10048030584 ns, Reaching safepoint: 10500 ns, Cleanup: 58291 ns, At safepoint: 3250 ns, Total: 72041 ns
[2025-06-06T08:32:04.556+0000][80165][info ][safepoint   ] Safepoint "Cleanup", Time since last: 7029473125 ns, Reaching safepoint: 21792 ns, Cleanup: 88458 ns, At safepoint: 2584 ns, Total: 112834 ns
[2025-06-06T08:32:10.580+0000][80165][info ][safepoint   ] Safepoint "Cleanup", Time since last: 6023872083 ns, Reaching safepoint: 145750 ns, Cleanup: 112583 ns, At safepoint: 3834 ns, Total: 262167 ns
[2025-06-06T08:33:14.678+0000][80165][info ][safepoint   ] Safepoint "Cleanup", Time since last: 64097194583 ns, Reaching safepoint: 145583 ns, Cleanup: 110250 ns, At safepoint: 3042 ns, Total: 258875 ns
[2025-06-06T08:33:47.593+0000][80165][info ][safepoint   ] Safepoint "Cleanup", Time since last: 32914953833 ns, Reaching safepoint: 12834 ns, Cleanup: 26333 ns, At safepoint: 3333 ns, Total: 42500 ns
[2025-06-06T08:33:52.619+0000][80165][info ][safepoint   ] Safepoint "Cleanup", Time since last: 5025379084 ns, Reaching safepoint: 18208 ns, Cleanup: 52167 ns, At safepoint: 4083 ns, Total: 74458 ns
[2025-06-06T08:34:06.684+0000][80165][info ][safepoint   ] Safepoint "Cleanup", Time since last: 14065338500 ns, Reaching safepoint: 40750 ns, Cleanup: 119917 ns, At safepoint: 3500 ns, Total: 164167 ns
[2025-06-06T08:34:47.652+0000][80165][info ][safepoint   ] Safepoint "Cleanup", Time since last: 40967739208 ns, Reaching safepoint: 27125 ns, Cleanup: 55625 ns, At safepoint: 2292 ns, Total: 85042 ns
[2025-06-06T08:35:22.788+0000][80165][info ][safepoint   ] Safepoint "Cleanup", Time since last: 35135411166 ns, Reaching safepoint: 251750 ns, Cleanup: 316084 ns, At safepoint: 3250 ns, Total: 571084 ns
[2025-06-06T08:35:25.798+0000][80165][info ][safepoint   ] Safepoint "Cleanup", Time since last: 3007968625 ns, Reaching safepoint: 7791 ns, Cleanup: 1181709 ns, At safepoint: 3041 ns, Total: 1192541 ns
[2025-06-06T08:35:31.823+0000][80165][info ][safepoint   ] Safepoint "Cleanup", Time since last: 6025652250 ns, Reaching safepoint: 11334 ns, Cleanup: 98541 ns, At safepoint: 2250 ns, Total: 112125 ns
[2025-06-06T08:35:58.916+0000][80165][info ][safepoint   ] Safepoint "Cleanup", Time since last: 27092300709 ns, Reaching safepoint: 37666 ns, Cleanup: 41167 ns, At safepoint: 2042 ns, Total: 80875 ns
[2025-06-06T08:36:19.002+0000][80165][info ][safepoint   ] Safepoint "Cleanup", Time since last: 20085621916 ns, Reaching safepoint: 51834 ns, Cleanup: 16166 ns, At safepoint: 1834 ns, Total: 69834 ns
[2025-06-06T08:36:24.974+0000][80165][info ][safepoint   ] Safepoint "Cleanup", Time since last: 5971243916 ns, Reaching safepoint: 4375 ns, Cleanup: 707709 ns, At safepoint: 39541 ns, Total: 751625 ns
[2025-06-06T08:36:26.015+0000][80165][info ][safepoint   ] Safepoint "Cleanup", Time since last: 1040827375 ns, Reaching safepoint: 9917 ns, Cleanup: 359792 ns, At safepoint: 4083 ns, Total: 373792 ns
[2025-06-06T08:36:43.078+0000][80165][info ][safepoint   ] Safepoint "Cleanup", Time since last: 17063189333 ns, Reaching safepoint: 61459 ns, Cleanup: 136500 ns, At safepoint: 4583 ns, Total: 202542 ns
[2025-06-06T08:36:50.099+0000][80165][info ][safepoint   ] Safepoint "Cleanup", Time since last: 7020334833 ns, Reaching safepoint: 10209 ns, Cleanup: 59458 ns, At safepoint: 2750 ns, Total: 72417 ns
[2025-06-06T08:37:01.149+0000][80165][info ][safepoint   ] Safepoint "Cleanup", Time since last: 11049428292 ns, Reaching safepoint: 185166 ns, Cleanup: 66292 ns, At safepoint: 2500 ns, Total: 253958 ns
[2025-06-06T08:37:20.219+0000][80165][info ][safepoint   ] Safepoint "Cleanup", Time since last: 19070514333 ns, Reaching safepoint: 80042 ns, Cleanup: 70375 ns, At safepoint: 2792 ns, Total: 153209 ns
[2025-06-06T08:37:29.252+0000][80165][info ][safepoint   ] Safepoint "Cleanup", Time since last: 9032776125 ns, Reaching safepoint: 179041 ns, Cleanup: 79459 ns, At safepoint: 2750 ns, Total: 261250 ns
[2025-06-06T08:37:31.261+0000][80165][info ][safepoint   ] Safepoint "Cleanup", Time since last: 2008371875 ns, Reaching safepoint: 11625 ns, Cleanup: 70416 ns, At safepoint: 2709 ns, Total: 84750 ns
[2025-06-06T08:37:47.309+0000][80165][info ][safepoint   ] Safepoint "Cleanup", Time since last: 16047629083 ns, Reaching safepoint: 9958 ns, Cleanup: 46209 ns, At safepoint: 2416 ns, Total: 58583 ns
[2025-06-06T08:39:01.622+0000][80165][info ][safepoint   ] Safepoint "Cleanup", Time since last: 74313153167 ns, Reaching safepoint: 35125 ns, Cleanup: 59583 ns, At safepoint: 3209 ns, Total: 97917 ns
[2025-06-06T08:39:17.684+0000][80165][info ][safepoint   ] Safepoint "Cleanup", Time since last: 16060916125 ns, Reaching safepoint: 289000 ns, Cleanup: 71458 ns, At safepoint: 15708 ns, Total: 376166 ns
[2025-06-06T08:40:07.657+0000][80165][info ][safepoint   ] Safepoint "Cleanup", Time since last: 49972228959 ns, Reaching safepoint: 252916 ns, Cleanup: 63292 ns, At safepoint: 4125 ns, Total: 320333 ns
[2025-06-06T08:41:02.836+0000][80165][info ][safepoint   ] Safepoint "Cleanup", Time since last: 55178607375 ns, Reaching safepoint: 109750 ns, Cleanup: 68458 ns, At safepoint: 3000 ns, Total: 181208 ns
[2025-06-06T08:41:47.767+0000][80165][info ][safepoint   ] Safepoint "Cleanup", Time since last: 44942484834 ns, Reaching safepoint: 116291 ns, Cleanup: 15292 ns, At safepoint: 1958 ns, Total: 133541 ns
[2025-06-06T08:42:01.819+0000][80165][info ][safepoint   ] Safepoint "Cleanup", Time since last: 14059097625 ns, Reaching safepoint: 77667 ns, Cleanup: 96417 ns, At safepoint: 2625 ns, Total: 176709 ns
[2025-06-06T08:42:21.662+0000][80165][info ][safepoint   ] Safepoint "Cleanup", Time since last: 19845654625 ns, Reaching safepoint: 29750 ns, Cleanup: 1342041 ns, At safepoint: 33625 ns, Total: 1405416 ns
[2025-06-06T08:42:22.667+0000][80165][info ][safepoint   ] Safepoint "Cleanup", Time since last: 1004224667 ns, Reaching safepoint: 9833 ns, Cleanup: 468209 ns, At safepoint: 2375 ns, Total: 480417 ns
[2025-06-06T08:42:23.671+0000][80165][info ][safepoint   ] Safepoint "Cleanup", Time since last: 1004747250 ns, Reaching safepoint: 8833 ns, Cleanup: 58875 ns, At safepoint: 2292 ns, Total: 70000 ns
[2025-06-06T08:42:24.674+0000][80165][info ][safepoint   ] Safepoint "Cleanup", Time since last: 1003019750 ns, Reaching safepoint: 10875 ns, Cleanup: 77000 ns, At safepoint: 2750 ns, Total: 90625 ns
[2025-06-06T08:42:53.978+0000][80165][info ][safepoint   ] Safepoint "Cleanup", Time since last: 29303989250 ns, Reaching safepoint: 331416 ns, Cleanup: 89459 ns, At safepoint: 2291 ns, Total: 423166 ns
[2025-06-06T08:42:54.981+0000][80165][info ][safepoint   ] Safepoint "Cleanup", Time since last: 1002690250 ns, Reaching safepoint: 10667 ns, Cleanup: 70625 ns, At safepoint: 3125 ns, Total: 84417 ns
[2025-06-06T08:42:55.986+0000][80165][info ][safepoint   ] Safepoint "Cleanup", Time since last: 1005004542 ns, Reaching safepoint: 116291 ns, Cleanup: 198667 ns, At safepoint: 3750 ns, Total: 318708 ns
[2025-06-06T08:43:33.152+0000][80165][info ][safepoint   ] Safepoint "Cleanup", Time since last: 37166002583 ns, Reaching safepoint: 213292 ns, Cleanup: 96250 ns, At safepoint: 3125 ns, Total: 312667 ns
[2025-06-06T08:45:29.593+0000][80165][info ][safepoint   ] Safepoint "Cleanup", Time since last: 116438979208 ns, Reaching safepoint: 1875042 ns, Cleanup: 80000 ns, At safepoint: 4625 ns, Total: 1959667 ns
[2025-06-06T08:45:31.601+0000][80165][info ][safepoint   ] Safepoint "Cleanup", Time since last: 2007887333 ns, Reaching safepoint: 15792 ns, Cleanup: 66417 ns, At safepoint: 2666 ns, Total: 84875 ns
[2025-06-06T08:45:47.605+0000][80165][info ][safepoint   ] Safepoint "Cleanup", Time since last: 16004755375 ns, Reaching safepoint: 26042 ns, Cleanup: 68250 ns, At safepoint: 2958 ns, Total: 97250 ns
[2025-06-06T08:46:01.658+0000][80165][info ][safepoint   ] Safepoint "Cleanup", Time since last: 14052188792 ns, Reaching safepoint: 185250 ns, Cleanup: 63000 ns, At safepoint: 3167 ns, Total: 251417 ns
[2025-06-06T08:46:47.754+0000][80165][info ][safepoint   ] Safepoint "Cleanup", Time since last: 46096464833 ns, Reaching safepoint: 39750 ns, Cleanup: 81208 ns, At safepoint: 3375 ns, Total: 124333 ns
[2025-06-06T08:47:01.800+0000][80165][info ][safepoint   ] Safepoint "Cleanup", Time since last: 14045226459 ns, Reaching safepoint: 16583 ns, Cleanup: 63042 ns, At safepoint: 2583 ns, Total: 82208 ns
[2025-06-06T08:47:02.806+0000][80165][info ][safepoint   ] Safepoint "Cleanup", Time since last: 1005951708 ns, Reaching safepoint: 9042 ns, Cleanup: 80875 ns, At safepoint: 2667 ns, Total: 92584 ns
[2025-06-06T08:48:31.166+0000][80165][info ][safepoint   ] Safepoint "Cleanup", Time since last: 88359883458 ns, Reaching safepoint: 289542 ns, Cleanup: 93041 ns, At safepoint: 5042 ns, Total: 387625 ns
[2025-06-06T08:49:18.177+0000][80165][info ][safepoint   ] Safepoint "Cleanup", Time since last: 47010783458 ns, Reaching safepoint: 137334 ns, Cleanup: 94083 ns, At safepoint: 5167 ns, Total: 236584 ns
[2025-06-06T08:49:30.235+0000][80165][info ][safepoint   ] Safepoint "Cleanup", Time since last: 12058749541 ns, Reaching safepoint: 10334 ns, Cleanup: 83833 ns, At safepoint: 2542 ns, Total: 96709 ns
[2025-06-06T08:49:31.242+0000][80165][info ][safepoint   ] Safepoint "Cleanup", Time since last: 1005994958 ns, Reaching safepoint: 8792 ns, Cleanup: 148500 ns, At safepoint: 2583 ns, Total: 159875 ns
[2025-06-06T08:49:48.083+0000][80165][info ][safepoint   ] Safepoint "Cleanup", Time since last: 16841265875 ns, Reaching safepoint: 8500 ns, Cleanup: 71750 ns, At safepoint: 2792 ns, Total: 83042 ns
[2025-06-06T08:50:18.215+0000][80165][info ][safepoint   ] Safepoint "Cleanup", Time since last: 30132248708 ns, Reaching safepoint: 272375 ns, Cleanup: 91667 ns, At safepoint: 8041 ns, Total: 372083 ns
[2025-06-06T08:51:48.372+0000][80165][info ][safepoint   ] Safepoint "Cleanup", Time since last: 90157053750 ns, Reaching safepoint: 30459 ns, Cleanup: 65500 ns, At safepoint: 2583 ns, Total: 98542 ns
[2025-06-06T08:51:56.413+0000][80165][info ][safepoint   ] Safepoint "Cleanup", Time since last: 8040945250 ns, Reaching safepoint: 11458 ns, Cleanup: 63250 ns, At safepoint: 2625 ns, Total: 77333 ns
[2025-06-06T08:51:58.424+0000][80165][info ][safepoint   ] Safepoint "Cleanup", Time since last: 2010179750 ns, Reaching safepoint: 9000 ns, Cleanup: 97042 ns, At safepoint: 2333 ns, Total: 108375 ns
[2025-06-06T08:52:40.602+0000][80165][info ][safepoint   ] Safepoint "Cleanup", Time since last: 42177861292 ns, Reaching safepoint: 258792 ns, Cleanup: 49166 ns, At safepoint: 2584 ns, Total: 310542 ns
[2025-06-06T08:53:17.729+0000][80165][info ][safepoint   ] Safepoint "Cleanup", Time since last: 37127472625 ns, Reaching safepoint: 118041 ns, Cleanup: 64959 ns, At safepoint: 9083 ns, Total: 192083 ns
[2025-06-06T08:53:33.796+0000][80165][info ][safepoint   ] Safepoint "Cleanup", Time since last: 16066447208 ns, Reaching safepoint: 162084 ns, Cleanup: 95333 ns, At safepoint: 9458 ns, Total: 266875 ns
[2025-06-06T08:54:03.880+0000][80165][info ][safepoint   ] Safepoint "Cleanup", Time since last: 30083730042 ns, Reaching safepoint: 236667 ns, Cleanup: 109833 ns, At safepoint: 8917 ns, Total: 355417 ns
[2025-06-06T08:54:09.895+0000][80165][info ][safepoint   ] Safepoint "Cleanup", Time since last: 6015319833 ns, Reaching safepoint: 10167 ns, Cleanup: 65916 ns, At safepoint: 2417 ns, Total: 78500 ns
[2025-06-06T08:54:31.998+0000][80165][info ][safepoint   ] Safepoint "Cleanup", Time since last: 22102556583 ns, Reaching safepoint: 197750 ns, Cleanup: 113042 ns, At safepoint: 3167 ns, Total: 313959 ns
[2025-06-06T08:55:07.835+0000][80165][info ][safepoint   ] Safepoint "Cleanup", Time since last: 35836114458 ns, Reaching safepoint: 17667 ns, Cleanup: 1037250 ns, At safepoint: 12916 ns, Total: 1067833 ns
[2025-06-06T08:55:08.537+0000][80165][info ][safepoint   ] Safepoint "ICBufferFull", Time since last: 698600250 ns, Reaching safepoint: 10667 ns, Cleanup: 2883208 ns, At safepoint: 15250 ns, Total: 2909125 ns
[2025-06-06T08:55:09.626+0000][80165][info ][safepoint   ] Safepoint "ICBufferFull", Time since last: 1086679750 ns, Reaching safepoint: 11542 ns, Cleanup: 2065167 ns, At safepoint: 4083 ns, Total: 2080792 ns
[2025-06-06T08:55:09.909+0000][80165][info ][gc,start    ] GC(12) Pause Young (Normal) (G1 Evacuation Pause)
[2025-06-06T08:55:09.910+0000][80165][info ][gc,task     ] GC(12) Using 8 workers of 8 for evacuation
[2025-06-06T08:55:09.910+0000][80165][debug][gc,age      ] GC(12) Desired survivor size 60817408 bytes, new threshold 15 (max threshold 15)
[2025-06-06T08:55:10.032+0000][80165][info ][gc,phases   ] GC(12)   Pre Evacuate Collection Set: 1.4ms
[2025-06-06T08:55:10.032+0000][80165][info ][gc,phases   ] GC(12)   Merge Heap Roots: 0.8ms
[2025-06-06T08:55:10.032+0000][80165][info ][gc,phases   ] GC(12)   Evacuate Collection Set: 116.4ms
[2025-06-06T08:55:10.032+0000][80165][info ][gc,phases   ] GC(12)   Post Evacuate Collection Set: 3.1ms
[2025-06-06T08:55:10.032+0000][80165][info ][gc,phases   ] GC(12)   Other: 1.1ms
[2025-06-06T08:55:10.032+0000][80165][trace][gc,age      ] GC(12) Age table with threshold 15 (max threshold 15)
[2025-06-06T08:55:10.032+0000][80165][trace][gc,age      ] GC(12) - age   1:   28994464 bytes,   28994464 total
[2025-06-06T08:55:10.032+0000][80165][trace][gc,age      ] GC(12) - age   2:    7283560 bytes,   36278024 total
[2025-06-06T08:55:10.032+0000][80165][trace][gc,age      ] GC(12) - age   3:    7696632 bytes,   43974656 total
[2025-06-06T08:55:10.032+0000][80165][trace][gc,age      ] GC(12) - age   4:   24806464 bytes,   68781120 total
[2025-06-06T08:55:10.032+0000][80165][trace][gc,age      ] GC(12) - age   5:    3601768 bytes,   72382888 total
[2025-06-06T08:55:10.032+0000][80165][info ][gc,heap     ] GC(12) Eden regions: 220->0(198)
[2025-06-06T08:55:10.032+0000][80165][info ][gc,heap     ] GC(12) Survivor regions: 12->19(29)
[2025-06-06T08:55:10.032+0000][80165][info ][gc,heap     ] GC(12) Old regions: 8->8
[2025-06-06T08:55:10.032+0000][80165][info ][gc,heap     ] GC(12) Humongous regions: 0->0
[2025-06-06T08:55:10.032+0000][80165][info ][gc,metaspace] GC(12) Metaspace: 122734K(125888K)->122734K(125888K) NonClass: 106024K(107712K)->106024K(107712K) Class: 16709K(18176K)->16709K(18176K)
[2025-06-06T08:55:10.032+0000][80165][info ][gc          ] GC(12) Pause Young (Normal) (G1 Evacuation Pause) 953M->102M(8192M) 122.960ms
[2025-06-06T08:55:10.032+0000][80165][info ][gc,cpu      ] GC(12) User=0.23s Sys=0.27s Real=0.13s
[2025-06-06T08:55:10.032+0000][80165][info ][safepoint   ] Safepoint "G1CollectForAllocation", Time since last: 282757042 ns, Reaching safepoint: 7458 ns, Cleanup: 676042 ns, At safepoint: 123094125 ns, Total: 123777625 ns
[2025-06-06T08:55:11.561+0000][80165][info ][safepoint   ] Safepoint "Cleanup", Time since last: 1527419875 ns, Reaching safepoint: 7833 ns, Cleanup: 1203500 ns, At safepoint: 2750 ns, Total: 1214083 ns
[2025-06-06T08:55:31.649+0000][80165][info ][safepoint   ] Safepoint "Cleanup", Time since last: 20087875625 ns, Reaching safepoint: 315000 ns, Cleanup: 96708 ns, At safepoint: 2834 ns, Total: 414542 ns
[2025-06-06T08:55:38.678+0000][80165][info ][safepoint   ] Safepoint "Cleanup", Time since last: 7028686541 ns, Reaching safepoint: 15167 ns, Cleanup: 190125 ns, At safepoint: 9042 ns, Total: 214334 ns
[2025-06-06T08:56:38.368+0000][80165][info ][safepoint   ] Safepoint "Cleanup", Time since last: 59689746708 ns, Reaching safepoint: 156208 ns, Cleanup: 69250 ns, At safepoint: 2459 ns, Total: 227917 ns
[2025-06-06T08:57:02.405+0000][80165][info ][safepoint   ] Safepoint "Cleanup", Time since last: 24037269208 ns, Reaching safepoint: 176833 ns, Cleanup: 121209 ns, At safepoint: 2750 ns, Total: 300792 ns
[2025-06-06T08:57:03.410+0000][80165][info ][safepoint   ] Safepoint "Cleanup", Time since last: 1005134666 ns, Reaching safepoint: 16459 ns, Cleanup: 64708 ns, At safepoint: 4208 ns, Total: 85375 ns
[2025-06-06T08:57:48.354+0000][80165][info ][safepoint   ] Safepoint "Cleanup", Time since last: 44943445542 ns, Reaching safepoint: 25500 ns, Cleanup: 72083 ns, At safepoint: 2292 ns, Total: 99875 ns
[2025-06-06T08:57:58.395+0000][80165][info ][safepoint   ] Safepoint "Cleanup", Time since last: 10040757750 ns, Reaching safepoint: 38292 ns, Cleanup: 69750 ns, At safepoint: 2375 ns, Total: 110417 ns
[2025-06-06T08:58:01.409+0000][80165][info ][safepoint   ] Safepoint "Cleanup", Time since last: 3014719291 ns, Reaching safepoint: 11084 ns, Cleanup: 51958 ns, At safepoint: 2333 ns, Total: 65375 ns
[2025-06-06T08:58:08.426+0000][80165][info ][safepoint   ] Safepoint "Cleanup", Time since last: 7015835084 ns, Reaching safepoint: 316791 ns, Cleanup: 90625 ns, At safepoint: 2875 ns, Total: 410291 ns
[2025-06-06T08:58:16.460+0000][80165][info ][safepoint   ] Safepoint "Cleanup", Time since last: 8033956750 ns, Reaching safepoint: 27417 ns, Cleanup: 74708 ns, At safepoint: 2500 ns, Total: 104625 ns
[2025-06-06T08:58:23.508+0000][80165][info ][safepoint   ] Safepoint "Cleanup", Time since last: 7047315667 ns, Reaching safepoint: 262833 ns, Cleanup: 1010292 ns, At safepoint: 8208 ns, Total: 1281333 ns
[2025-06-06T08:59:08.654+0000][80165][info ][safepoint   ] Safepoint "Cleanup", Time since last: 45145466167 ns, Reaching safepoint: 299000 ns, Cleanup: 60500 ns, At safepoint: 2917 ns, Total: 362417 ns
[2025-06-06T09:00:13.832+0000][80165][info ][safepoint   ] Safepoint "Cleanup", Time since last: 65177855916 ns, Reaching safepoint: 342834 ns, Cleanup: 86291 ns, At safepoint: 3334 ns, Total: 432459 ns
[2025-06-06T09:01:02.007+0000][80165][info ][safepoint   ] Safepoint "Cleanup", Time since last: 48174488833 ns, Reaching safepoint: 44750 ns, Cleanup: 101500 ns, At safepoint: 2667 ns, Total: 148917 ns
[2025-06-06T09:03:45.540+0000][80165][info ][safepoint   ] Safepoint "Cleanup", Time since last: 163533629375 ns, Reaching safepoint: 257916 ns, Cleanup: 44125 ns, At safepoint: 2542 ns, Total: 304583 ns
[2025-06-06T09:05:01.850+0000][80165][info ][safepoint   ] Safepoint "Cleanup", Time since last: 76309254875 ns, Reaching safepoint: 280958 ns, Cleanup: 114042 ns, At safepoint: 2292 ns, Total: 397292 ns
[2025-06-06T09:05:39.148+0000][80165][info ][safepoint   ] Safepoint "Cleanup", Time since last: 37297757083 ns, Reaching safepoint: 268958 ns, Cleanup: 103459 ns, At safepoint: 2250 ns, Total: 374667 ns
[2025-06-06T09:06:02.246+0000][80165][info ][safepoint   ] Safepoint "Cleanup", Time since last: 23097797958 ns, Reaching safepoint: 439417 ns, Cleanup: 132166 ns, At safepoint: 3500 ns, Total: 575083 ns
[2025-06-06T09:06:59.477+0000][80165][info ][safepoint   ] Safepoint "Cleanup", Time since last: 57230616167 ns, Reaching safepoint: 292208 ns, Cleanup: 68542 ns, At safepoint: 2542 ns, Total: 363292 ns
[2025-06-06T09:07:53.663+0000][80165][info ][safepoint   ] Safepoint "Cleanup", Time since last: 54184891250 ns, Reaching safepoint: 147458 ns, Cleanup: 1103583 ns, At safepoint: 3042 ns, Total: 1254083 ns
[2025-06-06T09:08:32.847+0000][80165][info ][safepoint   ] Safepoint "Cleanup", Time since last: 39182956417 ns, Reaching safepoint: 536750 ns, Cleanup: 115291 ns, At safepoint: 57125 ns, Total: 709166 ns
[2025-06-06T09:08:59.002+0000][80165][info ][safepoint   ] Safepoint "Cleanup", Time since last: 26108965542 ns, Reaching safepoint: 4264625 ns, Cleanup: 41703875 ns, At safepoint: 53167 ns, Total: 46021667 ns
[2025-06-06T09:09:02.014+0000][80165][info ][safepoint   ] Safepoint "Cleanup", Time since last: 3012369875 ns, Reaching safepoint: 39708 ns, Cleanup: 133708 ns, At safepoint: 3875 ns, Total: 177291 ns
[2025-06-06T09:09:40.204+0000][80165][info ][safepoint   ] Safepoint "Cleanup", Time since last: 38189514500 ns, Reaching safepoint: 346334 ns, Cleanup: 86291 ns, At safepoint: 4417 ns, Total: 437042 ns
[2025-06-06T09:09:41.208+0000][80165][info ][safepoint   ] Safepoint "Cleanup", Time since last: 1003659000 ns, Reaching safepoint: 10125 ns, Cleanup: 111042 ns, At safepoint: 2666 ns, Total: 123833 ns
[2025-06-06T09:09:44.221+0000][80165][info ][safepoint   ] Safepoint "Cleanup", Time since last: 3013268667 ns, Reaching safepoint: 9208 ns, Cleanup: 84750 ns, At safepoint: 2667 ns, Total: 96625 ns
[2025-06-06T09:10:02.298+0000][80165][info ][safepoint   ] Safepoint "Cleanup", Time since last: 18076695250 ns, Reaching safepoint: 87708 ns, Cleanup: 49167 ns, At safepoint: 2708 ns, Total: 139583 ns
[2025-06-06T09:10:58.561+0000][80165][info ][safepoint   ] Safepoint "Cleanup", Time since last: 56231772417 ns, Reaching safepoint: 341125 ns, Cleanup: 36458 ns, At safepoint: 2042 ns, Total: 379625 ns
[2025-06-06T09:11:15.636+0000][80165][info ][safepoint   ] Safepoint "Cleanup", Time since last: 17067330792 ns, Reaching safepoint: 51708 ns, Cleanup: 227500 ns, At safepoint: 11833 ns, Total: 291041 ns
[2025-06-06T09:13:03.371+0000][80165][info ][safepoint   ] Safepoint "Cleanup", Time since last: 107731150417 ns, Reaching safepoint: 39958 ns, Cleanup: 156500 ns, At safepoint: 18084 ns, Total: 214542 ns
[2025-06-06T09:13:04.491+0000][80165][info ][safepoint   ] Safepoint "Cleanup", Time since last: 1117845416 ns, Reaching safepoint: 10250 ns, Cleanup: 1249209 ns, At safepoint: 3625 ns, Total: 1263084 ns
[2025-06-06T09:13:20.540+0000][80165][info ][safepoint   ] Safepoint "Cleanup", Time since last: 16049444750 ns, Reaching safepoint: 20916 ns, Cleanup: 103542 ns, At safepoint: 3375 ns, Total: 127833 ns
[2025-06-06T09:13:58.701+0000][80165][info ][safepoint   ] Safepoint "Cleanup", Time since last: 38159282708 ns, Reaching safepoint: 362417 ns, Cleanup: 112375 ns, At safepoint: 5458 ns, Total: 480250 ns
[2025-06-06T09:14:32.829+0000][80165][info ][safepoint   ] Safepoint "Cleanup", Time since last: 34127353584 ns, Reaching safepoint: 603916 ns, Cleanup: 133084 ns, At safepoint: 2833 ns, Total: 739833 ns
[2025-06-06T09:14:37.848+0000][80165][info ][safepoint   ] Safepoint "Cleanup", Time since last: 5017248250 ns, Reaching safepoint: 14500 ns, Cleanup: 1503375 ns, At safepoint: 4667 ns, Total: 1522542 ns
[2025-06-06T09:15:02.975+0000][80165][info ][safepoint   ] Safepoint "Cleanup", Time since last: 25112563916 ns, Reaching safepoint: 689917 ns, Cleanup: 14124708 ns, At safepoint: 12584 ns, Total: 14827209 ns
[2025-06-06T09:15:13.012+0000][80165][info ][safepoint   ] Safepoint "Cleanup", Time since last: 10036062333 ns, Reaching safepoint: 25292 ns, Cleanup: 740416 ns, At safepoint: 4417 ns, Total: 770125 ns
[2025-06-06T09:17:02.474+0000][80165][info ][safepoint   ] Safepoint "Cleanup", Time since last: 109459957750 ns, Reaching safepoint: 211208 ns, Cleanup: 100667 ns, At safepoint: 2667 ns, Total: 314542 ns
[2025-06-06T09:17:05.490+0000][80165][info ][safepoint   ] Safepoint "Cleanup", Time since last: 3016326458 ns, Reaching safepoint: 17875 ns, Cleanup: 62792 ns, At safepoint: 4125 ns, Total: 84792 ns
[2025-06-06T09:17:38.619+0000][80165][info ][safepoint   ] Safepoint "Cleanup", Time since last: 33126877208 ns, Reaching safepoint: 841458 ns, Cleanup: 598917 ns, At safepoint: 5208 ns, Total: 1445583 ns
[2025-06-06T09:18:02.718+0000][80165][info ][safepoint   ] Safepoint "Cleanup", Time since last: 24093089334 ns, Reaching safepoint: 347958 ns, Cleanup: 4848083 ns, At safepoint: 5875 ns, Total: 5201916 ns
[2025-06-06T09:19:02.947+0000][80165][info ][safepoint   ] Safepoint "Cleanup", Time since last: 60228959792 ns, Reaching safepoint: 299125 ns, Cleanup: 80292 ns, At safepoint: 3375 ns, Total: 382792 ns
[2025-06-06T09:22:28.754+0000][80165][info ][safepoint   ] Safepoint "Cleanup", Time since last: 205803494333 ns, Reaching safepoint: 327750 ns, Cleanup: 61125 ns, At safepoint: 2417 ns, Total: 391292 ns
[2025-06-06T09:23:26.042+0000][80165][info ][safepoint   ] Safepoint "Cleanup", Time since last: 57286889250 ns, Reaching safepoint: 113208 ns, Cleanup: 761042 ns, At safepoint: 2458 ns, Total: 876708 ns
[2025-06-06T09:24:00.216+0000][80165][info ][safepoint   ] Safepoint "Cleanup", Time since last: 34173684542 ns, Reaching safepoint: 341875 ns, Cleanup: 143625 ns, At safepoint: 5541 ns, Total: 491041 ns
[2025-06-06T09:25:09.518+0000][80165][info ][safepoint   ] Safepoint "Cleanup", Time since last: 69299916959 ns, Reaching safepoint: 370500 ns, Cleanup: 31291 ns, At safepoint: 4125 ns, Total: 405916 ns
[2025-06-06T09:26:02.765+0000][80165][info ][safepoint   ] Safepoint "Cleanup", Time since last: 53246685500 ns, Reaching safepoint: 246084 ns, Cleanup: 166250 ns, At safepoint: 2791 ns, Total: 415125 ns
[2025-06-06T09:27:00.998+0000][80165][info ][safepoint   ] Safepoint "Cleanup", Time since last: 58231441542 ns, Reaching safepoint: 131375 ns, Cleanup: 104542 ns, At safepoint: 2458 ns, Total: 238375 ns
[2025-06-06T09:27:09.034+0000][80165][info ][safepoint   ] Safepoint "Cleanup", Time since last: 8036458917 ns, Reaching safepoint: 198125 ns, Cleanup: 96125 ns, At safepoint: 2541 ns, Total: 296791 ns
[2025-06-06T09:27:33.131+0000][80165][info ][safepoint   ] Safepoint "Cleanup", Time since last: 24096095500 ns, Reaching safepoint: 29625 ns, Cleanup: 146167 ns, At safepoint: 3625 ns, Total: 179417 ns
[2025-06-06T09:27:39.160+0000][80165][info ][safepoint   ] Safepoint "Cleanup", Time since last: 6029032750 ns, Reaching safepoint: 16708 ns, Cleanup: 99250 ns, At safepoint: 2250 ns, Total: 118208 ns
[2025-06-06T09:28:05.277+0000][80165][info ][safepoint   ] Safepoint "Cleanup", Time since last: 26115845334 ns, Reaching safepoint: 270041 ns, Cleanup: 61500 ns, At safepoint: 4167 ns, Total: 335708 ns
[2025-06-06T09:28:09.293+0000][80165][info ][safepoint   ] Safepoint "Cleanup", Time since last: 4015913500 ns, Reaching safepoint: 33250 ns, Cleanup: 194542 ns, At safepoint: 9291 ns, Total: 237083 ns
[2025-06-06T09:28:29.409+0000][80165][info ][safepoint   ] Safepoint "Cleanup", Time since last: 20115359500 ns, Reaching safepoint: 599750 ns, Cleanup: 343542 ns, At safepoint: 9792 ns, Total: 953084 ns
[2025-06-06T09:28:31.416+0000][80165][info ][safepoint   ] Safepoint "Cleanup", Time since last: 2005017166 ns, Reaching safepoint: 768209 ns, Cleanup: 821958 ns, At safepoint: 6292 ns, Total: 1596459 ns
[2025-06-06T09:28:58.588+0000][80165][info ][safepoint   ] Safepoint "Cleanup", Time since last: 27171614750 ns, Reaching safepoint: 306708 ns, Cleanup: 68667 ns, At safepoint: 2458 ns, Total: 377833 ns
[2025-06-06T09:29:09.629+0000][80165][info ][safepoint   ] Safepoint "Cleanup", Time since last: 11040983625 ns, Reaching safepoint: 15292 ns, Cleanup: 86291 ns, At safepoint: 3584 ns, Total: 105167 ns
[2025-06-06T09:30:10.855+0000][80165][info ][safepoint   ] Safepoint "Cleanup", Time since last: 61223149291 ns, Reaching safepoint: 453334 ns, Cleanup: 1675291 ns, At safepoint: 66500 ns, Total: 2195125 ns
[2025-06-06T09:30:32.949+0000][80165][info ][safepoint   ] Safepoint "Cleanup", Time since last: 22093435375 ns, Reaching safepoint: 35292 ns, Cleanup: 61000 ns, At safepoint: 2125 ns, Total: 98417 ns
[2025-06-06T09:31:09.092+0000][80165][info ][safepoint   ] Safepoint "Cleanup", Time since last: 36141599458 ns, Reaching safepoint: 283292 ns, Cleanup: 77208 ns, At safepoint: 15584 ns, Total: 376084 ns
[2025-06-06T09:31:42.220+0000][80165][info ][safepoint   ] Safepoint "Cleanup", Time since last: 33127358041 ns, Reaching safepoint: 348792 ns, Cleanup: 126250 ns, At safepoint: 4458 ns, Total: 479500 ns
[2025-06-06T09:32:33.459+0000][80165][info ][safepoint   ] Safepoint "Cleanup", Time since last: 51238234625 ns, Reaching safepoint: 306917 ns, Cleanup: 106000 ns, At safepoint: 4792 ns, Total: 417709 ns
[2025-06-06T09:33:09.610+0000][80165][info ][safepoint   ] Safepoint "Cleanup", Time since last: 36150225625 ns, Reaching safepoint: 280791 ns, Cleanup: 84084 ns, At safepoint: 4875 ns, Total: 369750 ns
[2025-06-06T09:35:33.188+0000][80165][info ][safepoint   ] Safepoint "Cleanup", Time since last: 143575852833 ns, Reaching safepoint: 342042 ns, Cleanup: 154791 ns, At safepoint: 2792 ns, Total: 499625 ns
[2025-06-06T09:35:39.227+0000][80165][info ][safepoint   ] Safepoint "Cleanup", Time since last: 6039208708 ns, Reaching safepoint: 29209 ns, Cleanup: 122750 ns, At safepoint: 4791 ns, Total: 156750 ns
[2025-06-06T09:36:03.321+0000][80165][info ][safepoint   ] Safepoint "Cleanup", Time since last: 24093131250 ns, Reaching safepoint: 300417 ns, Cleanup: 80500 ns, At safepoint: 4208 ns, Total: 385125 ns
[2025-06-06T09:36:27.406+0000][80165][info ][safepoint   ] Safepoint "Cleanup", Time since last: 24084363584 ns, Reaching safepoint: 54000 ns, Cleanup: 472500 ns, At safepoint: 3250 ns, Total: 529750 ns
[2025-06-06T09:40:03.252+0000][80165][info ][safepoint   ] Safepoint "Cleanup", Time since last: 215858087083 ns, Reaching safepoint: 801250 ns, Cleanup: 165958 ns, At safepoint: 31250 ns, Total: 998458 ns
[2025-06-06T09:43:02.989+0000][80165][info ][safepoint   ] Safepoint "Cleanup", Time since last: 179745374084 ns, Reaching safepoint: 271583 ns, Cleanup: 84458 ns, At safepoint: 5167 ns, Total: 361208 ns
[2025-06-06T09:43:39.136+0000][80165][info ][safepoint   ] Safepoint "Cleanup", Time since last: 36146563958 ns, Reaching safepoint: 61584 ns, Cleanup: 91666 ns, At safepoint: 3667 ns, Total: 156917 ns
[2025-06-06T09:43:58.213+0000][80165][info ][safepoint   ] Safepoint "Cleanup", Time since last: 19077148833 ns, Reaching safepoint: 203334 ns, Cleanup: 84625 ns, At safepoint: 2166 ns, Total: 290125 ns
[2025-06-06T09:44:00.223+0000][80165][info ][safepoint   ] Safepoint "Cleanup", Time since last: 2009608000 ns, Reaching safepoint: 56250 ns, Cleanup: 130459 ns, At safepoint: 3000 ns, Total: 189709 ns
[2025-06-06T09:46:32.846+0000][80165][info ][safepoint   ] Safepoint "Cleanup", Time since last: 152621439291 ns, Reaching safepoint: 1253084 ns, Cleanup: 165583 ns, At safepoint: 7625 ns, Total: 1426292 ns
[2025-06-06T09:47:33.090+0000][80165][info ][safepoint   ] Safepoint "Cleanup", Time since last: 60242998583 ns, Reaching safepoint: 512834 ns, Cleanup: 110916 ns, At safepoint: 4584 ns, Total: 628334 ns
[2025-06-06T09:51:33.032+0000][80165][info ][safepoint   ] Safepoint "Cleanup", Time since last: 239940910750 ns, Reaching safepoint: 332833 ns, Cleanup: 69042 ns, At safepoint: 2708 ns, Total: 404583 ns
[2025-06-06T09:52:33.290+0000][80165][info ][safepoint   ] Safepoint "Cleanup", Time since last: 60257224542 ns, Reaching safepoint: 281791 ns, Cleanup: 85000 ns, At safepoint: 3875 ns, Total: 370666 ns
[2025-06-06T09:53:51.794+0000][80165][info ][safepoint   ] Safepoint "Cleanup", Time since last: 78474045834 ns, Reaching safepoint: 361541 ns, Cleanup: 72875 ns, At safepoint: 6084 ns, Total: 440500 ns
[2025-06-06T10:06:00.860+0000][80165][info ][safepoint   ] Safepoint "Cleanup", Time since last: 41430330125 ns, Reaching safepoint: 72166 ns, Cleanup: 107417 ns, At safepoint: 2667 ns, Total: 182250 ns
[2025-06-06T10:41:00.148+0000][80165][info ][safepoint   ] Safepoint "Cleanup", Time since last: 120612325666 ns, Reaching safepoint: 379167 ns, Cleanup: 181916 ns, At safepoint: 11167 ns, Total: 572250 ns
[2025-06-06T12:19:59.645+0000][80165][info ][safepoint   ] Safepoint "Cleanup", Time since last: 89594614000 ns, Reaching safepoint: 281750 ns, Cleanup: 74000 ns, At safepoint: 5000 ns, Total: 360750 ns
[2025-06-06T12:59:27.334+0000][80165][info ][safepoint   ] Safepoint "Cleanup", Time since last: 16122827750 ns, Reaching safepoint: 16959 ns, Cleanup: 87208 ns, At safepoint: 3292 ns, Total: 107459 ns
[2025-06-06T13:44:01.110+0000][80165][info ][safepoint   ] Safepoint "Cleanup", Time since last: 14192774624 ns, Reaching safepoint: 32625 ns, Cleanup: 156708 ns, At safepoint: 9167 ns, Total: 198500 ns
[2025-06-06T13:53:32.633+0000][80165][info ][safepoint   ] Safepoint "Cleanup", Time since last: 17127528376 ns, Reaching safepoint: 10375 ns, Cleanup: 43375 ns, At safepoint: 2708 ns, Total: 56458 ns
[2025-06-06T13:55:07.288+0000][80165][info ][safepoint   ] Safepoint "Cleanup", Time since last: 18133975166 ns, Reaching safepoint: 11250 ns, Cleanup: 62500 ns, At safepoint: 4000 ns, Total: 77750 ns
[2025-06-06T15:00:32.639+0000][80165][info ][safepoint   ] Safepoint "Cleanup", Time since last: 49718263834 ns, Reaching safepoint: 213292 ns, Cleanup: 341000 ns, At safepoint: 3125 ns, Total: 557417 ns
[2025-06-06T15:00:34.658+0000][80165][info ][safepoint   ] Safepoint "Cleanup", Time since last: 2019459750 ns, Reaching safepoint: 15291 ns, Cleanup: 92667 ns, At safepoint: 3542 ns, Total: 111500 ns
[2025-06-06T15:16:19.420+0000][80165][info ][safepoint   ] Safepoint "Cleanup", Time since last: 3026344291 ns, Reaching safepoint: 32875 ns, Cleanup: 393042 ns, At safepoint: 6500 ns, Total: 432417 ns
[2025-06-06T15:33:31.235+0000][80165][info ][safepoint   ] Safepoint "Cleanup", Time since last: 6044301125 ns, Reaching safepoint: 202791 ns, Cleanup: 191625 ns, At safepoint: 14625 ns, Total: 409041 ns
[2025-06-06T15:46:00.028+0000][80165][info ][safepoint   ] Safepoint "Cleanup", Time since last: 6045945000 ns, Reaching safepoint: 11125 ns, Cleanup: 6125 ns, At safepoint: 1667 ns, Total: 18917 ns
[2025-06-06T16:03:06.350+0000][80165][info ][safepoint   ] Safepoint "Cleanup", Time since last: 17119908708 ns, Reaching safepoint: 121167 ns, Cleanup: 52875 ns, At safepoint: 16042 ns, Total: 190084 ns
[2025-06-06T16:18:30.021+0000][80165][info ][safepoint   ] Safepoint "Cleanup", Time since last: 1002851749 ns, Reaching safepoint: 18250 ns, Cleanup: 92334 ns, At safepoint: 20250 ns, Total: 130834 ns
[2025-06-06T23:27:55.502+0000][80165][info ][safepoint   ] Safepoint "Cleanup", Time since last: 169367457625 ns, Reaching safepoint: 157250 ns, Cleanup: 109875 ns, At safepoint: 4000 ns, Total: 271125 ns
[2025-06-07T03:07:18.827+0000][80165][info ][safepoint   ] Safepoint "Cleanup", Time since last: 143375890459 ns, Reaching safepoint: 257958 ns, Cleanup: 43125 ns, At safepoint: 4792 ns, Total: 305875 ns
[2025-06-07T03:09:55.140+0000][80165][info ][safepoint   ] Safepoint "Cleanup", Time since last: 14122050208 ns, Reaching safepoint: 29958 ns, Cleanup: 110875 ns, At safepoint: 4667 ns, Total: 145500 ns
[2025-06-07T06:31:12.623+0000][80165][info ][safepoint   ] Safepoint "Cleanup", Time since last: 75609686750 ns, Reaching safepoint: 13250 ns, Cleanup: 66833 ns, At safepoint: 3250 ns, Total: 83333 ns
[2025-06-07T08:59:54.755+0000][80165][info ][safepoint   ] Safepoint "Cleanup", Time since last: 52480516667 ns, Reaching safepoint: 18333 ns, Cleanup: 94667 ns, At safepoint: 5208 ns, Total: 118208 ns
[2025-06-07T09:24:46.618+0000][80165][info ][safepoint   ] Safepoint "Cleanup", Time since last: 12087601417 ns, Reaching safepoint: 27708 ns, Cleanup: 157292 ns, At safepoint: 5583 ns, Total: 190583 ns
[2025-06-07T15:08:40.856+0000][80165][info ][safepoint   ] Safepoint "Cleanup", Time since last: 139212229417 ns, Reaching safepoint: 84916 ns, Cleanup: 387542 ns, At safepoint: 4833 ns, Total: 477291 ns
[2025-06-07T17:10:42.674+0000][80165][info ][safepoint   ] Safepoint "Cleanup", Time since last: 44325424126 ns, Reaching safepoint: 14625 ns, Cleanup: 70583 ns, At safepoint: 4375 ns, Total: 89583 ns
[2025-06-07T18:37:14.276+0000][80165][info ][safepoint   ] Safepoint "Cleanup", Time since last: 35314115792 ns, Reaching safepoint: 17083 ns, Cleanup: 189833 ns, At safepoint: 4334 ns, Total: 211250 ns
[2025-06-07T20:13:45.423+0000][80165][info ][safepoint   ] Safepoint "Cleanup", Time since last: 34318446000 ns, Reaching safepoint: 10166 ns, Cleanup: 104000 ns, At safepoint: 3209 ns, Total: 117375 ns
[2025-06-07T21:53:57.515+0000][80165][info ][safepoint   ] Safepoint "Cleanup", Time since last: 35395247249 ns, Reaching safepoint: 40625 ns, Cleanup: 96042 ns, At safepoint: 4417 ns, Total: 141084 ns
[2025-06-07T22:53:22.478+0000][80165][info ][safepoint   ] Safepoint "Cleanup", Time since last: 40347599541 ns, Reaching safepoint: 546750 ns, Cleanup: 112417 ns, At safepoint: 8250 ns, Total: 667417 ns
[2025-06-07T23:01:23.505+0000][80165][info ][safepoint   ] Safepoint "Cleanup", Time since last: 193804897833 ns, Reaching safepoint: 258917 ns, Cleanup: 74333 ns, At safepoint: 4959 ns, Total: 338209 ns
[2025-06-07T23:04:00.206+0000][80165][info ][safepoint   ] Safepoint "Cleanup", Time since last: 156702330125 ns, Reaching safepoint: 178541 ns, Cleanup: 96750 ns, At safepoint: 2792 ns, Total: 278083 ns
[2025-06-07T23:04:59.684+0000][80165][info ][safepoint   ] Safepoint "Cleanup", Time since last: 59478261750 ns, Reaching safepoint: 63833 ns, Cleanup: 96250 ns, At safepoint: 4167 ns, Total: 164250 ns
[2025-06-07T23:05:55.149+0000][80165][info ][safepoint   ] Safepoint "Cleanup", Time since last: 55465898542 ns, Reaching safepoint: 176958 ns, Cleanup: 71292 ns, At safepoint: 2458 ns, Total: 250708 ns
[2025-06-07T23:13:23.429+0000][80165][info ][safepoint   ] Safepoint "Cleanup", Time since last: 448283500500 ns, Reaching safepoint: 279625 ns, Cleanup: 78792 ns, At safepoint: 3833 ns, Total: 362250 ns
[2025-06-07T23:13:53.645+0000][80165][info ][safepoint   ] Safepoint "Cleanup", Time since last: 30216153458 ns, Reaching safepoint: 20000 ns, Cleanup: 144459 ns, At safepoint: 3333 ns, Total: 167792 ns
[2025-06-07T23:14:23.844+0000][80165][info ][safepoint   ] Safepoint "Cleanup", Time since last: 30199633583 ns, Reaching safepoint: 14334 ns, Cleanup: 142291 ns, At safepoint: 3500 ns, Total: 160125 ns
[2025-06-07T23:14:52.051+0000][80165][info ][safepoint   ] Safepoint "Cleanup", Time since last: 28206941292 ns, Reaching safepoint: 86292 ns, Cleanup: 80791 ns, At safepoint: 2542 ns, Total: 169625 ns
[2025-06-08T00:41:40.069+0000][80165][info ][safepoint   ] Safepoint "Cleanup", Time since last: 541761086291 ns, Reaching safepoint: 292042 ns, Cleanup: 61375 ns, At safepoint: 20792 ns, Total: 374209 ns
[2025-06-08T02:07:57.298+0000][80165][info ][safepoint   ] Safepoint "Cleanup", Time since last: 127922853375 ns, Reaching safepoint: 272625 ns, Cleanup: 80792 ns, At safepoint: 2500 ns, Total: 355917 ns
[2025-06-08T02:10:13.902+0000][80165][info ][safepoint   ] Safepoint "Cleanup", Time since last: 136600793833 ns, Reaching safepoint: 327250 ns, Cleanup: 79917 ns, At safepoint: 4542 ns, Total: 411709 ns
[2025-06-08T02:12:06.354+0000][80165][info ][safepoint   ] Safepoint "Cleanup", Time since last: 112451038125 ns, Reaching safepoint: 256541 ns, Cleanup: 86625 ns, At safepoint: 3792 ns, Total: 346958 ns
[2025-06-08T02:22:15.088+0000][80165][info ][safepoint   ] Safepoint "Cleanup", Time since last: 175868985958 ns, Reaching safepoint: 274959 ns, Cleanup: 72666 ns, At safepoint: 2834 ns, Total: 350459 ns
[2025-06-08T02:23:02.275+0000][80165][info ][safepoint   ] Safepoint "Cleanup", Time since last: 47187126041 ns, Reaching safepoint: 173500 ns, Cleanup: 84209 ns, At safepoint: 7083 ns, Total: 264792 ns
[2025-06-08T02:31:25.327+0000][80165][info ][safepoint   ] Safepoint "Cleanup", Time since last: 503048775458 ns, Reaching safepoint: 228667 ns, Cleanup: 79042 ns, At safepoint: 2666 ns, Total: 310375 ns
[2025-06-08T02:31:37.380+0000][80165][info ][safepoint   ] Safepoint "Cleanup", Time since last: 12053045709 ns, Reaching safepoint: 9375 ns, Cleanup: 89625 ns, At safepoint: 2416 ns, Total: 101416 ns
[2025-06-08T02:33:02.760+0000][80165][info ][safepoint   ] Safepoint "Cleanup", Time since last: 85379379584 ns, Reaching safepoint: 187458 ns, Cleanup: 68375 ns, At safepoint: 4500 ns, Total: 260333 ns
[2025-06-08T02:35:02.242+0000][80165][info ][safepoint   ] Safepoint "Cleanup", Time since last: 119480964625 ns, Reaching safepoint: 27208 ns, Cleanup: 59250 ns, At safepoint: 4167 ns, Total: 90625 ns
[2025-06-08T02:42:21.195+0000][80165][info ][safepoint   ] Safepoint "Cleanup", Time since last: 438950305958 ns, Reaching safepoint: 248792 ns, Cleanup: 81417 ns, At safepoint: 6458 ns, Total: 336667 ns
[2025-06-08T02:42:33.251+0000][80165][info ][safepoint   ] Safepoint "Cleanup", Time since last: 12056429042 ns, Reaching safepoint: 64916 ns, Cleanup: 62917 ns, At safepoint: 4458 ns, Total: 132291 ns
[2025-06-08T02:46:33.258+0000][80165][info ][safepoint   ] Safepoint "Cleanup", Time since last: 240005062417 ns, Reaching safepoint: 217167 ns, Cleanup: 62500 ns, At safepoint: 2208 ns, Total: 281875 ns
[2025-06-08T02:47:03.444+0000][80165][info ][safepoint   ] Safepoint "Cleanup", Time since last: 30185456667 ns, Reaching safepoint: 16125 ns, Cleanup: 102416 ns, At safepoint: 4459 ns, Total: 123000 ns
[2025-06-08T02:49:09.186+0000][80165][info ][safepoint   ] Safepoint "Cleanup", Time since last: 125741526750 ns, Reaching safepoint: 205333 ns, Cleanup: 68583 ns, At safepoint: 4000 ns, Total: 277916 ns
[2025-06-08T02:54:43.537+0000][80165][info ][safepoint   ] Safepoint "Cleanup", Time since last: 334387383500 ns, Reaching safepoint: 314709 ns, Cleanup: 114541 ns, At safepoint: 4875 ns, Total: 434125 ns
[2025-06-08T03:07:03.655+0000][80165][info ][safepoint   ] Safepoint "Cleanup", Time since last: 740122686792 ns, Reaching safepoint: 370250 ns, Cleanup: 22000 ns, At safepoint: 3958 ns, Total: 396208 ns
[2025-06-08T03:07:32.810+0000][80165][info ][safepoint   ] Safepoint "Cleanup", Time since last: 29154757875 ns, Reaching safepoint: 16917 ns, Cleanup: 91750 ns, At safepoint: 4583 ns, Total: 113250 ns
[2025-06-08T03:07:33.813+0000][80165][info ][safepoint   ] Safepoint "Cleanup", Time since last: 1003152125 ns, Reaching safepoint: 9292 ns, Cleanup: 103583 ns, At safepoint: 2667 ns, Total: 115542 ns
[2025-06-08T03:08:03.928+0000][80165][info ][safepoint   ] Safepoint "Cleanup", Time since last: 30114792583 ns, Reaching safepoint: 268917 ns, Cleanup: 107375 ns, At safepoint: 3958 ns, Total: 380250 ns
[2025-06-08T03:16:56.703+0000][80165][info ][safepoint   ] Safepoint "Cleanup", Time since last: 532777263084 ns, Reaching safepoint: 21125 ns, Cleanup: 940666 ns, At safepoint: 10292 ns, Total: 972083 ns
[2025-06-08T03:16:57.587+0000][80165][info ][safepoint   ] Safepoint "ICBufferFull", Time since last: 881888042 ns, Reaching safepoint: 8833 ns, Cleanup: 2305292 ns, At safepoint: 10833 ns, Total: 2324958 ns
[2025-06-08T03:16:57.998+0000][80165][info ][gc,start    ] GC(13) Pause Young (Normal) (G1 Evacuation Pause)
[2025-06-08T03:16:57.999+0000][80165][info ][gc,task     ] GC(13) Using 8 workers of 8 for evacuation
[2025-06-08T03:16:57.999+0000][80165][debug][gc,age      ] GC(13) Desired survivor size 58720256 bytes, new threshold 4 (max threshold 15)
[2025-06-08T03:16:58.107+0000][80165][info ][gc,phases   ] GC(13)   Pre Evacuate Collection Set: 0.8ms
[2025-06-08T03:16:58.107+0000][80165][info ][gc,phases   ] GC(13)   Merge Heap Roots: 0.2ms
[2025-06-08T03:16:58.107+0000][80165][info ][gc,phases   ] GC(13)   Evacuate Collection Set: 104.5ms
[2025-06-08T03:16:58.107+0000][80165][info ][gc,phases   ] GC(13)   Post Evacuate Collection Set: 2.5ms
[2025-06-08T03:16:58.107+0000][80165][info ][gc,phases   ] GC(13)   Other: 1.0ms
[2025-06-08T03:16:58.107+0000][80165][trace][gc,age      ] GC(13) Age table with threshold 4 (max threshold 15)
[2025-06-08T03:16:58.107+0000][80165][trace][gc,age      ] GC(13) - age   1:    7410248 bytes,    7410248 total
[2025-06-08T03:16:58.107+0000][80165][trace][gc,age      ] GC(13) - age   2:   23496064 bytes,   30906312 total
[2025-06-08T03:16:58.107+0000][80165][trace][gc,age      ] GC(13) - age   3:    7283528 bytes,   38189840 total
[2025-06-08T03:16:58.107+0000][80165][trace][gc,age      ] GC(13) - age   4:    7696368 bytes,   45886208 total
[2025-06-08T03:16:58.107+0000][80165][info ][gc,heap     ] GC(13) Eden regions: 198->0(247)
[2025-06-08T03:16:58.107+0000][80165][info ][gc,heap     ] GC(13) Survivor regions: 19->13(28)
[2025-06-08T03:16:58.107+0000][80165][info ][gc,heap     ] GC(13) Old regions: 8->15
[2025-06-08T03:16:58.107+0000][80165][info ][gc,heap     ] GC(13) Humongous regions: 0->0
[2025-06-08T03:16:58.107+0000][80165][info ][gc,metaspace] GC(13) Metaspace: 124049K(127168K)->124049K(127168K) NonClass: 107310K(108992K)->107310K(108992K) Class: 16739K(18176K)->16739K(18176K)
[2025-06-08T03:16:58.107+0000][80165][info ][gc          ] GC(13) Pause Young (Normal) (G1 Evacuation Pause) 894M->107M(8192M) 110.134ms
[2025-06-08T03:16:58.107+0000][80165][info ][gc,cpu      ] GC(13) User=0.14s Sys=0.18s Real=0.11s
[2025-06-08T03:16:58.108+0000][80165][info ][safepoint   ] Safepoint "G1CollectForAllocation", Time since last: 408814833 ns, Reaching safepoint: 37792 ns, Cleanup: 597375 ns, At safepoint: 111370958 ns, Total: 112006125 ns
[2025-06-08T03:16:59.430+0000][80165][info ][safepoint   ] Safepoint "Cleanup", Time since last: 1321265459 ns, Reaching safepoint: 8791 ns, Cleanup: 818250 ns, At safepoint: 3125 ns, Total: 830166 ns
[2025-06-08T03:17:27.552+0000][80165][info ][safepoint   ] Safepoint "Cleanup", Time since last: 28122317917 ns, Reaching safepoint: 409875 ns, Cleanup: 64042 ns, At safepoint: 4583 ns, Total: 478500 ns
[2025-06-08T03:22:34.968+0000][80165][info ][safepoint   ] Safepoint "Cleanup", Time since last: 307417243000 ns, Reaching safepoint: 14292 ns, Cleanup: 236458 ns, At safepoint: 10208 ns, Total: 260958 ns
[2025-06-08T03:22:36.015+0000][80165][info ][safepoint   ] Safepoint "Cleanup", Time since last: 1046646917 ns, Reaching safepoint: 5375 ns, Cleanup: 303583 ns, At safepoint: 3709 ns, Total: 312667 ns
[2025-06-08T03:22:37.053+0000][80165][info ][gc,heap,exit] Heap
[2025-06-08T03:22:37.053+0000][80165][info ][gc,heap,exit]  garbage-first heap   total 8388608K, used 269014K [0x0000000600000000, 0x0000000800000000)
[2025-06-08T03:22:37.053+0000][80165][info ][gc,heap,exit]   region size 4096K, 52 young (212992K), 13 survivors (53248K)
[2025-06-08T03:22:37.053+0000][80165][info ][gc,heap,exit]  Metaspace       used 124371K, committed 127552K, reserved 1179648K
[2025-06-08T03:22:37.054+0000][80165][info ][gc,heap,exit]   class space    used 16799K, committed 18240K, reserved 1048576K
