[2025-06-11T07:09:43.676+0000][25527][info][gc,init] CardTable entry size: 512
[2025-06-11T07:09:43.676+0000][25527][info][gc     ] Using G1
[2025-06-11T07:09:45.076+0000][25527][info][gc,init] Version: 21+35-2513 (release)
[2025-06-11T07:09:45.076+0000][25527][info][gc,init] CPUs: 8 total, 8 available
[2025-06-11T07:09:45.076+0000][25527][info][gc,init] Memory: 16384M
[2025-06-11T07:09:45.076+0000][25527][info][gc,init] Large Page Support: Disabled
[2025-06-11T07:09:45.076+0000][25527][info][gc,init] NUMA Support: Disabled
[2025-06-11T07:09:45.076+0000][25527][info][gc,init] Compressed Oops: Enabled (Zero based)
[2025-06-11T07:09:45.076+0000][25527][info][gc,init] Heap Region Size: 4M
[2025-06-11T07:09:45.076+0000][25527][info][gc,init] Heap Min Capacity: 8G
[2025-06-11T07:09:45.076+0000][25527][info][gc,init] Heap Initial Capacity: 8G
[2025-06-11T07:09:45.076+0000][25527][info][gc,init] Heap Max Capacity: 8G
[2025-06-11T07:09:45.076+0000][25527][info][gc,init] Pre-touch: Enabled
[2025-06-11T07:09:45.076+0000][25527][info][gc,init] Parallel Workers: 8
[2025-06-11T07:09:45.076+0000][25527][info][gc,init] Concurrent Workers: 2
[2025-06-11T07:09:45.076+0000][25527][info][gc,init] Concurrent Refinement Workers: 8
[2025-06-11T07:09:45.076+0000][25527][info][gc,init] Periodic GC: Disabled
[2025-06-11T07:09:45.082+0000][25527][info][gc,metaspace] CDS archive(s) mapped at: [0x0000000136000000-0x0000000136ca4000-0x0000000136ca4000), size 13254656, SharedBaseAddress: 0x0000000136000000, ArchiveRelocationMode: 1.
[2025-06-11T07:09:45.082+0000][25527][info][gc,metaspace] Compressed class space mapped at: 0x0000000137000000-0x0000000177000000, reserved size: 1073741824
[2025-06-11T07:09:45.082+0000][25527][info][gc,metaspace] Narrow klass base: 0x0000000136000000, Narrow klass shift: 0, Narrow klass range: 0x100000000
[2025-06-11T07:09:45.588+0000][25527][info][safepoint   ] Safepoint "ICBufferFull", Time since last: 501000541 ns, Reaching safepoint: 2750 ns, Cleanup: 1531459 ns, At safepoint: 253708 ns, Total: 1787917 ns
[2025-06-11T07:09:46.391+0000][25527][info][safepoint   ] Safepoint "ICBufferFull", Time since last: 801020208 ns, Reaching safepoint: 2667 ns, Cleanup: 1557500 ns, At safepoint: 2917 ns, Total: 1563084 ns
[2025-06-11T07:09:46.743+0000][25527][info][safepoint   ] Safepoint "ICBufferFull", Time since last: 351449166 ns, Reaching safepoint: 2584 ns, Cleanup: 1258041 ns, At safepoint: 2084 ns, Total: 1262709 ns
[2025-06-11T07:09:47.458+0000][25527][info][safepoint   ] Safepoint "ICBufferFull", Time since last: 713223958 ns, Reaching safepoint: 2167 ns, Cleanup: 1639791 ns, At safepoint: 9042 ns, Total: 1651000 ns
[2025-06-11T07:09:48.202+0000][25527][info][safepoint   ] Safepoint "ICBufferFull", Time since last: 740354500 ns, Reaching safepoint: 2958 ns, Cleanup: 2424875 ns, At safepoint: 1128417 ns, Total: 3556250 ns
[2025-06-11T07:09:48.832+0000][25527][info][safepoint   ] Safepoint "ICBufferFull", Time since last: 628481750 ns, Reaching safepoint: 2750 ns, Cleanup: 1614458 ns, At safepoint: 2875 ns, Total: 1620083 ns
[2025-06-11T07:09:49.026+0000][25527][info][gc,start    ] GC(0) Pause Young (Concurrent Start) (Metadata GC Threshold)
[2025-06-11T07:09:49.026+0000][25527][info][gc,task     ] GC(0) Using 8 workers of 8 for evacuation
[2025-06-11T07:09:49.026+0000][25527][debug][gc,age      ] GC(0) Desired survivor size 27262976 bytes, new threshold 15 (max threshold 15)
[2025-06-11T07:09:49.053+0000][25527][info ][gc,phases   ] GC(0)   Pre Evacuate Collection Set: 0.5ms
[2025-06-11T07:09:49.053+0000][25527][info ][gc,phases   ] GC(0)   Merge Heap Roots: 0.1ms
[2025-06-11T07:09:49.053+0000][25527][info ][gc,phases   ] GC(0)   Evacuate Collection Set: 24.8ms
[2025-06-11T07:09:49.053+0000][25527][info ][gc,phases   ] GC(0)   Post Evacuate Collection Set: 0.8ms
[2025-06-11T07:09:49.053+0000][25527][info ][gc,phases   ] GC(0)   Other: 0.3ms
[2025-06-11T07:09:49.053+0000][25527][trace][gc,age      ] GC(0) Age table with threshold 15 (max threshold 15)
[2025-06-11T07:09:49.053+0000][25527][trace][gc,age      ] GC(0) - age   1:   12610384 bytes,   12610384 total
[2025-06-11T07:09:49.053+0000][25527][info ][gc,heap     ] GC(0) Eden regions: 72->0(98)
[2025-06-11T07:09:49.053+0000][25527][info ][gc,heap     ] GC(0) Survivor regions: 0->4(13)
[2025-06-11T07:09:49.053+0000][25527][info ][gc,heap     ] GC(0) Old regions: 1->1
[2025-06-11T07:09:49.053+0000][25527][info ][gc,heap     ] GC(0) Humongous regions: 0->0
[2025-06-11T07:09:49.053+0000][25527][info ][gc,metaspace] GC(0) Metaspace: 20934K(21504K)->20934K(21504K) NonClass: 18646K(18944K)->18646K(18944K) Class: 2288K(2560K)->2288K(2560K)
[2025-06-11T07:09:49.053+0000][25527][info ][gc          ] GC(0) Pause Young (Concurrent Start) (Metadata GC Threshold) 289M->13M(8192M) 26.726ms
[2025-06-11T07:09:49.053+0000][25527][info ][gc,cpu      ] GC(0) User=0.05s Sys=0.03s Real=0.03s
[2025-06-11T07:09:49.053+0000][25527][info ][gc          ] GC(1) Concurrent Mark Cycle
[2025-06-11T07:09:49.053+0000][25527][info ][gc,marking  ] GC(1) Concurrent Scan Root Regions
[2025-06-11T07:09:49.053+0000][25527][info ][safepoint   ] Safepoint "CollectForMetadataAllocation", Time since last: 193162500 ns, Reaching safepoint: 2917 ns, Cleanup: 532917 ns, At safepoint: 27385708 ns, Total: 27921542 ns
[2025-06-11T07:09:49.057+0000][25527][info ][gc,marking  ] GC(1) Concurrent Scan Root Regions 3.392ms
[2025-06-11T07:09:49.057+0000][25527][info ][gc,marking  ] GC(1) Concurrent Mark
[2025-06-11T07:09:49.057+0000][25527][info ][gc,marking  ] GC(1) Concurrent Mark From Roots
[2025-06-11T07:09:49.057+0000][25527][info ][gc,task     ] GC(1) Using 2 workers of 2 for marking
[2025-06-11T07:09:49.061+0000][25527][info ][gc,marking  ] GC(1) Concurrent Mark From Roots 3.897ms
[2025-06-11T07:09:49.061+0000][25527][info ][gc,marking  ] GC(1) Concurrent Preclean
[2025-06-11T07:09:49.062+0000][25527][info ][gc,marking  ] GC(1) Concurrent Preclean 0.730ms
[2025-06-11T07:09:49.063+0000][25527][info ][gc,start    ] GC(1) Pause Remark
[2025-06-11T07:09:49.072+0000][25527][info ][gc          ] GC(1) Pause Remark 15M->15M(8192M) 8.879ms
[2025-06-11T07:09:49.072+0000][25527][info ][gc,cpu      ] GC(1) User=0.01s Sys=0.01s Real=0.01s
[2025-06-11T07:09:49.072+0000][25527][info ][safepoint   ] Safepoint "G1PauseRemark", Time since last: 8731208 ns, Reaching safepoint: 567917 ns, Cleanup: 3333 ns, At safepoint: 8976125 ns, Total: 9547375 ns
[2025-06-11T07:09:49.072+0000][25527][info ][gc,marking  ] GC(1) Concurrent Mark 14.464ms
[2025-06-11T07:09:49.072+0000][25527][info ][gc,marking  ] GC(1) Concurrent Rebuild Remembered Sets and Scrub Regions
[2025-06-11T07:09:49.073+0000][25527][info ][gc,marking  ] GC(1) Concurrent Rebuild Remembered Sets and Scrub Regions 0.797ms
[2025-06-11T07:09:49.073+0000][25527][info ][gc,start    ] GC(1) Pause Cleanup
[2025-06-11T07:09:49.073+0000][25527][info ][gc          ] GC(1) Pause Cleanup 16M->16M(8192M) 0.160ms
[2025-06-11T07:09:49.073+0000][25527][info ][gc,cpu      ] GC(1) User=0.00s Sys=0.00s Real=0.00s
[2025-06-11T07:09:49.073+0000][25527][info ][safepoint   ] Safepoint "G1PauseCleanup", Time since last: 963750 ns, Reaching safepoint: 632500 ns, Cleanup: 3125 ns, At safepoint: 222667 ns, Total: 858292 ns
[2025-06-11T07:09:49.074+0000][25527][info ][gc,marking  ] GC(1) Concurrent Clear Claimed Marks
[2025-06-11T07:09:49.074+0000][25527][info ][gc,marking  ] GC(1) Concurrent Clear Claimed Marks 0.020ms
[2025-06-11T07:09:49.074+0000][25527][info ][gc,marking  ] GC(1) Concurrent Cleanup for Next Mark
[2025-06-11T07:09:49.086+0000][25527][info ][gc,marking  ] GC(1) Concurrent Cleanup for Next Mark 12.378ms
[2025-06-11T07:09:49.086+0000][25527][info ][gc          ] GC(1) Concurrent Mark Cycle 32.930ms
[2025-06-11T07:09:49.811+0000][25527][info ][safepoint   ] Safepoint "ICBufferFull", Time since last: 736060708 ns, Reaching safepoint: 2709 ns, Cleanup: 1849916 ns, At safepoint: 62417 ns, Total: 1915042 ns
[2025-06-11T07:09:50.132+0000][25527][info ][safepoint   ] Safepoint "ICBufferFull", Time since last: 318620792 ns, Reaching safepoint: 2583 ns, Cleanup: 1452333 ns, At safepoint: 2167 ns, Total: 1457083 ns
[2025-06-11T07:09:50.517+0000][25527][info ][gc,start    ] GC(2) Pause Young (Prepare Mixed) (G1 Evacuation Pause)
[2025-06-11T07:09:50.517+0000][25527][info ][gc,task     ] GC(2) Using 8 workers of 8 for evacuation
[2025-06-11T07:09:50.517+0000][25527][debug][gc,age      ] GC(2) Desired survivor size 27262976 bytes, new threshold 15 (max threshold 15)
[2025-06-11T07:09:50.538+0000][25527][info ][gc,phases   ] GC(2)   Pre Evacuate Collection Set: 0.2ms
[2025-06-11T07:09:50.538+0000][25527][info ][gc,phases   ] GC(2)   Merge Heap Roots: 0.1ms
[2025-06-11T07:09:50.538+0000][25527][info ][gc,phases   ] GC(2)   Evacuate Collection Set: 19.9ms
[2025-06-11T07:09:50.538+0000][25527][info ][gc,phases   ] GC(2)   Post Evacuate Collection Set: 0.7ms
[2025-06-11T07:09:50.538+0000][25527][info ][gc,phases   ] GC(2)   Other: 0.1ms
[2025-06-11T07:09:50.538+0000][25527][trace][gc,age      ] GC(2) Age table with threshold 15 (max threshold 15)
[2025-06-11T07:09:50.538+0000][25527][trace][gc,age      ] GC(2) - age   1:    8752392 bytes,    8752392 total
[2025-06-11T07:09:50.538+0000][25527][trace][gc,age      ] GC(2) - age   2:   11667704 bytes,   20420096 total
[2025-06-11T07:09:50.538+0000][25527][info ][gc,heap     ] GC(2) Eden regions: 98->0(96)
[2025-06-11T07:09:50.538+0000][25527][info ][gc,heap     ] GC(2) Survivor regions: 4->6(13)
[2025-06-11T07:09:50.538+0000][25527][info ][gc,heap     ] GC(2) Old regions: 1->1
[2025-06-11T07:09:50.539+0000][25527][info ][gc,heap     ] GC(2) Humongous regions: 0->0
[2025-06-11T07:09:50.539+0000][25527][info ][gc,metaspace] GC(2) Metaspace: 28379K(29120K)->28379K(29120K) NonClass: 25131K(25536K)->25131K(25536K) Class: 3247K(3584K)->3247K(3584K)
[2025-06-11T07:09:50.539+0000][25527][info ][gc          ] GC(2) Pause Young (Prepare Mixed) (G1 Evacuation Pause) 405M->22M(8192M) 21.328ms
[2025-06-11T07:09:50.539+0000][25527][info ][gc,cpu      ] GC(2) User=0.05s Sys=0.03s Real=0.02s
[2025-06-11T07:09:50.539+0000][25527][info ][safepoint   ] Safepoint "G1CollectForAllocation", Time since last: 384338000 ns, Reaching safepoint: 2625 ns, Cleanup: 1337125 ns, At safepoint: 21460042 ns, Total: 22799792 ns
[2025-06-11T07:09:51.354+0000][25527][info ][gc,start    ] GC(3) Pause Young (Mixed) (G1 Evacuation Pause)
[2025-06-11T07:09:51.354+0000][25527][info ][gc,task     ] GC(3) Using 8 workers of 8 for evacuation
[2025-06-11T07:09:51.354+0000][25527][debug][gc,age      ] GC(3) Desired survivor size 27262976 bytes, new threshold 15 (max threshold 15)
[2025-06-11T07:09:51.376+0000][25527][info ][gc,phases   ] GC(3)   Pre Evacuate Collection Set: 0.2ms
[2025-06-11T07:09:51.376+0000][25527][info ][gc,phases   ] GC(3)   Merge Heap Roots: 0.1ms
[2025-06-11T07:09:51.376+0000][25527][info ][gc,phases   ] GC(3)   Evacuate Collection Set: 21.0ms
[2025-06-11T07:09:51.376+0000][25527][info ][gc,phases   ] GC(3)   Post Evacuate Collection Set: 0.9ms
[2025-06-11T07:09:51.376+0000][25527][info ][gc,phases   ] GC(3)   Other: 0.1ms
[2025-06-11T07:09:51.376+0000][25527][trace][gc,age      ] GC(3) Age table with threshold 15 (max threshold 15)
[2025-06-11T07:09:51.376+0000][25527][trace][gc,age      ] GC(3) - age   1:    5880656 bytes,    5880656 total
[2025-06-11T07:09:51.376+0000][25527][trace][gc,age      ] GC(3) - age   2:    8187608 bytes,   14068264 total
[2025-06-11T07:09:51.376+0000][25527][trace][gc,age      ] GC(3) - age   3:   11666344 bytes,   25734608 total
[2025-06-11T07:09:51.376+0000][25527][info ][gc,heap     ] GC(3) Eden regions: 96->0(95)
[2025-06-11T07:09:51.376+0000][25527][info ][gc,heap     ] GC(3) Survivor regions: 6->7(13)
[2025-06-11T07:09:51.376+0000][25527][info ][gc,heap     ] GC(3) Old regions: 1->1
[2025-06-11T07:09:51.376+0000][25527][info ][gc,heap     ] GC(3) Humongous regions: 0->0
[2025-06-11T07:09:51.376+0000][25527][info ][gc,metaspace] GC(3) Metaspace: 33985K(34752K)->33985K(34752K) NonClass: 30105K(30528K)->30105K(30528K) Class: 3880K(4224K)->3880K(4224K)
[2025-06-11T07:09:51.377+0000][25527][info ][gc          ] GC(3) Pause Young (Mixed) (G1 Evacuation Pause) 406M->28M(8192M) 22.312ms
[2025-06-11T07:09:51.377+0000][25527][info ][gc,cpu      ] GC(3) User=0.05s Sys=0.02s Real=0.02s
[2025-06-11T07:09:51.377+0000][25527][info ][safepoint   ] Safepoint "G1CollectForAllocation", Time since last: 813722375 ns, Reaching safepoint: 2875 ns, Cleanup: 1573208 ns, At safepoint: 22598583 ns, Total: 24174666 ns
[2025-06-11T07:09:51.579+0000][25527][info ][gc,start    ] GC(4) Pause Young (Concurrent Start) (Metadata GC Threshold)
[2025-06-11T07:09:51.579+0000][25527][info ][gc,task     ] GC(4) Using 8 workers of 8 for evacuation
[2025-06-11T07:09:51.579+0000][25527][debug][gc,age      ] GC(4) Desired survivor size 27262976 bytes, new threshold 15 (max threshold 15)
[2025-06-11T07:09:51.595+0000][25527][info ][gc,phases   ] GC(4)   Pre Evacuate Collection Set: 0.3ms
[2025-06-11T07:09:51.595+0000][25527][info ][gc,phases   ] GC(4)   Merge Heap Roots: 0.0ms
[2025-06-11T07:09:51.595+0000][25527][info ][gc,phases   ] GC(4)   Evacuate Collection Set: 15.4ms
[2025-06-11T07:09:51.595+0000][25527][info ][gc,phases   ] GC(4)   Post Evacuate Collection Set: 0.6ms
[2025-06-11T07:09:51.595+0000][25527][info ][gc,phases   ] GC(4)   Other: 0.1ms
[2025-06-11T07:09:51.595+0000][25527][trace][gc,age      ] GC(4) Age table with threshold 15 (max threshold 15)
[2025-06-11T07:09:51.595+0000][25527][trace][gc,age      ] GC(4) - age   1:    2340112 bytes,    2340112 total
[2025-06-11T07:09:51.595+0000][25527][trace][gc,age      ] GC(4) - age   2:    5841920 bytes,    8182032 total
[2025-06-11T07:09:51.595+0000][25527][trace][gc,age      ] GC(4) - age   3:    8184632 bytes,   16366664 total
[2025-06-11T07:09:51.595+0000][25527][trace][gc,age      ] GC(4) - age   4:   11659272 bytes,   28025936 total
[2025-06-11T07:09:51.595+0000][25527][info ][gc,heap     ] GC(4) Eden regions: 5->0(94)
[2025-06-11T07:09:51.595+0000][25527][info ][gc,heap     ] GC(4) Survivor regions: 7->8(13)
[2025-06-11T07:09:51.595+0000][25527][info ][gc,heap     ] GC(4) Old regions: 1->1
[2025-06-11T07:09:51.595+0000][25527][info ][gc,heap     ] GC(4) Humongous regions: 0->0
[2025-06-11T07:09:51.595+0000][25527][info ][gc,metaspace] GC(4) Metaspace: 35176K(35968K)->35176K(35968K) NonClass: 31149K(31616K)->31149K(31616K) Class: 4027K(4352K)->4027K(4352K)
[2025-06-11T07:09:51.595+0000][25527][info ][gc          ] GC(4) Pause Young (Concurrent Start) (Metadata GC Threshold) 46M->30M(8192M) 16.589ms
[2025-06-11T07:09:51.595+0000][25527][info ][gc,cpu      ] GC(4) User=0.05s Sys=0.01s Real=0.02s
[2025-06-11T07:09:51.595+0000][25527][info ][gc          ] GC(5) Concurrent Mark Cycle
[2025-06-11T07:09:51.595+0000][25527][info ][gc,marking  ] GC(5) Concurrent Scan Root Regions
[2025-06-11T07:09:51.595+0000][25527][info ][safepoint   ] Safepoint "CollectForMetadataAllocation", Time since last: 201563959 ns, Reaching safepoint: 20166 ns, Cleanup: 484875 ns, At safepoint: 16690667 ns, Total: 17195708 ns
[2025-06-11T07:09:51.599+0000][25527][info ][gc,marking  ] GC(5) Concurrent Scan Root Regions 4.019ms
[2025-06-11T07:09:51.599+0000][25527][info ][gc,marking  ] GC(5) Concurrent Mark
[2025-06-11T07:09:51.599+0000][25527][info ][gc,marking  ] GC(5) Concurrent Mark From Roots
[2025-06-11T07:09:51.599+0000][25527][info ][gc,task     ] GC(5) Using 2 workers of 2 for marking
[2025-06-11T07:09:51.600+0000][25527][info ][gc,marking  ] GC(5) Concurrent Mark From Roots 0.844ms
[2025-06-11T07:09:51.600+0000][25527][info ][gc,marking  ] GC(5) Concurrent Preclean
[2025-06-11T07:09:51.600+0000][25527][info ][gc,marking  ] GC(5) Concurrent Preclean 0.007ms
[2025-06-11T07:09:51.600+0000][25527][info ][gc,start    ] GC(5) Pause Remark
[2025-06-11T07:09:51.609+0000][25527][info ][gc          ] GC(5) Pause Remark 32M->32M(8192M) 8.547ms
[2025-06-11T07:09:51.609+0000][25527][info ][gc,cpu      ] GC(5) User=0.01s Sys=0.01s Real=0.00s
[2025-06-11T07:09:51.609+0000][25527][info ][safepoint   ] Safepoint "G1PauseRemark", Time since last: 4893167 ns, Reaching safepoint: 92541 ns, Cleanup: 2250 ns, At safepoint: 8605042 ns, Total: 8699833 ns
[2025-06-11T07:09:51.609+0000][25527][info ][gc,marking  ] GC(5) Concurrent Mark 9.615ms
[2025-06-11T07:09:51.609+0000][25527][info ][gc,marking  ] GC(5) Concurrent Rebuild Remembered Sets and Scrub Regions
[2025-06-11T07:09:51.609+0000][25527][info ][gc,marking  ] GC(5) Concurrent Rebuild Remembered Sets and Scrub Regions 0.359ms
[2025-06-11T07:09:51.610+0000][25527][info ][gc,start    ] GC(5) Pause Cleanup
[2025-06-11T07:09:51.610+0000][25527][info ][gc          ] GC(5) Pause Cleanup 32M->32M(8192M) 0.099ms
[2025-06-11T07:09:51.610+0000][25527][info ][gc,cpu      ] GC(5) User=0.00s Sys=0.00s Real=0.00s
[2025-06-11T07:09:51.610+0000][25527][info ][safepoint   ] Safepoint "G1PauseCleanup", Time since last: 436750 ns, Reaching safepoint: 186083 ns, Cleanup: 8125 ns, At safepoint: 135834 ns, Total: 330042 ns
[2025-06-11T07:09:51.610+0000][25527][info ][gc,marking  ] GC(5) Concurrent Clear Claimed Marks
[2025-06-11T07:09:51.610+0000][25527][info ][gc,marking  ] GC(5) Concurrent Clear Claimed Marks 0.015ms
[2025-06-11T07:09:51.610+0000][25527][info ][gc,marking  ] GC(5) Concurrent Cleanup for Next Mark
[2025-06-11T07:09:51.613+0000][25527][info ][gc,marking  ] GC(5) Concurrent Cleanup for Next Mark 3.665ms
[2025-06-11T07:09:51.613+0000][25527][info ][gc          ] GC(5) Concurrent Mark Cycle 18.171ms
[2025-06-11T07:09:52.323+0000][25527][info ][gc,start    ] GC(6) Pause Young (Normal) (G1 Evacuation Pause)
[2025-06-11T07:09:52.323+0000][25527][info ][gc,task     ] GC(6) Using 8 workers of 8 for evacuation
[2025-06-11T07:09:52.323+0000][25527][debug][gc,age      ] GC(6) Desired survivor size 27262976 bytes, new threshold 4 (max threshold 15)
[2025-06-11T07:09:52.346+0000][25527][info ][gc,phases   ] GC(6)   Pre Evacuate Collection Set: 0.2ms
[2025-06-11T07:09:52.346+0000][25527][info ][gc,phases   ] GC(6)   Merge Heap Roots: 0.1ms
[2025-06-11T07:09:52.346+0000][25527][info ][gc,phases   ] GC(6)   Evacuate Collection Set: 21.9ms
[2025-06-11T07:09:52.346+0000][25527][info ][gc,phases   ] GC(6)   Post Evacuate Collection Set: 0.6ms
[2025-06-11T07:09:52.346+0000][25527][info ][gc,phases   ] GC(6)   Other: 0.1ms
[2025-06-11T07:09:52.346+0000][25527][trace][gc,age      ] GC(6) Age table with threshold 4 (max threshold 15)
[2025-06-11T07:09:52.346+0000][25527][trace][gc,age      ] GC(6) - age   1:    4401024 bytes,    4401024 total
[2025-06-11T07:09:52.346+0000][25527][trace][gc,age      ] GC(6) - age   2:    2325432 bytes,    6726456 total
[2025-06-11T07:09:52.346+0000][25527][trace][gc,age      ] GC(6) - age   3:    5839528 bytes,   12565984 total
[2025-06-11T07:09:52.346+0000][25527][trace][gc,age      ] GC(6) - age   4:    8179352 bytes,   20745336 total
[2025-06-11T07:09:52.346+0000][25527][info ][gc,heap     ] GC(6) Eden regions: 94->0(96)
[2025-06-11T07:09:52.346+0000][25527][info ][gc,heap     ] GC(6) Survivor regions: 8->6(13)
[2025-06-11T07:09:52.346+0000][25527][info ][gc,heap     ] GC(6) Old regions: 1->4
[2025-06-11T07:09:52.346+0000][25527][info ][gc,heap     ] GC(6) Humongous regions: 0->0
[2025-06-11T07:09:52.346+0000][25527][info ][gc,metaspace] GC(6) Metaspace: 36058K(36928K)->36058K(36928K) NonClass: 31898K(32384K)->31898K(32384K) Class: 4160K(4544K)->4160K(4544K)
[2025-06-11T07:09:52.346+0000][25527][info ][gc          ] GC(6) Pause Young (Normal) (G1 Evacuation Pause) 406M->36M(8192M) 22.882ms
[2025-06-11T07:09:52.346+0000][25527][info ][gc,cpu      ] GC(6) User=0.05s Sys=0.02s Real=0.02s
[2025-06-11T07:09:52.346+0000][25527][info ][safepoint   ] Safepoint "G1CollectForAllocation", Time since last: 712728791 ns, Reaching safepoint: 2459 ns, Cleanup: 452666 ns, At safepoint: 22922000 ns, Total: 23377125 ns
[2025-06-11T07:09:53.249+0000][25527][info ][safepoint   ] Safepoint "ICBufferFull", Time since last: 901629209 ns, Reaching safepoint: 2416 ns, Cleanup: 1737125 ns, At safepoint: 2125 ns, Total: 1741666 ns
[2025-06-11T07:09:54.255+0000][25527][info ][safepoint   ] Safepoint "Cleanup", Time since last: 1004362375 ns, Reaching safepoint: 86584 ns, Cleanup: 1341625 ns, At safepoint: 12083 ns, Total: 1440292 ns
[2025-06-11T07:09:54.509+0000][25527][info ][gc,start    ] GC(7) Pause Young (Normal) (G1 Evacuation Pause)
[2025-06-11T07:09:54.509+0000][25527][info ][gc,task     ] GC(7) Using 8 workers of 8 for evacuation
[2025-06-11T07:09:54.509+0000][25527][debug][gc,age      ] GC(7) Desired survivor size 27262976 bytes, new threshold 15 (max threshold 15)
[2025-06-11T07:09:54.521+0000][25527][info ][gc,phases   ] GC(7)   Pre Evacuate Collection Set: 0.2ms
[2025-06-11T07:09:54.521+0000][25527][info ][gc,phases   ] GC(7)   Merge Heap Roots: 0.0ms
[2025-06-11T07:09:54.521+0000][25527][info ][gc,phases   ] GC(7)   Evacuate Collection Set: 11.0ms
[2025-06-11T07:09:54.521+0000][25527][info ][gc,phases   ] GC(7)   Post Evacuate Collection Set: 0.7ms
[2025-06-11T07:09:54.521+0000][25527][info ][gc,phases   ] GC(7)   Other: 0.1ms
[2025-06-11T07:09:54.521+0000][25527][trace][gc,age      ] GC(7) Age table with threshold 15 (max threshold 15)
[2025-06-11T07:09:54.521+0000][25527][trace][gc,age      ] GC(7) - age   1:   21271696 bytes,   21271696 total
[2025-06-11T07:09:54.521+0000][25527][trace][gc,age      ] GC(7) - age   2:    3702952 bytes,   24974648 total
[2025-06-11T07:09:54.521+0000][25527][trace][gc,age      ] GC(7) - age   3:    2313120 bytes,   27287768 total
[2025-06-11T07:09:54.521+0000][25527][trace][gc,age      ] GC(7) - age   4:    5826688 bytes,   33114456 total
[2025-06-11T07:09:54.521+0000][25527][trace][gc,age      ] GC(7) - age   5:    8149552 bytes,   41264008 total
[2025-06-11T07:09:54.521+0000][25527][info ][gc,heap     ] GC(7) Eden regions: 96->0(115)
[2025-06-11T07:09:54.521+0000][25527][info ][gc,heap     ] GC(7) Survivor regions: 6->11(13)
[2025-06-11T07:09:54.521+0000][25527][info ][gc,heap     ] GC(7) Old regions: 4->4
[2025-06-11T07:09:54.521+0000][25527][info ][gc,heap     ] GC(7) Humongous regions: 0->0
[2025-06-11T07:09:54.521+0000][25527][info ][gc,metaspace] GC(7) Metaspace: 48676K(50048K)->48676K(50048K) NonClass: 42784K(43584K)->42784K(43584K) Class: 5891K(6464K)->5891K(6464K)
[2025-06-11T07:09:54.521+0000][25527][info ][gc          ] GC(7) Pause Young (Normal) (G1 Evacuation Pause) 420M->54M(8192M) 12.150ms
[2025-06-11T07:09:54.521+0000][25527][info ][gc,cpu      ] GC(7) User=0.07s Sys=0.01s Real=0.02s
[2025-06-11T07:09:54.521+0000][25527][info ][safepoint   ] Safepoint "G1CollectForAllocation", Time since last: 253077542 ns, Reaching safepoint: 2416 ns, Cleanup: 830959 ns, At safepoint: 12199041 ns, Total: 13032416 ns
[2025-06-11T07:09:54.958+0000][25527][info ][safepoint   ] Safepoint "ICBufferFull", Time since last: 435227667 ns, Reaching safepoint: 3167 ns, Cleanup: 1669333 ns, At safepoint: 3250 ns, Total: 1675750 ns
[2025-06-11T07:09:55.198+0000][25527][info ][gc,start    ] GC(8) Pause Young (Concurrent Start) (Metadata GC Threshold)
[2025-06-11T07:09:55.198+0000][25527][info ][gc,task     ] GC(8) Using 8 workers of 8 for evacuation
[2025-06-11T07:09:55.198+0000][25527][debug][gc,age      ] GC(8) Desired survivor size 33554432 bytes, new threshold 5 (max threshold 15)
[2025-06-11T07:09:55.210+0000][25527][info ][gc,phases   ] GC(8)   Pre Evacuate Collection Set: 0.3ms
[2025-06-11T07:09:55.210+0000][25527][info ][gc,phases   ] GC(8)   Merge Heap Roots: 0.0ms
[2025-06-11T07:09:55.210+0000][25527][info ][gc,phases   ] GC(8)   Evacuate Collection Set: 11.5ms
[2025-06-11T07:09:55.210+0000][25527][info ][gc,phases   ] GC(8)   Post Evacuate Collection Set: 0.6ms
[2025-06-11T07:09:55.210+0000][25527][info ][gc,phases   ] GC(8)   Other: 0.0ms
[2025-06-11T07:09:55.210+0000][25527][trace][gc,age      ] GC(8) Age table with threshold 5 (max threshold 15)
[2025-06-11T07:09:55.210+0000][25527][trace][gc,age      ] GC(8) - age   1:    4212248 bytes,    4212248 total
[2025-06-11T07:09:55.210+0000][25527][trace][gc,age      ] GC(8) - age   2:   21128936 bytes,   25341184 total
[2025-06-11T07:09:55.210+0000][25527][trace][gc,age      ] GC(8) - age   3:    3701648 bytes,   29042832 total
[2025-06-11T07:09:55.210+0000][25527][trace][gc,age      ] GC(8) - age   4:    2306608 bytes,   31349440 total
[2025-06-11T07:09:55.210+0000][25527][trace][gc,age      ] GC(8) - age   5:    5825144 bytes,   37174584 total
[2025-06-11T07:09:55.210+0000][25527][info ][gc,heap     ] GC(8) Eden regions: 37->0(162)
[2025-06-11T07:09:55.210+0000][25527][info ][gc,heap     ] GC(8) Survivor regions: 11->10(16)
[2025-06-11T07:09:55.210+0000][25527][info ][gc,heap     ] GC(8) Old regions: 4->6
[2025-06-11T07:09:55.210+0000][25527][info ][gc,heap     ] GC(8) Humongous regions: 0->0
[2025-06-11T07:09:55.210+0000][25527][info ][gc,metaspace] GC(8) Metaspace: 58634K(60096K)->58634K(60096K) NonClass: 51352K(52224K)->51352K(52224K) Class: 7282K(7872K)->7282K(7872K)
[2025-06-11T07:09:55.210+0000][25527][info ][gc          ] GC(8) Pause Young (Concurrent Start) (Metadata GC Threshold) 202M->60M(8192M) 12.600ms
[2025-06-11T07:09:55.210+0000][25527][info ][gc          ] GC(9) Concurrent Mark Cycle
[2025-06-11T07:09:55.210+0000][25527][info ][gc,cpu      ] GC(8) User=0.06s Sys=0.00s Real=0.02s
[2025-06-11T07:09:55.210+0000][25527][info ][gc,marking  ] GC(9) Concurrent Scan Root Regions
[2025-06-11T07:09:55.210+0000][25527][info ][safepoint   ] Safepoint "CollectForMetadataAllocation", Time since last: 239201583 ns, Reaching safepoint: 2375 ns, Cleanup: 402042 ns, At safepoint: 12705375 ns, Total: 13109792 ns
[2025-06-11T07:09:55.221+0000][25527][info ][gc,marking  ] GC(9) Concurrent Scan Root Regions 10.318ms
[2025-06-11T07:09:55.221+0000][25527][info ][gc,marking  ] GC(9) Concurrent Mark
[2025-06-11T07:09:55.221+0000][25527][info ][gc,marking  ] GC(9) Concurrent Mark From Roots
[2025-06-11T07:09:55.221+0000][25527][info ][gc,task     ] GC(9) Using 2 workers of 2 for marking
[2025-06-11T07:09:55.226+0000][25527][info ][gc,marking  ] GC(9) Concurrent Mark From Roots 5.627ms
[2025-06-11T07:09:55.226+0000][25527][info ][gc,marking  ] GC(9) Concurrent Preclean
[2025-06-11T07:09:55.227+0000][25527][info ][gc,marking  ] GC(9) Concurrent Preclean 1.033ms
[2025-06-11T07:09:55.227+0000][25527][info ][gc,start    ] GC(9) Pause Remark
[2025-06-11T07:09:55.247+0000][25527][info ][gc          ] GC(9) Pause Remark 63M->63M(8192M) 19.240ms
[2025-06-11T07:09:55.247+0000][25527][info ][gc,cpu      ] GC(9) User=0.02s Sys=0.02s Real=0.02s
[2025-06-11T07:09:55.247+0000][25527][info ][safepoint   ] Safepoint "G1PauseRemark", Time since last: 17034000 ns, Reaching safepoint: 81500 ns, Cleanup: 3125 ns, At safepoint: 19292792 ns, Total: 19377417 ns
[2025-06-11T07:09:55.247+0000][25527][info ][gc,marking  ] GC(9) Concurrent Mark 26.141ms
[2025-06-11T07:09:55.247+0000][25527][info ][gc,marking  ] GC(9) Concurrent Rebuild Remembered Sets and Scrub Regions
[2025-06-11T07:09:55.251+0000][25527][info ][gc,marking  ] GC(9) Concurrent Rebuild Remembered Sets and Scrub Regions 4.598ms
[2025-06-11T07:09:55.252+0000][25527][info ][gc,start    ] GC(9) Pause Cleanup
[2025-06-11T07:09:55.252+0000][25527][info ][gc          ] GC(9) Pause Cleanup 63M->63M(8192M) 0.108ms
[2025-06-11T07:09:55.252+0000][25527][info ][gc,cpu      ] GC(9) User=0.00s Sys=0.00s Real=0.00s
[2025-06-11T07:09:55.252+0000][25527][info ][safepoint   ] Safepoint "G1PauseCleanup", Time since last: 4655125 ns, Reaching safepoint: 152166 ns, Cleanup: 10292 ns, At safepoint: 139208 ns, Total: 301666 ns
[2025-06-11T07:09:55.252+0000][25527][info ][gc,marking  ] GC(9) Concurrent Clear Claimed Marks
[2025-06-11T07:09:55.252+0000][25527][info ][gc,marking  ] GC(9) Concurrent Clear Claimed Marks 0.029ms
[2025-06-11T07:09:55.252+0000][25527][info ][gc,marking  ] GC(9) Concurrent Cleanup for Next Mark
[2025-06-11T07:09:55.255+0000][25527][info ][gc,marking  ] GC(9) Concurrent Cleanup for Next Mark 3.559ms
[2025-06-11T07:09:55.255+0000][25527][info ][gc          ] GC(9) Concurrent Mark Cycle 45.152ms
[2025-06-11T07:09:56.257+0000][25527][info ][safepoint   ] Safepoint "Cleanup", Time since last: 1004359084 ns, Reaching safepoint: 21791 ns, Cleanup: 1379584 ns, At safepoint: 45833 ns, Total: 1447208 ns
[2025-06-11T07:09:57.071+0000][25527][info ][safepoint   ] Safepoint "ICBufferFull", Time since last: 811941542 ns, Reaching safepoint: 2375 ns, Cleanup: 1978375 ns, At safepoint: 2916 ns, Total: 1983666 ns
[2025-06-11T07:09:57.828+0000][25527][info ][safepoint   ] Safepoint "ICBufferFull", Time since last: 754762167 ns, Reaching safepoint: 3375 ns, Cleanup: 2133750 ns, At safepoint: 3042 ns, Total: 2140167 ns
[2025-06-11T07:09:58.379+0000][25527][info ][gc,start    ] GC(10) Pause Young (Concurrent Start) (Metadata GC Threshold)
[2025-06-11T07:09:58.379+0000][25527][info ][gc,task     ] GC(10) Using 8 workers of 8 for evacuation
[2025-06-11T07:09:58.379+0000][25527][debug][gc,age      ] GC(10) Desired survivor size 46137344 bytes, new threshold 15 (max threshold 15)
[2025-06-11T07:09:58.432+0000][25527][info ][gc,phases   ] GC(10)   Pre Evacuate Collection Set: 0.3ms
[2025-06-11T07:09:58.432+0000][25527][info ][gc,phases   ] GC(10)   Merge Heap Roots: 0.1ms
[2025-06-11T07:09:58.432+0000][25527][info ][gc,phases   ] GC(10)   Evacuate Collection Set: 50.3ms
[2025-06-11T07:09:58.432+0000][25527][info ][gc,phases   ] GC(10)   Post Evacuate Collection Set: 1.7ms
[2025-06-11T07:09:58.432+0000][25527][info ][gc,phases   ] GC(10)   Other: 0.1ms
[2025-06-11T07:09:58.432+0000][25527][trace][gc,age      ] GC(10) Age table with threshold 15 (max threshold 15)
[2025-06-11T07:09:58.432+0000][25527][trace][gc,age      ] GC(10) - age   1:   16118320 bytes,   16118320 total
[2025-06-11T07:09:58.432+0000][25527][trace][gc,age      ] GC(10) - age   2:    4059704 bytes,   20178024 total
[2025-06-11T07:09:58.432+0000][25527][trace][gc,age      ] GC(10) - age   3:   20911424 bytes,   41089448 total
[2025-06-11T07:09:58.432+0000][25527][trace][gc,age      ] GC(10) - age   4:    3641720 bytes,   44731168 total
[2025-06-11T07:09:58.432+0000][25527][trace][gc,age      ] GC(10) - age   5:    2303360 bytes,   47034528 total
[2025-06-11T07:09:58.432+0000][25527][trace][gc,age      ] GC(10) - age   6:    5782968 bytes,   52817496 total
[2025-06-11T07:09:58.432+0000][25527][info ][gc,heap     ] GC(10) Eden regions: 132->0(172)
[2025-06-11T07:09:58.432+0000][25527][info ][gc,heap     ] GC(10) Survivor regions: 10->14(22)
[2025-06-11T07:09:58.432+0000][25527][info ][gc,heap     ] GC(10) Old regions: 6->6
[2025-06-11T07:09:58.432+0000][25527][info ][gc,heap     ] GC(10) Humongous regions: 0->0
[2025-06-11T07:09:58.432+0000][25527][info ][gc,metaspace] GC(10) Metaspace: 97566K(100288K)->97566K(100288K) NonClass: 84357K(85824K)->84357K(85824K) Class: 13208K(14464K)->13208K(14464K)
[2025-06-11T07:09:58.432+0000][25527][info ][gc          ] GC(10) Pause Young (Concurrent Start) (Metadata GC Threshold) 586M->76M(8192M) 52.563ms
[2025-06-11T07:09:58.432+0000][25527][info ][gc,cpu      ] GC(10) User=0.14s Sys=0.08s Real=0.06s
[2025-06-11T07:09:58.432+0000][25527][info ][gc          ] GC(11) Concurrent Mark Cycle
[2025-06-11T07:09:58.432+0000][25527][info ][gc,marking  ] GC(11) Concurrent Scan Root Regions
[2025-06-11T07:09:58.432+0000][25527][info ][safepoint   ] Safepoint "CollectForMetadataAllocation", Time since last: 549279333 ns, Reaching safepoint: 2792 ns, Cleanup: 1554000 ns, At safepoint: 52691750 ns, Total: 54248542 ns
[2025-06-11T07:09:58.446+0000][25527][info ][gc,marking  ] GC(11) Concurrent Scan Root Regions 13.987ms
[2025-06-11T07:09:58.446+0000][25527][info ][gc,marking  ] GC(11) Concurrent Mark
[2025-06-11T07:09:58.446+0000][25527][info ][gc,marking  ] GC(11) Concurrent Mark From Roots
[2025-06-11T07:09:58.446+0000][25527][info ][gc,task     ] GC(11) Using 2 workers of 2 for marking
[2025-06-11T07:09:58.453+0000][25527][info ][gc,marking  ] GC(11) Concurrent Mark From Roots 7.340ms
[2025-06-11T07:09:58.453+0000][25527][info ][gc,marking  ] GC(11) Concurrent Preclean
[2025-06-11T07:09:58.453+0000][25527][info ][gc,marking  ] GC(11) Concurrent Preclean 0.046ms
[2025-06-11T07:09:58.453+0000][25527][info ][gc,start    ] GC(11) Pause Remark
[2025-06-11T07:09:58.475+0000][25527][info ][gc          ] GC(11) Pause Remark 78M->78M(8192M) 21.935ms
[2025-06-11T07:09:58.475+0000][25527][info ][gc,cpu      ] GC(11) User=0.03s Sys=0.02s Real=0.02s
[2025-06-11T07:09:58.475+0000][25527][info ][safepoint   ] Safepoint "G1PauseRemark", Time since last: 21420916 ns, Reaching safepoint: 22084 ns, Cleanup: 3291 ns, At safepoint: 21995709 ns, Total: 22021084 ns
[2025-06-11T07:09:58.475+0000][25527][info ][gc,marking  ] GC(11) Concurrent Mark 29.515ms
[2025-06-11T07:09:58.475+0000][25527][info ][gc,marking  ] GC(11) Concurrent Rebuild Remembered Sets and Scrub Regions
[2025-06-11T07:09:58.478+0000][25527][info ][gc,marking  ] GC(11) Concurrent Rebuild Remembered Sets and Scrub Regions 3.140ms
[2025-06-11T07:09:58.479+0000][25527][info ][gc,start    ] GC(11) Pause Cleanup
[2025-06-11T07:09:58.479+0000][25527][info ][gc          ] GC(11) Pause Cleanup 78M->78M(8192M) 0.161ms
[2025-06-11T07:09:58.479+0000][25527][info ][gc,cpu      ] GC(11) User=0.00s Sys=0.00s Real=0.00s
[2025-06-11T07:09:58.479+0000][25527][info ][safepoint   ] Safepoint "G1PauseCleanup", Time since last: 3229166 ns, Reaching safepoint: 62834 ns, Cleanup: 11625 ns, At safepoint: 196250 ns, Total: 270709 ns
[2025-06-11T07:09:58.479+0000][25527][info ][gc,marking  ] GC(11) Concurrent Clear Claimed Marks
[2025-06-11T07:09:58.479+0000][25527][info ][gc,marking  ] GC(11) Concurrent Clear Claimed Marks 0.067ms
[2025-06-11T07:09:58.479+0000][25527][info ][gc,marking  ] GC(11) Concurrent Cleanup for Next Mark
[2025-06-11T07:09:58.482+0000][25527][info ][gc,marking  ] GC(11) Concurrent Cleanup for Next Mark 3.566ms
[2025-06-11T07:09:58.483+0000][25527][info ][gc          ] GC(11) Concurrent Mark Cycle 50.804ms
[2025-06-11T07:09:59.587+0000][25527][info ][safepoint   ] Safepoint "ICBufferFull", Time since last: 1103937041 ns, Reaching safepoint: 2484292 ns, Cleanup: 1719917 ns, At safepoint: 437958 ns, Total: 4642167 ns
[2025-06-11T07:09:59.594+0000][25527][info ][safepoint   ] Safepoint "ICBufferFull", Time since last: 3759708 ns, Reaching safepoint: 2285792 ns, Cleanup: 10583 ns, At safepoint: 263417 ns, Total: 2559792 ns
[2025-06-11T07:09:59.599+0000][25527][info ][safepoint   ] Safepoint "ICBufferFull", Time since last: 163750 ns, Reaching safepoint: 5428125 ns, Cleanup: 3083 ns, At safepoint: 93292 ns, Total: 5524500 ns
[2025-06-11T07:09:59.606+0000][25527][info ][safepoint   ] Safepoint "ICBufferFull", Time since last: 48042 ns, Reaching safepoint: 4779708 ns, Cleanup: 24875 ns, At safepoint: 1566333 ns, Total: 6370916 ns
[2025-06-11T07:09:59.878+0000][25527][info ][safepoint   ] Safepoint "ICBufferFull", Time since last: 271358209 ns, Reaching safepoint: 135791 ns, Cleanup: 1031125 ns, At safepoint: 34167 ns, Total: 1201083 ns
[2025-06-11T07:10:00.183+0000][25527][info ][safepoint   ] Safepoint "ICBufferFull", Time since last: 302604583 ns, Reaching safepoint: 7167 ns, Cleanup: 1627167 ns, At safepoint: 3375 ns, Total: 1637709 ns
[2025-06-11T07:10:00.464+0000][25527][info ][safepoint   ] Safepoint "ICBufferFull", Time since last: 279944708 ns, Reaching safepoint: 7417 ns, Cleanup: 1643416 ns, At safepoint: 12959 ns, Total: 1663792 ns
[2025-06-11T07:10:00.696+0000][25527][info ][safepoint   ] Safepoint "ICBufferFull", Time since last: 230425750 ns, Reaching safepoint: 25875 ns, Cleanup: 1320750 ns, At safepoint: 11750 ns, Total: 1358375 ns
[2025-06-11T07:10:01.128+0000][25527][info ][safepoint   ] Safepoint "ICBufferFull", Time since last: 429947000 ns, Reaching safepoint: 7958 ns, Cleanup: 1803958 ns, At safepoint: 21584 ns, Total: 1833500 ns
[2025-06-11T07:10:01.664+0000][25527][info ][safepoint   ] Safepoint "ICBufferFull", Time since last: 535565958 ns, Reaching safepoint: 6792 ns, Cleanup: 1087166 ns, At safepoint: 2750 ns, Total: 1096708 ns
[2025-06-11T07:10:02.206+0000][25527][info ][safepoint   ] Safepoint "ICBufferFull", Time since last: 539642792 ns, Reaching safepoint: 7458 ns, Cleanup: 1932917 ns, At safepoint: 13708 ns, Total: 1954083 ns
[2025-06-11T07:10:03.220+0000][25527][info ][safepoint   ] Safepoint "Cleanup", Time since last: 1005086167 ns, Reaching safepoint: 16250 ns, Cleanup: 8584458 ns, At safepoint: 15250 ns, Total: 8615958 ns
[2025-06-11T07:10:05.230+0000][25527][info ][safepoint   ] Safepoint "Cleanup", Time since last: 2009646709 ns, Reaching safepoint: 119291 ns, Cleanup: 164500 ns, At safepoint: 6625 ns, Total: 290416 ns
[2025-06-11T07:10:07.240+0000][25527][info ][safepoint   ] Safepoint "Cleanup", Time since last: 2010188959 ns, Reaching safepoint: 14875 ns, Cleanup: 176083 ns, At safepoint: 5250 ns, Total: 196208 ns
[2025-06-11T07:10:09.250+0000][25527][info ][safepoint   ] Safepoint "Cleanup", Time since last: 2010337542 ns, Reaching safepoint: 23250 ns, Cleanup: 159791 ns, At safepoint: 6667 ns, Total: 189708 ns
[2025-06-11T07:10:10.256+0000][25527][info ][safepoint   ] Safepoint "Cleanup", Time since last: 1005240792 ns, Reaching safepoint: 49875 ns, Cleanup: 49125 ns, At safepoint: 9000 ns, Total: 108000 ns
[2025-06-11T07:10:19.294+0000][25527][info ][safepoint   ] Safepoint "Cleanup", Time since last: 9038030750 ns, Reaching safepoint: 25250 ns, Cleanup: 181708 ns, At safepoint: 6875 ns, Total: 213833 ns
[2025-06-11T07:10:23.313+0000][25527][info ][safepoint   ] Safepoint "Cleanup", Time since last: 4018438000 ns, Reaching safepoint: 49667 ns, Cleanup: 281208 ns, At safepoint: 13833 ns, Total: 344708 ns
[2025-06-11T07:10:29.325+0000][25527][info ][safepoint   ] Safepoint "Cleanup", Time since last: 6012541084 ns, Reaching safepoint: 24916 ns, Cleanup: 149542 ns, At safepoint: 5125 ns, Total: 179583 ns
[2025-06-11T07:10:30.332+0000][25527][info ][safepoint   ] Safepoint "Cleanup", Time since last: 1005514792 ns, Reaching safepoint: 22166 ns, Cleanup: 516667 ns, At safepoint: 7208 ns, Total: 546041 ns
[2025-06-11T07:10:34.358+0000][25527][info ][safepoint   ] Safepoint "Cleanup", Time since last: 4025684375 ns, Reaching safepoint: 184875 ns, Cleanup: 558334 ns, At safepoint: 80125 ns, Total: 823334 ns
[2025-06-11T07:10:35.815+0000][25527][info ][safepoint   ] Safepoint "Cleanup", Time since last: 1455314833 ns, Reaching safepoint: 47000 ns, Cleanup: 1199625 ns, At safepoint: 17917 ns, Total: 1264542 ns
[2025-06-11T07:10:37.823+0000][25527][info ][safepoint   ] Safepoint "Cleanup", Time since last: 2008504583 ns, Reaching safepoint: 16750 ns, Cleanup: 98333 ns, At safepoint: 3125 ns, Total: 118208 ns
[2025-06-11T07:10:42.846+0000][25527][info ][safepoint   ] Safepoint "Cleanup", Time since last: 5022444917 ns, Reaching safepoint: 88458 ns, Cleanup: 323667 ns, At safepoint: 12000 ns, Total: 424125 ns
[2025-06-11T07:10:58.806+0000][25527][info ][safepoint   ] Safepoint "Cleanup", Time since last: 15959880208 ns, Reaching safepoint: 20000 ns, Cleanup: 128125 ns, At safepoint: 4917 ns, Total: 153042 ns
[2025-06-11T07:10:59.890+0000][25527][info ][safepoint   ] Safepoint "Cleanup", Time since last: 1082249875 ns, Reaching safepoint: 3792 ns, Cleanup: 1800875 ns, At safepoint: 14333 ns, Total: 1819000 ns
[2025-06-11T07:11:00.267+0000][25527][info ][safepoint   ] Safepoint "ICBufferFull", Time since last: 375266083 ns, Reaching safepoint: 6250 ns, Cleanup: 1514959 ns, At safepoint: 2750 ns, Total: 1523959 ns
[2025-06-11T07:11:00.599+0000][25527][info ][safepoint   ] Safepoint "ICBufferFull", Time since last: 330551500 ns, Reaching safepoint: 81291 ns, Cleanup: 1675167 ns, At safepoint: 7125 ns, Total: 1763583 ns
[2025-06-11T07:11:00.824+0000][25527][info ][safepoint   ] Safepoint "ICBufferFull", Time since last: 223973875 ns, Reaching safepoint: 25500 ns, Cleanup: 988750 ns, At safepoint: 10333 ns, Total: 1024583 ns
[2025-06-11T07:11:01.646+0000][25527][info ][safepoint   ] Safepoint "ICBufferFull", Time since last: 819761084 ns, Reaching safepoint: 6875 ns, Cleanup: 1726041 ns, At safepoint: 3834 ns, Total: 1736750 ns
[2025-06-11T07:11:02.140+0000][25527][info ][safepoint   ] Safepoint "ICBufferFull", Time since last: 492629250 ns, Reaching safepoint: 9125 ns, Cleanup: 1683625 ns, At safepoint: 8416 ns, Total: 1701166 ns
[2025-06-11T07:11:02.385+0000][25527][info ][safepoint   ] Safepoint "ICBufferFull", Time since last: 243585084 ns, Reaching safepoint: 8125 ns, Cleanup: 937708 ns, At safepoint: 3292 ns, Total: 949125 ns
[2025-06-11T07:11:03.546+0000][25527][info ][safepoint   ] Safepoint "Cleanup", Time since last: 1160305750 ns, Reaching safepoint: 44208 ns, Cleanup: 975083 ns, At safepoint: 19167 ns, Total: 1038458 ns
[2025-06-11T07:11:05.555+0000][25527][info ][safepoint   ] Safepoint "Cleanup", Time since last: 2008416083 ns, Reaching safepoint: 79667 ns, Cleanup: 150292 ns, At safepoint: 447125 ns, Total: 677084 ns
[2025-06-11T07:11:09.568+0000][25527][info ][safepoint   ] Safepoint "Cleanup", Time since last: 4012840208 ns, Reaching safepoint: 37417 ns, Cleanup: 93208 ns, At safepoint: 3583 ns, Total: 134208 ns
[2025-06-11T07:11:12.580+0000][25527][info ][safepoint   ] Safepoint "Cleanup", Time since last: 3011807917 ns, Reaching safepoint: 130875 ns, Cleanup: 196000 ns, At safepoint: 14458 ns, Total: 341333 ns
[2025-06-11T07:11:14.582+0000][25527][info ][safepoint   ] Safepoint "Cleanup", Time since last: 2001235834 ns, Reaching safepoint: 52000 ns, Cleanup: 224333 ns, At safepoint: 15875 ns, Total: 292208 ns
[2025-06-11T07:11:23.620+0000][25527][info ][safepoint   ] Safepoint "Cleanup", Time since last: 9038339375 ns, Reaching safepoint: 24083 ns, Cleanup: 181209 ns, At safepoint: 8333 ns, Total: 213625 ns
[2025-06-11T07:11:29.644+0000][25527][info ][safepoint   ] Safepoint "Cleanup", Time since last: 6023185500 ns, Reaching safepoint: 42167 ns, Cleanup: 361625 ns, At safepoint: 17125 ns, Total: 420917 ns
[2025-06-11T07:11:33.663+0000][25527][info ][safepoint   ] Safepoint "Cleanup", Time since last: 4019438500 ns, Reaching safepoint: 107583 ns, Cleanup: 231417 ns, At safepoint: 18541 ns, Total: 357541 ns
[2025-06-11T07:11:42.700+0000][25527][info ][safepoint   ] Safepoint "Cleanup", Time since last: 9036057750 ns, Reaching safepoint: 129917 ns, Cleanup: 217083 ns, At safepoint: 15500 ns, Total: 362500 ns
[2025-06-11T07:11:49.925+0000][25527][info ][safepoint   ] Safepoint "Cleanup", Time since last: 7224419417 ns, Reaching safepoint: 191500 ns, Cleanup: 348708 ns, At safepoint: 11750 ns, Total: 551958 ns
[2025-06-11T07:11:59.962+0000][25527][info ][safepoint   ] Safepoint "Cleanup", Time since last: 10036482542 ns, Reaching safepoint: 65667 ns, Cleanup: 343666 ns, At safepoint: 14792 ns, Total: 424125 ns
[2025-06-11T07:12:04.974+0000][25527][info ][safepoint   ] Safepoint "Cleanup", Time since last: 5012150708 ns, Reaching safepoint: 54625 ns, Cleanup: 321000 ns, At safepoint: 13209 ns, Total: 388834 ns
[2025-06-11T07:12:05.977+0000][25527][info ][safepoint   ] Safepoint "Cleanup", Time since last: 1002376916 ns, Reaching safepoint: 66792 ns, Cleanup: 502833 ns, At safepoint: 17542 ns, Total: 587167 ns
[2025-06-11T07:12:07.990+0000][25527][info ][safepoint   ] Safepoint "Cleanup", Time since last: 2010419833 ns, Reaching safepoint: 78750 ns, Cleanup: 2359917 ns, At safepoint: 399375 ns, Total: 2838042 ns
[2025-06-11T07:12:11.002+0000][25527][info ][safepoint   ] Safepoint "Cleanup", Time since last: 3011122667 ns, Reaching safepoint: 63750 ns, Cleanup: 174250 ns, At safepoint: 15916 ns, Total: 253916 ns
[2025-06-11T07:12:19.028+0000][25527][info ][safepoint   ] Safepoint "Cleanup", Time since last: 8026510917 ns, Reaching safepoint: 54750 ns, Cleanup: 226667 ns, At safepoint: 13916 ns, Total: 295333 ns
[2025-06-11T07:12:21.036+0000][25527][info ][safepoint   ] Safepoint "Cleanup", Time since last: 2007730292 ns, Reaching safepoint: 50750 ns, Cleanup: 55750 ns, At safepoint: 9542 ns, Total: 116042 ns
[2025-06-11T07:12:25.050+0000][25527][info ][safepoint   ] Safepoint "Cleanup", Time since last: 4013216875 ns, Reaching safepoint: 57750 ns, Cleanup: 271583 ns, At safepoint: 15333 ns, Total: 344666 ns
[2025-06-11T07:12:30.073+0000][25527][info ][safepoint   ] Safepoint "Cleanup", Time since last: 5022317667 ns, Reaching safepoint: 50583 ns, Cleanup: 309375 ns, At safepoint: 170125 ns, Total: 530083 ns
[2025-06-11T07:12:58.040+0000][25527][info ][safepoint   ] Safepoint "Cleanup", Time since last: 27966763875 ns, Reaching safepoint: 113542 ns, Cleanup: 282833 ns, At safepoint: 15042 ns, Total: 411417 ns
[2025-06-11T07:13:00.047+0000][25527][info ][safepoint   ] Safepoint "Cleanup", Time since last: 2006920042 ns, Reaching safepoint: 22458 ns, Cleanup: 150333 ns, At safepoint: 6667 ns, Total: 179458 ns
[2025-06-11T07:13:03.056+0000][25527][info ][safepoint   ] Safepoint "Cleanup", Time since last: 3009447542 ns, Reaching safepoint: 16291 ns, Cleanup: 119167 ns, At safepoint: 6292 ns, Total: 141750 ns
[2025-06-11T07:13:04.062+0000][25527][info ][safepoint   ] Safepoint "Cleanup", Time since last: 1004807041 ns, Reaching safepoint: 56375 ns, Cleanup: 218167 ns, At safepoint: 16708 ns, Total: 291250 ns
[2025-06-11T07:13:08.079+0000][25527][info ][safepoint   ] Safepoint "Cleanup", Time since last: 4017115167 ns, Reaching safepoint: 77542 ns, Cleanup: 305875 ns, At safepoint: 24041 ns, Total: 407458 ns
[2025-06-11T07:13:30.162+0000][25527][info ][safepoint   ] Safepoint "Cleanup", Time since last: 22082304000 ns, Reaching safepoint: 30084 ns, Cleanup: 267166 ns, At safepoint: 6542 ns, Total: 303792 ns
[2025-06-11T07:13:44.090+0000][25527][info ][safepoint   ] Safepoint "Cleanup", Time since last: 13928384042 ns, Reaching safepoint: 57250 ns, Cleanup: 32500 ns, At safepoint: 2833 ns, Total: 92583 ns
[2025-06-11T07:13:47.107+0000][25527][info ][safepoint   ] Safepoint "Cleanup", Time since last: 3016719625 ns, Reaching safepoint: 38042 ns, Cleanup: 440416 ns, At safepoint: 15500 ns, Total: 493958 ns
[2025-06-11T07:13:57.658+0000][25527][info ][gc,start    ] GC(12) Pause Young (Normal) (G1 Evacuation Pause)
[2025-06-11T07:13:57.659+0000][25527][info ][gc,task     ] GC(12) Using 8 workers of 8 for evacuation
[2025-06-11T07:13:57.659+0000][25527][debug][gc,age      ] GC(12) Desired survivor size 48234496 bytes, new threshold 6 (max threshold 15)
[2025-06-11T07:13:57.787+0000][25527][info ][gc,phases   ] GC(12)   Pre Evacuate Collection Set: 1.7ms
[2025-06-11T07:13:57.787+0000][25527][info ][gc,phases   ] GC(12)   Merge Heap Roots: 0.4ms
[2025-06-11T07:13:57.787+0000][25527][info ][gc,phases   ] GC(12)   Evacuate Collection Set: 122.8ms
[2025-06-11T07:13:57.787+0000][25527][info ][gc,phases   ] GC(12)   Post Evacuate Collection Set: 2.8ms
[2025-06-11T07:13:57.787+0000][25527][info ][gc,phases   ] GC(12)   Other: 0.3ms
[2025-06-11T07:13:57.787+0000][25527][trace][gc,age      ] GC(12) Age table with threshold 6 (max threshold 15)
[2025-06-11T07:13:57.787+0000][25527][trace][gc,age      ] GC(12) - age   1:   15128328 bytes,   15128328 total
[2025-06-11T07:13:57.787+0000][25527][trace][gc,age      ] GC(12) - age   2:   15134864 bytes,   30263192 total
[2025-06-11T07:13:57.787+0000][25527][trace][gc,age      ] GC(12) - age   3:    3967432 bytes,   34230624 total
[2025-06-11T07:13:57.787+0000][25527][trace][gc,age      ] GC(12) - age   4:   20843272 bytes,   55073896 total
[2025-06-11T07:13:57.787+0000][25527][trace][gc,age      ] GC(12) - age   5:    3636216 bytes,   58710112 total
[2025-06-11T07:13:57.787+0000][25527][trace][gc,age      ] GC(12) - age   6:    2302168 bytes,   61012280 total
[2025-06-11T07:13:57.787+0000][25527][info ][gc,heap     ] GC(12) Eden regions: 166->0(168)
[2025-06-11T07:13:57.787+0000][25527][info ][gc,heap     ] GC(12) Survivor regions: 14->16(23)
[2025-06-11T07:13:57.787+0000][25527][info ][gc,heap     ] GC(12) Old regions: 6->7
[2025-06-11T07:13:57.787+0000][25527][info ][gc,heap     ] GC(12) Humongous regions: 0->0
[2025-06-11T07:13:57.787+0000][25527][info ][gc,metaspace] GC(12) Metaspace: 120839K(123904K)->120839K(123904K) NonClass: 104316K(105984K)->104316K(105984K) Class: 16523K(17920K)->16523K(17920K)
[2025-06-11T07:13:57.787+0000][25527][info ][gc          ] GC(12) Pause Young (Normal) (G1 Evacuation Pause) 740M->89M(8192M) 129.427ms
[2025-06-11T07:13:57.787+0000][25527][info ][gc,cpu      ] GC(12) User=0.17s Sys=0.31s Real=0.13s
[2025-06-11T07:13:57.787+0000][25527][info ][safepoint   ] Safepoint "G1CollectForAllocation", Time since last: 10550517250 ns, Reaching safepoint: 30209 ns, Cleanup: 10375 ns, At safepoint: 129545500 ns, Total: 129586084 ns
[2025-06-11T07:13:59.792+0000][25527][info ][safepoint   ] Safepoint "Cleanup", Time since last: 2004506708 ns, Reaching safepoint: 40208 ns, Cleanup: 215417 ns, At safepoint: 18833 ns, Total: 274458 ns
[2025-06-11T07:14:03.811+0000][25527][info ][safepoint   ] Safepoint "Cleanup", Time since last: 4018805542 ns, Reaching safepoint: 69292 ns, Cleanup: 229625 ns, At safepoint: 15458 ns, Total: 314375 ns
[2025-06-11T07:14:17.858+0000][25527][info ][safepoint   ] Safepoint "Cleanup", Time since last: 14049637000 ns, Reaching safepoint: 74875 ns, Cleanup: 206708 ns, At safepoint: 14209 ns, Total: 295792 ns
[2025-06-11T07:14:33.911+0000][25527][info ][safepoint   ] Safepoint "Cleanup", Time since last: 16057570000 ns, Reaching safepoint: 133625 ns, Cleanup: 304125 ns, At safepoint: 19333 ns, Total: 457083 ns
[2025-06-11T07:14:57.007+0000][25527][info ][safepoint   ] Safepoint "Cleanup", Time since last: 23097632917 ns, Reaching safepoint: 59916 ns, Cleanup: 282375 ns, At safepoint: 14875 ns, Total: 357166 ns
[2025-06-11T07:14:58.013+0000][25527][info ][safepoint   ] Safepoint "Cleanup", Time since last: 1002493792 ns, Reaching safepoint: 62292 ns, Cleanup: 4071708 ns, At safepoint: 20500 ns, Total: 4154500 ns
[2025-06-11T07:15:00.020+0000][25527][info ][safepoint   ] Safepoint "Cleanup", Time since last: 2006539625 ns, Reaching safepoint: 22792 ns, Cleanup: 158500 ns, At safepoint: 6500 ns, Total: 187792 ns
[2025-06-11T07:15:30.117+0000][25527][info ][safepoint   ] Safepoint "Cleanup", Time since last: 30097907083 ns, Reaching safepoint: 29458 ns, Cleanup: 160292 ns, At safepoint: 6500 ns, Total: 196250 ns
[2025-06-11T07:16:07.411+0000][25527][info ][safepoint   ] Safepoint "Cleanup", Time since last: 37293948333 ns, Reaching safepoint: 68959 ns, Cleanup: 390583 ns, At safepoint: 92250 ns, Total: 551792 ns
[2025-06-11T07:16:30.496+0000][25527][info ][safepoint   ] Safepoint "Cleanup", Time since last: 23084448667 ns, Reaching safepoint: 60208 ns, Cleanup: 163458 ns, At safepoint: 9250 ns, Total: 232916 ns
[2025-06-11T07:17:01.615+0000][25527][info ][safepoint   ] Safepoint "Cleanup", Time since last: 31119217209 ns, Reaching safepoint: 62750 ns, Cleanup: 227250 ns, At safepoint: 15333 ns, Total: 305333 ns
[2025-06-11T07:17:11.652+0000][25527][info ][safepoint   ] Safepoint "Cleanup", Time since last: 10036535792 ns, Reaching safepoint: 82083 ns, Cleanup: 239625 ns, At safepoint: 15458 ns, Total: 337166 ns
[2025-06-11T07:17:28.710+0000][25527][info ][safepoint   ] Safepoint "Cleanup", Time since last: 17054939417 ns, Reaching safepoint: 2474750 ns, Cleanup: 452042 ns, At safepoint: 73791 ns, Total: 3000583 ns
[2025-06-11T07:17:41.744+0000][25527][info ][safepoint   ] Safepoint "Cleanup", Time since last: 13033508417 ns, Reaching safepoint: 86417 ns, Cleanup: 283583 ns, At safepoint: 14250 ns, Total: 384250 ns
[2025-06-11T07:17:59.573+0000][25527][info ][safepoint   ] Safepoint "Cleanup", Time since last: 17829224208 ns, Reaching safepoint: 62875 ns, Cleanup: 252167 ns, At safepoint: 22000 ns, Total: 337042 ns
[2025-06-11T07:18:00.579+0000][25527][info ][safepoint   ] Safepoint "Cleanup", Time since last: 1005470583 ns, Reaching safepoint: 48875 ns, Cleanup: 226000 ns, At safepoint: 11542 ns, Total: 286417 ns
[2025-06-11T07:18:35.796+0000][25527][info ][safepoint   ] Safepoint "Cleanup", Time since last: 35217691625 ns, Reaching safepoint: 19417 ns, Cleanup: 23958 ns, At safepoint: 4667 ns, Total: 48042 ns
[2025-06-11T07:18:39.817+0000][25527][info ][safepoint   ] Safepoint "Cleanup", Time since last: 4020862791 ns, Reaching safepoint: 84125 ns, Cleanup: 204459 ns, At safepoint: 20250 ns, Total: 308834 ns
[2025-06-11T07:18:59.843+0000][25527][info ][safepoint   ] Safepoint "Cleanup", Time since last: 20024451875 ns, Reaching safepoint: 894958 ns, Cleanup: 248667 ns, At safepoint: 34708 ns, Total: 1178333 ns
[2025-06-11T07:19:17.947+0000][25527][info ][safepoint   ] Safepoint "Cleanup", Time since last: 18103830417 ns, Reaching safepoint: 29333 ns, Cleanup: 82333 ns, At safepoint: 2584 ns, Total: 114250 ns
[2025-06-11T07:19:30.004+0000][25527][info ][safepoint   ] Safepoint "Cleanup", Time since last: 12057078041 ns, Reaching safepoint: 105125 ns, Cleanup: 83667 ns, At safepoint: 3042 ns, Total: 191834 ns
[2025-06-11T07:19:37.027+0000][25527][info ][safepoint   ] Safepoint "Cleanup", Time since last: 7022349500 ns, Reaching safepoint: 197500 ns, Cleanup: 224125 ns, At safepoint: 26375 ns, Total: 448000 ns
[2025-06-11T07:20:00.021+0000][25527][info ][safepoint   ] Safepoint "Cleanup", Time since last: 22993822333 ns, Reaching safepoint: 66917 ns, Cleanup: 269750 ns, At safepoint: 36708 ns, Total: 373375 ns
[2025-06-11T07:20:02.023+0000][25527][info ][safepoint   ] Safepoint "Cleanup", Time since last: 2002173208 ns, Reaching safepoint: 100000 ns, Cleanup: 184250 ns, At safepoint: 5459 ns, Total: 289709 ns
[2025-06-11T07:20:05.039+0000][25527][info ][safepoint   ] Safepoint "Cleanup", Time since last: 3015192750 ns, Reaching safepoint: 123291 ns, Cleanup: 304750 ns, At safepoint: 6584 ns, Total: 434625 ns
[2025-06-11T07:20:27.659+0000][25527][info ][safepoint   ] Safepoint "Cleanup", Time since last: 22619689625 ns, Reaching safepoint: 24916 ns, Cleanup: 864750 ns, At safepoint: 19625 ns, Total: 909291 ns
[2025-06-11T07:20:27.969+0000][25527][info ][safepoint   ] Safepoint "ICBufferFull", Time since last: 308633042 ns, Reaching safepoint: 7417 ns, Cleanup: 1443500 ns, At safepoint: 4291 ns, Total: 1455208 ns
[2025-06-11T07:20:29.185+0000][25527][info ][safepoint   ] Safepoint "Cleanup", Time since last: 1213969209 ns, Reaching safepoint: 17958 ns, Cleanup: 1725333 ns, At safepoint: 15042 ns, Total: 1758333 ns
[2025-06-11T07:20:30.190+0000][25527][info ][safepoint   ] Safepoint "Cleanup", Time since last: 1004754333 ns, Reaching safepoint: 12042 ns, Cleanup: 61375 ns, At safepoint: 3292 ns, Total: 76709 ns
[2025-06-11T07:20:32.200+0000][25527][info ][safepoint   ] Safepoint "Cleanup", Time since last: 2010079750 ns, Reaching safepoint: 24083 ns, Cleanup: 147042 ns, At safepoint: 3041 ns, Total: 174166 ns
[2025-06-11T07:20:41.238+0000][25527][info ][safepoint   ] Safepoint "Cleanup", Time since last: 9037731959 ns, Reaching safepoint: 62625 ns, Cleanup: 553375 ns, At safepoint: 44708 ns, Total: 660708 ns
[2025-06-11T07:20:45.255+0000][25527][info ][safepoint   ] Safepoint "Cleanup", Time since last: 4015993042 ns, Reaching safepoint: 49833 ns, Cleanup: 206417 ns, At safepoint: 6333 ns, Total: 262583 ns
[2025-06-11T07:21:05.334+0000][25527][info ][safepoint   ] Safepoint "Cleanup", Time since last: 20079152958 ns, Reaching safepoint: 118000 ns, Cleanup: 448584 ns, At safepoint: 21666 ns, Total: 588250 ns
[2025-06-11T07:21:06.340+0000][25527][info ][safepoint   ] Safepoint "Cleanup", Time since last: 1003864084 ns, Reaching safepoint: 98666 ns, Cleanup: 2020250 ns, At safepoint: 5334 ns, Total: 2124250 ns
[2025-06-11T07:21:08.346+0000][25527][info ][safepoint   ] Safepoint "Cleanup", Time since last: 2005541166 ns, Reaching safepoint: 35875 ns, Cleanup: 142334 ns, At safepoint: 6833 ns, Total: 185042 ns
[2025-06-11T07:21:10.355+0000][25527][info ][safepoint   ] Safepoint "Cleanup", Time since last: 2008661875 ns, Reaching safepoint: 55958 ns, Cleanup: 291625 ns, At safepoint: 7417 ns, Total: 355000 ns
[2025-06-11T07:21:11.361+0000][25527][info ][safepoint   ] Safepoint "Cleanup", Time since last: 1005154125 ns, Reaching safepoint: 14708 ns, Cleanup: 645542 ns, At safepoint: 3833 ns, Total: 664083 ns
[2025-06-11T07:21:14.375+0000][25527][info ][safepoint   ] Safepoint "Cleanup", Time since last: 3014286375 ns, Reaching safepoint: 118209 ns, Cleanup: 308791 ns, At safepoint: 14000 ns, Total: 441000 ns
[2025-06-11T07:21:22.406+0000][25527][info ][safepoint   ] Safepoint "Cleanup", Time since last: 8030112459 ns, Reaching safepoint: 24208 ns, Cleanup: 201500 ns, At safepoint: 9625 ns, Total: 235333 ns
[2025-06-11T07:21:28.435+0000][25527][info ][safepoint   ] Safepoint "Cleanup", Time since last: 6029499583 ns, Reaching safepoint: 84125 ns, Cleanup: 307750 ns, At safepoint: 17875 ns, Total: 409750 ns
[2025-06-11T07:21:32.453+0000][25527][info ][safepoint   ] Safepoint "Cleanup", Time since last: 4017182042 ns, Reaching safepoint: 75917 ns, Cleanup: 276250 ns, At safepoint: 16958 ns, Total: 369125 ns
[2025-06-11T07:21:33.459+0000][25527][info ][safepoint   ] Safepoint "Cleanup", Time since last: 1005943833 ns, Reaching safepoint: 78375 ns, Cleanup: 160209 ns, At safepoint: 11875 ns, Total: 250459 ns
[2025-06-11T07:21:39.482+0000][25527][info ][safepoint   ] Safepoint "Cleanup", Time since last: 6022359500 ns, Reaching safepoint: 150458 ns, Cleanup: 229083 ns, At safepoint: 17625 ns, Total: 397166 ns
[2025-06-11T07:21:41.489+0000][25527][info ][safepoint   ] Safepoint "Cleanup", Time since last: 2005537417 ns, Reaching safepoint: 218292 ns, Cleanup: 1867083 ns, At safepoint: 6083 ns, Total: 2091458 ns
[2025-06-11T07:21:44.499+0000][25527][info ][safepoint   ] Safepoint "Cleanup", Time since last: 3009116417 ns, Reaching safepoint: 78917 ns, Cleanup: 149500 ns, At safepoint: 15125 ns, Total: 243542 ns
[2025-06-11T07:21:46.203+0000][25527][info ][safepoint   ] Safepoint "Cleanup", Time since last: 1703406666 ns, Reaching safepoint: 31000 ns, Cleanup: 533000 ns, At safepoint: 7584 ns, Total: 571584 ns
[2025-06-11T07:21:48.213+0000][25527][info ][safepoint   ] Safepoint "Cleanup", Time since last: 2010157958 ns, Reaching safepoint: 43750 ns, Cleanup: 274708 ns, At safepoint: 4750 ns, Total: 323208 ns
[2025-06-11T07:21:57.246+0000][25527][info ][safepoint   ] Safepoint "Cleanup", Time since last: 9032337500 ns, Reaching safepoint: 76459 ns, Cleanup: 190625 ns, At safepoint: 19833 ns, Total: 286917 ns
[2025-06-11T07:21:59.256+0000][25527][info ][safepoint   ] Safepoint "Cleanup", Time since last: 2007258250 ns, Reaching safepoint: 66042 ns, Cleanup: 3024000 ns, At safepoint: 87416 ns, Total: 3177458 ns
[2025-06-11T07:22:00.262+0000][25527][info ][safepoint   ] Safepoint "Cleanup", Time since last: 1005346709 ns, Reaching safepoint: 37958 ns, Cleanup: 240708 ns, At safepoint: 8917 ns, Total: 287583 ns
[2025-06-11T07:22:08.157+0000][25527][info ][gc,start    ] GC(13) Pause Young (Normal) (G1 Evacuation Pause)
[2025-06-11T07:22:08.158+0000][25527][info ][gc,task     ] GC(13) Using 8 workers of 8 for evacuation
[2025-06-11T07:22:08.158+0000][25527][debug][gc,age      ] GC(13) Desired survivor size 48234496 bytes, new threshold 4 (max threshold 15)
[2025-06-11T07:22:08.245+0000][25527][info ][gc,phases   ] GC(13)   Pre Evacuate Collection Set: 0.8ms
[2025-06-11T07:22:08.245+0000][25527][info ][gc,phases   ] GC(13)   Merge Heap Roots: 0.2ms
[2025-06-11T07:22:08.245+0000][25527][info ][gc,phases   ] GC(13)   Evacuate Collection Set: 83.5ms
[2025-06-11T07:22:08.245+0000][25527][info ][gc,phases   ] GC(13)   Post Evacuate Collection Set: 2.0ms
[2025-06-11T07:22:08.245+0000][25527][info ][gc,phases   ] GC(13)   Other: 0.1ms
[2025-06-11T07:22:08.245+0000][25527][trace][gc,age      ] GC(13) Age table with threshold 4 (max threshold 15)
[2025-06-11T07:22:08.245+0000][25527][trace][gc,age      ] GC(13) - age   1:    7190112 bytes,    7190112 total
[2025-06-11T07:22:08.245+0000][25527][trace][gc,age      ] GC(13) - age   2:   14696296 bytes,   21886408 total
[2025-06-11T07:22:08.245+0000][25527][trace][gc,age      ] GC(13) - age   3:   15134616 bytes,   37021024 total
[2025-06-11T07:22:08.245+0000][25527][trace][gc,age      ] GC(13) - age   4:    3967248 bytes,   40988272 total
[2025-06-11T07:22:08.245+0000][25527][info ][gc,heap     ] GC(13) Eden regions: 168->0(1152)
[2025-06-11T07:22:08.245+0000][25527][info ][gc,heap     ] GC(13) Survivor regions: 16->12(23)
[2025-06-11T07:22:08.245+0000][25527][info ][gc,heap     ] GC(13) Old regions: 7->14
[2025-06-11T07:22:08.245+0000][25527][info ][gc,heap     ] GC(13) Humongous regions: 6->0
[2025-06-11T07:22:08.245+0000][25527][info ][gc,metaspace] GC(13) Metaspace: 122475K(125504K)->122475K(125504K) NonClass: 105828K(107456K)->105828K(107456K) Class: 16647K(18048K)->16647K(18048K)
[2025-06-11T07:22:08.245+0000][25527][info ][gc          ] GC(13) Pause Young (Normal) (G1 Evacuation Pause) 785M->99M(8192M) 87.660ms
[2025-06-11T07:22:08.245+0000][25527][info ][gc,cpu      ] GC(13) User=0.12s Sys=0.21s Real=0.09s
[2025-06-11T07:22:08.245+0000][25527][info ][safepoint   ] Safepoint "G1CollectForAllocation", Time since last: 7895200417 ns, Reaching safepoint: 18666 ns, Cleanup: 366292 ns, At safepoint: 87744500 ns, Total: 88129458 ns
[2025-06-11T07:22:09.253+0000][25527][info ][safepoint   ] Safepoint "Cleanup", Time since last: 1005084042 ns, Reaching safepoint: 61666 ns, Cleanup: 2222917 ns, At safepoint: 22292 ns, Total: 2306875 ns
[2025-06-11T07:22:12.261+0000][25527][info ][safepoint   ] Safepoint "Cleanup", Time since last: 3008238250 ns, Reaching safepoint: 87583 ns, Cleanup: 502333 ns, At safepoint: 3667 ns, Total: 593583 ns
[2025-06-11T07:22:15.276+0000][25527][info ][safepoint   ] Safepoint "Cleanup", Time since last: 3014526917 ns, Reaching safepoint: 53541 ns, Cleanup: 336542 ns, At safepoint: 14833 ns, Total: 404916 ns
[2025-06-11T07:22:31.345+0000][25527][info ][safepoint   ] Safepoint "Cleanup", Time since last: 16066227375 ns, Reaching safepoint: 43125 ns, Cleanup: 2144167 ns, At safepoint: 9083 ns, Total: 2196375 ns
[2025-06-11T07:22:33.354+0000][25527][info ][safepoint   ] Safepoint "Cleanup", Time since last: 2009568792 ns, Reaching safepoint: 21792 ns, Cleanup: 105916 ns, At safepoint: 3667 ns, Total: 131375 ns
[2025-06-11T07:22:34.355+0000][25527][info ][safepoint   ] Safepoint "Cleanup", Time since last: 1000417125 ns, Reaching safepoint: 134042 ns, Cleanup: 340416 ns, At safepoint: 4834 ns, Total: 479292 ns
[2025-06-11T07:23:05.410+0000][25527][info ][safepoint   ] Safepoint "Cleanup", Time since last: 31055277125 ns, Reaching safepoint: 82041 ns, Cleanup: 77334 ns, At safepoint: 6166 ns, Total: 165541 ns
[2025-06-11T07:24:05.519+0000][25527][info ][safepoint   ] Safepoint "Cleanup", Time since last: 60108378250 ns, Reaching safepoint: 79792 ns, Cleanup: 231833 ns, At safepoint: 18167 ns, Total: 329792 ns
[2025-06-11T07:24:09.535+0000][25527][info ][safepoint   ] Safepoint "Cleanup", Time since last: 4015602833 ns, Reaching safepoint: 83209 ns, Cleanup: 301958 ns, At safepoint: 18875 ns, Total: 404042 ns
[2025-06-11T07:24:38.638+0000][25527][info ][safepoint   ] Safepoint "Cleanup", Time since last: 29103534667 ns, Reaching safepoint: 60250 ns, Cleanup: 198958 ns, At safepoint: 15083 ns, Total: 274291 ns
[2025-06-11T07:25:29.712+0000][25527][info ][safepoint   ] Safepoint "Cleanup", Time since last: 51074271375 ns, Reaching safepoint: 75292 ns, Cleanup: 163000 ns, At safepoint: 6792 ns, Total: 245084 ns
[2025-06-11T07:25:59.735+0000][25527][info ][safepoint   ] Safepoint "Cleanup", Time since last: 30022701541 ns, Reaching safepoint: 73500 ns, Cleanup: 400584 ns, At safepoint: 17333 ns, Total: 491417 ns
[2025-06-11T07:26:00.738+0000][25527][info ][safepoint   ] Safepoint "Cleanup", Time since last: 1002054042 ns, Reaching safepoint: 80333 ns, Cleanup: 242042 ns, At safepoint: 10041 ns, Total: 332416 ns
[2025-06-11T07:27:27.057+0000][25527][info ][safepoint   ] Safepoint "Cleanup", Time since last: 86318552042 ns, Reaching safepoint: 341750 ns, Cleanup: 1393833 ns, At safepoint: 7625 ns, Total: 1743208 ns
[2025-06-11T07:29:00.048+0000][25527][info ][safepoint   ] Safepoint "Cleanup", Time since last: 92991120917 ns, Reaching safepoint: 34250 ns, Cleanup: 158292 ns, At safepoint: 8541 ns, Total: 201083 ns
[2025-06-11T07:29:30.162+0000][25527][info ][safepoint   ] Safepoint "Cleanup", Time since last: 30114343042 ns, Reaching safepoint: 131917 ns, Cleanup: 321416 ns, At safepoint: 25875 ns, Total: 479208 ns
[2025-06-11T07:30:32.302+0000][25527][info ][safepoint   ] Safepoint "Cleanup", Time since last: 62136597417 ns, Reaching safepoint: 246333 ns, Cleanup: 249042 ns, At safepoint: 2413750 ns, Total: 2909125 ns
[2025-06-11T07:30:33.304+0000][25527][info ][safepoint   ] Safepoint "Cleanup", Time since last: 1002689583 ns, Reaching safepoint: 13459 ns, Cleanup: 90333 ns, At safepoint: 3042 ns, Total: 106834 ns
[2025-06-11T07:30:34.309+0000][25527][info ][safepoint   ] Safepoint "Cleanup", Time since last: 1005101833 ns, Reaching safepoint: 14167 ns, Cleanup: 63666 ns, At safepoint: 2417 ns, Total: 80250 ns
[2025-06-11T07:30:36.320+0000][25527][info ][safepoint   ] Safepoint "Cleanup", Time since last: 2010085625 ns, Reaching safepoint: 12542 ns, Cleanup: 71750 ns, At safepoint: 3291 ns, Total: 87583 ns
[2025-06-11T07:31:02.372+0000][25527][info ][safepoint   ] Safepoint "Cleanup", Time since last: 26052330792 ns, Reaching safepoint: 88333 ns, Cleanup: 357667 ns, At safepoint: 17792 ns, Total: 463792 ns
[2025-06-11T07:31:08.396+0000][25527][info ][safepoint   ] Safepoint "Cleanup", Time since last: 6023612416 ns, Reaching safepoint: 33375 ns, Cleanup: 108292 ns, At safepoint: 5083 ns, Total: 146750 ns
[2025-06-11T07:31:09.402+0000][25527][info ][safepoint   ] Safepoint "Cleanup", Time since last: 1005218167 ns, Reaching safepoint: 46083 ns, Cleanup: 279334 ns, At safepoint: 44833 ns, Total: 370250 ns
[2025-06-11T07:31:10.405+0000][25527][info ][safepoint   ] Safepoint "Cleanup", Time since last: 1003457042 ns, Reaching safepoint: 73583 ns, Cleanup: 295583 ns, At safepoint: 17917 ns, Total: 387083 ns
[2025-06-11T07:31:12.411+0000][25527][info ][safepoint   ] Safepoint "Cleanup", Time since last: 2005617542 ns, Reaching safepoint: 66625 ns, Cleanup: 230375 ns, At safepoint: 14791 ns, Total: 311791 ns
[2025-06-11T07:31:30.472+0000][25527][info ][safepoint   ] Safepoint "Cleanup", Time since last: 18060802084 ns, Reaching safepoint: 88125 ns, Cleanup: 275083 ns, At safepoint: 14417 ns, Total: 377625 ns
[2025-06-11T07:31:38.502+0000][25527][info ][safepoint   ] Safepoint "Cleanup", Time since last: 8029687583 ns, Reaching safepoint: 91667 ns, Cleanup: 270791 ns, At safepoint: 18042 ns, Total: 380500 ns
[2025-06-11T07:31:39.508+0000][25527][info ][safepoint   ] Safepoint "Cleanup", Time since last: 1005273708 ns, Reaching safepoint: 69417 ns, Cleanup: 237500 ns, At safepoint: 14833 ns, Total: 321750 ns
[2025-06-11T07:32:28.487+0000][25527][info ][safepoint   ] Safepoint "Cleanup", Time since last: 48979200375 ns, Reaching safepoint: 95917 ns, Cleanup: 422167 ns, At safepoint: 15875 ns, Total: 533959 ns
[2025-06-11T07:34:30.006+0000][25527][info ][safepoint   ] Safepoint "Cleanup", Time since last: 121519345875 ns, Reaching safepoint: 154000 ns, Cleanup: 147458 ns, At safepoint: 8500 ns, Total: 309958 ns
[2025-06-11T07:35:00.047+0000][25527][info ][safepoint   ] Safepoint "Cleanup", Time since last: 30041238375 ns, Reaching safepoint: 31000 ns, Cleanup: 288625 ns, At safepoint: 8958 ns, Total: 328583 ns
[2025-06-11T07:35:23.135+0000][25527][info ][safepoint   ] Safepoint "Cleanup", Time since last: 23085007542 ns, Reaching safepoint: 558958 ns, Cleanup: 1867625 ns, At safepoint: 8500 ns, Total: 2435083 ns
[2025-06-11T07:35:24.139+0000][25527][info ][safepoint   ] Safepoint "Cleanup", Time since last: 1003349417 ns, Reaching safepoint: 20708 ns, Cleanup: 1197459 ns, At safepoint: 5750 ns, Total: 1223917 ns
[2025-06-11T07:35:25.145+0000][25527][info ][safepoint   ] Safepoint "Cleanup", Time since last: 1005083125 ns, Reaching safepoint: 13333 ns, Cleanup: 555292 ns, At safepoint: 4250 ns, Total: 572875 ns
[2025-06-11T07:35:28.160+0000][25527][info ][safepoint   ] Safepoint "Cleanup", Time since last: 3015189625 ns, Reaching safepoint: 19458 ns, Cleanup: 106833 ns, At safepoint: 3959 ns, Total: 130250 ns
[2025-06-11T07:36:58.399+0000][25527][info ][safepoint   ] Safepoint "Cleanup", Time since last: 90238392458 ns, Reaching safepoint: 364708 ns, Cleanup: 275709 ns, At safepoint: 24375 ns, Total: 664792 ns
[2025-06-11T07:37:15.469+0000][25527][info ][safepoint   ] Safepoint "Cleanup", Time since last: 17070382000 ns, Reaching safepoint: 74416 ns, Cleanup: 14125 ns, At safepoint: 7917 ns, Total: 96458 ns
[2025-06-11T07:37:30.530+0000][25527][info ][safepoint   ] Safepoint "Cleanup", Time since last: 15060989875 ns, Reaching safepoint: 25375 ns, Cleanup: 155542 ns, At safepoint: 7500 ns, Total: 188417 ns
[2025-06-11T07:37:53.589+0000][25527][info ][safepoint   ] Safepoint "Cleanup", Time since last: 23058355458 ns, Reaching safepoint: 28375 ns, Cleanup: 282000 ns, At safepoint: 117375 ns, Total: 427750 ns
[2025-06-11T07:37:54.984+0000][25527][info ][safepoint   ] Safepoint "Cleanup", Time since last: 1395113542 ns, Reaching safepoint: 6083 ns, Cleanup: 778417 ns, At safepoint: 2166 ns, Total: 786666 ns
[2025-06-11T07:37:56.039+0000][25527][info ][gc,heap,exit] Heap
[2025-06-11T07:37:56.039+0000][25527][info ][gc,heap,exit]  garbage-first heap   total 8388608K, used 435887K [0x0000000600000000, 0x0000000800000000)
[2025-06-11T07:37:56.039+0000][25527][info ][gc,heap,exit]   region size 4096K, 93 young (380928K), 12 survivors (49152K)
[2025-06-11T07:37:56.039+0000][25527][info ][gc,heap,exit]  Metaspace       used 123304K, committed 126336K, reserved 1179648K
[2025-06-11T07:37:56.039+0000][25527][info ][gc,heap,exit]   class space    used 16731K, committed 18112K, reserved 1048576K
