[2025-06-06T07:31:08.258+0000][76063][info][gc,init] CardTable entry size: 512
[2025-06-06T07:31:08.258+0000][76063][info][gc     ] Using G1
[2025-06-06T07:31:09.680+0000][76063][info][gc,init] Version: 21+35-2513 (release)
[2025-06-06T07:31:09.680+0000][76063][info][gc,init] CPUs: 8 total, 8 available
[2025-06-06T07:31:09.680+0000][76063][info][gc,init] Memory: 16384M
[2025-06-06T07:31:09.680+0000][76063][info][gc,init] Large Page Support: Disabled
[2025-06-06T07:31:09.680+0000][76063][info][gc,init] NUMA Support: Disabled
[2025-06-06T07:31:09.680+0000][76063][info][gc,init] Compressed Oops: Enabled (Zero based)
[2025-06-06T07:31:09.680+0000][76063][info][gc,init] Heap Region Size: 4M
[2025-06-06T07:31:09.680+0000][76063][info][gc,init] Heap Min Capacity: 8G
[2025-06-06T07:31:09.680+0000][76063][info][gc,init] Heap Initial Capacity: 8G
[2025-06-06T07:31:09.680+0000][76063][info][gc,init] Heap Max Capacity: 8G
[2025-06-06T07:31:09.680+0000][76063][info][gc,init] Pre-touch: Enabled
[2025-06-06T07:31:09.680+0000][76063][info][gc,init] Parallel Workers: 8
[2025-06-06T07:31:09.680+0000][76063][info][gc,init] Concurrent Workers: 2
[2025-06-06T07:31:09.680+0000][76063][info][gc,init] Concurrent Refinement Workers: 8
[2025-06-06T07:31:09.680+0000][76063][info][gc,init] Periodic GC: Disabled
[2025-06-06T07:31:09.686+0000][76063][info][gc,metaspace] CDS archive(s) mapped at: [0x0000000139000000-0x0000000139ca4000-0x0000000139ca4000), size 13254656, SharedBaseAddress: 0x0000000139000000, ArchiveRelocationMode: 1.
[2025-06-06T07:31:09.686+0000][76063][info][gc,metaspace] Compressed class space mapped at: 0x000000013a000000-0x000000017a000000, reserved size: 1073741824
[2025-06-06T07:31:09.686+0000][76063][info][gc,metaspace] Narrow klass base: 0x0000000139000000, Narrow klass shift: 0, Narrow klass range: 0x100000000
[2025-06-06T07:31:10.281+0000][76063][info][safepoint   ] Safepoint "ICBufferFull", Time since last: 590368250 ns, Reaching safepoint: 2209 ns, Cleanup: 1364000 ns, At safepoint: 150375 ns, Total: 1516584 ns
[2025-06-06T07:31:11.053+0000][76063][info][safepoint   ] Safepoint "ICBufferFull", Time since last: 770399666 ns, Reaching safepoint: 2500 ns, Cleanup: 1644250 ns, At safepoint: 219209 ns, Total: 1865959 ns
[2025-06-06T07:31:11.439+0000][76063][info][safepoint   ] Safepoint "ICBufferFull", Time since last: 383733458 ns, Reaching safepoint: 2833 ns, Cleanup: 1382167 ns, At safepoint: 418375 ns, Total: 1803375 ns
[2025-06-06T07:31:12.174+0000][76063][info][safepoint   ] Safepoint "ICBufferFull", Time since last: 733442625 ns, Reaching safepoint: 2042 ns, Cleanup: 1337291 ns, At safepoint: 11500 ns, Total: 1350833 ns
[2025-06-06T07:31:12.806+0000][76063][info][safepoint   ] Safepoint "ICBufferFull", Time since last: 630396209 ns, Reaching safepoint: 23041 ns, Cleanup: 1993959 ns, At safepoint: 86583 ns, Total: 2103583 ns
[2025-06-06T07:31:13.501+0000][76063][info][safepoint   ] Safepoint "ICBufferFull", Time since last: 693361042 ns, Reaching safepoint: 7291 ns, Cleanup: 1732084 ns, At safepoint: 3125 ns, Total: 1742500 ns
[2025-06-06T07:31:13.837+0000][76063][info][gc,start    ] GC(0) Pause Young (Concurrent Start) (Metadata GC Threshold)
[2025-06-06T07:31:13.838+0000][76063][info][gc,task     ] GC(0) Using 8 workers of 8 for evacuation
[2025-06-06T07:31:13.838+0000][76063][debug][gc,age      ] GC(0) Desired survivor size 27262976 bytes, new threshold 15 (max threshold 15)
[2025-06-06T07:31:13.866+0000][76063][info ][gc,phases   ] GC(0)   Pre Evacuate Collection Set: 0.9ms
[2025-06-06T07:31:13.866+0000][76063][info ][gc,phases   ] GC(0)   Merge Heap Roots: 0.3ms
[2025-06-06T07:31:13.866+0000][76063][info ][gc,phases   ] GC(0)   Evacuate Collection Set: 26.2ms
[2025-06-06T07:31:13.866+0000][76063][info ][gc,phases   ] GC(0)   Post Evacuate Collection Set: 0.9ms
[2025-06-06T07:31:13.866+0000][76063][info ][gc,phases   ] GC(0)   Other: 0.6ms
[2025-06-06T07:31:13.866+0000][76063][trace][gc,age      ] GC(0) Age table with threshold 15 (max threshold 15)
[2025-06-06T07:31:13.866+0000][76063][trace][gc,age      ] GC(0) - age   1:   12624000 bytes,   12624000 total
[2025-06-06T07:31:13.866+0000][76063][info ][gc,heap     ] GC(0) Eden regions: 75->0(98)
[2025-06-06T07:31:13.866+0000][76063][info ][gc,heap     ] GC(0) Survivor regions: 0->4(13)
[2025-06-06T07:31:13.866+0000][76063][info ][gc,heap     ] GC(0) Old regions: 1->1
[2025-06-06T07:31:13.866+0000][76063][info ][gc,heap     ] GC(0) Humongous regions: 0->0
[2025-06-06T07:31:13.866+0000][76063][info ][gc,metaspace] GC(0) Metaspace: 20977K(21504K)->20977K(21504K) NonClass: 18688K(19008K)->18688K(19008K) Class: 2289K(2496K)->2289K(2496K)
[2025-06-06T07:31:13.867+0000][76063][info ][gc          ] GC(0) Pause Young (Concurrent Start) (Metadata GC Threshold) 299M->13M(8192M) 29.175ms
[2025-06-06T07:31:13.867+0000][76063][info ][gc,cpu      ] GC(0) User=0.05s Sys=0.02s Real=0.03s
[2025-06-06T07:31:13.867+0000][76063][info ][gc          ] GC(1) Concurrent Mark Cycle
[2025-06-06T07:31:13.867+0000][76063][info ][gc,marking  ] GC(1) Concurrent Scan Root Regions
[2025-06-06T07:31:13.867+0000][76063][info ][safepoint   ] Safepoint "CollectForMetadataAllocation", Time since last: 334587541 ns, Reaching safepoint: 2084 ns, Cleanup: 902375 ns, At safepoint: 30043875 ns, Total: 30948334 ns
[2025-06-06T07:31:13.871+0000][76063][info ][gc,marking  ] GC(1) Concurrent Scan Root Regions 4.240ms
[2025-06-06T07:31:13.871+0000][76063][info ][gc,marking  ] GC(1) Concurrent Mark
[2025-06-06T07:31:13.871+0000][76063][info ][gc,marking  ] GC(1) Concurrent Mark From Roots
[2025-06-06T07:31:13.872+0000][76063][info ][gc,task     ] GC(1) Using 2 workers of 2 for marking
[2025-06-06T07:31:13.875+0000][76063][info ][gc,marking  ] GC(1) Concurrent Mark From Roots 3.759ms
[2025-06-06T07:31:13.875+0000][76063][info ][gc,marking  ] GC(1) Concurrent Preclean
[2025-06-06T07:31:13.875+0000][76063][info ][gc,marking  ] GC(1) Concurrent Preclean 0.017ms
[2025-06-06T07:31:13.876+0000][76063][info ][gc,start    ] GC(1) Pause Remark
[2025-06-06T07:31:13.888+0000][76063][info ][gc          ] GC(1) Pause Remark 15M->15M(8192M) 12.230ms
[2025-06-06T07:31:13.888+0000][76063][info ][gc,cpu      ] GC(1) User=0.02s Sys=0.02s Real=0.01s
[2025-06-06T07:31:13.888+0000][76063][info ][safepoint   ] Safepoint "G1PauseRemark", Time since last: 8203750 ns, Reaching safepoint: 868458 ns, Cleanup: 3250 ns, At safepoint: 12315542 ns, Total: 13187250 ns
[2025-06-06T07:31:13.889+0000][76063][info ][gc,marking  ] GC(1) Concurrent Mark 17.607ms
[2025-06-06T07:31:13.889+0000][76063][info ][gc,marking  ] GC(1) Concurrent Rebuild Remembered Sets and Scrub Regions
[2025-06-06T07:31:13.893+0000][76063][info ][gc,marking  ] GC(1) Concurrent Rebuild Remembered Sets and Scrub Regions 3.741ms
[2025-06-06T07:31:13.894+0000][76063][info ][gc,start    ] GC(1) Pause Cleanup
[2025-06-06T07:31:13.894+0000][76063][info ][gc          ] GC(1) Pause Cleanup 17M->17M(8192M) 0.145ms
[2025-06-06T07:31:13.894+0000][76063][info ][gc,cpu      ] GC(1) User=0.00s Sys=0.00s Real=0.00s
[2025-06-06T07:31:13.894+0000][76063][info ][safepoint   ] Safepoint "G1PauseCleanup", Time since last: 4797208 ns, Reaching safepoint: 530750 ns, Cleanup: 4583 ns, At safepoint: 219375 ns, Total: 754708 ns
[2025-06-06T07:31:13.894+0000][76063][info ][gc,marking  ] GC(1) Concurrent Clear Claimed Marks
[2025-06-06T07:31:13.894+0000][76063][info ][gc,marking  ] GC(1) Concurrent Clear Claimed Marks 0.029ms
[2025-06-06T07:31:13.894+0000][76063][info ][gc,marking  ] GC(1) Concurrent Cleanup for Next Mark
[2025-06-06T07:31:13.905+0000][76063][info ][gc,marking  ] GC(1) Concurrent Cleanup for Next Mark 11.322ms
[2025-06-06T07:31:13.906+0000][76063][info ][gc          ] GC(1) Concurrent Mark Cycle 39.067ms
[2025-06-06T07:31:14.586+0000][76063][info ][safepoint   ] Safepoint "ICBufferFull", Time since last: 689987167 ns, Reaching safepoint: 2458 ns, Cleanup: 1681625 ns, At safepoint: 10542 ns, Total: 1694625 ns
[2025-06-06T07:31:15.072+0000][76063][info ][safepoint   ] Safepoint "ICBufferFull", Time since last: 484674708 ns, Reaching safepoint: 2792 ns, Cleanup: 1579375 ns, At safepoint: 29958 ns, Total: 1612125 ns
[2025-06-06T07:31:15.362+0000][76063][info ][gc,start    ] GC(2) Pause Young (Prepare Mixed) (G1 Evacuation Pause)
[2025-06-06T07:31:15.362+0000][76063][info ][gc,task     ] GC(2) Using 8 workers of 8 for evacuation
[2025-06-06T07:31:15.362+0000][76063][debug][gc,age      ] GC(2) Desired survivor size 27262976 bytes, new threshold 15 (max threshold 15)
[2025-06-06T07:31:15.395+0000][76063][info ][gc,phases   ] GC(2)   Pre Evacuate Collection Set: 0.3ms
[2025-06-06T07:31:15.395+0000][76063][info ][gc,phases   ] GC(2)   Merge Heap Roots: 0.1ms
[2025-06-06T07:31:15.395+0000][76063][info ][gc,phases   ] GC(2)   Evacuate Collection Set: 31.4ms
[2025-06-06T07:31:15.395+0000][76063][info ][gc,phases   ] GC(2)   Post Evacuate Collection Set: 0.7ms
[2025-06-06T07:31:15.395+0000][76063][info ][gc,phases   ] GC(2)   Other: 0.1ms
[2025-06-06T07:31:15.395+0000][76063][trace][gc,age      ] GC(2) Age table with threshold 15 (max threshold 15)
[2025-06-06T07:31:15.395+0000][76063][trace][gc,age      ] GC(2) - age   1:    8707728 bytes,    8707728 total
[2025-06-06T07:31:15.395+0000][76063][trace][gc,age      ] GC(2) - age   2:   11673920 bytes,   20381648 total
[2025-06-06T07:31:15.395+0000][76063][info ][gc,heap     ] GC(2) Eden regions: 98->0(96)
[2025-06-06T07:31:15.395+0000][76063][info ][gc,heap     ] GC(2) Survivor regions: 4->6(13)
[2025-06-06T07:31:15.395+0000][76063][info ][gc,heap     ] GC(2) Old regions: 1->1
[2025-06-06T07:31:15.395+0000][76063][info ][gc,heap     ] GC(2) Humongous regions: 0->0
[2025-06-06T07:31:15.395+0000][76063][info ][gc,metaspace] GC(2) Metaspace: 28369K(29056K)->28369K(29056K) NonClass: 25124K(25536K)->25124K(25536K) Class: 3245K(3520K)->3245K(3520K)
[2025-06-06T07:31:15.395+0000][76063][info ][gc          ] GC(2) Pause Young (Prepare Mixed) (G1 Evacuation Pause) 405M->22M(8192M) 32.676ms
[2025-06-06T07:31:15.395+0000][76063][info ][gc,cpu      ] GC(2) User=0.05s Sys=0.03s Real=0.03s
[2025-06-06T07:31:15.395+0000][76063][info ][safepoint   ] Safepoint "G1CollectForAllocation", Time since last: 289348000 ns, Reaching safepoint: 2125 ns, Cleanup: 858417 ns, At safepoint: 32822833 ns, Total: 33683375 ns
[2025-06-06T07:31:16.230+0000][76063][info ][gc,start    ] GC(3) Pause Young (Mixed) (G1 Evacuation Pause)
[2025-06-06T07:31:16.230+0000][76063][info ][gc,task     ] GC(3) Using 8 workers of 8 for evacuation
[2025-06-06T07:31:16.230+0000][76063][debug][gc,age      ] GC(3) Desired survivor size 27262976 bytes, new threshold 15 (max threshold 15)
[2025-06-06T07:31:16.254+0000][76063][info ][gc,phases   ] GC(3)   Pre Evacuate Collection Set: 0.2ms
[2025-06-06T07:31:16.254+0000][76063][info ][gc,phases   ] GC(3)   Merge Heap Roots: 0.1ms
[2025-06-06T07:31:16.254+0000][76063][info ][gc,phases   ] GC(3)   Evacuate Collection Set: 23.2ms
[2025-06-06T07:31:16.254+0000][76063][info ][gc,phases   ] GC(3)   Post Evacuate Collection Set: 0.8ms
[2025-06-06T07:31:16.255+0000][76063][info ][gc,phases   ] GC(3)   Other: 0.1ms
[2025-06-06T07:31:16.255+0000][76063][trace][gc,age      ] GC(3) Age table with threshold 15 (max threshold 15)
[2025-06-06T07:31:16.255+0000][76063][trace][gc,age      ] GC(3) - age   1:    5586344 bytes,    5586344 total
[2025-06-06T07:31:16.255+0000][76063][trace][gc,age      ] GC(3) - age   2:    8187864 bytes,   13774208 total
[2025-06-06T07:31:16.255+0000][76063][trace][gc,age      ] GC(3) - age   3:   11672560 bytes,   25446768 total
[2025-06-06T07:31:16.255+0000][76063][info ][gc,heap     ] GC(3) Eden regions: 96->0(95)
[2025-06-06T07:31:16.255+0000][76063][info ][gc,heap     ] GC(3) Survivor regions: 6->7(13)
[2025-06-06T07:31:16.255+0000][76063][info ][gc,heap     ] GC(3) Old regions: 1->1
[2025-06-06T07:31:16.255+0000][76063][info ][gc,heap     ] GC(3) Humongous regions: 0->0
[2025-06-06T07:31:16.255+0000][76063][info ][gc,metaspace] GC(3) Metaspace: 33962K(34816K)->33962K(34816K) NonClass: 30084K(30592K)->30084K(30592K) Class: 3877K(4224K)->3877K(4224K)
[2025-06-06T07:31:16.255+0000][76063][info ][gc          ] GC(3) Pause Young (Mixed) (G1 Evacuation Pause) 406M->27M(8192M) 24.564ms
[2025-06-06T07:31:16.255+0000][76063][info ][gc,cpu      ] GC(3) User=0.05s Sys=0.03s Real=0.02s
[2025-06-06T07:31:16.255+0000][76063][info ][safepoint   ] Safepoint "G1CollectForAllocation", Time since last: 833223084 ns, Reaching safepoint: 2750 ns, Cleanup: 1382083 ns, At safepoint: 25100250 ns, Total: 26485083 ns
[2025-06-06T07:31:16.525+0000][76063][info ][gc,start    ] GC(4) Pause Young (Concurrent Start) (Metadata GC Threshold)
[2025-06-06T07:31:16.525+0000][76063][info ][gc,task     ] GC(4) Using 8 workers of 8 for evacuation
[2025-06-06T07:31:16.525+0000][76063][debug][gc,age      ] GC(4) Desired survivor size 27262976 bytes, new threshold 15 (max threshold 15)
[2025-06-06T07:31:16.544+0000][76063][info ][gc,phases   ] GC(4)   Pre Evacuate Collection Set: 0.2ms
[2025-06-06T07:31:16.544+0000][76063][info ][gc,phases   ] GC(4)   Merge Heap Roots: 0.0ms
[2025-06-06T07:31:16.544+0000][76063][info ][gc,phases   ] GC(4)   Evacuate Collection Set: 17.7ms
[2025-06-06T07:31:16.544+0000][76063][info ][gc,phases   ] GC(4)   Post Evacuate Collection Set: 0.9ms
[2025-06-06T07:31:16.544+0000][76063][info ][gc,phases   ] GC(4)   Other: 0.1ms
[2025-06-06T07:31:16.544+0000][76063][trace][gc,age      ] GC(4) Age table with threshold 15 (max threshold 15)
[2025-06-06T07:31:16.544+0000][76063][trace][gc,age      ] GC(4) - age   1:    2725792 bytes,    2725792 total
[2025-06-06T07:31:16.544+0000][76063][trace][gc,age      ] GC(4) - age   2:    5505800 bytes,    8231592 total
[2025-06-06T07:31:16.544+0000][76063][trace][gc,age      ] GC(4) - age   3:    8185048 bytes,   16416640 total
[2025-06-06T07:31:16.544+0000][76063][trace][gc,age      ] GC(4) - age   4:   11665424 bytes,   28082064 total
[2025-06-06T07:31:16.544+0000][76063][info ][gc,heap     ] GC(4) Eden regions: 9->0(94)
[2025-06-06T07:31:16.544+0000][76063][info ][gc,heap     ] GC(4) Survivor regions: 7->8(13)
[2025-06-06T07:31:16.544+0000][76063][info ][gc,heap     ] GC(4) Old regions: 1->1
[2025-06-06T07:31:16.544+0000][76063][info ][gc,heap     ] GC(4) Humongous regions: 0->0
[2025-06-06T07:31:16.544+0000][76063][info ][gc,metaspace] GC(4) Metaspace: 35176K(35968K)->35176K(35968K) NonClass: 31151K(31616K)->31151K(31616K) Class: 4024K(4352K)->4024K(4352K)
[2025-06-06T07:31:16.544+0000][76063][info ][gc          ] GC(4) Pause Young (Concurrent Start) (Metadata GC Threshold) 61M->31M(8192M) 19.136ms
[2025-06-06T07:31:16.544+0000][76063][info ][gc,cpu      ] GC(4) User=0.04s Sys=0.02s Real=0.02s
[2025-06-06T07:31:16.544+0000][76063][info ][gc          ] GC(5) Concurrent Mark Cycle
[2025-06-06T07:31:16.544+0000][76063][info ][gc,marking  ] GC(5) Concurrent Scan Root Regions
[2025-06-06T07:31:16.544+0000][76063][info ][safepoint   ] Safepoint "CollectForMetadataAllocation", Time since last: 270006292 ns, Reaching safepoint: 2416 ns, Cleanup: 618042 ns, At safepoint: 19215583 ns, Total: 19836041 ns
[2025-06-06T07:31:16.550+0000][76063][info ][gc,marking  ] GC(5) Concurrent Scan Root Regions 5.184ms
[2025-06-06T07:31:16.550+0000][76063][info ][gc,marking  ] GC(5) Concurrent Mark
[2025-06-06T07:31:16.550+0000][76063][info ][gc,marking  ] GC(5) Concurrent Mark From Roots
[2025-06-06T07:31:16.550+0000][76063][info ][gc,task     ] GC(5) Using 2 workers of 2 for marking
[2025-06-06T07:31:16.551+0000][76063][info ][gc,marking  ] GC(5) Concurrent Mark From Roots 0.985ms
[2025-06-06T07:31:16.551+0000][76063][info ][gc,marking  ] GC(5) Concurrent Preclean
[2025-06-06T07:31:16.551+0000][76063][info ][gc,marking  ] GC(5) Concurrent Preclean 0.007ms
[2025-06-06T07:31:16.551+0000][76063][info ][gc,start    ] GC(5) Pause Remark
[2025-06-06T07:31:16.560+0000][76063][info ][gc          ] GC(5) Pause Remark 33M->33M(8192M) 9.322ms
[2025-06-06T07:31:16.560+0000][76063][info ][gc,cpu      ] GC(5) User=0.02s Sys=0.01s Real=0.01s
[2025-06-06T07:31:16.560+0000][76063][info ][safepoint   ] Safepoint "G1PauseRemark", Time since last: 6212500 ns, Reaching safepoint: 335709 ns, Cleanup: 3000 ns, At safepoint: 9444750 ns, Total: 9783459 ns
[2025-06-06T07:31:16.561+0000][76063][info ][gc,marking  ] GC(5) Concurrent Mark 10.892ms
[2025-06-06T07:31:16.561+0000][76063][info ][gc,marking  ] GC(5) Concurrent Rebuild Remembered Sets and Scrub Regions
[2025-06-06T07:31:16.561+0000][76063][info ][gc,marking  ] GC(5) Concurrent Rebuild Remembered Sets and Scrub Regions 0.464ms
[2025-06-06T07:31:16.562+0000][76063][info ][gc,start    ] GC(5) Pause Cleanup
[2025-06-06T07:31:16.562+0000][76063][info ][gc          ] GC(5) Pause Cleanup 33M->33M(8192M) 0.138ms
[2025-06-06T07:31:16.562+0000][76063][info ][gc,cpu      ] GC(5) User=0.00s Sys=0.00s Real=0.00s
[2025-06-06T07:31:16.562+0000][76063][info ][safepoint   ] Safepoint "G1PauseCleanup", Time since last: 597791 ns, Reaching safepoint: 442917 ns, Cleanup: 9750 ns, At safepoint: 199542 ns, Total: 652209 ns
[2025-06-06T07:31:16.562+0000][76063][info ][gc,marking  ] GC(5) Concurrent Clear Claimed Marks
[2025-06-06T07:31:16.562+0000][76063][info ][gc,marking  ] GC(5) Concurrent Clear Claimed Marks 0.015ms
[2025-06-06T07:31:16.562+0000][76063][info ][gc,marking  ] GC(5) Concurrent Cleanup for Next Mark
[2025-06-06T07:31:16.565+0000][76063][info ][gc,marking  ] GC(5) Concurrent Cleanup for Next Mark 3.734ms
[2025-06-06T07:31:16.566+0000][76063][info ][gc          ] GC(5) Concurrent Mark Cycle 21.107ms
[2025-06-06T07:31:17.302+0000][76063][info ][gc,start    ] GC(6) Pause Young (Normal) (G1 Evacuation Pause)
[2025-06-06T07:31:17.302+0000][76063][info ][gc,task     ] GC(6) Using 8 workers of 8 for evacuation
[2025-06-06T07:31:17.302+0000][76063][debug][gc,age      ] GC(6) Desired survivor size 27262976 bytes, new threshold 4 (max threshold 15)
[2025-06-06T07:31:17.324+0000][76063][info ][gc,phases   ] GC(6)   Pre Evacuate Collection Set: 0.2ms
[2025-06-06T07:31:17.324+0000][76063][info ][gc,phases   ] GC(6)   Merge Heap Roots: 0.1ms
[2025-06-06T07:31:17.324+0000][76063][info ][gc,phases   ] GC(6)   Evacuate Collection Set: 21.5ms
[2025-06-06T07:31:17.324+0000][76063][info ][gc,phases   ] GC(6)   Post Evacuate Collection Set: 0.6ms
[2025-06-06T07:31:17.324+0000][76063][info ][gc,phases   ] GC(6)   Other: 0.1ms
[2025-06-06T07:31:17.324+0000][76063][trace][gc,age      ] GC(6) Age table with threshold 4 (max threshold 15)
[2025-06-06T07:31:17.324+0000][76063][trace][gc,age      ] GC(6) - age   1:    5977776 bytes,    5977776 total
[2025-06-06T07:31:17.324+0000][76063][trace][gc,age      ] GC(6) - age   2:    2683744 bytes,    8661520 total
[2025-06-06T07:31:17.324+0000][76063][trace][gc,age      ] GC(6) - age   3:    5505472 bytes,   14166992 total
[2025-06-06T07:31:17.324+0000][76063][trace][gc,age      ] GC(6) - age   4:    8179736 bytes,   22346728 total
[2025-06-06T07:31:17.324+0000][76063][info ][gc,heap     ] GC(6) Eden regions: 94->0(142)
[2025-06-06T07:31:17.324+0000][76063][info ][gc,heap     ] GC(6) Survivor regions: 8->7(13)
[2025-06-06T07:31:17.324+0000][76063][info ][gc,heap     ] GC(6) Old regions: 1->4
[2025-06-06T07:31:17.324+0000][76063][info ][gc,heap     ] GC(6) Humongous regions: 0->0
[2025-06-06T07:31:17.324+0000][76063][info ][gc,metaspace] GC(6) Metaspace: 36029K(36928K)->36029K(36928K) NonClass: 31877K(32384K)->31877K(32384K) Class: 4151K(4544K)->4151K(4544K)
[2025-06-06T07:31:17.324+0000][76063][info ][gc          ] GC(6) Pause Young (Normal) (G1 Evacuation Pause) 407M->38M(8192M) 22.632ms
[2025-06-06T07:31:17.324+0000][76063][info ][gc,cpu      ] GC(6) User=0.06s Sys=0.02s Real=0.02s
[2025-06-06T07:31:17.324+0000][76063][info ][safepoint   ] Safepoint "G1CollectForAllocation", Time since last: 739205875 ns, Reaching safepoint: 2541 ns, Cleanup: 726167 ns, At safepoint: 22683292 ns, Total: 23412000 ns
[2025-06-06T07:31:18.476+0000][76063][info ][safepoint   ] Safepoint "ICBufferFull", Time since last: 1149569458 ns, Reaching safepoint: 2750 ns, Cleanup: 1617250 ns, At safepoint: 9917 ns, Total: 1629917 ns
[2025-06-06T07:31:19.478+0000][76063][info ][safepoint   ] Safepoint "Cleanup", Time since last: 1001163750 ns, Reaching safepoint: 27000 ns, Cleanup: 1075833 ns, At safepoint: 15833 ns, Total: 1118666 ns
[2025-06-06T07:31:20.019+0000][76063][info ][safepoint   ] Safepoint "ICBufferFull", Time since last: 539280375 ns, Reaching safepoint: 2667 ns, Cleanup: 1464458 ns, At safepoint: 2084 ns, Total: 1469209 ns
[2025-06-06T07:31:20.535+0000][76063][info ][gc,start    ] GC(7) Pause Young (Concurrent Start) (Metadata GC Threshold)
[2025-06-06T07:31:20.535+0000][76063][info ][gc,task     ] GC(7) Using 8 workers of 8 for evacuation
[2025-06-06T07:31:20.535+0000][76063][debug][gc,age      ] GC(7) Desired survivor size 39845888 bytes, new threshold 15 (max threshold 15)
[2025-06-06T07:31:20.590+0000][76063][info ][gc,phases   ] GC(7)   Pre Evacuate Collection Set: 0.3ms
[2025-06-06T07:31:20.590+0000][76063][info ][gc,phases   ] GC(7)   Merge Heap Roots: 0.1ms
[2025-06-06T07:31:20.590+0000][76063][info ][gc,phases   ] GC(7)   Evacuate Collection Set: 53.1ms
[2025-06-06T07:31:20.590+0000][76063][info ][gc,phases   ] GC(7)   Post Evacuate Collection Set: 1.2ms
[2025-06-06T07:31:20.590+0000][76063][info ][gc,phases   ] GC(7)   Other: 0.1ms
[2025-06-06T07:31:20.590+0000][76063][trace][gc,age      ] GC(7) Age table with threshold 15 (max threshold 15)
[2025-06-06T07:31:20.590+0000][76063][trace][gc,age      ] GC(7) - age   1:   25529904 bytes,   25529904 total
[2025-06-06T07:31:20.590+0000][76063][trace][gc,age      ] GC(7) - age   2:    3651984 bytes,   29181888 total
[2025-06-06T07:31:20.590+0000][76063][trace][gc,age      ] GC(7) - age   3:    2665008 bytes,   31846896 total
[2025-06-06T07:31:20.590+0000][76063][trace][gc,age      ] GC(7) - age   4:    5489184 bytes,   37336080 total
[2025-06-06T07:31:20.590+0000][76063][trace][gc,age      ] GC(7) - age   5:    8148840 bytes,   45484920 total
[2025-06-06T07:31:20.590+0000][76063][info ][gc,heap     ] GC(7) Eden regions: 136->0(99)
[2025-06-06T07:31:20.590+0000][76063][info ][gc,heap     ] GC(7) Survivor regions: 7->12(19)
[2025-06-06T07:31:20.590+0000][76063][info ][gc,heap     ] GC(7) Old regions: 4->4
[2025-06-06T07:31:20.590+0000][76063][info ][gc,heap     ] GC(7) Humongous regions: 0->0
[2025-06-06T07:31:20.590+0000][76063][info ][gc,metaspace] GC(7) Metaspace: 58602K(60096K)->58602K(60096K) NonClass: 51321K(52224K)->51321K(52224K) Class: 7280K(7872K)->7280K(7872K)
[2025-06-06T07:31:20.590+0000][76063][info ][gc          ] GC(7) Pause Young (Concurrent Start) (Metadata GC Threshold) 580M->58M(8192M) 54.914ms
[2025-06-06T07:31:20.590+0000][76063][info ][gc,cpu      ] GC(7) User=0.08s Sys=0.09s Real=0.06s
[2025-06-06T07:31:20.590+0000][76063][info ][gc          ] GC(8) Concurrent Mark Cycle
[2025-06-06T07:31:20.590+0000][76063][info ][gc,marking  ] GC(8) Concurrent Scan Root Regions
[2025-06-06T07:31:20.590+0000][76063][info ][safepoint   ] Safepoint "CollectForMetadataAllocation", Time since last: 515582875 ns, Reaching safepoint: 20041 ns, Cleanup: 1084542 ns, At safepoint: 55055667 ns, Total: 56160250 ns
[2025-06-06T07:31:20.602+0000][76063][info ][gc,marking  ] GC(8) Concurrent Scan Root Regions 11.429ms
[2025-06-06T07:31:20.602+0000][76063][info ][gc,marking  ] GC(8) Concurrent Mark
[2025-06-06T07:31:20.602+0000][76063][info ][gc,marking  ] GC(8) Concurrent Mark From Roots
[2025-06-06T07:31:20.602+0000][76063][info ][gc,task     ] GC(8) Using 2 workers of 2 for marking
[2025-06-06T07:31:20.609+0000][76063][info ][gc,marking  ] GC(8) Concurrent Mark From Roots 6.926ms
[2025-06-06T07:31:20.609+0000][76063][info ][gc,marking  ] GC(8) Concurrent Preclean
[2025-06-06T07:31:20.609+0000][76063][info ][gc,marking  ] GC(8) Concurrent Preclean 0.043ms
[2025-06-06T07:31:20.609+0000][76063][info ][gc,start    ] GC(8) Pause Remark
[2025-06-06T07:31:20.630+0000][76063][info ][gc          ] GC(8) Pause Remark 61M->61M(8192M) 20.568ms
[2025-06-06T07:31:20.630+0000][76063][info ][gc,cpu      ] GC(8) User=0.02s Sys=0.03s Real=0.03s
[2025-06-06T07:31:20.630+0000][76063][info ][safepoint   ] Safepoint "G1PauseRemark", Time since last: 18397625 ns, Reaching safepoint: 165125 ns, Cleanup: 45708 ns, At safepoint: 20691125 ns, Total: 20901958 ns
[2025-06-06T07:31:20.630+0000][76063][info ][gc,marking  ] GC(8) Concurrent Mark 27.934ms
[2025-06-06T07:31:20.630+0000][76063][info ][gc,marking  ] GC(8) Concurrent Rebuild Remembered Sets and Scrub Regions
[2025-06-06T07:31:20.632+0000][76063][info ][gc,marking  ] GC(8) Concurrent Rebuild Remembered Sets and Scrub Regions 2.789ms
[2025-06-06T07:31:20.633+0000][76063][info ][gc,start    ] GC(8) Pause Cleanup
[2025-06-06T07:31:20.633+0000][76063][info ][gc          ] GC(8) Pause Cleanup 61M->61M(8192M) 0.143ms
[2025-06-06T07:31:20.633+0000][76063][info ][gc,cpu      ] GC(8) User=0.00s Sys=0.00s Real=0.00s
[2025-06-06T07:31:20.633+0000][76063][info ][safepoint   ] Safepoint "G1PauseCleanup", Time since last: 2846833 ns, Reaching safepoint: 285375 ns, Cleanup: 11042 ns, At safepoint: 178417 ns, Total: 474834 ns
[2025-06-06T07:31:20.633+0000][76063][info ][gc,marking  ] GC(8) Concurrent Clear Claimed Marks
[2025-06-06T07:31:20.633+0000][76063][info ][gc,marking  ] GC(8) Concurrent Clear Claimed Marks 0.032ms
[2025-06-06T07:31:20.633+0000][76063][info ][gc,marking  ] GC(8) Concurrent Cleanup for Next Mark
[2025-06-06T07:31:20.637+0000][76063][info ][gc,marking  ] GC(8) Concurrent Cleanup for Next Mark 3.630ms
[2025-06-06T07:31:20.637+0000][76063][info ][gc          ] GC(8) Concurrent Mark Cycle 46.441ms
[2025-06-06T07:31:21.638+0000][76063][info ][safepoint   ] Safepoint "Cleanup", Time since last: 1003544583 ns, Reaching safepoint: 21208 ns, Cleanup: 1162209 ns, At safepoint: 47791 ns, Total: 1231208 ns
[2025-06-06T07:31:22.661+0000][76063][info ][safepoint   ] Safepoint "Cleanup", Time since last: 1021758042 ns, Reaching safepoint: 1792 ns, Cleanup: 1668291 ns, At safepoint: 7417 ns, Total: 1677500 ns
[2025-06-06T07:31:23.031+0000][76063][info ][gc,start    ] GC(9) Pause Young (Normal) (G1 Evacuation Pause)
[2025-06-06T07:31:23.031+0000][76063][info ][gc,task     ] GC(9) Using 8 workers of 8 for evacuation
[2025-06-06T07:31:23.031+0000][76063][debug][gc,age      ] GC(9) Desired survivor size 29360128 bytes, new threshold 3 (max threshold 15)
[2025-06-06T07:31:23.059+0000][76063][info ][gc,phases   ] GC(9)   Pre Evacuate Collection Set: 0.3ms
[2025-06-06T07:31:23.059+0000][76063][info ][gc,phases   ] GC(9)   Merge Heap Roots: 0.1ms
[2025-06-06T07:31:23.059+0000][76063][info ][gc,phases   ] GC(9)   Evacuate Collection Set: 26.5ms
[2025-06-06T07:31:23.059+0000][76063][info ][gc,phases   ] GC(9)   Post Evacuate Collection Set: 1.1ms
[2025-06-06T07:31:23.059+0000][76063][info ][gc,phases   ] GC(9)   Other: 0.1ms
[2025-06-06T07:31:23.059+0000][76063][trace][gc,age      ] GC(9) Age table with threshold 3 (max threshold 15)
[2025-06-06T07:31:23.059+0000][76063][trace][gc,age      ] GC(9) - age   1:    7953680 bytes,    7953680 total
[2025-06-06T07:31:23.059+0000][76063][trace][gc,age      ] GC(9) - age   2:   25160960 bytes,   33114640 total
[2025-06-06T07:31:23.059+0000][76063][trace][gc,age      ] GC(9) - age   3:    3593968 bytes,   36708608 total
[2025-06-06T07:31:23.059+0000][76063][info ][gc,heap     ] GC(9) Eden regions: 99->0(133)
[2025-06-06T07:31:23.059+0000][76063][info ][gc,heap     ] GC(9) Survivor regions: 12->10(14)
[2025-06-06T07:31:23.059+0000][76063][info ][gc,heap     ] GC(9) Old regions: 4->8
[2025-06-06T07:31:23.059+0000][76063][info ][gc,heap     ] GC(9) Humongous regions: 0->0
[2025-06-06T07:31:23.059+0000][76063][info ][gc,metaspace] GC(9) Metaspace: 79432K(81088K)->79432K(81088K) NonClass: 69135K(70080K)->69135K(70080K) Class: 10297K(11008K)->10297K(11008K)
[2025-06-06T07:31:23.059+0000][76063][info ][gc          ] GC(9) Pause Young (Normal) (G1 Evacuation Pause) 454M->68M(8192M) 28.396ms
[2025-06-06T07:31:23.059+0000][76063][info ][gc,cpu      ] GC(9) User=0.11s Sys=0.03s Real=0.02s
[2025-06-06T07:31:23.059+0000][76063][info ][safepoint   ] Safepoint "G1CollectForAllocation", Time since last: 368988750 ns, Reaching safepoint: 2708 ns, Cleanup: 639042 ns, At safepoint: 28469250 ns, Total: 29111000 ns
[2025-06-06T07:31:23.829+0000][76063][info ][safepoint   ] Safepoint "ICBufferFull", Time since last: 768385542 ns, Reaching safepoint: 19541 ns, Cleanup: 1478167 ns, At safepoint: 32292 ns, Total: 1530000 ns
[2025-06-06T07:31:24.293+0000][76063][info ][gc,start    ] GC(10) Pause Young (Concurrent Start) (Metadata GC Threshold)
[2025-06-06T07:31:24.293+0000][76063][info ][gc,task     ] GC(10) Using 8 workers of 8 for evacuation
[2025-06-06T07:31:24.293+0000][76063][debug][gc,age      ] GC(10) Desired survivor size 33554432 bytes, new threshold 3 (max threshold 15)
[2025-06-06T07:31:24.309+0000][76063][info ][gc,phases   ] GC(10)   Pre Evacuate Collection Set: 0.3ms
[2025-06-06T07:31:24.309+0000][76063][info ][gc,phases   ] GC(10)   Merge Heap Roots: 0.1ms
[2025-06-06T07:31:24.309+0000][76063][info ][gc,phases   ] GC(10)   Evacuate Collection Set: 14.3ms
[2025-06-06T07:31:24.309+0000][76063][info ][gc,phases   ] GC(10)   Post Evacuate Collection Set: 1.0ms
[2025-06-06T07:31:24.309+0000][76063][info ][gc,phases   ] GC(10)   Other: 0.1ms
[2025-06-06T07:31:24.309+0000][76063][trace][gc,age      ] GC(10) Age table with threshold 3 (max threshold 15)
[2025-06-06T07:31:24.309+0000][76063][trace][gc,age      ] GC(10) - age   1:    8253288 bytes,    8253288 total
[2025-06-06T07:31:24.309+0000][76063][trace][gc,age      ] GC(10) - age   2:    7630448 bytes,   15883736 total
[2025-06-06T07:31:24.309+0000][76063][trace][gc,age      ] GC(10) - age   3:   25038064 bytes,   40921800 total
[2025-06-06T07:31:24.309+0000][76063][info ][gc,heap     ] GC(10) Eden regions: 33->0(205)
[2025-06-06T07:31:24.309+0000][76063][info ][gc,heap     ] GC(10) Survivor regions: 10->11(16)
[2025-06-06T07:31:24.309+0000][76063][info ][gc,heap     ] GC(10) Old regions: 8->9
[2025-06-06T07:31:24.309+0000][76063][info ][gc,heap     ] GC(10) Humongous regions: 0->0
[2025-06-06T07:31:24.309+0000][76063][info ][gc,metaspace] GC(10) Metaspace: 97514K(100288K)->97514K(100288K) NonClass: 84306K(85760K)->84306K(85760K) Class: 13207K(14528K)->13207K(14528K)
[2025-06-06T07:31:24.309+0000][76063][info ][gc          ] GC(10) Pause Young (Concurrent Start) (Metadata GC Threshold) 200M->76M(8192M) 16.065ms
[2025-06-06T07:31:24.309+0000][76063][info ][gc,cpu      ] GC(10) User=0.08s Sys=0.00s Real=0.01s
[2025-06-06T07:31:24.309+0000][76063][info ][gc          ] GC(11) Concurrent Mark Cycle
[2025-06-06T07:31:24.309+0000][76063][info ][gc,marking  ] GC(11) Concurrent Scan Root Regions
[2025-06-06T07:31:24.309+0000][76063][info ][safepoint   ] Safepoint "CollectForMetadataAllocation", Time since last: 463118458 ns, Reaching safepoint: 2875 ns, Cleanup: 722458 ns, At safepoint: 16177625 ns, Total: 16902958 ns
[2025-06-06T07:31:24.323+0000][76063][info ][gc,marking  ] GC(11) Concurrent Scan Root Regions 13.968ms
[2025-06-06T07:31:24.323+0000][76063][info ][gc,marking  ] GC(11) Concurrent Mark
[2025-06-06T07:31:24.323+0000][76063][info ][gc,marking  ] GC(11) Concurrent Mark From Roots
[2025-06-06T07:31:24.323+0000][76063][info ][gc,task     ] GC(11) Using 2 workers of 2 for marking
[2025-06-06T07:31:24.335+0000][76063][info ][gc,marking  ] GC(11) Concurrent Mark From Roots 11.633ms
[2025-06-06T07:31:24.335+0000][76063][info ][gc,marking  ] GC(11) Concurrent Preclean
[2025-06-06T07:31:24.335+0000][76063][info ][gc,marking  ] GC(11) Concurrent Preclean 0.075ms
[2025-06-06T07:31:24.335+0000][76063][info ][gc,start    ] GC(11) Pause Remark
[2025-06-06T07:31:24.359+0000][76063][info ][gc          ] GC(11) Pause Remark 78M->78M(8192M) 23.495ms
[2025-06-06T07:31:24.359+0000][76063][info ][gc,cpu      ] GC(11) User=0.03s Sys=0.03s Real=0.02s
[2025-06-06T07:31:24.359+0000][76063][info ][safepoint   ] Safepoint "G1PauseRemark", Time since last: 25935042 ns, Reaching safepoint: 111750 ns, Cleanup: 50292 ns, At safepoint: 23591791 ns, Total: 23753833 ns
[2025-06-06T07:31:24.359+0000][76063][info ][gc,marking  ] GC(11) Concurrent Mark 35.763ms
[2025-06-06T07:31:24.359+0000][76063][info ][gc,marking  ] GC(11) Concurrent Rebuild Remembered Sets and Scrub Regions
[2025-06-06T07:31:24.364+0000][76063][info ][gc,marking  ] GC(11) Concurrent Rebuild Remembered Sets and Scrub Regions 4.791ms
[2025-06-06T07:31:24.364+0000][76063][info ][gc,start    ] GC(11) Pause Cleanup
[2025-06-06T07:31:24.364+0000][76063][info ][gc          ] GC(11) Pause Cleanup 78M->78M(8192M) 0.157ms
[2025-06-06T07:31:24.364+0000][76063][info ][gc,cpu      ] GC(11) User=0.00s Sys=0.00s Real=0.00s
[2025-06-06T07:31:24.364+0000][76063][info ][safepoint   ] Safepoint "G1PauseCleanup", Time since last: 4867334 ns, Reaching safepoint: 21666 ns, Cleanup: 9917 ns, At safepoint: 205417 ns, Total: 237000 ns
[2025-06-06T07:31:24.364+0000][76063][info ][gc,marking  ] GC(11) Concurrent Clear Claimed Marks
[2025-06-06T07:31:24.364+0000][76063][info ][gc,marking  ] GC(11) Concurrent Clear Claimed Marks 0.075ms
[2025-06-06T07:31:24.364+0000][76063][info ][gc,marking  ] GC(11) Concurrent Cleanup for Next Mark
[2025-06-06T07:31:24.368+0000][76063][info ][gc,marking  ] GC(11) Concurrent Cleanup for Next Mark 3.720ms
[2025-06-06T07:31:24.368+0000][76063][info ][gc          ] GC(11) Concurrent Mark Cycle 58.715ms
[2025-06-06T07:31:25.518+0000][76063][info ][safepoint   ] Safepoint "ICBufferFull", Time since last: 1147587208 ns, Reaching safepoint: 2457375 ns, Cleanup: 1656792 ns, At safepoint: 1841708 ns, Total: 5955875 ns
[2025-06-06T07:31:25.520+0000][76063][info ][safepoint   ] Safepoint "ICBufferFull", Time since last: 534792 ns, Reaching safepoint: 2261416 ns, Cleanup: 3375 ns, At safepoint: 138167 ns, Total: 2402958 ns
[2025-06-06T07:31:25.524+0000][76063][info ][safepoint   ] Safepoint "ICBufferFull", Time since last: 142250 ns, Reaching safepoint: 3520042 ns, Cleanup: 2041 ns, At safepoint: 136917 ns, Total: 3659000 ns
[2025-06-06T07:31:25.876+0000][76063][info ][safepoint   ] Safepoint "ICBufferFull", Time since last: 349961375 ns, Reaching safepoint: 119500 ns, Cleanup: 1211000 ns, At safepoint: 66292 ns, Total: 1396792 ns
[2025-06-06T07:31:26.194+0000][76063][info ][safepoint   ] Safepoint "ICBufferFull", Time since last: 315938750 ns, Reaching safepoint: 6291 ns, Cleanup: 2386209 ns, At safepoint: 4708 ns, Total: 2397208 ns
[2025-06-06T07:31:26.509+0000][76063][info ][safepoint   ] Safepoint "ICBufferFull", Time since last: 312138917 ns, Reaching safepoint: 6625 ns, Cleanup: 3141958 ns, At safepoint: 11792 ns, Total: 3160375 ns
[2025-06-06T07:31:27.502+0000][76063][info ][safepoint   ] Safepoint "ICBufferFull", Time since last: 989651458 ns, Reaching safepoint: 27083 ns, Cleanup: 3133875 ns, At safepoint: 5334 ns, Total: 3166292 ns
[2025-06-06T07:31:28.190+0000][76063][info ][safepoint   ] Safepoint "ICBufferFull", Time since last: 685473541 ns, Reaching safepoint: 53834 ns, Cleanup: 2305833 ns, At safepoint: 7583 ns, Total: 2367250 ns
[2025-06-06T07:31:28.919+0000][76063][info ][safepoint   ] Safepoint "ICBufferFull", Time since last: 727342167 ns, Reaching safepoint: 7833 ns, Cleanup: 1241584 ns, At safepoint: 6541 ns, Total: 1255958 ns
[2025-06-06T07:31:29.535+0000][76063][info ][safepoint   ] Safepoint "ICBufferFull", Time since last: 614401459 ns, Reaching safepoint: 7041 ns, Cleanup: 1707959 ns, At safepoint: 2625 ns, Total: 1717625 ns
[2025-06-06T07:31:30.540+0000][76063][info ][safepoint   ] Safepoint "Cleanup", Time since last: 1005055125 ns, Reaching safepoint: 9125 ns, Cleanup: 743958 ns, At safepoint: 2708 ns, Total: 755791 ns
[2025-06-06T07:31:31.544+0000][76063][info ][safepoint   ] Safepoint "Cleanup", Time since last: 1003638417 ns, Reaching safepoint: 15292 ns, Cleanup: 94833 ns, At safepoint: 2542 ns, Total: 112667 ns
[2025-06-06T07:31:32.953+0000][76063][info ][safepoint   ] Safepoint "Cleanup", Time since last: 1408191750 ns, Reaching safepoint: 20041 ns, Cleanup: 243167 ns, At safepoint: 5583 ns, Total: 268791 ns
[2025-06-06T07:31:33.958+0000][76063][info ][safepoint   ] Safepoint "Cleanup", Time since last: 1005117417 ns, Reaching safepoint: 13292 ns, Cleanup: 114750 ns, At safepoint: 2708 ns, Total: 130750 ns
[2025-06-06T07:31:43.993+0000][76063][info ][safepoint   ] Safepoint "Cleanup", Time since last: 10034877583 ns, Reaching safepoint: 30000 ns, Cleanup: 9834 ns, At safepoint: 2083 ns, Total: 41917 ns
[2025-06-06T07:31:44.996+0000][76063][info ][safepoint   ] Safepoint "Cleanup", Time since last: 1002680583 ns, Reaching safepoint: 9250 ns, Cleanup: 35375 ns, At safepoint: 2417 ns, Total: 47042 ns
[2025-06-06T07:31:48.011+0000][76063][info ][safepoint   ] Safepoint "Cleanup", Time since last: 3015098333 ns, Reaching safepoint: 8584 ns, Cleanup: 79875 ns, At safepoint: 3083 ns, Total: 91542 ns
[2025-06-06T07:31:56.036+0000][76063][info ][safepoint   ] Safepoint "Cleanup", Time since last: 8025355042 ns, Reaching safepoint: 55833 ns, Cleanup: 174958 ns, At safepoint: 3334 ns, Total: 234125 ns
[2025-06-06T07:32:01.055+0000][76063][info ][safepoint   ] Safepoint "Cleanup", Time since last: 5018654666 ns, Reaching safepoint: 13500 ns, Cleanup: 109042 ns, At safepoint: 3833 ns, Total: 126375 ns
[2025-06-06T07:32:03.061+0000][76063][info ][safepoint   ] Safepoint "Cleanup", Time since last: 2005277917 ns, Reaching safepoint: 9292 ns, Cleanup: 92125 ns, At safepoint: 2750 ns, Total: 104167 ns
[2025-06-06T07:32:04.062+0000][76063][info ][safepoint   ] Safepoint "Cleanup", Time since last: 1000881541 ns, Reaching safepoint: 14584 ns, Cleanup: 69416 ns, At safepoint: 2417 ns, Total: 86417 ns
[2025-06-06T07:32:05.067+0000][76063][info ][safepoint   ] Safepoint "Cleanup", Time since last: 1005086833 ns, Reaching safepoint: 8209 ns, Cleanup: 64000 ns, At safepoint: 2875 ns, Total: 75084 ns
[2025-06-06T07:32:24.422+0000][76063][info ][safepoint   ] Safepoint "Cleanup", Time since last: 19355057750 ns, Reaching safepoint: 8875 ns, Cleanup: 152125 ns, At safepoint: 2791 ns, Total: 163791 ns
[2025-06-06T07:32:25.426+0000][76063][info ][safepoint   ] Safepoint "Cleanup", Time since last: 1003935292 ns, Reaching safepoint: 12917 ns, Cleanup: 6000 ns, At safepoint: 2583 ns, Total: 21500 ns
[2025-06-06T07:32:39.492+0000][76063][info ][safepoint   ] Safepoint "Cleanup", Time since last: 14065375333 ns, Reaching safepoint: 127209 ns, Cleanup: 93500 ns, At safepoint: 3458 ns, Total: 224167 ns
[2025-06-06T07:32:44.511+0000][76063][info ][safepoint   ] Safepoint "Cleanup", Time since last: 5019432250 ns, Reaching safepoint: 17500 ns, Cleanup: 73042 ns, At safepoint: 2291 ns, Total: 92833 ns
[2025-06-06T07:32:45.516+0000][76063][info ][safepoint   ] Safepoint "Cleanup", Time since last: 1005072917 ns, Reaching safepoint: 7250 ns, Cleanup: 94708 ns, At safepoint: 2375 ns, Total: 104333 ns
[2025-06-06T07:32:49.528+0000][76063][info ][safepoint   ] Safepoint "Cleanup", Time since last: 4011775584 ns, Reaching safepoint: 7791 ns, Cleanup: 71292 ns, At safepoint: 2542 ns, Total: 81625 ns
[2025-06-06T07:32:55.551+0000][76063][info ][safepoint   ] Safepoint "Cleanup", Time since last: 6022508250 ns, Reaching safepoint: 11875 ns, Cleanup: 69875 ns, At safepoint: 2333 ns, Total: 84083 ns
[2025-06-06T07:33:08.601+0000][76063][info ][safepoint   ] Safepoint "Cleanup", Time since last: 13049994375 ns, Reaching safepoint: 10208 ns, Cleanup: 70167 ns, At safepoint: 2375 ns, Total: 82750 ns
[2025-06-06T07:33:11.610+0000][76063][info ][safepoint   ] Safepoint "Cleanup", Time since last: 3009368708 ns, Reaching safepoint: 7667 ns, Cleanup: 75333 ns, At safepoint: 3084 ns, Total: 86084 ns
[2025-06-06T07:33:18.629+0000][76063][info ][safepoint   ] Safepoint "Cleanup", Time since last: 7018712583 ns, Reaching safepoint: 13125 ns, Cleanup: 79625 ns, At safepoint: 2750 ns, Total: 95500 ns
[2025-06-06T07:33:23.649+0000][76063][info ][safepoint   ] Safepoint "Cleanup", Time since last: 5019375792 ns, Reaching safepoint: 7250 ns, Cleanup: 83041 ns, At safepoint: 2625 ns, Total: 92916 ns
[2025-06-06T07:33:25.659+0000][76063][info ][safepoint   ] Safepoint "Cleanup", Time since last: 2010087500 ns, Reaching safepoint: 8584 ns, Cleanup: 67000 ns, At safepoint: 2458 ns, Total: 78042 ns
[2025-06-06T07:33:30.684+0000][76063][info ][safepoint   ] Safepoint "Cleanup", Time since last: 5025021250 ns, Reaching safepoint: 81625 ns, Cleanup: 86917 ns, At safepoint: 2791 ns, Total: 171333 ns
[2025-06-06T07:33:31.691+0000][76063][info ][safepoint   ] Safepoint "Cleanup", Time since last: 1006556584 ns, Reaching safepoint: 8791 ns, Cleanup: 127875 ns, At safepoint: 2292 ns, Total: 138958 ns
[2025-06-06T07:33:34.705+0000][76063][info ][safepoint   ] Safepoint "Cleanup", Time since last: 3012893000 ns, Reaching safepoint: 21417 ns, Cleanup: 785291 ns, At safepoint: 3625 ns, Total: 810333 ns
[2025-06-06T07:33:45.749+0000][76063][info ][safepoint   ] Safepoint "Cleanup", Time since last: 11044543084 ns, Reaching safepoint: 15500 ns, Cleanup: 239375 ns, At safepoint: 3666 ns, Total: 258541 ns
[2025-06-06T07:33:50.775+0000][76063][info ][safepoint   ] Safepoint "Cleanup", Time since last: 5025373375 ns, Reaching safepoint: 12709 ns, Cleanup: 143125 ns, At safepoint: 4041 ns, Total: 159875 ns
[2025-06-06T07:34:23.916+0000][76063][info ][safepoint   ] Safepoint "Cleanup", Time since last: 33140374459 ns, Reaching safepoint: 103750 ns, Cleanup: 85458 ns, At safepoint: 3417 ns, Total: 192625 ns
[2025-06-06T07:34:28.941+0000][76063][info ][safepoint   ] Safepoint "Cleanup", Time since last: 5024905875 ns, Reaching safepoint: 13958 ns, Cleanup: 114125 ns, At safepoint: 2875 ns, Total: 130958 ns
[2025-06-06T07:34:37.739+0000][76063][info ][safepoint   ] Safepoint "ICBufferFull", Time since last: 8796289708 ns, Reaching safepoint: 9125 ns, Cleanup: 1629875 ns, At safepoint: 2542 ns, Total: 1641542 ns
[2025-06-06T07:34:38.342+0000][76063][info ][safepoint   ] Safepoint "ICBufferFull", Time since last: 601698250 ns, Reaching safepoint: 9583 ns, Cleanup: 1996459 ns, At safepoint: 4000 ns, Total: 2010042 ns
[2025-06-06T07:34:39.382+0000][76063][info ][safepoint   ] Safepoint "Cleanup", Time since last: 1039300666 ns, Reaching safepoint: 16750 ns, Cleanup: 723459 ns, At safepoint: 2875 ns, Total: 743084 ns
[2025-06-06T07:34:40.388+0000][76063][info ][safepoint   ] Safepoint "Cleanup", Time since last: 1005082666 ns, Reaching safepoint: 9250 ns, Cleanup: 114417 ns, At safepoint: 2958 ns, Total: 126625 ns
[2025-06-06T07:34:52.425+0000][76063][info ][safepoint   ] Safepoint "Cleanup", Time since last: 12037335375 ns, Reaching safepoint: 34084 ns, Cleanup: 84708 ns, At safepoint: 2708 ns, Total: 121500 ns
[2025-06-06T07:34:53.427+0000][76063][info ][safepoint   ] Safepoint "Cleanup", Time since last: 1002099584 ns, Reaching safepoint: 12291 ns, Cleanup: 68584 ns, At safepoint: 2500 ns, Total: 83375 ns
[2025-06-06T07:34:56.442+0000][76063][info ][safepoint   ] Safepoint "Cleanup", Time since last: 3014502333 ns, Reaching safepoint: 12000 ns, Cleanup: 652958 ns, At safepoint: 5334 ns, Total: 670292 ns
[2025-06-06T07:35:08.482+0000][76063][info ][safepoint   ] Safepoint "Cleanup", Time since last: 12039175250 ns, Reaching safepoint: 10958 ns, Cleanup: 71042 ns, At safepoint: 3041 ns, Total: 85041 ns
[2025-06-06T07:35:18.017+0000][76063][info ][safepoint   ] Safepoint "Cleanup", Time since last: 9534787459 ns, Reaching safepoint: 11833 ns, Cleanup: 71375 ns, At safepoint: 2833 ns, Total: 86041 ns
[2025-06-06T07:35:25.047+0000][76063][info ][safepoint   ] Safepoint "Cleanup", Time since last: 7030238875 ns, Reaching safepoint: 15625 ns, Cleanup: 89500 ns, At safepoint: 2750 ns, Total: 107875 ns
[2025-06-06T07:35:26.052+0000][76063][info ][safepoint   ] Safepoint "Cleanup", Time since last: 1005081625 ns, Reaching safepoint: 12750 ns, Cleanup: 124084 ns, At safepoint: 3083 ns, Total: 139917 ns
[2025-06-06T07:35:29.067+0000][76063][info ][safepoint   ] Safepoint "Cleanup", Time since last: 3015201667 ns, Reaching safepoint: 13833 ns, Cleanup: 70583 ns, At safepoint: 2459 ns, Total: 86875 ns
[2025-06-06T07:35:41.109+0000][76063][info ][safepoint   ] Safepoint "Cleanup", Time since last: 12041368000 ns, Reaching safepoint: 232750 ns, Cleanup: 76375 ns, At safepoint: 4000 ns, Total: 313125 ns
[2025-06-06T07:35:44.114+0000][76063][info ][safepoint   ] Safepoint "Cleanup", Time since last: 3004248166 ns, Reaching safepoint: 54792 ns, Cleanup: 134333 ns, At safepoint: 9000 ns, Total: 198125 ns
[2025-06-06T07:36:01.192+0000][76063][info ][safepoint   ] Safepoint "Cleanup", Time since last: 17078016209 ns, Reaching safepoint: 400625 ns, Cleanup: 223833 ns, At safepoint: 6958 ns, Total: 631416 ns
[2025-06-06T07:36:02.198+0000][76063][info ][safepoint   ] Safepoint "Cleanup", Time since last: 1005929750 ns, Reaching safepoint: 10875 ns, Cleanup: 55834 ns, At safepoint: 2541 ns, Total: 69250 ns
[2025-06-06T07:36:08.221+0000][76063][info ][safepoint   ] Safepoint "Cleanup", Time since last: 6022443000 ns, Reaching safepoint: 17459 ns, Cleanup: 101375 ns, At safepoint: 2541 ns, Total: 121375 ns
[2025-06-06T07:36:28.206+0000][76063][info ][safepoint   ] Safepoint "Cleanup", Time since last: 19985146250 ns, Reaching safepoint: 36250 ns, Cleanup: 80500 ns, At safepoint: 2875 ns, Total: 119625 ns
[2025-06-06T07:36:35.229+0000][76063][info ][safepoint   ] Safepoint "Cleanup", Time since last: 7022679334 ns, Reaching safepoint: 210958 ns, Cleanup: 66167 ns, At safepoint: 4875 ns, Total: 282000 ns
[2025-06-06T07:36:59.259+0000][76063][info ][safepoint   ] Safepoint "Cleanup", Time since last: 24028561333 ns, Reaching safepoint: 7625 ns, Cleanup: 606250 ns, At safepoint: 42333 ns, Total: 656208 ns
[2025-06-06T07:37:00.301+0000][76063][info ][safepoint   ] Safepoint "Cleanup", Time since last: 1041522959 ns, Reaching safepoint: 22500 ns, Cleanup: 1298708 ns, At safepoint: 3208 ns, Total: 1324416 ns
[2025-06-06T07:37:08.330+0000][76063][info ][safepoint   ] Safepoint "Cleanup", Time since last: 8028284000 ns, Reaching safepoint: 24084 ns, Cleanup: 103500 ns, At safepoint: 298125 ns, Total: 425709 ns
[2025-06-06T07:37:14.173+0000][76063][info ][safepoint   ] Safepoint "Cleanup", Time since last: 5842941291 ns, Reaching safepoint: 12459 ns, Cleanup: 61541 ns, At safepoint: 2709 ns, Total: 76709 ns
[2025-06-06T07:37:26.225+0000][76063][info ][safepoint   ] Safepoint "Cleanup", Time since last: 12051426583 ns, Reaching safepoint: 226125 ns, Cleanup: 297000 ns, At safepoint: 17625 ns, Total: 540750 ns
[2025-06-06T07:37:56.355+0000][76063][info ][safepoint   ] Safepoint "Cleanup", Time since last: 30129360375 ns, Reaching safepoint: 127000 ns, Cleanup: 85125 ns, At safepoint: 2875 ns, Total: 215000 ns
[2025-06-06T07:38:14.364+0000][76063][info ][safepoint   ] Safepoint "Cleanup", Time since last: 18008703958 ns, Reaching safepoint: 15209 ns, Cleanup: 62125 ns, At safepoint: 2625 ns, Total: 79959 ns
[2025-06-06T07:38:16.371+0000][76063][info ][safepoint   ] Safepoint "Cleanup", Time since last: 2007602916 ns, Reaching safepoint: 12042 ns, Cleanup: 74542 ns, At safepoint: 2500 ns, Total: 89084 ns
[2025-06-06T07:38:28.424+0000][76063][info ][safepoint   ] Safepoint "Cleanup", Time since last: 12052942916 ns, Reaching safepoint: 50959 ns, Cleanup: 51625 ns, At safepoint: 3666 ns, Total: 106250 ns
[2025-06-06T07:38:31.434+0000][76063][info ][safepoint   ] Safepoint "Cleanup", Time since last: 3007283167 ns, Reaching safepoint: 79542 ns, Cleanup: 2001500 ns, At safepoint: 4958 ns, Total: 2086000 ns
[2025-06-06T07:38:32.439+0000][76063][info ][safepoint   ] Safepoint "Cleanup", Time since last: 1005202125 ns, Reaching safepoint: 29417 ns, Cleanup: 89791 ns, At safepoint: 3209 ns, Total: 122417 ns
[2025-06-06T07:38:35.448+0000][76063][info ][safepoint   ] Safepoint "Cleanup", Time since last: 3008632125 ns, Reaching safepoint: 82291 ns, Cleanup: 66417 ns, At safepoint: 2750 ns, Total: 151458 ns
[2025-06-06T07:38:38.463+0000][76063][info ][safepoint   ] Safepoint "Cleanup", Time since last: 3014645750 ns, Reaching safepoint: 28208 ns, Cleanup: 68084 ns, At safepoint: 2541 ns, Total: 98833 ns
[2025-06-06T07:38:56.526+0000][76063][info ][safepoint   ] Safepoint "Cleanup", Time since last: 18062628667 ns, Reaching safepoint: 31292 ns, Cleanup: 104791 ns, At safepoint: 2709 ns, Total: 138792 ns
[2025-06-06T07:39:05.564+0000][76063][info ][safepoint   ] Safepoint "Cleanup", Time since last: 9038158500 ns, Reaching safepoint: 46000 ns, Cleanup: 62791 ns, At safepoint: 3042 ns, Total: 111833 ns
[2025-06-06T07:39:25.629+0000][76063][info ][safepoint   ] Safepoint "Cleanup", Time since last: 20065161792 ns, Reaching safepoint: 19291 ns, Cleanup: 60334 ns, At safepoint: 2875 ns, Total: 82500 ns
[2025-06-06T07:39:34.588+0000][76063][info ][safepoint   ] Safepoint "Cleanup", Time since last: 8958741166 ns, Reaching safepoint: 23167 ns, Cleanup: 198542 ns, At safepoint: 18833 ns, Total: 240542 ns
[2025-06-06T07:39:35.594+0000][76063][info ][safepoint   ] Safepoint "Cleanup", Time since last: 1004969875 ns, Reaching safepoint: 25083 ns, Cleanup: 535209 ns, At safepoint: 3041 ns, Total: 563333 ns
[2025-06-06T07:40:35.892+0000][76063][info ][safepoint   ] Safepoint "Cleanup", Time since last: 60297861750 ns, Reaching safepoint: 376584 ns, Cleanup: 98416 ns, At safepoint: 9250 ns, Total: 484250 ns
[2025-06-06T07:40:39.910+0000][76063][info ][safepoint   ] Safepoint "Cleanup", Time since last: 4017539709 ns, Reaching safepoint: 11041 ns, Cleanup: 63209 ns, At safepoint: 2375 ns, Total: 76625 ns
[2025-06-06T07:40:55.982+0000][76063][info ][safepoint   ] Safepoint "Cleanup", Time since last: 16072269375 ns, Reaching safepoint: 15625 ns, Cleanup: 60875 ns, At safepoint: 4000 ns, Total: 80500 ns
[2025-06-06T07:41:05.009+0000][76063][info ][safepoint   ] Safepoint "Cleanup", Time since last: 9026250291 ns, Reaching safepoint: 22834 ns, Cleanup: 87291 ns, At safepoint: 2875 ns, Total: 113000 ns
[2025-06-06T07:41:22.072+0000][76063][info ][safepoint   ] Safepoint "Cleanup", Time since last: 17063207125 ns, Reaching safepoint: 117875 ns, Cleanup: 67500 ns, At safepoint: 2667 ns, Total: 188042 ns
[2025-06-06T07:41:26.084+0000][76063][info ][safepoint   ] Safepoint "Cleanup", Time since last: 4011443250 ns, Reaching safepoint: 14750 ns, Cleanup: 125000 ns, At safepoint: 3083 ns, Total: 142833 ns
[2025-06-06T07:41:29.671+0000][76063][info ][safepoint   ] Safepoint "Cleanup", Time since last: 3586942834 ns, Reaching safepoint: 21083 ns, Cleanup: 396583 ns, At safepoint: 12834 ns, Total: 430500 ns
[2025-06-06T07:41:30.716+0000][76063][info ][safepoint   ] Safepoint "Cleanup", Time since last: 1044111125 ns, Reaching safepoint: 9041 ns, Cleanup: 780500 ns, At safepoint: 3042 ns, Total: 792583 ns
[2025-06-06T07:41:33.731+0000][76063][info ][safepoint   ] Safepoint "Cleanup", Time since last: 3014438792 ns, Reaching safepoint: 53416 ns, Cleanup: 221709 ns, At safepoint: 5583 ns, Total: 280708 ns
[2025-06-06T07:41:55.817+0000][76063][info ][safepoint   ] Safepoint "Cleanup", Time since last: 22085469792 ns, Reaching safepoint: 224875 ns, Cleanup: 142708 ns, At safepoint: 4125 ns, Total: 371708 ns
[2025-06-06T07:42:03.847+0000][76063][info ][safepoint   ] Safepoint "Cleanup", Time since last: 8029941042 ns, Reaching safepoint: 21541 ns, Cleanup: 74709 ns, At safepoint: 4041 ns, Total: 100291 ns
[2025-06-06T07:42:40.262+0000][76063][info ][safepoint   ] Safepoint "Cleanup", Time since last: 36414717125 ns, Reaching safepoint: 314875 ns, Cleanup: 85792 ns, At safepoint: 3625 ns, Total: 404292 ns
[2025-06-06T07:42:43.273+0000][76063][info ][safepoint   ] Safepoint "Cleanup", Time since last: 3011211625 ns, Reaching safepoint: 14083 ns, Cleanup: 273042 ns, At safepoint: 2750 ns, Total: 289875 ns
[2025-06-06T07:42:54.320+0000][76063][info ][safepoint   ] Safepoint "Cleanup", Time since last: 11046124125 ns, Reaching safepoint: 44625 ns, Cleanup: 84417 ns, At safepoint: 3458 ns, Total: 132500 ns
[2025-06-06T07:42:56.329+0000][76063][info ][safepoint   ] Safepoint "Cleanup", Time since last: 2009173042 ns, Reaching safepoint: 126208 ns, Cleanup: 94083 ns, At safepoint: 3167 ns, Total: 223458 ns
[2025-06-06T07:43:12.423+0000][76063][info ][safepoint   ] Safepoint "Cleanup", Time since last: 16023495125 ns, Reaching safepoint: 47097625 ns, Cleanup: 22839458 ns, At safepoint: 129250 ns, Total: 70066333 ns
[2025-06-06T07:43:13.428+0000][76063][info ][safepoint   ] Safepoint "Cleanup", Time since last: 1005280334 ns, Reaching safepoint: 75458 ns, Cleanup: 61375 ns, At safepoint: 15208 ns, Total: 152041 ns
[2025-06-06T07:43:50.589+0000][76063][info ][safepoint   ] Safepoint "Cleanup", Time since last: 37160971792 ns, Reaching safepoint: 238875 ns, Cleanup: 24625 ns, At safepoint: 2167 ns, Total: 265667 ns
[2025-06-06T07:44:22.420+0000][76063][info ][safepoint   ] Safepoint "Cleanup", Time since last: 31830537208 ns, Reaching safepoint: 34917 ns, Cleanup: 49583 ns, At safepoint: 3333 ns, Total: 87833 ns
[2025-06-06T07:44:25.427+0000][76063][info ][safepoint   ] Safepoint "Cleanup", Time since last: 3007165250 ns, Reaching safepoint: 16709 ns, Cleanup: 65666 ns, At safepoint: 2750 ns, Total: 85125 ns
[2025-06-06T07:44:56.556+0000][76063][info ][safepoint   ] Safepoint "Cleanup", Time since last: 31127751584 ns, Reaching safepoint: 519166 ns, Cleanup: 90542 ns, At safepoint: 5625 ns, Total: 615333 ns
[2025-06-06T07:46:04.807+0000][76063][info ][safepoint   ] Safepoint "Cleanup", Time since last: 68250886208 ns, Reaching safepoint: 183625 ns, Cleanup: 282875 ns, At safepoint: 3417 ns, Total: 469917 ns
[2025-06-06T07:46:34.894+0000][76063][info ][safepoint   ] Safepoint "Cleanup", Time since last: 30086145792 ns, Reaching safepoint: 85416 ns, Cleanup: 127000 ns, At safepoint: 3375 ns, Total: 215791 ns
[2025-06-06T07:46:55.962+0000][76063][info ][safepoint   ] Safepoint "Cleanup", Time since last: 21067901750 ns, Reaching safepoint: 270250 ns, Cleanup: 273459 ns, At safepoint: 4333 ns, Total: 548042 ns
[2025-06-06T07:46:57.231+0000][76063][info ][safepoint   ] Safepoint "Cleanup", Time since last: 1268160500 ns, Reaching safepoint: 24542 ns, Cleanup: 70791 ns, At safepoint: 11167 ns, Total: 106500 ns
[2025-06-06T07:46:58.237+0000][76063][info ][safepoint   ] Safepoint "Cleanup", Time since last: 1004997250 ns, Reaching safepoint: 33625 ns, Cleanup: 994500 ns, At safepoint: 4875 ns, Total: 1033000 ns
[2025-06-06T07:48:56.394+0000][76063][info ][safepoint   ] Safepoint "Cleanup", Time since last: 118166007958 ns, Reaching safepoint: 329000 ns, Cleanup: 99417 ns, At safepoint: 4042 ns, Total: 432459 ns
[2025-06-06T07:51:25.415+0000][76063][info ][safepoint   ] Safepoint "Cleanup", Time since last: 149024520125 ns, Reaching safepoint: 98000 ns, Cleanup: 846250 ns, At safepoint: 4333 ns, Total: 948583 ns
[2025-06-06T07:51:26.420+0000][76063][info ][safepoint   ] Safepoint "Cleanup", Time since last: 1005293083 ns, Reaching safepoint: 13250 ns, Cleanup: 78084 ns, At safepoint: 3041 ns, Total: 94375 ns
[2025-06-06T07:51:38.457+0000][76063][info ][safepoint   ] Safepoint "Cleanup", Time since last: 12037062125 ns, Reaching safepoint: 27167 ns, Cleanup: 64250 ns, At safepoint: 2417 ns, Total: 93834 ns
[2025-06-06T07:51:56.530+0000][76063][info ][safepoint   ] Safepoint "Cleanup", Time since last: 18072076791 ns, Reaching safepoint: 345667 ns, Cleanup: 110458 ns, At safepoint: 4209 ns, Total: 460334 ns
[2025-06-06T07:52:08.573+0000][76063][info ][safepoint   ] Safepoint "Cleanup", Time since last: 12042792791 ns, Reaching safepoint: 12542 ns, Cleanup: 78167 ns, At safepoint: 3291 ns, Total: 94000 ns
[2025-06-06T07:52:26.623+0000][76063][info ][safepoint   ] Safepoint "Cleanup", Time since last: 18050484750 ns, Reaching safepoint: 249292 ns, Cleanup: 64333 ns, At safepoint: 2542 ns, Total: 316167 ns
[2025-06-06T07:52:30.639+0000][76063][info ][safepoint   ] Safepoint "Cleanup", Time since last: 4015283125 ns, Reaching safepoint: 9917 ns, Cleanup: 38916 ns, At safepoint: 2584 ns, Total: 51417 ns
[2025-06-06T07:52:31.641+0000][76063][info ][safepoint   ] Safepoint "Cleanup", Time since last: 1002258125 ns, Reaching safepoint: 10125 ns, Cleanup: 58875 ns, At safepoint: 2375 ns, Total: 71375 ns
[2025-06-06T07:52:33.646+0000][76063][info ][safepoint   ] Safepoint "Cleanup", Time since last: 2005313208 ns, Reaching safepoint: 15792 ns, Cleanup: 63000 ns, At safepoint: 2875 ns, Total: 81667 ns
[2025-06-06T07:52:35.656+0000][76063][info ][safepoint   ] Safepoint "Cleanup", Time since last: 2008851083 ns, Reaching safepoint: 20958 ns, Cleanup: 1012875 ns, At safepoint: 3792 ns, Total: 1037625 ns
[2025-06-06T07:52:38.669+0000][76063][info ][safepoint   ] Safepoint "Cleanup", Time since last: 3012196375 ns, Reaching safepoint: 10458 ns, Cleanup: 66250 ns, At safepoint: 2792 ns, Total: 79500 ns
[2025-06-06T07:52:48.711+0000][76063][info ][safepoint   ] Safepoint "Cleanup", Time since last: 10041685875 ns, Reaching safepoint: 267042 ns, Cleanup: 64833 ns, At safepoint: 3500 ns, Total: 335375 ns
[2025-06-06T07:53:01.766+0000][76063][info ][safepoint   ] Safepoint "Cleanup", Time since last: 13055659542 ns, Reaching safepoint: 160625 ns, Cleanup: 30250 ns, At safepoint: 2333 ns, Total: 193208 ns
[2025-06-06T07:53:02.772+0000][76063][info ][safepoint   ] Safepoint "Cleanup", Time since last: 1005266875 ns, Reaching safepoint: 12500 ns, Cleanup: 98125 ns, At safepoint: 3042 ns, Total: 113667 ns
[2025-06-06T07:53:08.793+0000][76063][info ][safepoint   ] Safepoint "Cleanup", Time since last: 6021551666 ns, Reaching safepoint: 10417 ns, Cleanup: 71417 ns, At safepoint: 3041 ns, Total: 84875 ns
[2025-06-06T07:53:26.624+0000][76063][info ][safepoint   ] Safepoint "Cleanup", Time since last: 17830307542 ns, Reaching safepoint: 130583 ns, Cleanup: 158209 ns, At safepoint: 3291 ns, Total: 292083 ns
[2025-06-06T07:53:31.644+0000][76063][info ][safepoint   ] Safepoint "Cleanup", Time since last: 5020152125 ns, Reaching safepoint: 12959 ns, Cleanup: 114833 ns, At safepoint: 3042 ns, Total: 130834 ns
[2025-06-06T07:53:56.741+0000][76063][info ][safepoint   ] Safepoint "Cleanup", Time since last: 25095843500 ns, Reaching safepoint: 337791 ns, Cleanup: 124625 ns, At safepoint: 6000 ns, Total: 468416 ns
[2025-06-06T07:54:55.956+0000][76063][info ][safepoint   ] Safepoint "Cleanup", Time since last: 59215496709 ns, Reaching safepoint: 271291 ns, Cleanup: 71459 ns, At safepoint: 3083 ns, Total: 345833 ns
[2025-06-06T07:56:04.244+0000][76063][info ][safepoint   ] Safepoint "Cleanup", Time since last: 68287269125 ns, Reaching safepoint: 281250 ns, Cleanup: 93792 ns, At safepoint: 5166 ns, Total: 380208 ns
[2025-06-06T07:57:08.482+0000][76063][info ][safepoint   ] Safepoint "Cleanup", Time since last: 64237000625 ns, Reaching safepoint: 303917 ns, Cleanup: 110875 ns, At safepoint: 4583 ns, Total: 419375 ns
[2025-06-06T07:57:56.594+0000][76063][info ][safepoint   ] Safepoint "Cleanup", Time since last: 48111619542 ns, Reaching safepoint: 277583 ns, Cleanup: 107125 ns, At safepoint: 5209 ns, Total: 389917 ns
[2025-06-06T07:58:08.648+0000][76063][info ][safepoint   ] Safepoint "Cleanup", Time since last: 12053950833 ns, Reaching safepoint: 98042 ns, Cleanup: 125833 ns, At safepoint: 6792 ns, Total: 230667 ns
[2025-06-06T07:58:12.597+0000][76063][info ][safepoint   ] Safepoint "Cleanup", Time since last: 3948575083 ns, Reaching safepoint: 4000 ns, Cleanup: 1034208 ns, At safepoint: 13667 ns, Total: 1051875 ns
[2025-06-06T07:58:26.653+0000][76063][info ][safepoint   ] Safepoint "Cleanup", Time since last: 14055346667 ns, Reaching safepoint: 277375 ns, Cleanup: 132208 ns, At safepoint: 5625 ns, Total: 415208 ns
[2025-06-06T07:59:08.837+0000][76063][info ][safepoint   ] Safepoint "Cleanup", Time since last: 42182573500 ns, Reaching safepoint: 577750 ns, Cleanup: 368875 ns, At safepoint: 5000 ns, Total: 951625 ns
[2025-06-06T07:59:26.669+0000][76063][info ][safepoint   ] Safepoint "Cleanup", Time since last: 17832132292 ns, Reaching safepoint: 11541 ns, Cleanup: 89625 ns, At safepoint: 3209 ns, Total: 104375 ns
[2025-06-06T07:59:41.735+0000][76063][info ][safepoint   ] Safepoint "Cleanup", Time since last: 15066464791 ns, Reaching safepoint: 13000 ns, Cleanup: 89292 ns, At safepoint: 3708 ns, Total: 106000 ns
[2025-06-06T07:59:55.789+0000][76063][info ][safepoint   ] Safepoint "Cleanup", Time since last: 14053225959 ns, Reaching safepoint: 741625 ns, Cleanup: 87875 ns, At safepoint: 3666 ns, Total: 833166 ns
[2025-06-06T08:00:23.791+0000][76063][info ][safepoint   ] Safepoint "Cleanup", Time since last: 28001635459 ns, Reaching safepoint: 14875 ns, Cleanup: 75833 ns, At safepoint: 3500 ns, Total: 94208 ns
[2025-06-06T08:00:26.808+0000][76063][info ][safepoint   ] Safepoint "Cleanup", Time since last: 3016804750 ns, Reaching safepoint: 12708 ns, Cleanup: 75042 ns, At safepoint: 3083 ns, Total: 90833 ns
[2025-06-06T08:00:38.860+0000][76063][info ][safepoint   ] Safepoint "Cleanup", Time since last: 12051680709 ns, Reaching safepoint: 64291 ns, Cleanup: 140209 ns, At safepoint: 12083 ns, Total: 216583 ns
[2025-06-06T08:01:22.011+0000][76063][info ][safepoint   ] Safepoint "Cleanup", Time since last: 43151279125 ns, Reaching safepoint: 27458 ns, Cleanup: 34959 ns, At safepoint: 3250 ns, Total: 65667 ns
[2025-06-06T08:01:24.018+0000][76063][info ][safepoint   ] Safepoint "Cleanup", Time since last: 2006543875 ns, Reaching safepoint: 14416 ns, Cleanup: 39625 ns, At safepoint: 2500 ns, Total: 56541 ns
[2025-06-06T08:02:07.188+0000][76063][info ][safepoint   ] Safepoint "Cleanup", Time since last: 43169810042 ns, Reaching safepoint: 347875 ns, Cleanup: 100083 ns, At safepoint: 2959 ns, Total: 450917 ns
[2025-06-06T08:02:56.189+0000][76063][info ][safepoint   ] Safepoint "Cleanup", Time since last: 49000753708 ns, Reaching safepoint: 299333 ns, Cleanup: 104750 ns, At safepoint: 3209 ns, Total: 407292 ns
[2025-06-06T08:03:07.233+0000][76063][info ][safepoint   ] Safepoint "Cleanup", Time since last: 11042777541 ns, Reaching safepoint: 29000 ns, Cleanup: 751959 ns, At safepoint: 3041 ns, Total: 784000 ns
[2025-06-06T08:03:25.245+0000][76063][info ][safepoint   ] Safepoint "Cleanup", Time since last: 18012427375 ns, Reaching safepoint: 14042 ns, Cleanup: 67958 ns, At safepoint: 2834 ns, Total: 84834 ns
[2025-06-06T08:03:26.250+0000][76063][info ][safepoint   ] Safepoint "Cleanup", Time since last: 1004840333 ns, Reaching safepoint: 12042 ns, Cleanup: 74791 ns, At safepoint: 3667 ns, Total: 90500 ns
[2025-06-06T08:03:38.301+0000][76063][info ][safepoint   ] Safepoint "Cleanup", Time since last: 12049745917 ns, Reaching safepoint: 606083 ns, Cleanup: 76292 ns, At safepoint: 4250 ns, Total: 686625 ns
[2025-06-06T08:04:02.392+0000][76063][info ][safepoint   ] Safepoint "Cleanup", Time since last: 24090764541 ns, Reaching safepoint: 212125 ns, Cleanup: 207542 ns, At safepoint: 18583 ns, Total: 438250 ns
[2025-06-06T08:04:03.395+0000][76063][info ][safepoint   ] Safepoint "Cleanup", Time since last: 1002357459 ns, Reaching safepoint: 18750 ns, Cleanup: 351333 ns, At safepoint: 5167 ns, Total: 375250 ns
[2025-06-06T08:04:58.585+0000][76063][info ][safepoint   ] Safepoint "Cleanup", Time since last: 55189859500 ns, Reaching safepoint: 215916 ns, Cleanup: 57709 ns, At safepoint: 3125 ns, Total: 276750 ns
[2025-06-06T08:05:26.458+0000][76063][info ][safepoint   ] Safepoint "Cleanup", Time since last: 27872895583 ns, Reaching safepoint: 62583 ns, Cleanup: 118917 ns, At safepoint: 2792 ns, Total: 184292 ns
[2025-06-06T08:06:44.742+0000][76063][info ][safepoint   ] Safepoint "Cleanup", Time since last: 78284154333 ns, Reaching safepoint: 56125 ns, Cleanup: 83042 ns, At safepoint: 3041 ns, Total: 142208 ns
[2025-06-06T08:07:13.851+0000][76063][info ][safepoint   ] Safepoint "Cleanup", Time since last: 29107726834 ns, Reaching safepoint: 430541 ns, Cleanup: 122750 ns, At safepoint: 5750 ns, Total: 559041 ns
[2025-06-06T08:07:48.997+0000][76063][info ][safepoint   ] Safepoint "Cleanup", Time since last: 35146339459 ns, Reaching safepoint: 417916 ns, Cleanup: 75542 ns, At safepoint: 4125 ns, Total: 497583 ns
[2025-06-06T08:07:53.057+0000][76063][info ][safepoint   ] Safepoint "Cleanup", Time since last: 4059256583 ns, Reaching safepoint: 103250 ns, Cleanup: 462750 ns, At safepoint: 3167 ns, Total: 569167 ns
[2025-06-06T08:07:56.117+0000][76063][info ][safepoint   ] Safepoint "Cleanup", Time since last: 3027629333 ns, Reaching safepoint: 193750 ns, Cleanup: 31960709 ns, At safepoint: 65833 ns, Total: 32220292 ns
[2025-06-06T08:08:08.164+0000][76063][info ][safepoint   ] Safepoint "Cleanup", Time since last: 12046464375 ns, Reaching safepoint: 22417 ns, Cleanup: 98375 ns, At safepoint: 6375 ns, Total: 127167 ns
[2025-06-06T08:08:14.070+0000][76063][info ][safepoint   ] Safepoint "Cleanup", Time since last: 5906686375 ns, Reaching safepoint: 15416 ns, Cleanup: 93667 ns, At safepoint: 19458 ns, Total: 128541 ns
[2025-06-06T08:08:56.231+0000][76063][info ][safepoint   ] Safepoint "Cleanup", Time since last: 42160106792 ns, Reaching safepoint: 320208 ns, Cleanup: 48125 ns, At safepoint: 2625 ns, Total: 370958 ns
[2025-06-06T08:09:24.124+0000][76063][info ][safepoint   ] Safepoint "Cleanup", Time since last: 27892869959 ns, Reaching safepoint: 16166 ns, Cleanup: 100584 ns, At safepoint: 3541 ns, Total: 120291 ns
[2025-06-06T08:09:33.149+0000][76063][info ][safepoint   ] Safepoint "Cleanup", Time since last: 9025300417 ns, Reaching safepoint: 18292 ns, Cleanup: 60958 ns, At safepoint: 2875 ns, Total: 82125 ns
[2025-06-06T08:09:40.199+0000][76063][info ][safepoint   ] Safepoint "Cleanup", Time since last: 7025510375 ns, Reaching safepoint: 19585875 ns, Cleanup: 3879958 ns, At safepoint: 313417 ns, Total: 23779250 ns
[2025-06-06T08:11:25.535+0000][76063][info ][safepoint   ] Safepoint "Cleanup", Time since last: 105336281458 ns, Reaching safepoint: 241625 ns, Cleanup: 77417 ns, At safepoint: 4792 ns, Total: 323834 ns
[2025-06-06T08:11:38.593+0000][76063][info ][safepoint   ] Safepoint "Cleanup", Time since last: 13057809333 ns, Reaching safepoint: 19958 ns, Cleanup: 72834 ns, At safepoint: 3208 ns, Total: 96000 ns
[2025-06-06T08:11:56.662+0000][76063][info ][safepoint   ] Safepoint "Cleanup", Time since last: 18068406875 ns, Reaching safepoint: 310583 ns, Cleanup: 126125 ns, At safepoint: 3584 ns, Total: 440292 ns
[2025-06-06T08:12:26.729+0000][76063][info ][safepoint   ] Safepoint "Cleanup", Time since last: 30067470083 ns, Reaching safepoint: 19625 ns, Cleanup: 87333 ns, At safepoint: 3500 ns, Total: 110458 ns
[2025-06-06T08:13:50.833+0000][76063][info ][safepoint   ] Safepoint "Cleanup", Time since last: 84100498500 ns, Reaching safepoint: 14750 ns, Cleanup: 3190750 ns, At safepoint: 125334 ns, Total: 3330834 ns
[2025-06-06T08:13:51.281+0000][76063][info ][safepoint   ] Safepoint "ICBufferFull", Time since last: 446692166 ns, Reaching safepoint: 46750 ns, Cleanup: 1448625 ns, At safepoint: 11584 ns, Total: 1506959 ns
[2025-06-06T08:13:51.672+0000][76063][info ][safepoint   ] Safepoint "ICBufferFull", Time since last: 388586750 ns, Reaching safepoint: 8375 ns, Cleanup: 1734250 ns, At safepoint: 4166 ns, Total: 1746791 ns
[2025-06-06T08:13:52.170+0000][76063][info ][safepoint   ] Safepoint "ICBufferFull", Time since last: 495671042 ns, Reaching safepoint: 147000 ns, Cleanup: 2590542 ns, At safepoint: 22125 ns, Total: 2759667 ns
[2025-06-06T08:13:52.457+0000][76063][info ][gc,start    ] GC(12) Pause Young (Normal) (G1 Evacuation Pause)
[2025-06-06T08:13:52.457+0000][76063][info ][gc,task     ] GC(12) Using 8 workers of 8 for evacuation
[2025-06-06T08:13:52.457+0000][76063][debug][gc,age      ] GC(12) Desired survivor size 52428800 bytes, new threshold 15 (max threshold 15)
[2025-06-06T08:13:52.547+0000][76063][info ][gc,phases   ] GC(12)   Pre Evacuate Collection Set: 1.0ms
[2025-06-06T08:13:52.547+0000][76063][info ][gc,phases   ] GC(12)   Merge Heap Roots: 0.6ms
[2025-06-06T08:13:52.547+0000][76063][info ][gc,phases   ] GC(12)   Evacuate Collection Set: 84.3ms
[2025-06-06T08:13:52.547+0000][76063][info ][gc,phases   ] GC(12)   Post Evacuate Collection Set: 4.0ms
[2025-06-06T08:13:52.547+0000][76063][info ][gc,phases   ] GC(12)   Other: 0.5ms
[2025-06-06T08:13:52.547+0000][76063][trace][gc,age      ] GC(12) Age table with threshold 15 (max threshold 15)
[2025-06-06T08:13:52.547+0000][76063][trace][gc,age      ] GC(12) - age   1:   24401128 bytes,   24401128 total
[2025-06-06T08:13:52.547+0000][76063][trace][gc,age      ] GC(12) - age   2:    7574200 bytes,   31975328 total
[2025-06-06T08:13:52.547+0000][76063][trace][gc,age      ] GC(12) - age   3:    7566992 bytes,   39542320 total
[2025-06-06T08:13:52.547+0000][76063][trace][gc,age      ] GC(12) - age   4:   24879256 bytes,   64421576 total
[2025-06-06T08:13:52.547+0000][76063][info ][gc,heap     ] GC(12) Eden regions: 186->0(190)
[2025-06-06T08:13:52.547+0000][76063][info ][gc,heap     ] GC(12) Survivor regions: 11->18(25)
[2025-06-06T08:13:52.547+0000][76063][info ][gc,heap     ] GC(12) Old regions: 9->9
[2025-06-06T08:13:52.547+0000][76063][info ][gc,heap     ] GC(12) Humongous regions: 0->0
[2025-06-06T08:13:52.547+0000][76063][info ][gc,metaspace] GC(12) Metaspace: 123918K(127168K)->123918K(127168K) NonClass: 107020K(108800K)->107020K(108800K) Class: 16897K(18368K)->16897K(18368K)
[2025-06-06T08:13:52.547+0000][76063][info ][gc          ] GC(12) Pause Young (Normal) (G1 Evacuation Pause) 820M->103M(8192M) 90.690ms
[2025-06-06T08:13:52.547+0000][76063][info ][gc,cpu      ] GC(12) User=0.15s Sys=0.20s Real=0.09s
[2025-06-06T08:13:52.547+0000][76063][info ][safepoint   ] Safepoint "G1CollectForAllocation", Time since last: 285249791 ns, Reaching safepoint: 9750 ns, Cleanup: 1085959 ns, At safepoint: 90832250 ns, Total: 91927959 ns
[2025-06-06T08:13:53.451+0000][76063][info ][safepoint   ] Safepoint "ICBufferFull", Time since last: 899168458 ns, Reaching safepoint: 25000 ns, Cleanup: 3143542 ns, At safepoint: 43083 ns, Total: 3211625 ns
[2025-06-06T08:13:54.842+0000][76063][info ][safepoint   ] Safepoint "ICBufferFull", Time since last: 1388167750 ns, Reaching safepoint: 25167 ns, Cleanup: 1399541 ns, At safepoint: 19125 ns, Total: 1443833 ns
[2025-06-06T08:13:55.141+0000][76063][info ][safepoint   ] Safepoint "ICBufferFull", Time since last: 297734334 ns, Reaching safepoint: 8333 ns, Cleanup: 1459083 ns, At safepoint: 10542 ns, Total: 1477958 ns
[2025-06-06T08:13:56.148+0000][76063][info ][safepoint   ] Safepoint "Cleanup", Time since last: 1005064208 ns, Reaching safepoint: 11334 ns, Cleanup: 389166 ns, At safepoint: 3000 ns, Total: 403500 ns
[2025-06-06T08:13:57.150+0000][76063][info ][safepoint   ] Safepoint "Cleanup", Time since last: 1000971375 ns, Reaching safepoint: 11292 ns, Cleanup: 133333 ns, At safepoint: 2750 ns, Total: 147375 ns
[2025-06-06T08:14:18.162+0000][76063][info ][safepoint   ] Safepoint "Cleanup", Time since last: 20999992417 ns, Reaching safepoint: 11542 ns, Cleanup: 1308583 ns, At safepoint: 4250 ns, Total: 1324375 ns
[2025-06-06T08:14:24.184+0000][76063][info ][safepoint   ] Safepoint "Cleanup", Time since last: 6020485875 ns, Reaching safepoint: 122333 ns, Cleanup: 64167 ns, At safepoint: 2375 ns, Total: 188875 ns
[2025-06-06T08:14:41.252+0000][76063][info ][safepoint   ] Safepoint "Cleanup", Time since last: 17065881500 ns, Reaching safepoint: 16917 ns, Cleanup: 61500 ns, At safepoint: 2125 ns, Total: 80542 ns
[2025-06-06T08:14:57.314+0000][76063][info ][safepoint   ] Safepoint "Cleanup", Time since last: 16061651541 ns, Reaching safepoint: 168000 ns, Cleanup: 78709 ns, At safepoint: 2541 ns, Total: 249250 ns
[2025-06-06T08:15:21.403+0000][76063][info ][safepoint   ] Safepoint "Cleanup", Time since last: 24087898667 ns, Reaching safepoint: 25625 ns, Cleanup: 68875 ns, At safepoint: 3333 ns, Total: 97833 ns
[2025-06-06T08:15:43.495+0000][76063][info ][safepoint   ] Safepoint "Cleanup", Time since last: 22092251084 ns, Reaching safepoint: 69666 ns, Cleanup: 62542 ns, At safepoint: 2875 ns, Total: 135083 ns
[2025-06-06T08:15:46.507+0000][76063][info ][safepoint   ] Safepoint "Cleanup", Time since last: 3011678833 ns, Reaching safepoint: 23417 ns, Cleanup: 131042 ns, At safepoint: 4833 ns, Total: 159292 ns
[2025-06-06T08:15:56.588+0000][76063][info ][safepoint   ] Safepoint "Cleanup", Time since last: 10078768417 ns, Reaching safepoint: 1767083 ns, Cleanup: 164875 ns, At safepoint: 3083 ns, Total: 1935041 ns
[2025-06-06T08:16:11.639+0000][76063][info ][safepoint   ] Safepoint "Cleanup", Time since last: 15050738250 ns, Reaching safepoint: 119792 ns, Cleanup: 74167 ns, At safepoint: 3250 ns, Total: 197209 ns
[2025-06-06T08:16:24.425+0000][76063][info ][safepoint   ] Safepoint "Cleanup", Time since last: 12786293500 ns, Reaching safepoint: 22916 ns, Cleanup: 69334 ns, At safepoint: 2916 ns, Total: 95166 ns
[2025-06-06T08:16:26.436+0000][76063][info ][safepoint   ] Safepoint "Cleanup", Time since last: 2010489959 ns, Reaching safepoint: 8416 ns, Cleanup: 66959 ns, At safepoint: 2500 ns, Total: 77875 ns
[2025-06-06T08:16:33.464+0000][76063][info ][safepoint   ] Safepoint "Cleanup", Time since last: 7028182916 ns, Reaching safepoint: 23417 ns, Cleanup: 65750 ns, At safepoint: 4292 ns, Total: 93459 ns
[2025-06-06T08:16:49.534+0000][76063][info ][safepoint   ] Safepoint "Cleanup", Time since last: 16069975541 ns, Reaching safepoint: 23250 ns, Cleanup: 73625 ns, At safepoint: 4209 ns, Total: 101084 ns
[2025-06-06T08:17:45.372+0000][76063][info ][safepoint   ] Safepoint "Cleanup", Time since last: 55837237916 ns, Reaching safepoint: 15792 ns, Cleanup: 59792 ns, At safepoint: 18541 ns, Total: 94125 ns
[2025-06-06T08:17:46.385+0000][76063][info ][safepoint   ] Safepoint "Cleanup", Time since last: 1012892834 ns, Reaching safepoint: 11833 ns, Cleanup: 374833 ns, At safepoint: 3875 ns, Total: 390541 ns
[2025-06-06T08:18:21.418+0000][76063][info ][safepoint   ] Safepoint "Cleanup", Time since last: 35031816584 ns, Reaching safepoint: 104291 ns, Cleanup: 70792 ns, At safepoint: 3208 ns, Total: 178291 ns
[2025-06-06T08:18:42.496+0000][76063][info ][safepoint   ] Safepoint "Cleanup", Time since last: 21077949459 ns, Reaching safepoint: 53833 ns, Cleanup: 321500 ns, At safepoint: 2458 ns, Total: 377791 ns
[2025-06-06T08:18:43.800+0000][76063][info ][safepoint   ] Safepoint "Cleanup", Time since last: 1303623334 ns, Reaching safepoint: 5000 ns, Cleanup: 517125 ns, At safepoint: 3375 ns, Total: 525500 ns
[2025-06-06T08:18:44.828+0000][76063][info ][gc,heap,exit] Heap
[2025-06-06T08:18:44.828+0000][76063][info ][gc,heap,exit]  garbage-first heap   total 8388608K, used 461460K [0x0000000600000000, 0x0000000800000000)
[2025-06-06T08:18:44.828+0000][76063][info ][gc,heap,exit]   region size 4096K, 105 young (430080K), 18 survivors (73728K)
[2025-06-06T08:18:44.828+0000][76063][info ][gc,heap,exit]  Metaspace       used 124668K, committed 127936K, reserved 1179648K
[2025-06-06T08:18:44.828+0000][76063][info ][gc,heap,exit]   class space    used 16977K, committed 18432K, reserved 1048576K
