[2025-06-08T03:38:58.300+0000][2686][info][gc,init] CardTable entry size: 512
[2025-06-08T03:38:58.301+0000][2686][info][gc     ] Using G1
[2025-06-08T03:38:59.776+0000][2686][info][gc,init] Version: 21+35-2513 (release)
[2025-06-08T03:38:59.776+0000][2686][info][gc,init] CPUs: 8 total, 8 available
[2025-06-08T03:38:59.776+0000][2686][info][gc,init] Memory: 16384M
[2025-06-08T03:38:59.776+0000][2686][info][gc,init] Large Page Support: Disabled
[2025-06-08T03:38:59.776+0000][2686][info][gc,init] NUMA Support: Disabled
[2025-06-08T03:38:59.776+0000][2686][info][gc,init] Compressed Oops: Enabled (Zero based)
[2025-06-08T03:38:59.776+0000][2686][info][gc,init] Heap Region Size: 4M
[2025-06-08T03:38:59.776+0000][2686][info][gc,init] Heap Min Capacity: 8G
[2025-06-08T03:38:59.776+0000][2686][info][gc,init] Heap Initial Capacity: 8G
[2025-06-08T03:38:59.776+0000][2686][info][gc,init] Heap Max Capacity: 8G
[2025-06-08T03:38:59.776+0000][2686][info][gc,init] Pre-touch: Enabled
[2025-06-08T03:38:59.776+0000][2686][info][gc,init] Parallel Workers: 8
[2025-06-08T03:38:59.776+0000][2686][info][gc,init] Concurrent Workers: 2
[2025-06-08T03:38:59.776+0000][2686][info][gc,init] Concurrent Refinement Workers: 8
[2025-06-08T03:38:59.776+0000][2686][info][gc,init] Periodic GC: Disabled
[2025-06-08T03:38:59.781+0000][2686][info][gc,metaspace] CDS archive(s) mapped at: [0x0000000138000000-0x0000000138ca4000-0x0000000138ca4000), size 13254656, SharedBaseAddress: 0x0000000138000000, ArchiveRelocationMode: 1.
[2025-06-08T03:38:59.781+0000][2686][info][gc,metaspace] Compressed class space mapped at: 0x0000000139000000-0x0000000179000000, reserved size: 1073741824
[2025-06-08T03:38:59.781+0000][2686][info][gc,metaspace] Narrow klass base: 0x0000000138000000, Narrow klass shift: 0, Narrow klass range: 0x100000000
[2025-06-08T03:39:00.378+0000][2686][info][safepoint   ] Safepoint "ICBufferFull", Time since last: 591569875 ns, Reaching safepoint: 158375 ns, Cleanup: 1425500 ns, At safepoint: 389291 ns, Total: 1973166 ns
[2025-06-08T03:39:01.359+0000][2686][info][safepoint   ] Safepoint "ICBufferFull", Time since last: 979659459 ns, Reaching safepoint: 2625 ns, Cleanup: 1409958 ns, At safepoint: 2125 ns, Total: 1414708 ns
[2025-06-08T03:39:01.724+0000][2686][info][safepoint   ] Safepoint "ICBufferFull", Time since last: 363660000 ns, Reaching safepoint: 1917 ns, Cleanup: 1344833 ns, At safepoint: 444750 ns, Total: 1791500 ns
[2025-06-08T03:39:02.380+0000][2686][info][safepoint   ] Safepoint "ICBufferFull", Time since last: 654212667 ns, Reaching safepoint: 2083 ns, Cleanup: 1513250 ns, At safepoint: 10667 ns, Total: 1526000 ns
[2025-06-08T03:39:03.078+0000][2686][info][safepoint   ] Safepoint "ICBufferFull", Time since last: 696619458 ns, Reaching safepoint: 2417 ns, Cleanup: 1818125 ns, At safepoint: 89291 ns, Total: 1909833 ns
[2025-06-08T03:39:03.626+0000][2686][info][safepoint   ] Safepoint "ICBufferFull", Time since last: 546316167 ns, Reaching safepoint: 2708 ns, Cleanup: 1612542 ns, At safepoint: 2292 ns, Total: 1617542 ns
[2025-06-08T03:39:03.914+0000][2686][info][gc,start    ] GC(0) Pause Young (Concurrent Start) (Metadata GC Threshold)
[2025-06-08T03:39:03.914+0000][2686][info][gc,task     ] GC(0) Using 8 workers of 8 for evacuation
[2025-06-08T03:39:03.914+0000][2686][debug][gc,age      ] GC(0) Desired survivor size 27262976 bytes, new threshold 15 (max threshold 15)
[2025-06-08T03:39:03.942+0000][2686][info ][gc,phases   ] GC(0)   Pre Evacuate Collection Set: 0.7ms
[2025-06-08T03:39:03.942+0000][2686][info ][gc,phases   ] GC(0)   Merge Heap Roots: 0.3ms
[2025-06-08T03:39:03.942+0000][2686][info ][gc,phases   ] GC(0)   Evacuate Collection Set: 25.5ms
[2025-06-08T03:39:03.942+0000][2686][info ][gc,phases   ] GC(0)   Post Evacuate Collection Set: 0.8ms
[2025-06-08T03:39:03.942+0000][2686][info ][gc,phases   ] GC(0)   Other: 0.6ms
[2025-06-08T03:39:03.942+0000][2686][trace][gc,age      ] GC(0) Age table with threshold 15 (max threshold 15)
[2025-06-08T03:39:03.942+0000][2686][trace][gc,age      ] GC(0) - age   1:   12603392 bytes,   12603392 total
[2025-06-08T03:39:03.942+0000][2686][info ][gc,heap     ] GC(0) Eden regions: 74->0(98)
[2025-06-08T03:39:03.942+0000][2686][info ][gc,heap     ] GC(0) Survivor regions: 0->4(13)
[2025-06-08T03:39:03.942+0000][2686][info ][gc,heap     ] GC(0) Old regions: 1->1
[2025-06-08T03:39:03.942+0000][2686][info ][gc,heap     ] GC(0) Humongous regions: 0->0
[2025-06-08T03:39:03.942+0000][2686][info ][gc,metaspace] GC(0) Metaspace: 20964K(21504K)->20964K(21504K) NonClass: 18673K(18944K)->18673K(18944K) Class: 2291K(2560K)->2291K(2560K)
[2025-06-08T03:39:03.942+0000][2686][info ][gc          ] GC(0) Pause Young (Concurrent Start) (Metadata GC Threshold) 297M->13M(8192M) 28.209ms
[2025-06-08T03:39:03.942+0000][2686][info ][gc,cpu      ] GC(0) User=0.05s Sys=0.03s Real=0.03s
[2025-06-08T03:39:03.942+0000][2686][info ][gc          ] GC(1) Concurrent Mark Cycle
[2025-06-08T03:39:03.942+0000][2686][info ][gc,marking  ] GC(1) Concurrent Scan Root Regions
[2025-06-08T03:39:03.942+0000][2686][info ][safepoint   ] Safepoint "CollectForMetadataAllocation", Time since last: 286384541 ns, Reaching safepoint: 1959 ns, Cleanup: 721625 ns, At safepoint: 28850291 ns, Total: 29573875 ns
[2025-06-08T03:39:03.945+0000][2686][info ][gc,marking  ] GC(1) Concurrent Scan Root Regions 3.332ms
[2025-06-08T03:39:03.946+0000][2686][info ][gc,marking  ] GC(1) Concurrent Mark
[2025-06-08T03:39:03.946+0000][2686][info ][gc,marking  ] GC(1) Concurrent Mark From Roots
[2025-06-08T03:39:03.946+0000][2686][info ][gc,task     ] GC(1) Using 2 workers of 2 for marking
[2025-06-08T03:39:03.950+0000][2686][info ][gc,marking  ] GC(1) Concurrent Mark From Roots 3.533ms
[2025-06-08T03:39:03.950+0000][2686][info ][gc,marking  ] GC(1) Concurrent Preclean
[2025-06-08T03:39:03.950+0000][2686][info ][gc,marking  ] GC(1) Concurrent Preclean 0.011ms
[2025-06-08T03:39:03.950+0000][2686][info ][gc,start    ] GC(1) Pause Remark
[2025-06-08T03:39:03.960+0000][2686][info ][gc          ] GC(1) Pause Remark 15M->15M(8192M) 9.949ms
[2025-06-08T03:39:03.960+0000][2686][info ][gc,cpu      ] GC(1) User=0.02s Sys=0.02s Real=0.01s
[2025-06-08T03:39:03.960+0000][2686][info ][safepoint   ] Safepoint "G1PauseRemark", Time since last: 7419667 ns, Reaching safepoint: 587625 ns, Cleanup: 41042 ns, At safepoint: 10054875 ns, Total: 10683542 ns
[2025-06-08T03:39:03.960+0000][2686][info ][gc,marking  ] GC(1) Concurrent Mark 14.867ms
[2025-06-08T03:39:03.960+0000][2686][info ][gc,marking  ] GC(1) Concurrent Rebuild Remembered Sets and Scrub Regions
[2025-06-08T03:39:03.963+0000][2686][info ][gc,marking  ] GC(1) Concurrent Rebuild Remembered Sets and Scrub Regions 2.477ms
[2025-06-08T03:39:03.963+0000][2686][info ][gc,start    ] GC(1) Pause Cleanup
[2025-06-08T03:39:03.964+0000][2686][info ][gc          ] GC(1) Pause Cleanup 15M->15M(8192M) 0.164ms
[2025-06-08T03:39:03.964+0000][2686][info ][gc,cpu      ] GC(1) User=0.00s Sys=0.00s Real=0.00s
[2025-06-08T03:39:03.964+0000][2686][info ][safepoint   ] Safepoint "G1PauseCleanup", Time since last: 2622250 ns, Reaching safepoint: 345708 ns, Cleanup: 2667 ns, At safepoint: 196541 ns, Total: 544916 ns
[2025-06-08T03:39:03.964+0000][2686][info ][gc,marking  ] GC(1) Concurrent Clear Claimed Marks
[2025-06-08T03:39:03.964+0000][2686][info ][gc,marking  ] GC(1) Concurrent Clear Claimed Marks 0.014ms
[2025-06-08T03:39:03.964+0000][2686][info ][gc,marking  ] GC(1) Concurrent Cleanup for Next Mark
[2025-06-08T03:39:03.975+0000][2686][info ][gc,marking  ] GC(1) Concurrent Cleanup for Next Mark 11.180ms
[2025-06-08T03:39:03.975+0000][2686][info ][gc          ] GC(1) Concurrent Mark Cycle 33.064ms
[2025-06-08T03:39:04.756+0000][2686][info ][safepoint   ] Safepoint "ICBufferFull", Time since last: 789691042 ns, Reaching safepoint: 86667 ns, Cleanup: 2109875 ns, At safepoint: 223958 ns, Total: 2420500 ns
[2025-06-08T03:39:05.114+0000][2686][info ][safepoint   ] Safepoint "ICBufferFull", Time since last: 357316292 ns, Reaching safepoint: 2375 ns, Cleanup: 1358291 ns, At safepoint: 6084 ns, Total: 1366750 ns
[2025-06-08T03:39:05.381+0000][2686][info ][gc,start    ] GC(2) Pause Young (Prepare Mixed) (G1 Evacuation Pause)
[2025-06-08T03:39:05.381+0000][2686][info ][gc,task     ] GC(2) Using 8 workers of 8 for evacuation
[2025-06-08T03:39:05.381+0000][2686][debug][gc,age      ] GC(2) Desired survivor size 27262976 bytes, new threshold 15 (max threshold 15)
[2025-06-08T03:39:05.410+0000][2686][info ][gc,phases   ] GC(2)   Pre Evacuate Collection Set: 0.3ms
[2025-06-08T03:39:05.410+0000][2686][info ][gc,phases   ] GC(2)   Merge Heap Roots: 0.1ms
[2025-06-08T03:39:05.410+0000][2686][info ][gc,phases   ] GC(2)   Evacuate Collection Set: 28.0ms
[2025-06-08T03:39:05.410+0000][2686][info ][gc,phases   ] GC(2)   Post Evacuate Collection Set: 0.7ms
[2025-06-08T03:39:05.410+0000][2686][info ][gc,phases   ] GC(2)   Other: 0.1ms
[2025-06-08T03:39:05.410+0000][2686][trace][gc,age      ] GC(2) Age table with threshold 15 (max threshold 15)
[2025-06-08T03:39:05.410+0000][2686][trace][gc,age      ] GC(2) - age   1:    8674392 bytes,    8674392 total
[2025-06-08T03:39:05.410+0000][2686][trace][gc,age      ] GC(2) - age   2:   11676568 bytes,   20350960 total
[2025-06-08T03:39:05.411+0000][2686][info ][gc,heap     ] GC(2) Eden regions: 98->0(96)
[2025-06-08T03:39:05.411+0000][2686][info ][gc,heap     ] GC(2) Survivor regions: 4->6(13)
[2025-06-08T03:39:05.411+0000][2686][info ][gc,heap     ] GC(2) Old regions: 1->1
[2025-06-08T03:39:05.411+0000][2686][info ][gc,heap     ] GC(2) Humongous regions: 0->0
[2025-06-08T03:39:05.411+0000][2686][info ][gc,metaspace] GC(2) Metaspace: 28290K(28992K)->28290K(28992K) NonClass: 25057K(25472K)->25057K(25472K) Class: 3233K(3520K)->3233K(3520K)
[2025-06-08T03:39:05.411+0000][2686][info ][gc          ] GC(2) Pause Young (Prepare Mixed) (G1 Evacuation Pause) 405M->22M(8192M) 29.285ms
[2025-06-08T03:39:05.411+0000][2686][info ][gc,cpu      ] GC(2) User=0.05s Sys=0.04s Real=0.03s
[2025-06-08T03:39:05.411+0000][2686][info ][safepoint   ] Safepoint "G1CollectForAllocation", Time since last: 266139875 ns, Reaching safepoint: 2291 ns, Cleanup: 742125 ns, At safepoint: 29442375 ns, Total: 30186791 ns
[2025-06-08T03:39:06.659+0000][2686][info ][safepoint   ] Safepoint "Cleanup", Time since last: 1245375334 ns, Reaching safepoint: 55708 ns, Cleanup: 2692250 ns, At safepoint: 8125 ns, Total: 2756083 ns
[2025-06-08T03:39:06.750+0000][2686][info ][gc,start    ] GC(3) Pause Young (Mixed) (G1 Evacuation Pause)
[2025-06-08T03:39:06.750+0000][2686][info ][gc,task     ] GC(3) Using 8 workers of 8 for evacuation
[2025-06-08T03:39:06.750+0000][2686][debug][gc,age      ] GC(3) Desired survivor size 27262976 bytes, new threshold 15 (max threshold 15)
[2025-06-08T03:39:06.776+0000][2686][info ][gc,phases   ] GC(3)   Pre Evacuate Collection Set: 0.3ms
[2025-06-08T03:39:06.777+0000][2686][info ][gc,phases   ] GC(3)   Merge Heap Roots: 0.1ms
[2025-06-08T03:39:06.777+0000][2686][info ][gc,phases   ] GC(3)   Evacuate Collection Set: 25.3ms
[2025-06-08T03:39:06.777+0000][2686][info ][gc,phases   ] GC(3)   Post Evacuate Collection Set: 0.8ms
[2025-06-08T03:39:06.777+0000][2686][info ][gc,phases   ] GC(3)   Other: 0.1ms
[2025-06-08T03:39:06.777+0000][2686][trace][gc,age      ] GC(3) Age table with threshold 15 (max threshold 15)
[2025-06-08T03:39:06.777+0000][2686][trace][gc,age      ] GC(3) - age   1:    5525896 bytes,    5525896 total
[2025-06-08T03:39:06.777+0000][2686][trace][gc,age      ] GC(3) - age   2:    8105240 bytes,   13631136 total
[2025-06-08T03:39:06.777+0000][2686][trace][gc,age      ] GC(3) - age   3:   11675176 bytes,   25306312 total
[2025-06-08T03:39:06.777+0000][2686][info ][gc,heap     ] GC(3) Eden regions: 96->0(95)
[2025-06-08T03:39:06.777+0000][2686][info ][gc,heap     ] GC(3) Survivor regions: 6->7(13)
[2025-06-08T03:39:06.777+0000][2686][info ][gc,heap     ] GC(3) Old regions: 1->1
[2025-06-08T03:39:06.777+0000][2686][info ][gc,heap     ] GC(3) Humongous regions: 0->0
[2025-06-08T03:39:06.777+0000][2686][info ][gc,metaspace] GC(3) Metaspace: 33878K(34688K)->33878K(34688K) NonClass: 30009K(30464K)->30009K(30464K) Class: 3868K(4224K)->3868K(4224K)
[2025-06-08T03:39:06.777+0000][2686][info ][gc          ] GC(3) Pause Young (Mixed) (G1 Evacuation Pause) 406M->28M(8192M) 26.746ms
[2025-06-08T03:39:06.777+0000][2686][info ][gc,cpu      ] GC(3) User=0.07s Sys=0.03s Real=0.03s
[2025-06-08T03:39:06.777+0000][2686][info ][safepoint   ] Safepoint "G1CollectForAllocation", Time since last: 90073750 ns, Reaching safepoint: 2667 ns, Cleanup: 32000 ns, At safepoint: 27742333 ns, Total: 27777000 ns
[2025-06-08T03:39:07.348+0000][2686][info ][gc,start    ] GC(4) Pause Young (Concurrent Start) (Metadata GC Threshold)
[2025-06-08T03:39:07.348+0000][2686][info ][gc,task     ] GC(4) Using 8 workers of 8 for evacuation
[2025-06-08T03:39:07.348+0000][2686][debug][gc,age      ] GC(4) Desired survivor size 27262976 bytes, new threshold 15 (max threshold 15)
[2025-06-08T03:39:07.369+0000][2686][info ][gc,phases   ] GC(4)   Pre Evacuate Collection Set: 0.3ms
[2025-06-08T03:39:07.369+0000][2686][info ][gc,phases   ] GC(4)   Merge Heap Roots: 0.0ms
[2025-06-08T03:39:07.369+0000][2686][info ][gc,phases   ] GC(4)   Evacuate Collection Set: 19.2ms
[2025-06-08T03:39:07.369+0000][2686][info ][gc,phases   ] GC(4)   Post Evacuate Collection Set: 0.7ms
[2025-06-08T03:39:07.369+0000][2686][info ][gc,phases   ] GC(4)   Other: 0.1ms
[2025-06-08T03:39:07.369+0000][2686][trace][gc,age      ] GC(4) Age table with threshold 15 (max threshold 15)
[2025-06-08T03:39:07.369+0000][2686][trace][gc,age      ] GC(4) - age   1:    2833488 bytes,    2833488 total
[2025-06-08T03:39:07.369+0000][2686][trace][gc,age      ] GC(4) - age   2:    5507496 bytes,    8340984 total
[2025-06-08T03:39:07.369+0000][2686][trace][gc,age      ] GC(4) - age   3:    8099320 bytes,   16440304 total
[2025-06-08T03:39:07.369+0000][2686][trace][gc,age      ] GC(4) - age   4:   11666888 bytes,   28107192 total
[2025-06-08T03:39:07.369+0000][2686][info ][gc,heap     ] GC(4) Eden regions: 17->0(94)
[2025-06-08T03:39:07.369+0000][2686][info ][gc,heap     ] GC(4) Survivor regions: 7->8(13)
[2025-06-08T03:39:07.369+0000][2686][info ][gc,heap     ] GC(4) Old regions: 1->1
[2025-06-08T03:39:07.369+0000][2686][info ][gc,heap     ] GC(4) Humongous regions: 0->0
[2025-06-08T03:39:07.369+0000][2686][info ][gc,metaspace] GC(4) Metaspace: 35189K(35968K)->35189K(35968K) NonClass: 31157K(31616K)->31157K(31616K) Class: 4031K(4352K)->4031K(4352K)
[2025-06-08T03:39:07.369+0000][2686][info ][gc          ] GC(4) Pause Young (Concurrent Start) (Metadata GC Threshold) 94M->32M(8192M) 20.371ms
[2025-06-08T03:39:07.369+0000][2686][info ][gc,cpu      ] GC(4) User=0.05s Sys=0.01s Real=0.02s
[2025-06-08T03:39:07.369+0000][2686][info ][gc          ] GC(5) Concurrent Mark Cycle
[2025-06-08T03:39:07.369+0000][2686][info ][gc,marking  ] GC(5) Concurrent Scan Root Regions
[2025-06-08T03:39:07.369+0000][2686][info ][safepoint   ] Safepoint "CollectForMetadataAllocation", Time since last: 570728125 ns, Reaching safepoint: 3167 ns, Cleanup: 901833 ns, At safepoint: 20438667 ns, Total: 21343667 ns
[2025-06-08T03:39:07.373+0000][2686][info ][gc,marking  ] GC(5) Concurrent Scan Root Regions 4.210ms
[2025-06-08T03:39:07.373+0000][2686][info ][gc,marking  ] GC(5) Concurrent Mark
[2025-06-08T03:39:07.373+0000][2686][info ][gc,marking  ] GC(5) Concurrent Mark From Roots
[2025-06-08T03:39:07.373+0000][2686][info ][gc,task     ] GC(5) Using 2 workers of 2 for marking
[2025-06-08T03:39:07.374+0000][2686][info ][gc,marking  ] GC(5) Concurrent Mark From Roots 0.890ms
[2025-06-08T03:39:07.374+0000][2686][info ][gc,marking  ] GC(5) Concurrent Preclean
[2025-06-08T03:39:07.374+0000][2686][info ][gc,marking  ] GC(5) Concurrent Preclean 0.007ms
[2025-06-08T03:39:07.374+0000][2686][info ][gc,start    ] GC(5) Pause Remark
[2025-06-08T03:39:07.383+0000][2686][info ][gc          ] GC(5) Pause Remark 34M->34M(8192M) 8.567ms
[2025-06-08T03:39:07.383+0000][2686][info ][gc,cpu      ] GC(5) User=0.01s Sys=0.02s Real=0.01s
[2025-06-08T03:39:07.383+0000][2686][info ][safepoint   ] Safepoint "G1PauseRemark", Time since last: 5216416 ns, Reaching safepoint: 243459 ns, Cleanup: 5125 ns, At safepoint: 8614583 ns, Total: 8863167 ns
[2025-06-08T03:39:07.383+0000][2686][info ][gc,marking  ] GC(5) Concurrent Mark 9.812ms
[2025-06-08T03:39:07.383+0000][2686][info ][gc,marking  ] GC(5) Concurrent Rebuild Remembered Sets and Scrub Regions
[2025-06-08T03:39:07.383+0000][2686][info ][gc,marking  ] GC(5) Concurrent Rebuild Remembered Sets and Scrub Regions 0.344ms
[2025-06-08T03:39:07.384+0000][2686][info ][gc,start    ] GC(5) Pause Cleanup
[2025-06-08T03:39:07.384+0000][2686][info ][gc          ] GC(5) Pause Cleanup 34M->34M(8192M) 0.093ms
[2025-06-08T03:39:07.384+0000][2686][info ][gc,cpu      ] GC(5) User=0.00s Sys=0.00s Real=0.00s
[2025-06-08T03:39:07.384+0000][2686][info ][safepoint   ] Safepoint "G1PauseCleanup", Time since last: 394917 ns, Reaching safepoint: 385000 ns, Cleanup: 8583 ns, At safepoint: 130250 ns, Total: 523833 ns
[2025-06-08T03:39:07.384+0000][2686][info ][gc,marking  ] GC(5) Concurrent Clear Claimed Marks
[2025-06-08T03:39:07.384+0000][2686][info ][gc,marking  ] GC(5) Concurrent Clear Claimed Marks 0.014ms
[2025-06-08T03:39:07.384+0000][2686][info ][gc,marking  ] GC(5) Concurrent Cleanup for Next Mark
[2025-06-08T03:39:07.388+0000][2686][info ][gc,marking  ] GC(5) Concurrent Cleanup for Next Mark 3.764ms
[2025-06-08T03:39:07.388+0000][2686][info ][gc          ] GC(5) Concurrent Mark Cycle 18.855ms
[2025-06-08T03:39:08.079+0000][2686][info ][gc,start    ] GC(6) Pause Young (Normal) (G1 Evacuation Pause)
[2025-06-08T03:39:08.079+0000][2686][info ][gc,task     ] GC(6) Using 8 workers of 8 for evacuation
[2025-06-08T03:39:08.079+0000][2686][debug][gc,age      ] GC(6) Desired survivor size 27262976 bytes, new threshold 4 (max threshold 15)
[2025-06-08T03:39:08.097+0000][2686][info ][gc,phases   ] GC(6)   Pre Evacuate Collection Set: 0.3ms
[2025-06-08T03:39:08.097+0000][2686][info ][gc,phases   ] GC(6)   Merge Heap Roots: 0.1ms
[2025-06-08T03:39:08.097+0000][2686][info ][gc,phases   ] GC(6)   Evacuate Collection Set: 16.8ms
[2025-06-08T03:39:08.097+0000][2686][info ][gc,phases   ] GC(6)   Post Evacuate Collection Set: 0.6ms
[2025-06-08T03:39:08.097+0000][2686][info ][gc,phases   ] GC(6)   Other: 0.1ms
[2025-06-08T03:39:08.097+0000][2686][trace][gc,age      ] GC(6) Age table with threshold 4 (max threshold 15)
[2025-06-08T03:39:08.097+0000][2686][trace][gc,age      ] GC(6) - age   1:    5527672 bytes,    5527672 total
[2025-06-08T03:39:08.097+0000][2686][trace][gc,age      ] GC(6) - age   2:    2817312 bytes,    8344984 total
[2025-06-08T03:39:08.097+0000][2686][trace][gc,age      ] GC(6) - age   3:    5505248 bytes,   13850232 total
[2025-06-08T03:39:08.097+0000][2686][trace][gc,age      ] GC(6) - age   4:    8097048 bytes,   21947280 total
[2025-06-08T03:39:08.097+0000][2686][info ][gc,heap     ] GC(6) Eden regions: 94->0(210)
[2025-06-08T03:39:08.097+0000][2686][info ][gc,heap     ] GC(6) Survivor regions: 8->6(13)
[2025-06-08T03:39:08.097+0000][2686][info ][gc,heap     ] GC(6) Old regions: 1->4
[2025-06-08T03:39:08.097+0000][2686][info ][gc,heap     ] GC(6) Humongous regions: 0->0
[2025-06-08T03:39:08.097+0000][2686][info ][gc,metaspace] GC(6) Metaspace: 35966K(36800K)->35966K(36800K) NonClass: 31816K(32320K)->31816K(32320K) Class: 4150K(4480K)->4150K(4480K)
[2025-06-08T03:39:08.097+0000][2686][info ][gc          ] GC(6) Pause Young (Normal) (G1 Evacuation Pause) 408M->36M(8192M) 17.964ms
[2025-06-08T03:39:08.097+0000][2686][info ][gc,cpu      ] GC(6) User=0.06s Sys=0.02s Real=0.02s
[2025-06-08T03:39:08.097+0000][2686][info ][safepoint   ] Safepoint "G1CollectForAllocation", Time since last: 694833667 ns, Reaching safepoint: 2541 ns, Cleanup: 545542 ns, At safepoint: 18016458 ns, Total: 18564541 ns
[2025-06-08T03:39:09.034+0000][2686][info ][safepoint   ] Safepoint "ICBufferFull", Time since last: 934736542 ns, Reaching safepoint: 38833 ns, Cleanup: 1640417 ns, At safepoint: 10792 ns, Total: 1690042 ns
[2025-06-08T03:39:10.038+0000][2686][info ][safepoint   ] Safepoint "Cleanup", Time since last: 1003016416 ns, Reaching safepoint: 50584 ns, Cleanup: 1322625 ns, At safepoint: 41166 ns, Total: 1414375 ns
[2025-06-08T03:39:10.678+0000][2686][info ][safepoint   ] Safepoint "ICBufferFull", Time since last: 638583875 ns, Reaching safepoint: 22084 ns, Cleanup: 1371458 ns, At safepoint: 9250 ns, Total: 1402792 ns
[2025-06-08T03:39:11.152+0000][2686][info ][gc,start    ] GC(7) Pause Young (Concurrent Start) (Metadata GC Threshold)
[2025-06-08T03:39:11.152+0000][2686][info ][gc,task     ] GC(7) Using 8 workers of 8 for evacuation
[2025-06-08T03:39:11.152+0000][2686][debug][gc,age      ] GC(7) Desired survivor size 56623104 bytes, new threshold 15 (max threshold 15)
[2025-06-08T03:39:11.175+0000][2686][info ][gc,phases   ] GC(7)   Pre Evacuate Collection Set: 0.3ms
[2025-06-08T03:39:11.175+0000][2686][info ][gc,phases   ] GC(7)   Merge Heap Roots: 0.1ms
[2025-06-08T03:39:11.175+0000][2686][info ][gc,phases   ] GC(7)   Evacuate Collection Set: 20.8ms
[2025-06-08T03:39:11.175+0000][2686][info ][gc,phases   ] GC(7)   Post Evacuate Collection Set: 1.1ms
[2025-06-08T03:39:11.175+0000][2686][info ][gc,phases   ] GC(7)   Other: 0.1ms
[2025-06-08T03:39:11.175+0000][2686][trace][gc,age      ] GC(7) Age table with threshold 15 (max threshold 15)
[2025-06-08T03:39:11.175+0000][2686][trace][gc,age      ] GC(7) - age   1:   25415920 bytes,   25415920 total
[2025-06-08T03:39:11.175+0000][2686][trace][gc,age      ] GC(7) - age   2:    3594600 bytes,   29010520 total
[2025-06-08T03:39:11.175+0000][2686][trace][gc,age      ] GC(7) - age   3:    2791720 bytes,   31802240 total
[2025-06-08T03:39:11.175+0000][2686][trace][gc,age      ] GC(7) - age   4:    5490976 bytes,   37293216 total
[2025-06-08T03:39:11.175+0000][2686][trace][gc,age      ] GC(7) - age   5:    8066216 bytes,   45359432 total
[2025-06-08T03:39:11.175+0000][2686][info ][gc,heap     ] GC(7) Eden regions: 127->0(99)
[2025-06-08T03:39:11.175+0000][2686][info ][gc,heap     ] GC(7) Survivor regions: 6->12(27)
[2025-06-08T03:39:11.175+0000][2686][info ][gc,heap     ] GC(7) Old regions: 4->4
[2025-06-08T03:39:11.175+0000][2686][info ][gc,heap     ] GC(7) Humongous regions: 0->0
[2025-06-08T03:39:11.175+0000][2686][info ][gc,metaspace] GC(7) Metaspace: 58723K(60096K)->58723K(60096K) NonClass: 51467K(52288K)->51467K(52288K) Class: 7256K(7808K)->7256K(7808K)
[2025-06-08T03:39:11.175+0000][2686][info ][gc          ] GC(7) Pause Young (Concurrent Start) (Metadata GC Threshold) 544M->59M(8192M) 22.616ms
[2025-06-08T03:39:11.175+0000][2686][info ][gc,cpu      ] GC(7) User=0.09s Sys=0.04s Real=0.02s
[2025-06-08T03:39:11.175+0000][2686][info ][gc          ] GC(8) Concurrent Mark Cycle
[2025-06-08T03:39:11.175+0000][2686][info ][gc,marking  ] GC(8) Concurrent Scan Root Regions
[2025-06-08T03:39:11.175+0000][2686][info ][safepoint   ] Safepoint "CollectForMetadataAllocation", Time since last: 472942833 ns, Reaching safepoint: 2209 ns, Cleanup: 1065291 ns, At safepoint: 22734667 ns, Total: 23802167 ns
[2025-06-08T03:39:11.186+0000][2686][info ][gc,marking  ] GC(8) Concurrent Scan Root Regions 11.338ms
[2025-06-08T03:39:11.186+0000][2686][info ][gc,marking  ] GC(8) Concurrent Mark
[2025-06-08T03:39:11.186+0000][2686][info ][gc,marking  ] GC(8) Concurrent Mark From Roots
[2025-06-08T03:39:11.186+0000][2686][info ][gc,task     ] GC(8) Using 2 workers of 2 for marking
[2025-06-08T03:39:11.194+0000][2686][info ][gc,marking  ] GC(8) Concurrent Mark From Roots 7.830ms
[2025-06-08T03:39:11.194+0000][2686][info ][gc,marking  ] GC(8) Concurrent Preclean
[2025-06-08T03:39:11.194+0000][2686][info ][gc,marking  ] GC(8) Concurrent Preclean 0.044ms
[2025-06-08T03:39:11.194+0000][2686][info ][gc,start    ] GC(8) Pause Remark
[2025-06-08T03:39:11.214+0000][2686][info ][gc          ] GC(8) Pause Remark 63M->63M(8192M) 19.432ms
[2025-06-08T03:39:11.214+0000][2686][info ][gc,cpu      ] GC(8) User=0.02s Sys=0.03s Real=0.02s
[2025-06-08T03:39:11.214+0000][2686][info ][safepoint   ] Safepoint "G1PauseRemark", Time since last: 19294917 ns, Reaching safepoint: 21958 ns, Cleanup: 2500 ns, At safepoint: 19494375 ns, Total: 19518833 ns
[2025-06-08T03:39:11.214+0000][2686][info ][gc,marking  ] GC(8) Concurrent Mark 27.513ms
[2025-06-08T03:39:11.214+0000][2686][info ][gc,marking  ] GC(8) Concurrent Rebuild Remembered Sets and Scrub Regions
[2025-06-08T03:39:11.216+0000][2686][info ][gc,marking  ] GC(8) Concurrent Rebuild Remembered Sets and Scrub Regions 2.618ms
[2025-06-08T03:39:11.217+0000][2686][info ][gc,start    ] GC(8) Pause Cleanup
[2025-06-08T03:39:11.217+0000][2686][info ][gc          ] GC(8) Pause Cleanup 63M->63M(8192M) 0.153ms
[2025-06-08T03:39:11.217+0000][2686][info ][gc,cpu      ] GC(8) User=0.00s Sys=0.00s Real=0.00s
[2025-06-08T03:39:11.217+0000][2686][info ][safepoint   ] Safepoint "G1PauseCleanup", Time since last: 2676708 ns, Reaching safepoint: 663292 ns, Cleanup: 11208 ns, At safepoint: 188709 ns, Total: 863209 ns
[2025-06-08T03:39:11.217+0000][2686][info ][gc,marking  ] GC(8) Concurrent Clear Claimed Marks
[2025-06-08T03:39:11.217+0000][2686][info ][gc,marking  ] GC(8) Concurrent Clear Claimed Marks 0.026ms
[2025-06-08T03:39:11.217+0000][2686][info ][gc,marking  ] GC(8) Concurrent Cleanup for Next Mark
[2025-06-08T03:39:11.228+0000][2686][info ][gc,marking  ] GC(8) Concurrent Cleanup for Next Mark 10.430ms
[2025-06-08T03:39:11.228+0000][2686][info ][gc          ] GC(8) Concurrent Mark Cycle 52.998ms
[2025-06-08T03:39:12.223+0000][2686][info ][safepoint   ] Safepoint "Cleanup", Time since last: 1004581250 ns, Reaching safepoint: 25833 ns, Cleanup: 1132375 ns, At safepoint: 35583 ns, Total: 1193791 ns
[2025-06-08T03:39:13.276+0000][2686][info ][safepoint   ] Safepoint "Cleanup", Time since last: 1051739292 ns, Reaching safepoint: 1833 ns, Cleanup: 1482417 ns, At safepoint: 13375 ns, Total: 1497625 ns
[2025-06-08T03:39:13.718+0000][2686][info ][gc,start    ] GC(9) Pause Young (Normal) (G1 Evacuation Pause)
[2025-06-08T03:39:13.718+0000][2686][info ][gc,task     ] GC(9) Using 8 workers of 8 for evacuation
[2025-06-08T03:39:13.718+0000][2686][debug][gc,age      ] GC(9) Desired survivor size 29360128 bytes, new threshold 3 (max threshold 15)
[2025-06-08T03:39:13.736+0000][2686][info ][gc,phases   ] GC(9)   Pre Evacuate Collection Set: 0.2ms
[2025-06-08T03:39:13.736+0000][2686][info ][gc,phases   ] GC(9)   Merge Heap Roots: 0.1ms
[2025-06-08T03:39:13.736+0000][2686][info ][gc,phases   ] GC(9)   Evacuate Collection Set: 16.8ms
[2025-06-08T03:39:13.736+0000][2686][info ][gc,phases   ] GC(9)   Post Evacuate Collection Set: 0.8ms
[2025-06-08T03:39:13.736+0000][2686][info ][gc,phases   ] GC(9)   Other: 0.1ms
[2025-06-08T03:39:13.736+0000][2686][trace][gc,age      ] GC(9) Age table with threshold 3 (max threshold 15)
[2025-06-08T03:39:13.736+0000][2686][trace][gc,age      ] GC(9) - age   1:    8007880 bytes,    8007880 total
[2025-06-08T03:39:13.736+0000][2686][trace][gc,age      ] GC(9) - age   2:   25048744 bytes,   33056624 total
[2025-06-08T03:39:13.736+0000][2686][trace][gc,age      ] GC(9) - age   3:    3536888 bytes,   36593512 total
[2025-06-08T03:39:13.736+0000][2686][info ][gc,heap     ] GC(9) Eden regions: 99->0(216)
[2025-06-08T03:39:13.736+0000][2686][info ][gc,heap     ] GC(9) Survivor regions: 12->10(14)
[2025-06-08T03:39:13.736+0000][2686][info ][gc,heap     ] GC(9) Old regions: 4->8
[2025-06-08T03:39:13.736+0000][2686][info ][gc,heap     ] GC(9) Humongous regions: 0->0
[2025-06-08T03:39:13.736+0000][2686][info ][gc,metaspace] GC(9) Metaspace: 79775K(81408K)->79775K(81408K) NonClass: 69432K(70400K)->69432K(70400K) Class: 10343K(11008K)->10343K(11008K)
[2025-06-08T03:39:13.736+0000][2686][info ][gc          ] GC(9) Pause Young (Normal) (G1 Evacuation Pause) 455M->67M(8192M) 18.109ms
[2025-06-08T03:39:13.736+0000][2686][info ][gc,cpu      ] GC(9) User=0.08s Sys=0.03s Real=0.02s
[2025-06-08T03:39:13.736+0000][2686][info ][safepoint   ] Safepoint "G1CollectForAllocation", Time since last: 441047792 ns, Reaching safepoint: 2500 ns, Cleanup: 688166 ns, At safepoint: 18154042 ns, Total: 18844708 ns
[2025-06-08T03:39:14.640+0000][2686][info ][safepoint   ] Safepoint "ICBufferFull", Time since last: 902210083 ns, Reaching safepoint: 2375 ns, Cleanup: 1579334 ns, At safepoint: 2333 ns, Total: 1584042 ns
[2025-06-08T03:39:15.151+0000][2686][info ][gc,start    ] GC(10) Pause Young (Concurrent Start) (Metadata GC Threshold)
[2025-06-08T03:39:15.151+0000][2686][info ][gc,task     ] GC(10) Using 8 workers of 8 for evacuation
[2025-06-08T03:39:15.151+0000][2686][debug][gc,age      ] GC(10) Desired survivor size 50331648 bytes, new threshold 15 (max threshold 15)
[2025-06-08T03:39:15.168+0000][2686][info ][gc,phases   ] GC(10)   Pre Evacuate Collection Set: 0.3ms
[2025-06-08T03:39:15.168+0000][2686][info ][gc,phases   ] GC(10)   Merge Heap Roots: 0.1ms
[2025-06-08T03:39:15.168+0000][2686][info ][gc,phases   ] GC(10)   Evacuate Collection Set: 14.9ms
[2025-06-08T03:39:15.168+0000][2686][info ][gc,phases   ] GC(10)   Post Evacuate Collection Set: 1.2ms
[2025-06-08T03:39:15.168+0000][2686][info ][gc,phases   ] GC(10)   Other: 0.1ms
[2025-06-08T03:39:15.168+0000][2686][trace][gc,age      ] GC(10) Age table with threshold 15 (max threshold 15)
[2025-06-08T03:39:15.168+0000][2686][trace][gc,age      ] GC(10) - age   1:    7993864 bytes,    7993864 total
[2025-06-08T03:39:15.168+0000][2686][trace][gc,age      ] GC(10) - age   2:    7677832 bytes,   15671696 total
[2025-06-08T03:39:15.168+0000][2686][trace][gc,age      ] GC(10) - age   3:   24923352 bytes,   40595048 total
[2025-06-08T03:39:15.168+0000][2686][trace][gc,age      ] GC(10) - age   4:    3532008 bytes,   44127056 total
[2025-06-08T03:39:15.168+0000][2686][info ][gc,heap     ] GC(10) Eden regions: 33->0(304)
[2025-06-08T03:39:15.168+0000][2686][info ][gc,heap     ] GC(10) Survivor regions: 10->12(24)
[2025-06-08T03:39:15.168+0000][2686][info ][gc,heap     ] GC(10) Old regions: 8->8
[2025-06-08T03:39:15.168+0000][2686][info ][gc,heap     ] GC(10) Humongous regions: 0->0
[2025-06-08T03:39:15.168+0000][2686][info ][gc,metaspace] GC(10) Metaspace: 97626K(100288K)->97626K(100288K) NonClass: 84472K(85888K)->84472K(85888K) Class: 13154K(14400K)->13154K(14400K)
[2025-06-08T03:39:15.168+0000][2686][info ][gc          ] GC(10) Pause Young (Concurrent Start) (Metadata GC Threshold) 199M->74M(8192M) 16.768ms
[2025-06-08T03:39:15.168+0000][2686][info ][gc          ] GC(11) Concurrent Mark Cycle
[2025-06-08T03:39:15.168+0000][2686][info ][gc,cpu      ] GC(10) User=0.10s Sys=0.01s Real=0.01s
[2025-06-08T03:39:15.168+0000][2686][info ][gc,marking  ] GC(11) Concurrent Scan Root Regions
[2025-06-08T03:39:15.168+0000][2686][info ][safepoint   ] Safepoint "CollectForMetadataAllocation", Time since last: 510452917 ns, Reaching safepoint: 2958 ns, Cleanup: 1028875 ns, At safepoint: 16901208 ns, Total: 17933041 ns
[2025-06-08T03:39:15.182+0000][2686][info ][gc,marking  ] GC(11) Concurrent Scan Root Regions 13.521ms
[2025-06-08T03:39:15.182+0000][2686][info ][gc,marking  ] GC(11) Concurrent Mark
[2025-06-08T03:39:15.182+0000][2686][info ][gc,marking  ] GC(11) Concurrent Mark From Roots
[2025-06-08T03:39:15.182+0000][2686][info ][gc,task     ] GC(11) Using 2 workers of 2 for marking
[2025-06-08T03:39:15.194+0000][2686][info ][gc,marking  ] GC(11) Concurrent Mark From Roots 12.724ms
[2025-06-08T03:39:15.195+0000][2686][info ][gc,marking  ] GC(11) Concurrent Preclean
[2025-06-08T03:39:15.195+0000][2686][info ][gc,marking  ] GC(11) Concurrent Preclean 0.081ms
[2025-06-08T03:39:15.195+0000][2686][info ][gc,start    ] GC(11) Pause Remark
[2025-06-08T03:39:15.216+0000][2686][info ][gc          ] GC(11) Pause Remark 77M->77M(8192M) 21.114ms
[2025-06-08T03:39:15.216+0000][2686][info ][gc,cpu      ] GC(11) User=0.02s Sys=0.03s Real=0.02s
[2025-06-08T03:39:15.216+0000][2686][info ][safepoint   ] Safepoint "G1PauseRemark", Time since last: 26348292 ns, Reaching safepoint: 64292 ns, Cleanup: 2583 ns, At safepoint: 21214167 ns, Total: 21281042 ns
[2025-06-08T03:39:15.216+0000][2686][info ][gc,marking  ] GC(11) Concurrent Mark 34.172ms
[2025-06-08T03:39:15.216+0000][2686][info ][gc,marking  ] GC(11) Concurrent Rebuild Remembered Sets and Scrub Regions
[2025-06-08T03:39:15.220+0000][2686][info ][gc,marking  ] GC(11) Concurrent Rebuild Remembered Sets and Scrub Regions 4.255ms
[2025-06-08T03:39:15.221+0000][2686][info ][gc,start    ] GC(11) Pause Cleanup
[2025-06-08T03:39:15.221+0000][2686][info ][gc          ] GC(11) Pause Cleanup 77M->77M(8192M) 0.195ms
[2025-06-08T03:39:15.221+0000][2686][info ][gc,cpu      ] GC(11) User=0.00s Sys=0.00s Real=0.00s
[2025-06-08T03:39:15.221+0000][2686][info ][safepoint   ] Safepoint "G1PauseCleanup", Time since last: 4377291 ns, Reaching safepoint: 188750 ns, Cleanup: 13834 ns, At safepoint: 286458 ns, Total: 489042 ns
[2025-06-08T03:39:15.221+0000][2686][info ][gc,marking  ] GC(11) Concurrent Clear Claimed Marks
[2025-06-08T03:39:15.221+0000][2686][info ][gc,marking  ] GC(11) Concurrent Clear Claimed Marks 0.098ms
[2025-06-08T03:39:15.221+0000][2686][info ][gc,marking  ] GC(11) Concurrent Cleanup for Next Mark
[2025-06-08T03:39:15.225+0000][2686][info ][gc,marking  ] GC(11) Concurrent Cleanup for Next Mark 3.627ms
[2025-06-08T03:39:15.225+0000][2686][info ][gc          ] GC(11) Concurrent Mark Cycle 56.400ms
[2025-06-08T03:39:16.159+0000][2686][info ][safepoint   ] Safepoint "ICBufferFull", Time since last: 936310750 ns, Reaching safepoint: 2792 ns, Cleanup: 1392833 ns, At safepoint: 2458 ns, Total: 1398083 ns
[2025-06-08T03:39:16.811+0000][2686][info ][safepoint   ] Safepoint "ICBufferFull", Time since last: 651021334 ns, Reaching safepoint: 5875 ns, Cleanup: 1628833 ns, At safepoint: 11750 ns, Total: 1646458 ns
[2025-06-08T03:39:17.378+0000][2686][info ][safepoint   ] Safepoint "ICBufferFull", Time since last: 565278917 ns, Reaching safepoint: 4000 ns, Cleanup: 1529333 ns, At safepoint: 73667 ns, Total: 1607000 ns
[2025-06-08T03:39:18.616+0000][2686][info ][safepoint   ] Safepoint "Cleanup", Time since last: 1235772041 ns, Reaching safepoint: 6084 ns, Cleanup: 1681833 ns, At safepoint: 2917 ns, Total: 1690834 ns
[2025-06-08T03:39:19.620+0000][2686][info ][safepoint   ] Safepoint "Cleanup", Time since last: 1004362500 ns, Reaching safepoint: 6625 ns, Cleanup: 149250 ns, At safepoint: 2916 ns, Total: 158791 ns
[2025-06-08T03:39:22.635+0000][2686][info ][safepoint   ] Safepoint "Cleanup", Time since last: 3015115834 ns, Reaching safepoint: 6958 ns, Cleanup: 80875 ns, At safepoint: 2625 ns, Total: 90458 ns
[2025-06-08T03:39:23.638+0000][2686][info ][safepoint   ] Safepoint "Cleanup", Time since last: 1002454208 ns, Reaching safepoint: 5000 ns, Cleanup: 56292 ns, At safepoint: 2625 ns, Total: 63917 ns
[2025-06-08T03:39:27.649+0000][2686][info ][safepoint   ] Safepoint "Cleanup", Time since last: 4010811708 ns, Reaching safepoint: 7292 ns, Cleanup: 72875 ns, At safepoint: 3000 ns, Total: 83167 ns
[2025-06-08T03:39:28.653+0000][2686][info ][safepoint   ] Safepoint "Cleanup", Time since last: 1004489542 ns, Reaching safepoint: 7625 ns, Cleanup: 102458 ns, At safepoint: 2917 ns, Total: 113000 ns
[2025-06-08T03:39:38.697+0000][2686][info ][safepoint   ] Safepoint "Cleanup", Time since last: 10043188416 ns, Reaching safepoint: 77209 ns, Cleanup: 62041 ns, At safepoint: 3375 ns, Total: 142625 ns
[2025-06-08T03:39:41.708+0000][2686][info ][safepoint   ] Safepoint "Cleanup", Time since last: 3010726834 ns, Reaching safepoint: 5833 ns, Cleanup: 56750 ns, At safepoint: 2167 ns, Total: 64750 ns
[2025-06-08T03:39:46.732+0000][2686][info ][safepoint   ] Safepoint "Cleanup", Time since last: 5023700750 ns, Reaching safepoint: 3500 ns, Cleanup: 204500 ns, At safepoint: 2125 ns, Total: 210125 ns
[2025-06-08T03:39:47.737+0000][2686][info ][safepoint   ] Safepoint "Cleanup", Time since last: 1005244333 ns, Reaching safepoint: 5417 ns, Cleanup: 106208 ns, At safepoint: 2292 ns, Total: 113917 ns
[2025-06-08T03:40:12.589+0000][2686][info ][safepoint   ] Safepoint "Cleanup", Time since last: 24851311083 ns, Reaching safepoint: 33542 ns, Cleanup: 78750 ns, At safepoint: 3125 ns, Total: 115417 ns
[2025-06-08T03:40:13.591+0000][2686][info ][safepoint   ] Safepoint "Cleanup", Time since last: 1002083083 ns, Reaching safepoint: 5583 ns, Cleanup: 41334 ns, At safepoint: 2125 ns, Total: 49042 ns
[2025-06-08T03:40:14.592+0000][2686][info ][safepoint   ] Safepoint "Cleanup", Time since last: 1001030541 ns, Reaching safepoint: 5584 ns, Cleanup: 92541 ns, At safepoint: 2792 ns, Total: 100917 ns
[2025-06-08T03:40:16.602+0000][2686][info ][safepoint   ] Safepoint "Cleanup", Time since last: 2010083708 ns, Reaching safepoint: 5292 ns, Cleanup: 39083 ns, At safepoint: 2459 ns, Total: 46834 ns
[2025-06-08T03:40:17.606+0000][2686][info ][safepoint   ] Safepoint "Cleanup", Time since last: 1003267041 ns, Reaching safepoint: 5709 ns, Cleanup: 48541 ns, At safepoint: 2167 ns, Total: 56417 ns
[2025-06-08T03:40:18.609+0000][2686][info ][safepoint   ] Safepoint "Cleanup", Time since last: 1003028792 ns, Reaching safepoint: 6375 ns, Cleanup: 56041 ns, At safepoint: 2084 ns, Total: 64500 ns
[2025-06-08T03:40:23.630+0000][2686][info ][safepoint   ] Safepoint "Cleanup", Time since last: 5021591000 ns, Reaching safepoint: 7916 ns, Cleanup: 66000 ns, At safepoint: 2625 ns, Total: 76541 ns
[2025-06-08T03:40:26.642+0000][2686][info ][safepoint   ] Safepoint "Cleanup", Time since last: 3011546542 ns, Reaching safepoint: 5375 ns, Cleanup: 59958 ns, At safepoint: 2625 ns, Total: 67958 ns
[2025-06-08T03:40:29.656+0000][2686][info ][safepoint   ] Safepoint "Cleanup", Time since last: 3013910292 ns, Reaching safepoint: 7000 ns, Cleanup: 65083 ns, At safepoint: 3292 ns, Total: 75375 ns
[2025-06-08T03:40:36.691+0000][2686][info ][safepoint   ] Safepoint "Cleanup", Time since last: 7035136417 ns, Reaching safepoint: 26916 ns, Cleanup: 41542 ns, At safepoint: 1792 ns, Total: 70250 ns
[2025-06-08T03:40:38.702+0000][2686][info ][safepoint   ] Safepoint "Cleanup", Time since last: 2010850125 ns, Reaching safepoint: 4875 ns, Cleanup: 46500 ns, At safepoint: 2166 ns, Total: 53541 ns
[2025-06-08T03:40:40.713+0000][2686][info ][safepoint   ] Safepoint "Cleanup", Time since last: 2010087834 ns, Reaching safepoint: 5291 ns, Cleanup: 11084 ns, At safepoint: 1500 ns, Total: 17875 ns
[2025-06-08T03:40:44.728+0000][2686][info ][safepoint   ] Safepoint "Cleanup", Time since last: 4015372333 ns, Reaching safepoint: 5125 ns, Cleanup: 101167 ns, At safepoint: 2500 ns, Total: 108792 ns
[2025-06-08T03:40:46.738+0000][2686][info ][safepoint   ] Safepoint "Cleanup", Time since last: 2010116333 ns, Reaching safepoint: 17083 ns, Cleanup: 106084 ns, At safepoint: 2208 ns, Total: 125375 ns
[2025-06-08T03:40:53.767+0000][2686][info ][safepoint   ] Safepoint "Cleanup", Time since last: 7028139583 ns, Reaching safepoint: 39917 ns, Cleanup: 86208 ns, At safepoint: 2875 ns, Total: 129000 ns
[2025-06-08T03:40:54.771+0000][2686][info ][safepoint   ] Safepoint "Cleanup", Time since last: 1004693917 ns, Reaching safepoint: 14375 ns, Cleanup: 83083 ns, At safepoint: 2667 ns, Total: 100125 ns
[2025-06-08T03:40:55.772+0000][2686][info ][safepoint   ] Safepoint "Cleanup", Time since last: 1000350375 ns, Reaching safepoint: 5667 ns, Cleanup: 39958 ns, At safepoint: 2333 ns, Total: 47958 ns
[2025-06-08T03:40:56.777+0000][2686][info ][safepoint   ] Safepoint "Cleanup", Time since last: 1005074750 ns, Reaching safepoint: 5500 ns, Cleanup: 62917 ns, At safepoint: 2625 ns, Total: 71042 ns
[2025-06-08T03:40:58.765+0000][2686][info ][safepoint   ] Safepoint "Cleanup", Time since last: 1988076333 ns, Reaching safepoint: 2834 ns, Cleanup: 59750 ns, At safepoint: 9708 ns, Total: 72292 ns
[2025-06-08T03:41:06.804+0000][2686][info ][safepoint   ] Safepoint "Cleanup", Time since last: 8038635292 ns, Reaching safepoint: 15083 ns, Cleanup: 129792 ns, At safepoint: 2625 ns, Total: 147500 ns
[2025-06-08T03:41:07.810+0000][2686][info ][safepoint   ] Safepoint "Cleanup", Time since last: 1005316625 ns, Reaching safepoint: 5416 ns, Cleanup: 53750 ns, At safepoint: 2417 ns, Total: 61583 ns
[2025-06-08T03:41:14.841+0000][2686][info ][safepoint   ] Safepoint "Cleanup", Time since last: 7031163125 ns, Reaching safepoint: 59000 ns, Cleanup: 66542 ns, At safepoint: 3416 ns, Total: 128958 ns
[2025-06-08T03:41:21.869+0000][2686][info ][safepoint   ] Safepoint "Cleanup", Time since last: 7028136250 ns, Reaching safepoint: 5625 ns, Cleanup: 54792 ns, At safepoint: 2250 ns, Total: 62667 ns
[2025-06-08T03:41:22.872+0000][2686][info ][safepoint   ] Safepoint "Cleanup", Time since last: 1002456208 ns, Reaching safepoint: 4875 ns, Cleanup: 83292 ns, At safepoint: 2833 ns, Total: 91000 ns
[2025-06-08T03:41:23.877+0000][2686][info ][safepoint   ] Safepoint "Cleanup", Time since last: 1005083375 ns, Reaching safepoint: 5084 ns, Cleanup: 65041 ns, At safepoint: 2542 ns, Total: 72667 ns
[2025-06-08T03:41:41.954+0000][2686][info ][safepoint   ] Safepoint "Cleanup", Time since last: 18076903833 ns, Reaching safepoint: 11750 ns, Cleanup: 108875 ns, At safepoint: 2834 ns, Total: 123459 ns
[2025-06-08T03:41:46.979+0000][2686][info ][safepoint   ] Safepoint "Cleanup", Time since last: 5025119000 ns, Reaching safepoint: 4916 ns, Cleanup: 45167 ns, At safepoint: 2042 ns, Total: 52125 ns
[2025-06-08T03:41:57.032+0000][2686][info ][safepoint   ] Safepoint "Cleanup", Time since last: 10052192208 ns, Reaching safepoint: 88125 ns, Cleanup: 70292 ns, At safepoint: 3166 ns, Total: 161583 ns
[2025-06-08T03:42:06.031+0000][2686][info ][safepoint   ] Safepoint "Cleanup", Time since last: 8999056959 ns, Reaching safepoint: 13625 ns, Cleanup: 64041 ns, At safepoint: 2334 ns, Total: 80000 ns
[2025-06-08T03:42:07.037+0000][2686][info ][safepoint   ] Safepoint "Cleanup", Time since last: 1005942291 ns, Reaching safepoint: 6750 ns, Cleanup: 119375 ns, At safepoint: 3000 ns, Total: 129125 ns
[2025-06-08T03:42:09.048+0000][2686][info ][safepoint   ] Safepoint "Cleanup", Time since last: 2010814459 ns, Reaching safepoint: 6833 ns, Cleanup: 69917 ns, At safepoint: 2083 ns, Total: 78833 ns
[2025-06-08T03:42:10.053+0000][2686][info ][safepoint   ] Safepoint "Cleanup", Time since last: 1005071042 ns, Reaching safepoint: 7291 ns, Cleanup: 64792 ns, At safepoint: 2708 ns, Total: 74791 ns
[2025-06-08T03:42:17.081+0000][2686][info ][safepoint   ] Safepoint "Cleanup", Time since last: 7027735834 ns, Reaching safepoint: 11416 ns, Cleanup: 79834 ns, At safepoint: 2791 ns, Total: 94041 ns
[2025-06-08T03:42:18.087+0000][2686][info ][safepoint   ] Safepoint "Cleanup", Time since last: 1005353834 ns, Reaching safepoint: 5791 ns, Cleanup: 60625 ns, At safepoint: 2792 ns, Total: 69208 ns
[2025-06-08T03:42:20.096+0000][2686][info ][safepoint   ] Safepoint "Cleanup", Time since last: 2009533583 ns, Reaching safepoint: 6167 ns, Cleanup: 66417 ns, At safepoint: 2083 ns, Total: 74667 ns
[2025-06-08T03:42:32.146+0000][2686][info ][safepoint   ] Safepoint "Cleanup", Time since last: 12049363292 ns, Reaching safepoint: 13333 ns, Cleanup: 67833 ns, At safepoint: 3250 ns, Total: 84416 ns
[2025-06-08T03:42:47.213+0000][2686][info ][safepoint   ] Safepoint "Cleanup", Time since last: 15066984750 ns, Reaching safepoint: 6334 ns, Cleanup: 109750 ns, At safepoint: 2208 ns, Total: 118292 ns
[2025-06-08T03:43:02.045+0000][2686][info ][safepoint   ] Safepoint "Cleanup", Time since last: 14831539417 ns, Reaching safepoint: 17708 ns, Cleanup: 79542 ns, At safepoint: 4416 ns, Total: 101666 ns
[2025-06-08T03:43:10.085+0000][2686][info ][safepoint   ] Safepoint "Cleanup", Time since last: 8039778167 ns, Reaching safepoint: 10917 ns, Cleanup: 65083 ns, At safepoint: 2625 ns, Total: 78625 ns
[2025-06-08T03:43:14.103+0000][2686][info ][safepoint   ] Safepoint "Cleanup", Time since last: 4018152542 ns, Reaching safepoint: 6416 ns, Cleanup: 74625 ns, At safepoint: 2167 ns, Total: 83208 ns
[2025-06-08T03:43:15.107+0000][2686][info ][safepoint   ] Safepoint "Cleanup", Time since last: 1003060250 ns, Reaching safepoint: 16417 ns, Cleanup: 128750 ns, At safepoint: 3083 ns, Total: 148250 ns
[2025-06-08T03:43:16.112+0000][2686][info ][safepoint   ] Safepoint "Cleanup", Time since last: 1005657083 ns, Reaching safepoint: 6875 ns, Cleanup: 73375 ns, At safepoint: 2750 ns, Total: 83000 ns
[2025-06-08T03:43:27.155+0000][2686][info ][safepoint   ] Safepoint "Cleanup", Time since last: 11042506792 ns, Reaching safepoint: 7375 ns, Cleanup: 14458 ns, At safepoint: 2167 ns, Total: 24000 ns
[2025-06-08T03:43:28.156+0000][2686][info ][safepoint   ] Safepoint "Cleanup", Time since last: 1001427125 ns, Reaching safepoint: 5375 ns, Cleanup: 8667 ns, At safepoint: 1791 ns, Total: 15833 ns
[2025-06-08T03:43:32.172+0000][2686][info ][safepoint   ] Safepoint "Cleanup", Time since last: 4015166917 ns, Reaching safepoint: 11875 ns, Cleanup: 126500 ns, At safepoint: 3167 ns, Total: 141542 ns
[2025-06-08T03:43:35.183+0000][2686][info ][safepoint   ] Safepoint "Cleanup", Time since last: 3011416958 ns, Reaching safepoint: 5667 ns, Cleanup: 77416 ns, At safepoint: 3209 ns, Total: 86292 ns
[2025-06-08T03:43:36.189+0000][2686][info ][safepoint   ] Safepoint "Cleanup", Time since last: 1005849541 ns, Reaching safepoint: 11834 ns, Cleanup: 146458 ns, At safepoint: 3250 ns, Total: 161542 ns
[2025-06-08T03:43:47.227+0000][2686][info ][safepoint   ] Safepoint "Cleanup", Time since last: 11037332208 ns, Reaching safepoint: 6209 ns, Cleanup: 57666 ns, At safepoint: 2125 ns, Total: 66000 ns
[2025-06-08T03:44:02.090+0000][2686][info ][safepoint   ] Safepoint "Cleanup", Time since last: 14862703292 ns, Reaching safepoint: 14750 ns, Cleanup: 104583 ns, At safepoint: 5584 ns, Total: 124917 ns
[2025-06-08T03:44:19.151+0000][2686][info ][safepoint   ] Safepoint "Cleanup", Time since last: 17060375916 ns, Reaching safepoint: 17334 ns, Cleanup: 331375 ns, At safepoint: 4541 ns, Total: 353250 ns
[2025-06-08T03:44:49.279+0000][2686][info ][safepoint   ] Safepoint "Cleanup", Time since last: 30127365542 ns, Reaching safepoint: 6917 ns, Cleanup: 72250 ns, At safepoint: 2125 ns, Total: 81292 ns
[2025-06-08T03:45:44.498+0000][2686][info ][safepoint   ] Safepoint "Cleanup", Time since last: 55218068375 ns, Reaching safepoint: 21708 ns, Cleanup: 105708 ns, At safepoint: 2375 ns, Total: 129791 ns
[2025-06-08T03:45:48.515+0000][2686][info ][safepoint   ] Safepoint "Cleanup", Time since last: 4016718875 ns, Reaching safepoint: 7250 ns, Cleanup: 61750 ns, At safepoint: 2542 ns, Total: 71542 ns
[2025-06-08T03:46:05.356+0000][2686][info ][safepoint   ] Safepoint "Cleanup", Time since last: 16841602208 ns, Reaching safepoint: 19959 ns, Cleanup: 81708 ns, At safepoint: 3792 ns, Total: 105459 ns
[2025-06-08T03:46:43.519+0000][2686][info ][safepoint   ] Safepoint "Cleanup", Time since last: 38161881500 ns, Reaching safepoint: 150375 ns, Cleanup: 143708 ns, At safepoint: 4000 ns, Total: 298083 ns
[2025-06-08T03:47:17.612+0000][2686][info ][safepoint   ] Safepoint "Cleanup", Time since last: 34092156917 ns, Reaching safepoint: 14125 ns, Cleanup: 45125 ns, At safepoint: 3708 ns, Total: 62958 ns
[2025-06-08T03:47:52.774+0000][2686][info ][safepoint   ] Safepoint "Cleanup", Time since last: 35161207125 ns, Reaching safepoint: 10750 ns, Cleanup: 65500 ns, At safepoint: 2958 ns, Total: 79208 ns
[2025-06-08T03:48:17.830+0000][2686][info ][safepoint   ] Safepoint "Cleanup", Time since last: 25056034584 ns, Reaching safepoint: 9250 ns, Cleanup: 55958 ns, At safepoint: 3333 ns, Total: 68541 ns
[2025-06-08T03:49:00.792+0000][2686][info ][safepoint   ] Safepoint "Cleanup", Time since last: 42961673750 ns, Reaching safepoint: 25334 ns, Cleanup: 51333 ns, At safepoint: 2875 ns, Total: 79542 ns
[2025-06-08T03:49:09.838+0000][2686][info ][safepoint   ] Safepoint "Cleanup", Time since last: 9045069375 ns, Reaching safepoint: 13708 ns, Cleanup: 56084 ns, At safepoint: 3125 ns, Total: 72917 ns
[2025-06-08T03:49:16.871+0000][2686][info ][safepoint   ] Safepoint "Cleanup", Time since last: 7033241875 ns, Reaching safepoint: 5250 ns, Cleanup: 36541 ns, At safepoint: 2334 ns, Total: 44125 ns
[2025-06-08T03:49:17.873+0000][2686][info ][safepoint   ] Safepoint "Cleanup", Time since last: 1001605500 ns, Reaching safepoint: 39750 ns, Cleanup: 41458 ns, At safepoint: 11875 ns, Total: 93083 ns
[2025-06-08T03:49:30.934+0000][2686][info ][safepoint   ] Safepoint "Cleanup", Time since last: 13060604833 ns, Reaching safepoint: 16542 ns, Cleanup: 101750 ns, At safepoint: 4167 ns, Total: 122459 ns
[2025-06-08T03:50:01.865+0000][2686][info ][safepoint   ] Safepoint "Cleanup", Time since last: 30931224583 ns, Reaching safepoint: 27417 ns, Cleanup: 94208 ns, At safepoint: 4625 ns, Total: 126250 ns
[2025-06-08T03:50:04.880+0000][2686][info ][safepoint   ] Safepoint "Cleanup", Time since last: 3014141208 ns, Reaching safepoint: 8459 ns, Cleanup: 69458 ns, At safepoint: 3500 ns, Total: 81417 ns
[2025-06-08T03:50:16.938+0000][2686][info ][safepoint   ] Safepoint "Cleanup", Time since last: 12058277042 ns, Reaching safepoint: 5333 ns, Cleanup: 41375 ns, At safepoint: 2292 ns, Total: 49000 ns
[2025-06-08T03:50:47.071+0000][2686][info ][safepoint   ] Safepoint "Cleanup", Time since last: 30132295708 ns, Reaching safepoint: 19458 ns, Cleanup: 60375 ns, At safepoint: 7125 ns, Total: 86958 ns
[2025-06-08T03:51:16.969+0000][2686][info ][safepoint   ] Safepoint "Cleanup", Time since last: 29897164750 ns, Reaching safepoint: 13209 ns, Cleanup: 104416 ns, At safepoint: 4292 ns, Total: 121917 ns
[2025-06-08T03:51:34.040+0000][2686][info ][safepoint   ] Safepoint "Cleanup", Time since last: 17071447042 ns, Reaching safepoint: 69458 ns, Cleanup: 69208 ns, At safepoint: 2917 ns, Total: 141583 ns
[2025-06-08T03:51:35.045+0000][2686][info ][safepoint   ] Safepoint "Cleanup", Time since last: 1004858750 ns, Reaching safepoint: 13042 ns, Cleanup: 69916 ns, At safepoint: 3375 ns, Total: 86333 ns
[2025-06-08T03:52:18.427+0000][2686][info ][safepoint   ] Safepoint "Cleanup", Time since last: 43380343625 ns, Reaching safepoint: 9459 ns, Cleanup: 286500 ns, At safepoint: 15125 ns, Total: 311084 ns
[2025-06-08T03:52:18.814+0000][2686][info ][safepoint   ] Safepoint "ICBufferFull", Time since last: 385892250 ns, Reaching safepoint: 5041 ns, Cleanup: 1037292 ns, At safepoint: 3167 ns, Total: 1045500 ns
[2025-06-08T03:52:19.080+0000][2686][info ][safepoint   ] Safepoint "ICBufferFull", Time since last: 264619875 ns, Reaching safepoint: 5750 ns, Cleanup: 1407208 ns, At safepoint: 10750 ns, Total: 1423708 ns
[2025-06-08T03:52:20.082+0000][2686][info ][safepoint   ] Safepoint "Cleanup", Time since last: 1002115000 ns, Reaching safepoint: 12625 ns, Cleanup: 449125 ns, At safepoint: 3375 ns, Total: 465125 ns
[2025-06-08T03:52:27.110+0000][2686][info ][safepoint   ] Safepoint "Cleanup", Time since last: 7028015667 ns, Reaching safepoint: 11625 ns, Cleanup: 63125 ns, At safepoint: 2583 ns, Total: 77333 ns
[2025-06-08T03:52:47.203+0000][2686][info ][safepoint   ] Safepoint "Cleanup", Time since last: 20092307375 ns, Reaching safepoint: 80333 ns, Cleanup: 80417 ns, At safepoint: 3167 ns, Total: 163917 ns
[2025-06-08T03:52:56.247+0000][2686][info ][safepoint   ] Safepoint "Cleanup", Time since last: 9043654125 ns, Reaching safepoint: 7208 ns, Cleanup: 63417 ns, At safepoint: 3041 ns, Total: 73666 ns
[2025-06-08T03:52:59.257+0000][2686][info ][safepoint   ] Safepoint "Cleanup", Time since last: 3009683917 ns, Reaching safepoint: 7917 ns, Cleanup: 48000 ns, At safepoint: 2416 ns, Total: 58333 ns
[2025-06-08T03:54:01.606+0000][2686][info ][safepoint   ] Safepoint "Cleanup", Time since last: 62329370084 ns, Reaching safepoint: 1127833 ns, Cleanup: 18329250 ns, At safepoint: 22583 ns, Total: 19479666 ns
[2025-06-08T03:54:46.820+0000][2686][info ][safepoint   ] Safepoint "Cleanup", Time since last: 45212816292 ns, Reaching safepoint: 72333 ns, Cleanup: 70750 ns, At safepoint: 3250 ns, Total: 146333 ns
[2025-06-08T03:57:39.383+0000][2686][info ][safepoint   ] Safepoint "Cleanup", Time since last: 172560644750 ns, Reaching safepoint: 109375 ns, Cleanup: 84667 ns, At safepoint: 3125 ns, Total: 197167 ns
[2025-06-08T03:59:17.729+0000][2686][info ][safepoint   ] Safepoint "Cleanup", Time since last: 98344109042 ns, Reaching safepoint: 107750 ns, Cleanup: 102666 ns, At safepoint: 3959 ns, Total: 214375 ns
[2025-06-08T03:59:42.834+0000][2686][info ][safepoint   ] Safepoint "Cleanup", Time since last: 25104639375 ns, Reaching safepoint: 137583 ns, Cleanup: 87833 ns, At safepoint: 2375 ns, Total: 227791 ns
[2025-06-08T03:59:44.845+0000][2686][info ][safepoint   ] Safepoint "Cleanup", Time since last: 2010795542 ns, Reaching safepoint: 6833 ns, Cleanup: 77417 ns, At safepoint: 2625 ns, Total: 86875 ns
[2025-06-08T04:00:11.924+0000][2686][info ][safepoint   ] Safepoint "Cleanup", Time since last: 27078314042 ns, Reaching safepoint: 86833 ns, Cleanup: 70750 ns, At safepoint: 3417 ns, Total: 161000 ns
[2025-06-08T04:00:13.934+0000][2686][info ][safepoint   ] Safepoint "Cleanup", Time since last: 2010370458 ns, Reaching safepoint: 7333 ns, Cleanup: 64709 ns, At safepoint: 2291 ns, Total: 74333 ns
[2025-06-08T04:00:14.939+0000][2686][info ][safepoint   ] Safepoint "Cleanup", Time since last: 1005067125 ns, Reaching safepoint: 7084 ns, Cleanup: 53416 ns, At safepoint: 2125 ns, Total: 62625 ns
[2025-06-08T04:00:17.955+0000][2686][info ][safepoint   ] Safepoint "Cleanup", Time since last: 3015071750 ns, Reaching safepoint: 6250 ns, Cleanup: 54459 ns, At safepoint: 2250 ns, Total: 62959 ns
[2025-06-08T04:00:39.051+0000][2686][info ][safepoint   ] Safepoint "Cleanup", Time since last: 21096368125 ns, Reaching safepoint: 136000 ns, Cleanup: 42541 ns, At safepoint: 2542 ns, Total: 181083 ns
[2025-06-08T04:00:47.089+0000][2686][info ][safepoint   ] Safepoint "Cleanup", Time since last: 8037867500 ns, Reaching safepoint: 6750 ns, Cleanup: 46333 ns, At safepoint: 2292 ns, Total: 55375 ns
[2025-06-08T04:01:27.008+0000][2686][info ][safepoint   ] Safepoint "Cleanup", Time since last: 39917673333 ns, Reaching safepoint: 178292 ns, Cleanup: 70958 ns, At safepoint: 3792 ns, Total: 253042 ns
[2025-06-08T04:01:48.115+0000][2686][info ][safepoint   ] Safepoint "Cleanup", Time since last: 21106362167 ns, Reaching safepoint: 8333 ns, Cleanup: 104667 ns, At safepoint: 8875 ns, Total: 121875 ns
[2025-06-08T04:02:25.219+0000][2686][info ][safepoint   ] Safepoint "Cleanup", Time since last: 37103143541 ns, Reaching safepoint: 159667 ns, Cleanup: 82875 ns, At safepoint: 3875 ns, Total: 246417 ns
[2025-06-08T04:02:29.230+0000][2686][info ][safepoint   ] Safepoint "Cleanup", Time since last: 4010872542 ns, Reaching safepoint: 8083 ns, Cleanup: 69333 ns, At safepoint: 2542 ns, Total: 79958 ns
[2025-06-08T04:02:48.298+0000][2686][info ][safepoint   ] Safepoint "Cleanup", Time since last: 19068033500 ns, Reaching safepoint: 7792 ns, Cleanup: 66875 ns, At safepoint: 3250 ns, Total: 77917 ns
[2025-06-08T04:03:17.193+0000][2686][info ][safepoint   ] Safepoint "Cleanup", Time since last: 28894647583 ns, Reaching safepoint: 9500 ns, Cleanup: 17042 ns, At safepoint: 1916 ns, Total: 28458 ns
[2025-06-08T04:05:48.699+0000][2686][info ][safepoint   ] Safepoint "Cleanup", Time since last: 151504060125 ns, Reaching safepoint: 16292 ns, Cleanup: 67958 ns, At safepoint: 2417 ns, Total: 86667 ns
[2025-06-08T04:07:18.061+0000][2686][info ][safepoint   ] Safepoint "Cleanup", Time since last: 89355119458 ns, Reaching safepoint: 19375 ns, Cleanup: 86417 ns, At safepoint: 2625 ns, Total: 108417 ns
[2025-06-08T04:08:48.423+0000][2686][info ][safepoint   ] Safepoint "Cleanup", Time since last: 90358905250 ns, Reaching safepoint: 66000 ns, Cleanup: 81292 ns, At safepoint: 6708 ns, Total: 154000 ns
[2025-06-08T04:09:13.444+0000][2686][info ][safepoint   ] Safepoint "Cleanup", Time since last: 25020034083 ns, Reaching safepoint: 8959 ns, Cleanup: 60958 ns, At safepoint: 2917 ns, Total: 72834 ns
[2025-06-08T04:09:15.458+0000][2686][info ][safepoint   ] Safepoint "Cleanup", Time since last: 2014044833 ns, Reaching safepoint: 7375 ns, Cleanup: 76125 ns, At safepoint: 3292 ns, Total: 86792 ns
[2025-06-08T04:09:16.468+0000][2686][info ][safepoint   ] Safepoint "Cleanup", Time since last: 1010077583 ns, Reaching safepoint: 8583 ns, Cleanup: 79459 ns, At safepoint: 2333 ns, Total: 90375 ns
[2025-06-08T04:09:17.474+0000][2686][info ][safepoint   ] Safepoint "Cleanup", Time since last: 1006400958 ns, Reaching safepoint: 8875 ns, Cleanup: 115042 ns, At safepoint: 3083 ns, Total: 127000 ns
[2025-06-08T04:09:48.671+0000][2686][info ][safepoint   ] Safepoint "Cleanup", Time since last: 31196234334 ns, Reaching safepoint: 6833 ns, Cleanup: 82500 ns, At safepoint: 2667 ns, Total: 92000 ns
[2025-06-08T04:09:57.737+0000][2686][info ][safepoint   ] Safepoint "Cleanup", Time since last: 9065473000 ns, Reaching safepoint: 7291 ns, Cleanup: 65834 ns, At safepoint: 2666 ns, Total: 75791 ns
[2025-06-08T04:10:14.666+0000][2686][info ][safepoint   ] Safepoint "Cleanup", Time since last: 16928944959 ns, Reaching safepoint: 40916 ns, Cleanup: 74792 ns, At safepoint: 2625 ns, Total: 118333 ns
[2025-06-08T04:11:16.821+0000][2686][info ][safepoint   ] Safepoint "Cleanup", Time since last: 62154063958 ns, Reaching safepoint: 57084 ns, Cleanup: 85083 ns, At safepoint: 4000 ns, Total: 146167 ns
[2025-06-08T04:11:19.842+0000][2686][info ][safepoint   ] Safepoint "Cleanup", Time since last: 3020607083 ns, Reaching safepoint: 69209 ns, Cleanup: 120833 ns, At safepoint: 2917 ns, Total: 192959 ns
[2025-06-08T04:11:48.028+0000][2686][info ][safepoint   ] Safepoint "Cleanup", Time since last: 28185486666 ns, Reaching safepoint: 11875 ns, Cleanup: 77959 ns, At safepoint: 2375 ns, Total: 92209 ns
[2025-06-08T04:12:37.111+0000][2686][info ][safepoint   ] Safepoint "Cleanup", Time since last: 49081697083 ns, Reaching safepoint: 22250 ns, Cleanup: 93417 ns, At safepoint: 4083 ns, Total: 119750 ns
[2025-06-08T04:12:48.193+0000][2686][info ][safepoint   ] Safepoint "Cleanup", Time since last: 11081850333 ns, Reaching safepoint: 7500 ns, Cleanup: 169542 ns, At safepoint: 3958 ns, Total: 181000 ns
[2025-06-08T04:14:18.294+0000][2686][info ][safepoint   ] Safepoint "Cleanup", Time since last: 90099274584 ns, Reaching safepoint: 35333 ns, Cleanup: 102917 ns, At safepoint: 14791 ns, Total: 153041 ns
[2025-06-08T04:15:05.209+0000][2686][info ][safepoint   ] Safepoint "Cleanup", Time since last: 46914519917 ns, Reaching safepoint: 9958 ns, Cleanup: 81459 ns, At safepoint: 7291 ns, Total: 98708 ns
[2025-06-08T04:15:19.297+0000][2686][info ][safepoint   ] Safepoint "Cleanup", Time since last: 14087335667 ns, Reaching safepoint: 19375 ns, Cleanup: 55375 ns, At safepoint: 2333 ns, Total: 77083 ns
[2025-06-08T04:15:41.441+0000][2686][info ][safepoint   ] Safepoint "Cleanup", Time since last: 22143101500 ns, Reaching safepoint: 14917 ns, Cleanup: 98250 ns, At safepoint: 2375 ns, Total: 115542 ns
[2025-06-08T04:15:48.481+0000][2686][info ][safepoint   ] Safepoint "Cleanup", Time since last: 7039909208 ns, Reaching safepoint: 7209 ns, Cleanup: 72041 ns, At safepoint: 3000 ns, Total: 82250 ns
[2025-06-08T04:16:47.735+0000][2686][info ][safepoint   ] Safepoint "Cleanup", Time since last: 59253363209 ns, Reaching safepoint: 96333 ns, Cleanup: 65000 ns, At safepoint: 2958 ns, Total: 164291 ns
[2025-06-08T04:17:47.858+0000][2686][info ][safepoint   ] Safepoint "Cleanup", Time since last: 60121325667 ns, Reaching safepoint: 153333 ns, Cleanup: 77417 ns, At safepoint: 3458 ns, Total: 234208 ns
[2025-06-08T04:18:47.796+0000][2686][info ][safepoint   ] Safepoint "Cleanup", Time since last: 59936860084 ns, Reaching safepoint: 81416 ns, Cleanup: 116709 ns, At safepoint: 6458 ns, Total: 204583 ns
[2025-06-08T04:19:47.995+0000][2686][info ][safepoint   ] Safepoint "Cleanup", Time since last: 60197849583 ns, Reaching safepoint: 51167 ns, Cleanup: 69500 ns, At safepoint: 3292 ns, Total: 123959 ns
[2025-06-08T04:20:16.871+0000][2686][info ][safepoint   ] Safepoint "Cleanup", Time since last: 28876345375 ns, Reaching safepoint: 7791 ns, Cleanup: 67709 ns, At safepoint: 2625 ns, Total: 78125 ns
[2025-06-08T04:20:17.877+0000][2686][info ][safepoint   ] Safepoint "Cleanup", Time since last: 1005412166 ns, Reaching safepoint: 8375 ns, Cleanup: 88042 ns, At safepoint: 2833 ns, Total: 99250 ns
[2025-06-08T04:20:18.882+0000][2686][info ][safepoint   ] Safepoint "Cleanup", Time since last: 1005082667 ns, Reaching safepoint: 14542 ns, Cleanup: 63458 ns, At safepoint: 2667 ns, Total: 80667 ns
[2025-06-08T04:21:17.994+0000][2686][info ][safepoint   ] Safepoint "Cleanup", Time since last: 59110458958 ns, Reaching safepoint: 21500 ns, Cleanup: 78833 ns, At safepoint: 3417 ns, Total: 103750 ns
[2025-06-08T04:22:01.185+0000][2686][info ][safepoint   ] Safepoint "Cleanup", Time since last: 43189734208 ns, Reaching safepoint: 368959 ns, Cleanup: 106333 ns, At safepoint: 4875 ns, Total: 480167 ns
[2025-06-08T04:22:18.077+0000][2686][info ][safepoint   ] Safepoint "Cleanup", Time since last: 16892156083 ns, Reaching safepoint: 29125 ns, Cleanup: 112750 ns, At safepoint: 3167 ns, Total: 145042 ns
[2025-06-08T04:22:48.197+0000][2686][info ][safepoint   ] Safepoint "Cleanup", Time since last: 30119293458 ns, Reaching safepoint: 129250 ns, Cleanup: 73542 ns, At safepoint: 3250 ns, Total: 206042 ns
[2025-06-08T04:23:50.427+0000][2686][info ][safepoint   ] Safepoint "Cleanup", Time since last: 62228379417 ns, Reaching safepoint: 184416 ns, Cleanup: 97375 ns, At safepoint: 3417 ns, Total: 285208 ns
[2025-06-08T04:24:18.509+0000][2686][info ][safepoint   ] Safepoint "Cleanup", Time since last: 28081473292 ns, Reaching safepoint: 7958 ns, Cleanup: 84667 ns, At safepoint: 2500 ns, Total: 95125 ns
[2025-06-08T04:44:49.481+0000][2686][info ][safepoint   ] Safepoint "Cleanup", Time since last: 281923209916 ns, Reaching safepoint: 227500 ns, Cleanup: 76500 ns, At safepoint: 3917 ns, Total: 307917 ns
[2025-06-08T04:44:52.508+0000][2686][info ][safepoint   ] Safepoint "Cleanup", Time since last: 3027781792 ns, Reaching safepoint: 20416 ns, Cleanup: 50834 ns, At safepoint: 4541 ns, Total: 75791 ns
[2025-06-08T04:49:01.366+0000][2686][info ][safepoint   ] Safepoint "Cleanup", Time since last: 2800148000 ns, Reaching safepoint: 3708 ns, Cleanup: 38875 ns, At safepoint: 8667 ns, Total: 51250 ns
[2025-06-08T05:08:25.682+0000][2686][info ][safepoint   ] Safepoint "Cleanup", Time since last: 41538443250 ns, Reaching safepoint: 9346333 ns, Cleanup: 201375 ns, At safepoint: 6625 ns, Total: 9554333 ns
[2025-06-08T05:11:06.505+0000][2686][info ][safepoint   ] Safepoint "Cleanup", Time since last: 160822055959 ns, Reaching safepoint: 23208 ns, Cleanup: 81167 ns, At safepoint: 3291 ns, Total: 107666 ns
[2025-06-08T05:11:09.518+0000][2686][info ][safepoint   ] Safepoint "Cleanup", Time since last: 3013083792 ns, Reaching safepoint: 17917 ns, Cleanup: 101708 ns, At safepoint: 3792 ns, Total: 123417 ns
[2025-06-08T05:11:26.599+0000][2686][info ][safepoint   ] Safepoint "Cleanup", Time since last: 17080454333 ns, Reaching safepoint: 197250 ns, Cleanup: 71417 ns, At safepoint: 2583 ns, Total: 271250 ns
[2025-06-08T05:12:34.818+0000][2686][info ][safepoint   ] Safepoint "Cleanup", Time since last: 68218337042 ns, Reaching safepoint: 395166 ns, Cleanup: 304959 ns, At safepoint: 6500 ns, Total: 706625 ns
[2025-06-08T05:12:58.842+0000][2686][info ][safepoint   ] Safepoint "Cleanup", Time since last: 24023055166 ns, Reaching safepoint: 36334 ns, Cleanup: 66666 ns, At safepoint: 2625 ns, Total: 105625 ns
[2025-06-08T05:13:30.977+0000][2686][info ][safepoint   ] Safepoint "Cleanup", Time since last: 32134654542 ns, Reaching safepoint: 14542 ns, Cleanup: 75833 ns, At safepoint: 3083 ns, Total: 93458 ns
[2025-06-08T05:16:55.800+0000][2686][info ][safepoint   ] Safepoint "Cleanup", Time since last: 204821918750 ns, Reaching safepoint: 34500 ns, Cleanup: 90875 ns, At safepoint: 4334 ns, Total: 129709 ns
[2025-06-08T05:17:26.978+0000][2686][info ][safepoint   ] Safepoint "Cleanup", Time since last: 31177411833 ns, Reaching safepoint: 215250 ns, Cleanup: 113500 ns, At safepoint: 4167 ns, Total: 332917 ns
[2025-06-08T05:17:55.976+0000][2686][info ][safepoint   ] Safepoint "Cleanup", Time since last: 28997331250 ns, Reaching safepoint: 8625 ns, Cleanup: 100250 ns, At safepoint: 2541 ns, Total: 111416 ns
[2025-06-08T05:18:26.124+0000][2686][info ][safepoint   ] Safepoint "Cleanup", Time since last: 30147935500 ns, Reaching safepoint: 190042 ns, Cleanup: 78417 ns, At safepoint: 3625 ns, Total: 272084 ns
[2025-06-08T05:18:56.210+0000][2686][info ][safepoint   ] Safepoint "Cleanup", Time since last: 30085853625 ns, Reaching safepoint: 8208 ns, Cleanup: 67917 ns, At safepoint: 3250 ns, Total: 79375 ns
[2025-06-08T05:19:56.429+0000][2686][info ][safepoint   ] Safepoint "Cleanup", Time since last: 60217982958 ns, Reaching safepoint: 26792 ns, Cleanup: 84416 ns, At safepoint: 3459 ns, Total: 114667 ns
[2025-06-08T05:20:26.546+0000][2686][info ][safepoint   ] Safepoint "Cleanup", Time since last: 30115578000 ns, Reaching safepoint: 933458 ns, Cleanup: 107000 ns, At safepoint: 11167 ns, Total: 1051625 ns
[2025-06-08T05:21:26.764+0000][2686][info ][safepoint   ] Safepoint "Cleanup", Time since last: 60217697250 ns, Reaching safepoint: 13708 ns, Cleanup: 79625 ns, At safepoint: 3500 ns, Total: 96833 ns
[2025-06-08T05:21:49.750+0000][2686][info ][safepoint   ] Safepoint "Cleanup", Time since last: 22985979708 ns, Reaching safepoint: 8000 ns, Cleanup: 102125 ns, At safepoint: 2584 ns, Total: 112709 ns
[2025-06-08T05:21:56.776+0000][2686][info ][safepoint   ] Safepoint "Cleanup", Time since last: 7025251458 ns, Reaching safepoint: 7542 ns, Cleanup: 174458 ns, At safepoint: 2917 ns, Total: 184917 ns
[2025-06-08T05:22:25.911+0000][2686][info ][safepoint   ] Safepoint "Cleanup", Time since last: 29134991625 ns, Reaching safepoint: 78000 ns, Cleanup: 66416 ns, At safepoint: 2834 ns, Total: 147250 ns
[2025-06-08T05:22:26.915+0000][2686][info ][safepoint   ] Safepoint "Cleanup", Time since last: 1004436333 ns, Reaching safepoint: 20000 ns, Cleanup: 76625 ns, At safepoint: 3125 ns, Total: 99750 ns
[2025-06-08T05:22:32.946+0000][2686][info ][safepoint   ] Safepoint "Cleanup", Time since last: 6030144083 ns, Reaching safepoint: 7709 ns, Cleanup: 58500 ns, At safepoint: 2583 ns, Total: 68792 ns
[2025-06-08T05:22:55.965+0000][2686][info ][safepoint   ] Safepoint "Cleanup", Time since last: 23019309708 ns, Reaching safepoint: 7500 ns, Cleanup: 76584 ns, At safepoint: 2416 ns, Total: 86500 ns
[2025-06-08T05:24:26.272+0000][2686][info ][safepoint   ] Safepoint "Cleanup", Time since last: 90305580584 ns, Reaching safepoint: 7500 ns, Cleanup: 54791 ns, At safepoint: 2250 ns, Total: 64541 ns
[2025-06-08T05:25:56.684+0000][2686][info ][safepoint   ] Safepoint "Cleanup", Time since last: 90410910000 ns, Reaching safepoint: 442667 ns, Cleanup: 111417 ns, At safepoint: 9041 ns, Total: 563125 ns
[2025-06-08T05:26:25.898+0000][2686][info ][safepoint   ] Safepoint "Cleanup", Time since last: 29213513250 ns, Reaching safepoint: 73000 ns, Cleanup: 82250 ns, At safepoint: 3042 ns, Total: 158292 ns
[2025-06-08T05:27:35.683+0000][2686][info ][safepoint   ] Safepoint "Cleanup", Time since last: 69784132292 ns, Reaching safepoint: 329750 ns, Cleanup: 149375 ns, At safepoint: 8416 ns, Total: 487541 ns
[2025-06-08T05:27:36.689+0000][2686][info ][safepoint   ] Safepoint "Cleanup", Time since last: 1005670709 ns, Reaching safepoint: 130875 ns, Cleanup: 873083 ns, At safepoint: 19167 ns, Total: 1023125 ns
[2025-06-08T05:27:37.695+0000][2686][info ][safepoint   ] Safepoint "Cleanup", Time since last: 1005093208 ns, Reaching safepoint: 9125 ns, Cleanup: 392958 ns, At safepoint: 3125 ns, Total: 405208 ns
[2025-06-08T05:27:55.555+0000][2686][info ][safepoint   ] Safepoint "Cleanup", Time since last: 17858839959 ns, Reaching safepoint: 34375 ns, Cleanup: 61375 ns, At safepoint: 734750 ns, Total: 830500 ns
[2025-06-08T05:30:35.917+0000][2686][info ][safepoint   ] Safepoint "Cleanup", Time since last: 160392815250 ns, Reaching safepoint: 248958 ns, Cleanup: 245917 ns, At safepoint: 4750 ns, Total: 499625 ns
[2025-06-08T05:34:20.561+0000][2686][info ][safepoint   ] Safepoint "Cleanup", Time since last: 224643449791 ns, Reaching safepoint: 15959 ns, Cleanup: 1290666 ns, At safepoint: 12334 ns, Total: 1318959 ns
[2025-06-08T05:34:20.961+0000][2686][info ][safepoint   ] Safepoint "ICBufferFull", Time since last: 399210916 ns, Reaching safepoint: 7959 ns, Cleanup: 1718666 ns, At safepoint: 10084 ns, Total: 1736709 ns
[2025-06-08T05:34:21.973+0000][2686][info ][safepoint   ] Safepoint "Cleanup", Time since last: 1010382375 ns, Reaching safepoint: 8166 ns, Cleanup: 642042 ns, At safepoint: 2708 ns, Total: 652916 ns
[2025-06-08T05:34:52.791+0000][2686][info ][safepoint   ] Safepoint "Cleanup", Time since last: 30817988000 ns, Reaching safepoint: 42792 ns, Cleanup: 79167 ns, At safepoint: 4208 ns, Total: 126167 ns
[2025-06-08T05:35:02.384+0000][2686][info ][safepoint   ] Safepoint "ICBufferFull", Time since last: 9592159792 ns, Reaching safepoint: 21166 ns, Cleanup: 1220584 ns, At safepoint: 7125 ns, Total: 1248875 ns
[2025-06-08T05:35:03.391+0000][2686][info ][safepoint   ] Safepoint "Cleanup", Time since last: 1005779416 ns, Reaching safepoint: 8334 ns, Cleanup: 1068875 ns, At safepoint: 2750 ns, Total: 1079959 ns
[2025-06-08T05:35:26.492+0000][2686][info ][safepoint   ] Safepoint "Cleanup", Time since last: 23101313833 ns, Reaching safepoint: 29083 ns, Cleanup: 159042 ns, At safepoint: 3583 ns, Total: 191708 ns
[2025-06-08T05:35:56.980+0000][2686][info ][safepoint   ] Safepoint "Cleanup", Time since last: 30487696125 ns, Reaching safepoint: 52125 ns, Cleanup: 77375 ns, At safepoint: 11209 ns, Total: 140709 ns
[2025-06-08T05:36:59.229+0000][2686][info ][safepoint   ] Safepoint "Cleanup", Time since last: 62248706000 ns, Reaching safepoint: 26708 ns, Cleanup: 81833 ns, At safepoint: 3709 ns, Total: 112250 ns
[2025-06-08T05:39:51.861+0000][2686][info ][safepoint   ] Safepoint "Cleanup", Time since last: 172632897416 ns, Reaching safepoint: 23625 ns, Cleanup: 117834 ns, At safepoint: 3833 ns, Total: 145292 ns
[2025-06-08T05:39:54.876+0000][2686][info ][safepoint   ] Safepoint "Cleanup", Time since last: 3014894292 ns, Reaching safepoint: 8541 ns, Cleanup: 114417 ns, At safepoint: 2167 ns, Total: 125125 ns
[2025-06-08T05:43:26.660+0000][2686][info ][safepoint   ] Safepoint "Cleanup", Time since last: 211783404916 ns, Reaching safepoint: 97334 ns, Cleanup: 104166 ns, At safepoint: 3709 ns, Total: 205209 ns
[2025-06-08T05:44:56.771+0000][2686][info ][safepoint   ] Safepoint "Cleanup", Time since last: 90110961333 ns, Reaching safepoint: 35750 ns, Cleanup: 334792 ns, At safepoint: 5500 ns, Total: 376042 ns
[2025-06-08T05:45:26.906+0000][2686][info ][safepoint   ] Safepoint "Cleanup", Time since last: 30135000166 ns, Reaching safepoint: 8584 ns, Cleanup: 103791 ns, At safepoint: 2792 ns, Total: 115167 ns
[2025-06-08T05:47:07.921+0000][2686][info ][safepoint   ] Safepoint "Cleanup", Time since last: 101015413292 ns, Reaching safepoint: 30875 ns, Cleanup: 111500 ns, At safepoint: 6291 ns, Total: 148666 ns
[2025-06-08T05:47:18.977+0000][2686][info ][safepoint   ] Safepoint "Cleanup", Time since last: 11055809209 ns, Reaching safepoint: 14708 ns, Cleanup: 97583 ns, At safepoint: 3209 ns, Total: 115500 ns
[2025-06-08T05:51:26.414+0000][2686][info ][safepoint   ] Safepoint "Cleanup", Time since last: 247436783291 ns, Reaching safepoint: 15459 ns, Cleanup: 57500 ns, At safepoint: 3666 ns, Total: 76625 ns
[2025-06-08T05:52:16.623+0000][2686][info ][safepoint   ] Safepoint "Cleanup", Time since last: 50209813292 ns, Reaching safepoint: 29167 ns, Cleanup: 73958 ns, At safepoint: 3542 ns, Total: 106667 ns
[2025-06-08T05:52:26.663+0000][2686][info ][safepoint   ] Safepoint "Cleanup", Time since last: 10039638291 ns, Reaching safepoint: 217584 ns, Cleanup: 91708 ns, At safepoint: 2708 ns, Total: 312000 ns
[2025-06-08T05:53:36.373+0000][2686][info ][safepoint   ] Safepoint "ICBufferFull", Time since last: 69708199542 ns, Reaching safepoint: 72625 ns, Cleanup: 1904167 ns, At safepoint: 4916 ns, Total: 1981708 ns
[2025-06-08T05:53:36.777+0000][2686][info ][safepoint   ] Safepoint "ICBufferFull", Time since last: 401663959 ns, Reaching safepoint: 7291 ns, Cleanup: 1737750 ns, At safepoint: 3542 ns, Total: 1748583 ns
[2025-06-08T05:53:37.783+0000][2686][info ][safepoint   ] Safepoint "Cleanup", Time since last: 1005284667 ns, Reaching safepoint: 8083 ns, Cleanup: 1260875 ns, At safepoint: 3542 ns, Total: 1272500 ns
[2025-06-08T05:53:54.713+0000][2686][info ][safepoint   ] Safepoint "Cleanup", Time since last: 16929238583 ns, Reaching safepoint: 10500 ns, Cleanup: 54750 ns, At safepoint: 2583 ns, Total: 67833 ns
[2025-06-08T05:53:56.724+0000][2686][info ][safepoint   ] Safepoint "Cleanup", Time since last: 2010853709 ns, Reaching safepoint: 8583 ns, Cleanup: 177208 ns, At safepoint: 2959 ns, Total: 188750 ns
[2025-06-08T05:54:56.950+0000][2686][info ][safepoint   ] Safepoint "Cleanup", Time since last: 60225934166 ns, Reaching safepoint: 42167 ns, Cleanup: 111042 ns, At safepoint: 8416 ns, Total: 161625 ns
[2025-06-08T05:55:57.176+0000][2686][info ][safepoint   ] Safepoint "Cleanup", Time since last: 60226460292 ns, Reaching safepoint: 242792 ns, Cleanup: 79916 ns, At safepoint: 3667 ns, Total: 326375 ns
[2025-06-08T05:57:27.352+0000][2686][info ][safepoint   ] Safepoint "Cleanup", Time since last: 90175597250 ns, Reaching safepoint: 116375 ns, Cleanup: 131750 ns, At safepoint: 3958 ns, Total: 252083 ns
[2025-06-08T05:57:56.429+0000][2686][info ][safepoint   ] Safepoint "Cleanup", Time since last: 29076636084 ns, Reaching safepoint: 10500 ns, Cleanup: 73125 ns, At safepoint: 3000 ns, Total: 86625 ns
[2025-06-08T06:01:25.231+0000][2686][info ][safepoint   ] Safepoint "Cleanup", Time since last: 208801428083 ns, Reaching safepoint: 233792 ns, Cleanup: 1544916 ns, At safepoint: 23209 ns, Total: 1801917 ns
[2025-06-08T06:01:26.300+0000][2686][info ][safepoint   ] Safepoint "Cleanup", Time since last: 1007220625 ns, Reaching safepoint: 34458 ns, Cleanup: 60972500 ns, At safepoint: 8083 ns, Total: 61015041 ns
[2025-06-08T06:02:52.567+0000][2686][info ][safepoint   ] Safepoint "Cleanup", Time since last: 86266389792 ns, Reaching safepoint: 105083 ns, Cleanup: 1215584 ns, At safepoint: 23041 ns, Total: 1343708 ns
[2025-06-08T06:02:54.519+0000][2686][info ][safepoint   ] Safepoint "Cleanup", Time since last: 1951323667 ns, Reaching safepoint: 28375 ns, Cleanup: 323083 ns, At safepoint: 2875 ns, Total: 354333 ns
[2025-06-08T06:02:56.527+0000][2686][info ][safepoint   ] Safepoint "Cleanup", Time since last: 2007505917 ns, Reaching safepoint: 6458 ns, Cleanup: 113167 ns, At safepoint: 2458 ns, Total: 122083 ns
[2025-06-08T06:03:32.684+0000][2686][info ][safepoint   ] Safepoint "Cleanup", Time since last: 36138604625 ns, Reaching safepoint: 150292 ns, Cleanup: 1228708 ns, At safepoint: 5709 ns, Total: 1384709 ns
[2025-06-08T06:05:27.050+0000][2686][info ][safepoint   ] Safepoint "Cleanup", Time since last: 114363651916 ns, Reaching safepoint: 87375 ns, Cleanup: 21750 ns, At safepoint: 2042 ns, Total: 111167 ns
[2025-06-08T06:07:36.502+0000][2686][info ][safepoint   ] Safepoint "Cleanup", Time since last: 129450326750 ns, Reaching safepoint: 169833 ns, Cleanup: 116625 ns, At safepoint: 4167 ns, Total: 290625 ns
[2025-06-08T06:07:37.508+0000][2686][info ][safepoint   ] Safepoint "Cleanup", Time since last: 1005509750 ns, Reaching safepoint: 8833 ns, Cleanup: 581167 ns, At safepoint: 2958 ns, Total: 592958 ns
[2025-06-08T06:07:55.555+0000][2686][info ][safepoint   ] Safepoint "Cleanup", Time since last: 18046447625 ns, Reaching safepoint: 12334 ns, Cleanup: 90041 ns, At safepoint: 2542 ns, Total: 104917 ns
[2025-06-08T06:10:27.061+0000][2686][info ][safepoint   ] Safepoint "Cleanup", Time since last: 151505544292 ns, Reaching safepoint: 246083 ns, Cleanup: 92375 ns, At safepoint: 4542 ns, Total: 343000 ns
[2025-06-08T06:13:28.678+0000][2686][info ][safepoint   ] Safepoint "Cleanup", Time since last: 181614838375 ns, Reaching safepoint: 112000 ns, Cleanup: 511875 ns, At safepoint: 13791 ns, Total: 637666 ns
[2025-06-08T06:13:29.683+0000][2686][info ][safepoint   ] Safepoint "Cleanup", Time since last: 1004905167 ns, Reaching safepoint: 8958 ns, Cleanup: 276584 ns, At safepoint: 2916 ns, Total: 288458 ns
[2025-06-08T06:14:56.858+0000][2686][info ][safepoint   ] Safepoint "Cleanup", Time since last: 87174119292 ns, Reaching safepoint: 22208 ns, Cleanup: 72209 ns, At safepoint: 4416 ns, Total: 98833 ns
[2025-06-08T06:23:57.384+0000][2686][info ][safepoint   ] Safepoint "Cleanup", Time since last: 540522388375 ns, Reaching safepoint: 122167 ns, Cleanup: 1173500 ns, At safepoint: 24583 ns, Total: 1320250 ns
[2025-06-08T06:23:58.390+0000][2686][info ][safepoint   ] Safepoint "Cleanup", Time since last: 1005369167 ns, Reaching safepoint: 8083 ns, Cleanup: 235042 ns, At safepoint: 2833 ns, Total: 245958 ns
[2025-06-08T06:24:57.612+0000][2686][info ][safepoint   ] Safepoint "Cleanup", Time since last: 59221841542 ns, Reaching safepoint: 10250 ns, Cleanup: 80458 ns, At safepoint: 2709 ns, Total: 93417 ns
[2025-06-08T06:25:27.733+0000][2686][info ][safepoint   ] Safepoint "Cleanup", Time since last: 30120195625 ns, Reaching safepoint: 8708 ns, Cleanup: 59625 ns, At safepoint: 2417 ns, Total: 70750 ns
[2025-06-08T06:25:56.854+0000][2686][info ][safepoint   ] Safepoint "Cleanup", Time since last: 29120724083 ns, Reaching safepoint: 261542 ns, Cleanup: 50625 ns, At safepoint: 3583 ns, Total: 315750 ns
[2025-06-08T06:28:43.167+0000][2686][info ][safepoint   ] Safepoint "Cleanup", Time since last: 166312687792 ns, Reaching safepoint: 120375 ns, Cleanup: 60541 ns, At safepoint: 4709 ns, Total: 185625 ns
[2025-06-08T06:34:27.800+0000][2686][info ][safepoint   ] Safepoint "Cleanup", Time since last: 344629936750 ns, Reaching safepoint: 253125 ns, Cleanup: 95500 ns, At safepoint: 2958 ns, Total: 351583 ns
[2025-06-08T06:36:26.893+0000][2686][info ][safepoint   ] Safepoint "Cleanup", Time since last: 119106909333 ns, Reaching safepoint: 24459 ns, Cleanup: 156000 ns, At safepoint: 6041 ns, Total: 186500 ns
[2025-06-08T06:36:27.897+0000][2686][info ][safepoint   ] Safepoint "Cleanup", Time since last: 1003510792 ns, Reaching safepoint: 8667 ns, Cleanup: 92625 ns, At safepoint: 2666 ns, Total: 103958 ns
[2025-06-08T06:41:31.468+0000][2686][info ][safepoint   ] Safepoint "Cleanup", Time since last: 303570493334 ns, Reaching safepoint: 46750 ns, Cleanup: 89833 ns, At safepoint: 3833 ns, Total: 140416 ns
[2025-06-08T06:41:40.489+0000][2686][info ][safepoint   ] Safepoint "Cleanup", Time since last: 9021136584 ns, Reaching safepoint: 171833 ns, Cleanup: 397042 ns, At safepoint: 3041 ns, Total: 571916 ns
[2025-06-08T06:43:12.794+0000][2686][info ][safepoint   ] Safepoint "Cleanup", Time since last: 92304954875 ns, Reaching safepoint: 49667 ns, Cleanup: 83375 ns, At safepoint: 3167 ns, Total: 136209 ns
[2025-06-08T06:43:19.824+0000][2686][info ][safepoint   ] Safepoint "Cleanup", Time since last: 7028919083 ns, Reaching safepoint: 10417 ns, Cleanup: 66916 ns, At safepoint: 2625 ns, Total: 79958 ns
[2025-06-08T06:44:24.042+0000][2686][info ][safepoint   ] Safepoint "Cleanup", Time since last: 64218650667 ns, Reaching safepoint: 18500 ns, Cleanup: 65875 ns, At safepoint: 2292 ns, Total: 86667 ns
[2025-06-08T06:44:51.132+0000][2686][info ][safepoint   ] Safepoint "Cleanup", Time since last: 27089075250 ns, Reaching safepoint: 423541 ns, Cleanup: 518917 ns, At safepoint: 6083 ns, Total: 948541 ns
[2025-06-08T06:44:57.163+0000][2686][info ][safepoint   ] Safepoint "Cleanup", Time since last: 6030853167 ns, Reaching safepoint: 7208 ns, Cleanup: 51875 ns, At safepoint: 2084 ns, Total: 61167 ns
[2025-06-08T06:46:27.341+0000][2686][info ][safepoint   ] Safepoint "Cleanup", Time since last: 90177718041 ns, Reaching safepoint: 268292 ns, Cleanup: 72125 ns, At safepoint: 9583 ns, Total: 350000 ns
[2025-06-08T06:49:30.416+0000][2686][info ][safepoint   ] Safepoint "Cleanup", Time since last: 183074076292 ns, Reaching safepoint: 19875 ns, Cleanup: 124500 ns, At safepoint: 2333 ns, Total: 146708 ns
[2025-06-08T06:59:12.879+0000][2686][info ][safepoint   ] Safepoint "Cleanup", Time since last: 582463180334 ns, Reaching safepoint: 33125 ns, Cleanup: 72791 ns, At safepoint: 2167 ns, Total: 108083 ns
[2025-06-08T06:59:14.890+0000][2686][info ][safepoint   ] Safepoint "Cleanup", Time since last: 2010654333 ns, Reaching safepoint: 8375 ns, Cleanup: 66250 ns, At safepoint: 4292 ns, Total: 78917 ns
[2025-06-08T06:59:24.937+0000][2686][info ][safepoint   ] Safepoint "Cleanup", Time since last: 10047133542 ns, Reaching safepoint: 11791 ns, Cleanup: 71625 ns, At safepoint: 2334 ns, Total: 85750 ns
[2025-06-08T06:59:26.944+0000][2686][info ][safepoint   ] Safepoint "Cleanup", Time since last: 2006231708 ns, Reaching safepoint: 8083 ns, Cleanup: 79459 ns, At safepoint: 2458 ns, Total: 90000 ns
[2025-06-08T06:59:42.995+0000][2686][info ][safepoint   ] Safepoint "Cleanup", Time since last: 16051260792 ns, Reaching safepoint: 58541 ns, Cleanup: 62875 ns, At safepoint: 2417 ns, Total: 123833 ns
[2025-06-08T07:05:26.882+0000][2686][info ][safepoint   ] Safepoint "Cleanup", Time since last: 343885720417 ns, Reaching safepoint: 71458 ns, Cleanup: 879875 ns, At safepoint: 4208 ns, Total: 955541 ns
[2025-06-08T07:05:58.007+0000][2686][info ][safepoint   ] Safepoint "Cleanup", Time since last: 31124680042 ns, Reaching safepoint: 286583 ns, Cleanup: 120792 ns, At safepoint: 5833 ns, Total: 413208 ns
[2025-06-08T07:08:29.994+0000][2686][info ][gc,start    ] GC(12) Pause Young (Normal) (G1 Evacuation Pause)
[2025-06-08T07:08:29.996+0000][2686][info ][gc,task     ] GC(12) Using 8 workers of 8 for evacuation
[2025-06-08T07:08:29.996+0000][2686][debug][gc,age      ] GC(12) Desired survivor size 75497472 bytes, new threshold 15 (max threshold 15)
[2025-06-08T07:08:30.170+0000][2686][info ][gc,phases   ] GC(12)   Pre Evacuate Collection Set: 1.2ms
[2025-06-08T07:08:30.170+0000][2686][info ][gc,phases   ] GC(12)   Merge Heap Roots: 0.7ms
[2025-06-08T07:08:30.170+0000][2686][info ][gc,phases   ] GC(12)   Evacuate Collection Set: 167.8ms
[2025-06-08T07:08:30.170+0000][2686][info ][gc,phases   ] GC(12)   Post Evacuate Collection Set: 4.1ms
[2025-06-08T07:08:30.170+0000][2686][info ][gc,phases   ] GC(12)   Other: 1.0ms
[2025-06-08T07:08:30.170+0000][2686][trace][gc,age      ] GC(12) Age table with threshold 15 (max threshold 15)
[2025-06-08T07:08:30.170+0000][2686][trace][gc,age      ] GC(12) - age   1:   20476032 bytes,   20476032 total
[2025-06-08T07:08:30.170+0000][2686][trace][gc,age      ] GC(12) - age   2:    7335336 bytes,   27811368 total
[2025-06-08T07:08:30.170+0000][2686][trace][gc,age      ] GC(12) - age   3:    7618144 bytes,   35429512 total
[2025-06-08T07:08:30.170+0000][2686][trace][gc,age      ] GC(12) - age   4:   24759968 bytes,   60189480 total
[2025-06-08T07:08:30.170+0000][2686][trace][gc,age      ] GC(12) - age   5:    3530008 bytes,   63719488 total
[2025-06-08T07:08:30.170+0000][2686][info ][gc,heap     ] GC(12) Eden regions: 276->0(253)
[2025-06-08T07:08:30.170+0000][2686][info ][gc,heap     ] GC(12) Survivor regions: 12->17(36)
[2025-06-08T07:08:30.170+0000][2686][info ][gc,heap     ] GC(12) Old regions: 8->8
[2025-06-08T07:08:30.170+0000][2686][info ][gc,heap     ] GC(12) Humongous regions: 0->0
[2025-06-08T07:08:30.170+0000][2686][info ][gc,metaspace] GC(12) Metaspace: 121465K(124544K)->121465K(124544K) NonClass: 104960K(106624K)->104960K(106624K) Class: 16504K(17920K)->16504K(17920K)
[2025-06-08T07:08:30.170+0000][2686][info ][gc          ] GC(12) Pause Young (Normal) (G1 Evacuation Pause) 1178M->96M(8192M) 176.274ms
[2025-06-08T07:08:30.170+0000][2686][info ][gc,cpu      ] GC(12) User=0.17s Sys=0.25s Real=0.18s
[2025-06-08T07:08:30.171+0000][2686][info ][safepoint   ] Safepoint "G1CollectForAllocation", Time since last: 151984270334 ns, Reaching safepoint: 209708 ns, Cleanup: 942458 ns, At safepoint: 177763167 ns, Total: 178915333 ns
[2025-06-08T07:08:31.174+0000][2686][info ][safepoint   ] Safepoint "Cleanup", Time since last: 1003321000 ns, Reaching safepoint: 17500 ns, Cleanup: 228583 ns, At safepoint: 3334 ns, Total: 249417 ns
[2025-06-08T07:08:58.289+0000][2686][info ][safepoint   ] Safepoint "Cleanup", Time since last: 27114433875 ns, Reaching safepoint: 197583 ns, Cleanup: 79125 ns, At safepoint: 2417 ns, Total: 279125 ns
[2025-06-08T07:09:14.640+0000][2686][info ][safepoint   ] Safepoint "Cleanup", Time since last: 16350025166 ns, Reaching safepoint: 100042 ns, Cleanup: 594958 ns, At safepoint: 5667 ns, Total: 700667 ns
[2025-06-08T07:09:27.688+0000][2686][info ][safepoint   ] Safepoint "Cleanup", Time since last: 13048669917 ns, Reaching safepoint: 11500 ns, Cleanup: 76125 ns, At safepoint: 2625 ns, Total: 90250 ns
[2025-06-08T07:10:08.852+0000][2686][info ][safepoint   ] Safepoint "Cleanup", Time since last: 41163388041 ns, Reaching safepoint: 165209 ns, Cleanup: 403375 ns, At safepoint: 4333 ns, Total: 572917 ns
[2025-06-08T07:11:31.192+0000][2686][info ][safepoint   ] Safepoint "Cleanup", Time since last: 82339030708 ns, Reaching safepoint: 263834 ns, Cleanup: 97125 ns, At safepoint: 3541 ns, Total: 364500 ns
[2025-06-08T07:12:55.549+0000][2686][info ][safepoint   ] Safepoint "Cleanup", Time since last: 84356354125 ns, Reaching safepoint: 196625 ns, Cleanup: 76834 ns, At safepoint: 7125 ns, Total: 280584 ns
[2025-06-08T07:13:57.797+0000][2686][info ][safepoint   ] Safepoint "Cleanup", Time since last: 62246487125 ns, Reaching safepoint: 1688916 ns, Cleanup: 83709 ns, At safepoint: 12541 ns, Total: 1785166 ns
[2025-06-08T07:17:08.582+0000][2686][info ][safepoint   ] Safepoint "Cleanup", Time since last: 190784677084 ns, Reaching safepoint: 247916 ns, Cleanup: 78875 ns, At safepoint: 3834 ns, Total: 330625 ns
[2025-06-08T07:22:14.884+0000][2686][info ][safepoint   ] Safepoint "Cleanup", Time since last: 306223179916 ns, Reaching safepoint: 65761209 ns, Cleanup: 7127708 ns, At safepoint: 5781000 ns, Total: 78669917 ns
[2025-06-08T07:23:33.201+0000][2686][info ][safepoint   ] Safepoint "Cleanup", Time since last: 78315813708 ns, Reaching safepoint: 122209 ns, Cleanup: 420416 ns, At safepoint: 4084 ns, Total: 546709 ns
[2025-06-08T07:27:58.359+0000][2686][info ][safepoint   ] Safepoint "Cleanup", Time since last: 265182827000 ns, Reaching safepoint: 235875 ns, Cleanup: 86625 ns, At safepoint: 3833 ns, Total: 326333 ns
[2025-06-08T07:29:28.782+0000][2686][info ][safepoint   ] Safepoint "Cleanup", Time since last: 90427326917 ns, Reaching safepoint: 203375 ns, Cleanup: 83250 ns, At safepoint: 3375 ns, Total: 290000 ns
[2025-06-08T07:29:57.892+0000][2686][info ][safepoint   ] Safepoint "Cleanup", Time since last: 29109627208 ns, Reaching safepoint: 17542 ns, Cleanup: 126625 ns, At safepoint: 3000 ns, Total: 147167 ns
[2025-06-08T07:30:28.014+0000][2686][info ][safepoint   ] Safepoint "Cleanup", Time since last: 30122581250 ns, Reaching safepoint: 302250 ns, Cleanup: 101833 ns, At safepoint: 4750 ns, Total: 408833 ns
[2025-06-08T07:33:31.741+0000][2686][info ][safepoint   ] Safepoint "Cleanup", Time since last: 183727861708 ns, Reaching safepoint: 169792 ns, Cleanup: 380625 ns, At safepoint: 4208 ns, Total: 554625 ns
[2025-06-08T07:33:42.789+0000][2686][info ][safepoint   ] Safepoint "Cleanup", Time since last: 11047023375 ns, Reaching safepoint: 31167 ns, Cleanup: 584750 ns, At safepoint: 3458 ns, Total: 619375 ns
[2025-06-08T07:37:54.850+0000][2686][info ][safepoint   ] Safepoint "Cleanup", Time since last: 252062899667 ns, Reaching safepoint: 178167 ns, Cleanup: 49208 ns, At safepoint: 8375 ns, Total: 235750 ns
[2025-06-08T07:41:42.771+0000][2686][info ][safepoint   ] Safepoint "Cleanup", Time since last: 227921606208 ns, Reaching safepoint: 298417 ns, Cleanup: 79625 ns, At safepoint: 4625 ns, Total: 382667 ns
[2025-06-08T07:42:12.900+0000][2686][info ][safepoint   ] Safepoint "Cleanup", Time since last: 30129210542 ns, Reaching safepoint: 16125 ns, Cleanup: 69750 ns, At safepoint: 5125 ns, Total: 91000 ns
[2025-06-08T07:43:29.193+0000][2686][info ][safepoint   ] Safepoint "Cleanup", Time since last: 76293834083 ns, Reaching safepoint: 181250 ns, Cleanup: 162792 ns, At safepoint: 4083 ns, Total: 348125 ns
[2025-06-08T07:49:28.804+0000][2686][info ][safepoint   ] Safepoint "Cleanup", Time since last: 359613275958 ns, Reaching safepoint: 177584 ns, Cleanup: 190041 ns, At safepoint: 4709 ns, Total: 372334 ns
[2025-06-08T07:49:57.925+0000][2686][info ][safepoint   ] Safepoint "Cleanup", Time since last: 29120344375 ns, Reaching safepoint: 291000 ns, Cleanup: 100208 ns, At safepoint: 5958 ns, Total: 397166 ns
[2025-06-08T07:52:31.628+0000][2686][info ][safepoint   ] Safepoint "Cleanup", Time since last: 153703969709 ns, Reaching safepoint: 223583 ns, Cleanup: 129083 ns, At safepoint: 3834 ns, Total: 356500 ns
[2025-06-08T07:52:53.718+0000][2686][info ][safepoint   ] Safepoint "Cleanup", Time since last: 22089856833 ns, Reaching safepoint: 213500 ns, Cleanup: 228083 ns, At safepoint: 4334 ns, Total: 445917 ns
[2025-06-08T07:54:57.235+0000][2686][info ][safepoint   ] Safepoint "Cleanup", Time since last: 123516900583 ns, Reaching safepoint: 144583 ns, Cleanup: 338459 ns, At safepoint: 4500 ns, Total: 487542 ns
[2025-06-08T07:55:07.286+0000][2686][info ][safepoint   ] Safepoint "Cleanup", Time since last: 10051107125 ns, Reaching safepoint: 9500 ns, Cleanup: 123125 ns, At safepoint: 13291 ns, Total: 145916 ns
[2025-06-08T07:55:08.292+0000][2686][info ][safepoint   ] Safepoint "Cleanup", Time since last: 1005280500 ns, Reaching safepoint: 13125 ns, Cleanup: 526500 ns, At safepoint: 3042 ns, Total: 542667 ns
[2025-06-08T07:58:54.170+0000][2686][info ][safepoint   ] Safepoint "Cleanup", Time since last: 225879345208 ns, Reaching safepoint: 328625 ns, Cleanup: 93334 ns, At safepoint: 4250 ns, Total: 426209 ns
[2025-06-08T08:01:57.932+0000][2686][info ][safepoint   ] Safepoint "Cleanup", Time since last: 183763088416 ns, Reaching safepoint: 260459 ns, Cleanup: 98541 ns, At safepoint: 4667 ns, Total: 363667 ns
[2025-06-08T08:01:58.955+0000][2686][info ][safepoint   ] Safepoint "Cleanup", Time since last: 1018085750 ns, Reaching safepoint: 2239542 ns, Cleanup: 2395875 ns, At safepoint: 6416 ns, Total: 4641833 ns
[2025-06-08T08:10:57.518+0000][2686][info ][safepoint   ] Safepoint "Cleanup", Time since last: 538567237000 ns, Reaching safepoint: 165084 ns, Cleanup: 353708 ns, At safepoint: 3792 ns, Total: 522584 ns
[2025-06-08T08:11:05.185+0000][2686][info ][safepoint   ] Safepoint "Cleanup", Time since last: 7665576791 ns, Reaching safepoint: 3834 ns, Cleanup: 537083 ns, At safepoint: 20042 ns, Total: 560959 ns
[2025-06-08T08:11:06.188+0000][2686][info ][safepoint   ] Safepoint "Cleanup", Time since last: 1003744416 ns, Reaching safepoint: 9000 ns, Cleanup: 169667 ns, At safepoint: 3333 ns, Total: 182000 ns
[2025-06-08T08:12:34.570+0000][2686][info ][safepoint   ] Safepoint "Cleanup", Time since last: 88381953000 ns, Reaching safepoint: 269709 ns, Cleanup: 78708 ns, At safepoint: 4083 ns, Total: 352500 ns
[2025-06-08T08:14:07.959+0000][2686][info ][safepoint   ] Safepoint "Cleanup", Time since last: 93364772084 ns, Reaching safepoint: 16404208 ns, Cleanup: 8104042 ns, At safepoint: 80708 ns, Total: 24588958 ns
[2025-06-08T08:14:09.494+0000][2686][info ][safepoint   ] Safepoint "Cleanup", Time since last: 1534538542 ns, Reaching safepoint: 35875 ns, Cleanup: 733625 ns, At safepoint: 4958 ns, Total: 774458 ns
[2025-06-08T08:14:14.563+0000][2686][info ][safepoint   ] Safepoint "Cleanup", Time since last: 5062943333 ns, Reaching safepoint: 4892334 ns, Cleanup: 583041 ns, At safepoint: 11292 ns, Total: 5486667 ns
[2025-06-08T08:14:15.569+0000][2686][info ][safepoint   ] Safepoint "Cleanup", Time since last: 1005710375 ns, Reaching safepoint: 8667 ns, Cleanup: 733958 ns, At safepoint: 3750 ns, Total: 746375 ns
[2025-06-08T08:14:24.610+0000][2686][info ][safepoint   ] Safepoint "Cleanup", Time since last: 9040629208 ns, Reaching safepoint: 85709 ns, Cleanup: 54208 ns, At safepoint: 12375 ns, Total: 152292 ns
[2025-06-08T08:14:25.616+0000][2686][info ][safepoint   ] Safepoint "Cleanup", Time since last: 1005569333 ns, Reaching safepoint: 65500 ns, Cleanup: 654084 ns, At safepoint: 4541 ns, Total: 724125 ns
[2025-06-08T08:14:31.635+0000][2686][info ][safepoint   ] Safepoint "Cleanup", Time since last: 6018649375 ns, Reaching safepoint: 8042 ns, Cleanup: 728750 ns, At safepoint: 3333 ns, Total: 740125 ns
[2025-06-08T08:14:34.651+0000][2686][info ][safepoint   ] Safepoint "Cleanup", Time since last: 3014450209 ns, Reaching safepoint: 404416 ns, Cleanup: 409125 ns, At safepoint: 14167 ns, Total: 827708 ns
[2025-06-08T08:14:58.744+0000][2686][info ][safepoint   ] Safepoint "Cleanup", Time since last: 24093599708 ns, Reaching safepoint: 59500 ns, Cleanup: 69292 ns, At safepoint: 4167 ns, Total: 132959 ns
[2025-06-08T08:27:58.209+0000][2686][info ][safepoint   ] Safepoint "Cleanup", Time since last: 779375398916 ns, Reaching safepoint: 187125 ns, Cleanup: 71792 ns, At safepoint: 7375 ns, Total: 266292 ns
[2025-06-08T08:28:55.445+0000][2686][info ][safepoint   ] Safepoint "Cleanup", Time since last: 57235126708 ns, Reaching safepoint: 267167 ns, Cleanup: 94750 ns, At safepoint: 6500 ns, Total: 368417 ns
[2025-06-08T08:31:34.101+0000][2686][info ][safepoint   ] Safepoint "Cleanup", Time since last: 158652736667 ns, Reaching safepoint: 272541 ns, Cleanup: 106834 ns, At safepoint: 8875 ns, Total: 388250 ns
[2025-06-08T08:31:35.107+0000][2686][info ][safepoint   ] Safepoint "Cleanup", Time since last: 1005559000 ns, Reaching safepoint: 24375 ns, Cleanup: 165625 ns, At safepoint: 2625 ns, Total: 192625 ns
[2025-06-08T08:33:58.689+0000][2686][info ][safepoint   ] Safepoint "Cleanup", Time since last: 143579264916 ns, Reaching safepoint: 166042 ns, Cleanup: 66333 ns, At safepoint: 2542 ns, Total: 234917 ns
[2025-06-08T08:33:59.695+0000][2686][info ][safepoint   ] Safepoint "Cleanup", Time since last: 1006018833 ns, Reaching safepoint: 17834 ns, Cleanup: 152250 ns, At safepoint: 4625 ns, Total: 174709 ns
[2025-06-08T08:34:29.806+0000][2686][info ][safepoint   ] Safepoint "Cleanup", Time since last: 30110363708 ns, Reaching safepoint: 10625 ns, Cleanup: 123292 ns, At safepoint: 4791 ns, Total: 138708 ns
[2025-06-08T08:35:53.146+0000][2686][info ][safepoint   ] Safepoint "Cleanup", Time since last: 83336030959 ns, Reaching safepoint: 2973541 ns, Cleanup: 276167 ns, At safepoint: 6125 ns, Total: 3255833 ns
[2025-06-08T08:36:54.406+0000][2686][info ][safepoint   ] Safepoint "Cleanup", Time since last: 61257918792 ns, Reaching safepoint: 469208 ns, Cleanup: 332625 ns, At safepoint: 5792 ns, Total: 807625 ns
[2025-06-08T08:37:04.449+0000][2686][info ][safepoint   ] Safepoint "Cleanup", Time since last: 10042338375 ns, Reaching safepoint: 16041 ns, Cleanup: 343875 ns, At safepoint: 4000 ns, Total: 363916 ns
[2025-06-08T08:37:29.552+0000][2686][info ][safepoint   ] Safepoint "Cleanup", Time since last: 25101866709 ns, Reaching safepoint: 167375 ns, Cleanup: 108541 ns, At safepoint: 23125 ns, Total: 299041 ns
[2025-06-08T08:37:52.689+0000][2686][info ][safepoint   ] Safepoint "Cleanup", Time since last: 23136943667 ns, Reaching safepoint: 165583 ns, Cleanup: 182084 ns, At safepoint: 4166 ns, Total: 351833 ns
[2025-06-08T08:38:02.731+0000][2686][info ][safepoint   ] Safepoint "Cleanup", Time since last: 10041490250 ns, Reaching safepoint: 108500 ns, Cleanup: 63000 ns, At safepoint: 14709 ns, Total: 186209 ns
[2025-06-08T08:38:03.738+0000][2686][info ][safepoint   ] Safepoint "Cleanup", Time since last: 1006214208 ns, Reaching safepoint: 13542 ns, Cleanup: 228666 ns, At safepoint: 3375 ns, Total: 245583 ns
[2025-06-08T08:38:29.837+0000][2686][info ][safepoint   ] Safepoint "Cleanup", Time since last: 26098542125 ns, Reaching safepoint: 301334 ns, Cleanup: 93875 ns, At safepoint: 7541 ns, Total: 402750 ns
[2025-06-08T08:41:04.459+0000][2686][info ][safepoint   ] Safepoint "Cleanup", Time since last: 154619357375 ns, Reaching safepoint: 181750 ns, Cleanup: 263250 ns, At safepoint: 5334 ns, Total: 450334 ns
[2025-06-08T08:41:09.311+0000][2686][info ][gc,start    ] GC(13) Pause Young (Normal) (G1 Evacuation Pause)
[2025-06-08T08:41:09.311+0000][2686][info ][gc,task     ] GC(13) Using 8 workers of 8 for evacuation
[2025-06-08T08:41:09.311+0000][2686][debug][gc,age      ] GC(13) Desired survivor size 71303168 bytes, new threshold 15 (max threshold 15)
[2025-06-08T08:41:09.441+0000][2686][info ][gc,phases   ] GC(13)   Pre Evacuate Collection Set: 1.3ms
[2025-06-08T08:41:09.441+0000][2686][info ][gc,phases   ] GC(13)   Merge Heap Roots: 0.5ms
[2025-06-08T08:41:09.441+0000][2686][info ][gc,phases   ] GC(13)   Evacuate Collection Set: 124.0ms
[2025-06-08T08:41:09.441+0000][2686][info ][gc,phases   ] GC(13)   Post Evacuate Collection Set: 3.6ms
[2025-06-08T08:41:09.441+0000][2686][info ][gc,phases   ] GC(13)   Other: 0.1ms
[2025-06-08T08:41:09.441+0000][2686][trace][gc,age      ] GC(13) Age table with threshold 15 (max threshold 15)
[2025-06-08T08:41:09.441+0000][2686][trace][gc,age      ] GC(13) - age   1:     221584 bytes,     221584 total
[2025-06-08T08:41:09.441+0000][2686][trace][gc,age      ] GC(13) - age   2:   19819696 bytes,   20041280 total
[2025-06-08T08:41:09.441+0000][2686][trace][gc,age      ] GC(13) - age   3:    6731904 bytes,   26773184 total
[2025-06-08T08:41:09.441+0000][2686][trace][gc,age      ] GC(13) - age   4:    7475192 bytes,   34248376 total
[2025-06-08T08:41:09.441+0000][2686][trace][gc,age      ] GC(13) - age   5:   24075648 bytes,   58324024 total
[2025-06-08T08:41:09.441+0000][2686][trace][gc,age      ] GC(13) - age   6:    3478880 bytes,   61802904 total
[2025-06-08T08:41:09.441+0000][2686][info ][gc,heap     ] GC(13) Eden regions: 253->0(262)
[2025-06-08T08:41:09.441+0000][2686][info ][gc,heap     ] GC(13) Survivor regions: 17->16(34)
[2025-06-08T08:41:09.441+0000][2686][info ][gc,heap     ] GC(13) Old regions: 8->8
[2025-06-08T08:41:09.441+0000][2686][info ][gc,heap     ] GC(13) Humongous regions: 0->0
[2025-06-08T08:41:09.441+0000][2686][info ][gc,metaspace] GC(13) Metaspace: 122541K(125632K)->122541K(125632K) NonClass: 106000K(107648K)->106000K(107648K) Class: 16540K(17984K)->16540K(17984K)
[2025-06-08T08:41:09.441+0000][2686][info ][gc          ] GC(13) Pause Young (Normal) (G1 Evacuation Pause) 1108M->92M(8192M) 130.549ms
[2025-06-08T08:41:09.441+0000][2686][info ][gc,cpu      ] GC(13) User=0.17s Sys=0.26s Real=0.13s
[2025-06-08T08:41:09.441+0000][2686][info ][safepoint   ] Safepoint "G1CollectForAllocation", Time since last: 4850476458 ns, Reaching safepoint: 7833 ns, Cleanup: 450750 ns, At safepoint: 130830750 ns, Total: 131289333 ns
[2025-06-08T08:41:10.443+0000][2686][info ][safepoint   ] Safepoint "Cleanup", Time since last: 1001297417 ns, Reaching safepoint: 21208 ns, Cleanup: 362209 ns, At safepoint: 4625 ns, Total: 388042 ns
[2025-06-08T08:41:20.483+0000][2686][info ][safepoint   ] Safepoint "Cleanup", Time since last: 10039384208 ns, Reaching safepoint: 75417 ns, Cleanup: 523833 ns, At safepoint: 2792 ns, Total: 602042 ns
[2025-06-08T08:41:25.509+0000][2686][info ][safepoint   ] Safepoint "Cleanup", Time since last: 5025364041 ns, Reaching safepoint: 104542 ns, Cleanup: 656750 ns, At safepoint: 27250 ns, Total: 788542 ns
[2025-06-08T08:41:26.515+0000][2686][info ][safepoint   ] Safepoint "Cleanup", Time since last: 1005092917 ns, Reaching safepoint: 8708 ns, Cleanup: 133917 ns, At safepoint: 2666 ns, Total: 145291 ns
[2025-06-08T08:41:29.530+0000][2686][info ][safepoint   ] Safepoint "Cleanup", Time since last: 3015129625 ns, Reaching safepoint: 36792 ns, Cleanup: 80417 ns, At safepoint: 18000 ns, Total: 135209 ns
[2025-06-08T08:41:30.536+0000][2686][info ][safepoint   ] Safepoint "Cleanup", Time since last: 1005327875 ns, Reaching safepoint: 13875 ns, Cleanup: 188916 ns, At safepoint: 3000 ns, Total: 205791 ns
[2025-06-08T08:41:59.649+0000][2686][info ][safepoint   ] Safepoint "Cleanup", Time since last: 29112563667 ns, Reaching safepoint: 316833 ns, Cleanup: 109625 ns, At safepoint: 6917 ns, Total: 433375 ns
[2025-06-08T08:46:53.935+0000][2686][info ][safepoint   ] Safepoint "Cleanup", Time since last: 294280241833 ns, Reaching safepoint: 358584 ns, Cleanup: 237333 ns, At safepoint: 4667 ns, Total: 600584 ns
[2025-06-08T08:46:56.945+0000][2686][info ][safepoint   ] Safepoint "Cleanup", Time since last: 3010234541 ns, Reaching safepoint: 12375 ns, Cleanup: 34500 ns, At safepoint: 2209 ns, Total: 49084 ns
[2025-06-08T08:46:58.951+0000][2686][info ][safepoint   ] Safepoint "Cleanup", Time since last: 2005784875 ns, Reaching safepoint: 8333 ns, Cleanup: 61875 ns, At safepoint: 2417 ns, Total: 72625 ns
[2025-06-08T08:47:56.180+0000][2686][info ][safepoint   ] Safepoint "Cleanup", Time since last: 57227895375 ns, Reaching safepoint: 286375 ns, Cleanup: 97833 ns, At safepoint: 8292 ns, Total: 392500 ns
[2025-06-08T08:48:07.231+0000][2686][info ][safepoint   ] Safepoint "Cleanup", Time since last: 11050103833 ns, Reaching safepoint: 13708 ns, Cleanup: 632542 ns, At safepoint: 3583 ns, Total: 649833 ns
[2025-06-08T08:48:14.264+0000][2686][info ][safepoint   ] Safepoint "Cleanup", Time since last: 7031575667 ns, Reaching safepoint: 69125 ns, Cleanup: 477667 ns, At safepoint: 3666 ns, Total: 550458 ns
[2025-06-08T08:48:24.311+0000][2686][info ][safepoint   ] Safepoint "Cleanup", Time since last: 10046848542 ns, Reaching safepoint: 7792 ns, Cleanup: 272958 ns, At safepoint: 3125 ns, Total: 283875 ns
[2025-06-08T08:48:30.339+0000][2686][info ][safepoint   ] Safepoint "Cleanup", Time since last: 6027986292 ns, Reaching safepoint: 9583 ns, Cleanup: 379167 ns, At safepoint: 3125 ns, Total: 391875 ns
[2025-06-08T08:48:34.356+0000][2686][info ][safepoint   ] Safepoint "Cleanup", Time since last: 4016211291 ns, Reaching safepoint: 20250 ns, Cleanup: 184542 ns, At safepoint: 3292 ns, Total: 208084 ns
[2025-06-08T08:48:41.387+0000][2686][info ][safepoint   ] Safepoint "Cleanup", Time since last: 7031079291 ns, Reaching safepoint: 21250 ns, Cleanup: 62584 ns, At safepoint: 4333 ns, Total: 88167 ns
[2025-06-08T08:49:16.531+0000][2686][info ][safepoint   ] Safepoint "Cleanup", Time since last: 35142924708 ns, Reaching safepoint: 215584 ns, Cleanup: 72875 ns, At safepoint: 2750 ns, Total: 291209 ns
[2025-06-08T08:52:08.181+0000][2686][info ][safepoint   ] Safepoint "Cleanup", Time since last: 171646278083 ns, Reaching safepoint: 358167 ns, Cleanup: 82416 ns, At safepoint: 4750 ns, Total: 445333 ns
[2025-06-08T08:54:03.697+0000][2686][info ][safepoint   ] Safepoint "Cleanup", Time since last: 115514202834 ns, Reaching safepoint: 136000 ns, Cleanup: 105875 ns, At safepoint: 2625 ns, Total: 244500 ns
[2025-06-08T08:54:13.734+0000][2686][info ][safepoint   ] Safepoint "Cleanup", Time since last: 10036285833 ns, Reaching safepoint: 43917 ns, Cleanup: 147458 ns, At safepoint: 3375 ns, Total: 194750 ns
[2025-06-08T08:55:50.117+0000][2686][info ][safepoint   ] Safepoint "Cleanup", Time since last: 96381160500 ns, Reaching safepoint: 170583 ns, Cleanup: 160875 ns, At safepoint: 4875 ns, Total: 336333 ns
[2025-06-08T08:55:55.135+0000][2686][info ][safepoint   ] Safepoint "Cleanup", Time since last: 5018519959 ns, Reaching safepoint: 15083 ns, Cleanup: 85167 ns, At safepoint: 2791 ns, Total: 103041 ns
[2025-06-08T08:55:56.141+0000][2686][info ][safepoint   ] Safepoint "Cleanup", Time since last: 1005078334 ns, Reaching safepoint: 16416 ns, Cleanup: 322292 ns, At safepoint: 2917 ns, Total: 341625 ns
[2025-06-08T08:56:06.180+0000][2686][info ][safepoint   ] Safepoint "Cleanup", Time since last: 10036779833 ns, Reaching safepoint: 905958 ns, Cleanup: 1173792 ns, At safepoint: 33250 ns, Total: 2113000 ns
[2025-06-08T08:56:07.186+0000][2686][info ][safepoint   ] Safepoint "Cleanup", Time since last: 1005746083 ns, Reaching safepoint: 7917 ns, Cleanup: 131792 ns, At safepoint: 2875 ns, Total: 142584 ns
[2025-06-08T08:56:12.004+0000][2686][info ][gc,start    ] GC(14) Pause Young (Normal) (G1 Evacuation Pause)
[2025-06-08T08:56:12.005+0000][2686][info ][gc,task     ] GC(14) Using 8 workers of 8 for evacuation
[2025-06-08T08:56:12.005+0000][2686][debug][gc,age      ] GC(14) Desired survivor size 73400320 bytes, new threshold 15 (max threshold 15)
[2025-06-08T08:56:12.111+0000][2686][info ][gc,phases   ] GC(14)   Pre Evacuate Collection Set: 0.8ms
[2025-06-08T08:56:12.111+0000][2686][info ][gc,phases   ] GC(14)   Merge Heap Roots: 0.2ms
[2025-06-08T08:56:12.111+0000][2686][info ][gc,phases   ] GC(14)   Evacuate Collection Set: 102.7ms
[2025-06-08T08:56:12.111+0000][2686][info ][gc,phases   ] GC(14)   Post Evacuate Collection Set: 2.6ms
[2025-06-08T08:56:12.111+0000][2686][info ][gc,phases   ] GC(14)   Other: 0.1ms
[2025-06-08T08:56:12.111+0000][2686][trace][gc,age      ] GC(14) Age table with threshold 15 (max threshold 15)
[2025-06-08T08:56:12.111+0000][2686][trace][gc,age      ] GC(14) - age   1:     106352 bytes,     106352 total
[2025-06-08T08:56:12.111+0000][2686][trace][gc,age      ] GC(14) - age   2:     128136 bytes,     234488 total
[2025-06-08T08:56:12.111+0000][2686][trace][gc,age      ] GC(14) - age   3:   19819024 bytes,   20053512 total
[2025-06-08T08:56:12.111+0000][2686][trace][gc,age      ] GC(14) - age   4:    6731904 bytes,   26785416 total
[2025-06-08T08:56:12.111+0000][2686][trace][gc,age      ] GC(14) - age   5:    7475192 bytes,   34260608 total
[2025-06-08T08:56:12.111+0000][2686][trace][gc,age      ] GC(14) - age   6:   24075648 bytes,   58336256 total
[2025-06-08T08:56:12.111+0000][2686][trace][gc,age      ] GC(14) - age   7:    3478880 bytes,   61815136 total
[2025-06-08T08:56:12.111+0000][2686][info ][gc,heap     ] GC(14) Eden regions: 262->0(439)
[2025-06-08T08:56:12.111+0000][2686][info ][gc,heap     ] GC(14) Survivor regions: 16->16(35)
[2025-06-08T08:56:12.111+0000][2686][info ][gc,heap     ] GC(14) Old regions: 8->8
[2025-06-08T08:56:12.111+0000][2686][info ][gc,heap     ] GC(14) Humongous regions: 0->0
[2025-06-08T08:56:12.111+0000][2686][info ][gc,metaspace] GC(14) Metaspace: 123202K(126336K)->123202K(126336K) NonClass: 106660K(108352K)->106660K(108352K) Class: 16541K(17984K)->16541K(17984K)
[2025-06-08T08:56:12.113+0000][2686][info ][gc          ] GC(14) Pause Young (Normal) (G1 Evacuation Pause) 1140M->92M(8192M) 107.031ms
[2025-06-08T08:56:12.113+0000][2686][info ][gc,cpu      ] GC(14) User=0.15s Sys=0.23s Real=0.11s
[2025-06-08T08:56:12.113+0000][2686][info ][safepoint   ] Safepoint "G1CollectForAllocation", Time since last: 4817953875 ns, Reaching safepoint: 11375 ns, Cleanup: 246083 ns, At safepoint: 108848750 ns, Total: 109106208 ns
[2025-06-08T08:56:13.118+0000][2686][info ][safepoint   ] Safepoint "Cleanup", Time since last: 1004855042 ns, Reaching safepoint: 8750 ns, Cleanup: 159500 ns, At safepoint: 2666 ns, Total: 170916 ns
[2025-06-08T08:56:16.133+0000][2686][info ][safepoint   ] Safepoint "Cleanup", Time since last: 3014403167 ns, Reaching safepoint: 175333 ns, Cleanup: 144375 ns, At safepoint: 14042 ns, Total: 333750 ns
[2025-06-08T08:57:56.813+0000][2686][info ][safepoint   ] Safepoint "Cleanup", Time since last: 100677942458 ns, Reaching safepoint: 251959 ns, Cleanup: 136583 ns, At safepoint: 12125 ns, Total: 400667 ns
[2025-06-08T08:59:14.107+0000][2686][info ][safepoint   ] Safepoint "Cleanup", Time since last: 77292502667 ns, Reaching safepoint: 189083 ns, Cleanup: 272417 ns, At safepoint: 4250 ns, Total: 465750 ns
[2025-06-08T08:59:25.152+0000][2686][info ][safepoint   ] Safepoint "Cleanup", Time since last: 11044455416 ns, Reaching safepoint: 11292 ns, Cleanup: 153833 ns, At safepoint: 2917 ns, Total: 168042 ns
[2025-06-08T08:59:30.175+0000][2686][info ][safepoint   ] Safepoint "Cleanup", Time since last: 5023220583 ns, Reaching safepoint: 9750 ns, Cleanup: 73542 ns, At safepoint: 2417 ns, Total: 85709 ns
[2025-06-08T09:01:28.542+0000][2686][info ][safepoint   ] Safepoint "Cleanup", Time since last: 118363951041 ns, Reaching safepoint: 291375 ns, Cleanup: 71417 ns, At safepoint: 14250 ns, Total: 377042 ns
[2025-06-08T09:01:29.548+0000][2686][info ][safepoint   ] Safepoint "Cleanup", Time since last: 1006169250 ns, Reaching safepoint: 9208 ns, Cleanup: 76959 ns, At safepoint: 2375 ns, Total: 88542 ns
[2025-06-08T09:02:35.844+0000][2686][info ][safepoint   ] Safepoint "Cleanup", Time since last: 66294431000 ns, Reaching safepoint: 196291 ns, Cleanup: 80000 ns, At safepoint: 13667 ns, Total: 289958 ns
[2025-06-08T09:02:36.851+0000][2686][info ][safepoint   ] Safepoint "Cleanup", Time since last: 1006606833 ns, Reaching safepoint: 13000 ns, Cleanup: 444625 ns, At safepoint: 2959 ns, Total: 460584 ns
[2025-06-08T09:02:41.871+0000][2686][info ][safepoint   ] Safepoint "Cleanup", Time since last: 5019418083 ns, Reaching safepoint: 21500 ns, Cleanup: 807625 ns, At safepoint: 11375 ns, Total: 840500 ns
[2025-06-08T09:02:51.915+0000][2686][info ][safepoint   ] Safepoint "Cleanup", Time since last: 10043245750 ns, Reaching safepoint: 17875 ns, Cleanup: 194833 ns, At safepoint: 2792 ns, Total: 215500 ns
[2025-06-08T09:02:54.927+0000][2686][info ][safepoint   ] Safepoint "Cleanup", Time since last: 3012071417 ns, Reaching safepoint: 26250 ns, Cleanup: 95500 ns, At safepoint: 3708 ns, Total: 125458 ns
[2025-06-08T09:02:56.938+0000][2686][info ][safepoint   ] Safepoint "Cleanup", Time since last: 2009989583 ns, Reaching safepoint: 366542 ns, Cleanup: 484667 ns, At safepoint: 45750 ns, Total: 896959 ns
[2025-06-08T09:02:57.943+0000][2686][info ][safepoint   ] Safepoint "Cleanup", Time since last: 1005079875 ns, Reaching safepoint: 8958 ns, Cleanup: 343958 ns, At safepoint: 2750 ns, Total: 355666 ns
[2025-06-08T09:03:01.962+0000][2686][info ][safepoint   ] Safepoint "Cleanup", Time since last: 4020477750 ns, Reaching safepoint: 148542 ns, Cleanup: 228625 ns, At safepoint: 4375 ns, Total: 381542 ns
[2025-06-08T09:04:49.410+0000][2686][info ][safepoint   ] Safepoint "Cleanup", Time since last: 107457011667 ns, Reaching safepoint: 190541 ns, Cleanup: 67834 ns, At safepoint: 13125 ns, Total: 271500 ns
[2025-06-08T09:05:39.626+0000][2686][info ][safepoint   ] Safepoint "Cleanup", Time since last: 50215466208 ns, Reaching safepoint: 235333 ns, Cleanup: 75209 ns, At safepoint: 6291 ns, Total: 316833 ns
[2025-06-08T09:05:56.692+0000][2686][info ][safepoint   ] Safepoint "Cleanup", Time since last: 17064832625 ns, Reaching safepoint: 163500 ns, Cleanup: 318834 ns, At safepoint: 5250 ns, Total: 487584 ns
[2025-06-08T09:07:57.186+0000][2686][info ][safepoint   ] Safepoint "Cleanup", Time since last: 120492275541 ns, Reaching safepoint: 239125 ns, Cleanup: 74459 ns, At safepoint: 3916 ns, Total: 317500 ns
[2025-06-08T09:08:08.228+0000][2686][info ][safepoint   ] Safepoint "Cleanup", Time since last: 11041540375 ns, Reaching safepoint: 31625 ns, Cleanup: 99625 ns, At safepoint: 2834 ns, Total: 134084 ns
[2025-06-08T09:08:49.041+0000][2686][info ][safepoint   ] Safepoint "Cleanup", Time since last: 40812125666 ns, Reaching safepoint: 264750 ns, Cleanup: 174625 ns, At safepoint: 15417 ns, Total: 454792 ns
[2025-06-08T09:08:50.056+0000][2686][info ][safepoint   ] Safepoint "Cleanup", Time since last: 1014940292 ns, Reaching safepoint: 23958 ns, Cleanup: 337750 ns, At safepoint: 6292 ns, Total: 368000 ns
[2025-06-08T09:09:24.188+0000][2686][info ][safepoint   ] Safepoint "Cleanup", Time since last: 34131303083 ns, Reaching safepoint: 336667 ns, Cleanup: 290625 ns, At safepoint: 5541 ns, Total: 632833 ns
[2025-06-08T09:09:43.266+0000][2686][info ][safepoint   ] Safepoint "Cleanup", Time since last: 19077174542 ns, Reaching safepoint: 26333 ns, Cleanup: 438625 ns, At safepoint: 2834 ns, Total: 467792 ns
[2025-06-08T09:09:48.291+0000][2686][info ][safepoint   ] Safepoint "Cleanup", Time since last: 5024647708 ns, Reaching safepoint: 51167 ns, Cleanup: 386833 ns, At safepoint: 10750 ns, Total: 448750 ns
[2025-06-08T09:09:49.293+0000][2686][info ][safepoint   ] Safepoint "Cleanup", Time since last: 1001632292 ns, Reaching safepoint: 9666 ns, Cleanup: 145167 ns, At safepoint: 3167 ns, Total: 158000 ns
[2025-06-08T09:09:58.333+0000][2686][info ][safepoint   ] Safepoint "Cleanup", Time since last: 9038886750 ns, Reaching safepoint: 24291 ns, Cleanup: 251709 ns, At safepoint: 2416 ns, Total: 278416 ns
[2025-06-08T09:09:59.335+0000][2686][info ][safepoint   ] Safepoint "Cleanup", Time since last: 1002515250 ns, Reaching safepoint: 9709 ns, Cleanup: 70583 ns, At safepoint: 2542 ns, Total: 82834 ns
[2025-06-08T09:10:00.340+0000][2686][info ][safepoint   ] Safepoint "Cleanup", Time since last: 1005096250 ns, Reaching safepoint: 17458 ns, Cleanup: 78750 ns, At safepoint: 2333 ns, Total: 98541 ns
[2025-06-08T09:10:05.351+0000][2686][info ][safepoint   ] Safepoint "Cleanup", Time since last: 5010400625 ns, Reaching safepoint: 30125 ns, Cleanup: 441292 ns, At safepoint: 4833 ns, Total: 476250 ns
[2025-06-08T09:12:59.263+0000][2686][info ][safepoint   ] Safepoint "Cleanup", Time since last: 173908394959 ns, Reaching safepoint: 413375 ns, Cleanup: 146583 ns, At safepoint: 20375 ns, Total: 580333 ns
[2025-06-08T09:15:59.048+0000][2686][info ][safepoint   ] Safepoint "Cleanup", Time since last: 179783102833 ns, Reaching safepoint: 283584 ns, Cleanup: 74000 ns, At safepoint: 5125 ns, Total: 362709 ns
[2025-06-08T09:17:29.438+0000][2686][info ][safepoint   ] Safepoint "Cleanup", Time since last: 90387881541 ns, Reaching safepoint: 268167 ns, Cleanup: 299167 ns, At safepoint: 3875 ns, Total: 571209 ns
[2025-06-08T09:20:01.048+0000][2686][info ][safepoint   ] Safepoint "Cleanup", Time since last: 151607815166 ns, Reaching safepoint: 250000 ns, Cleanup: 170042 ns, At safepoint: 6167 ns, Total: 426209 ns
[2025-06-08T09:20:11.095+0000][2686][info ][safepoint   ] Safepoint "Cleanup", Time since last: 10046701458 ns, Reaching safepoint: 23917 ns, Cleanup: 194250 ns, At safepoint: 2791 ns, Total: 220958 ns
[2025-06-08T09:21:25.408+0000][2686][info ][safepoint   ] Safepoint "Cleanup", Time since last: 74308965542 ns, Reaching safepoint: 262167 ns, Cleanup: 2205833 ns, At safepoint: 26458 ns, Total: 2494458 ns
[2025-06-08T09:21:26.414+0000][2686][info ][safepoint   ] Safepoint "Cleanup", Time since last: 1005724459 ns, Reaching safepoint: 10625 ns, Cleanup: 239416 ns, At safepoint: 3667 ns, Total: 253708 ns
[2025-06-08T09:21:28.420+0000][2686][info ][safepoint   ] Safepoint "Cleanup", Time since last: 2006648833 ns, Reaching safepoint: 10334 ns, Cleanup: 87500 ns, At safepoint: 3791 ns, Total: 101625 ns
[2025-06-08T09:21:30.429+0000][2686][info ][safepoint   ] Safepoint "Cleanup", Time since last: 2008576417 ns, Reaching safepoint: 31167 ns, Cleanup: 115041 ns, At safepoint: 3875 ns, Total: 150083 ns
[2025-06-08T09:22:12.616+0000][2686][info ][safepoint   ] Safepoint "Cleanup", Time since last: 42185782209 ns, Reaching safepoint: 250625 ns, Cleanup: 108791 ns, At safepoint: 5417 ns, Total: 364833 ns
[2025-06-08T09:23:37.984+0000][2686][info ][safepoint   ] Safepoint "Cleanup", Time since last: 85366035000 ns, Reaching safepoint: 174875 ns, Cleanup: 301833 ns, At safepoint: 4334 ns, Total: 481042 ns
[2025-06-08T09:27:55.051+0000][2686][info ][safepoint   ] Safepoint "Cleanup", Time since last: 257063618000 ns, Reaching safepoint: 295125 ns, Cleanup: 82958 ns, At safepoint: 4625 ns, Total: 382708 ns
[2025-06-08T09:28:01.082+0000][2686][info ][safepoint   ] Safepoint "Cleanup", Time since last: 6030974042 ns, Reaching safepoint: 8708 ns, Cleanup: 68250 ns, At safepoint: 2458 ns, Total: 79416 ns
[2025-06-08T09:29:26.456+0000][2686][info ][safepoint   ] Safepoint "Cleanup", Time since last: 85371976709 ns, Reaching safepoint: 217333 ns, Cleanup: 129375 ns, At safepoint: 4083 ns, Total: 350791 ns
[2025-06-08T09:29:59.556+0000][2686][info ][safepoint   ] Safepoint "Cleanup", Time since last: 33099731834 ns, Reaching safepoint: 238708 ns, Cleanup: 362667 ns, At safepoint: 22583 ns, Total: 623958 ns
[2025-06-08T09:30:05.579+0000][2686][info ][safepoint   ] Safepoint "Cleanup", Time since last: 6022318333 ns, Reaching safepoint: 15625 ns, Cleanup: 338084 ns, At safepoint: 5458 ns, Total: 359167 ns
[2025-06-08T09:30:15.618+0000][2686][info ][safepoint   ] Safepoint "Cleanup", Time since last: 10037993292 ns, Reaching safepoint: 98625 ns, Cleanup: 466500 ns, At safepoint: 4375 ns, Total: 569500 ns
[2025-06-08T09:30:24.660+0000][2686][info ][safepoint   ] Safepoint "Cleanup", Time since last: 9041543291 ns, Reaching safepoint: 40084 ns, Cleanup: 178291 ns, At safepoint: 2875 ns, Total: 221250 ns
[2025-06-08T09:30:30.689+0000][2686][info ][safepoint   ] Safepoint "Cleanup", Time since last: 6028971334 ns, Reaching safepoint: 9333 ns, Cleanup: 74583 ns, At safepoint: 2792 ns, Total: 86708 ns
[2025-06-08T09:36:03.299+0000][2686][info ][safepoint   ] Safepoint "Cleanup", Time since last: 332617397875 ns, Reaching safepoint: 18250 ns, Cleanup: 125375 ns, At safepoint: 24875 ns, Total: 168500 ns
[2025-06-08T09:36:03.423+0000][2686][info ][gc,start    ] GC(15) Pause Young (Concurrent Start) (CodeCache GC Threshold)
[2025-06-08T09:36:03.423+0000][2686][info ][gc,task     ] GC(15) Using 8 workers of 8 for evacuation
[2025-06-08T09:36:03.423+0000][2686][debug][gc,age      ] GC(15) Desired survivor size 119537664 bytes, new threshold 15 (max threshold 15)
[2025-06-08T09:36:03.569+0000][2686][info ][gc,phases   ] GC(15)   Pre Evacuate Collection Set: 2.2ms
[2025-06-08T09:36:03.569+0000][2686][info ][gc,phases   ] GC(15)   Merge Heap Roots: 0.3ms
[2025-06-08T09:36:03.569+0000][2686][info ][gc,phases   ] GC(15)   Evacuate Collection Set: 138.5ms
[2025-06-08T09:36:03.569+0000][2686][info ][gc,phases   ] GC(15)   Post Evacuate Collection Set: 4.7ms
[2025-06-08T09:36:03.569+0000][2686][info ][gc,phases   ] GC(15)   Other: 0.2ms
[2025-06-08T09:36:03.569+0000][2686][trace][gc,age      ] GC(15) Age table with threshold 15 (max threshold 15)
[2025-06-08T09:36:03.569+0000][2686][trace][gc,age      ] GC(15) - age   1:     161152 bytes,     161152 total
[2025-06-08T09:36:03.569+0000][2686][trace][gc,age      ] GC(15) - age   2:      14544 bytes,     175696 total
[2025-06-08T09:36:03.569+0000][2686][trace][gc,age      ] GC(15) - age   3:      80824 bytes,     256520 total
[2025-06-08T09:36:03.569+0000][2686][trace][gc,age      ] GC(15) - age   4:   19816816 bytes,   20073336 total
[2025-06-08T09:36:03.569+0000][2686][trace][gc,age      ] GC(15) - age   5:    6728704 bytes,   26802040 total
[2025-06-08T09:36:03.569+0000][2686][trace][gc,age      ] GC(15) - age   6:    7473624 bytes,   34275664 total
[2025-06-08T09:36:03.569+0000][2686][trace][gc,age      ] GC(15) - age   7:   24074656 bytes,   58350320 total
[2025-06-08T09:36:03.569+0000][2686][trace][gc,age      ] GC(15) - age   8:    3478368 bytes,   61828688 total
[2025-06-08T09:36:03.569+0000][2686][info ][gc,heap     ] GC(15) Eden regions: 287->0(1211)
[2025-06-08T09:36:03.569+0000][2686][info ][gc,heap     ] GC(15) Survivor regions: 16->17(57)
[2025-06-08T09:36:03.569+0000][2686][info ][gc,heap     ] GC(15) Old regions: 8->8
[2025-06-08T09:36:03.569+0000][2686][info ][gc,heap     ] GC(15) Humongous regions: 0->0
[2025-06-08T09:36:03.569+0000][2686][info ][gc,metaspace] GC(15) Metaspace: 123362K(126464K)->123362K(126464K) NonClass: 106811K(108480K)->106811K(108480K) Class: 16551K(17984K)->16551K(17984K)
[2025-06-08T09:36:03.569+0000][2686][info ][gc          ] GC(15) Pause Young (Concurrent Start) (CodeCache GC Threshold) 1238M->93M(8192M) 146.237ms
[2025-06-08T09:36:03.570+0000][2686][info ][gc,cpu      ] GC(15) User=0.20s Sys=0.24s Real=0.15s
[2025-06-08T09:36:03.570+0000][2686][info ][safepoint   ] Safepoint "G1TryInitiateConcMark", Time since last: 122792792 ns, Reaching safepoint: 8125 ns, Cleanup: 959833 ns, At safepoint: 147623375 ns, Total: 148591333 ns
[2025-06-08T09:36:03.570+0000][2686][info ][gc          ] GC(16) Concurrent Mark Cycle
[2025-06-08T09:36:03.570+0000][2686][info ][gc,marking  ] GC(16) Concurrent Scan Root Regions
[2025-06-08T09:36:03.600+0000][2686][info ][gc,marking  ] GC(16) Concurrent Scan Root Regions 29.760ms
[2025-06-08T09:36:03.600+0000][2686][info ][gc,marking  ] GC(16) Concurrent Mark
[2025-06-08T09:36:03.600+0000][2686][info ][gc,marking  ] GC(16) Concurrent Mark From Roots
[2025-06-08T09:36:03.600+0000][2686][info ][gc,task     ] GC(16) Using 2 workers of 2 for marking
[2025-06-08T09:36:03.629+0000][2686][info ][gc,marking  ] GC(16) Concurrent Mark From Roots 28.762ms
[2025-06-08T09:36:03.629+0000][2686][info ][gc,marking  ] GC(16) Concurrent Preclean
[2025-06-08T09:36:03.629+0000][2686][info ][gc,marking  ] GC(16) Concurrent Preclean 0.190ms
[2025-06-08T09:36:03.629+0000][2686][info ][gc,start    ] GC(16) Pause Remark
[2025-06-08T09:36:03.814+0000][2686][info ][gc          ] GC(16) Pause Remark 93M->93M(8192M) 185.145ms
[2025-06-08T09:36:03.814+0000][2686][info ][gc,cpu      ] GC(16) User=0.13s Sys=0.27s Real=0.19s
[2025-06-08T09:36:03.815+0000][2686][info ][safepoint   ] Safepoint "G1PauseRemark", Time since last: 59069417 ns, Reaching safepoint: 11583 ns, Cleanup: 6167 ns, At safepoint: 185271708 ns, Total: 185289458 ns
[2025-06-08T09:36:03.815+0000][2686][info ][gc,marking  ] GC(16) Concurrent Mark 214.392ms
[2025-06-08T09:36:03.815+0000][2686][info ][gc,marking  ] GC(16) Concurrent Rebuild Remembered Sets and Scrub Regions
[2025-06-08T09:36:03.821+0000][2686][info ][gc,marking  ] GC(16) Concurrent Rebuild Remembered Sets and Scrub Regions 6.700ms
[2025-06-08T09:36:03.822+0000][2686][info ][gc,start    ] GC(16) Pause Cleanup
[2025-06-08T09:36:03.822+0000][2686][info ][gc          ] GC(16) Pause Cleanup 95M->95M(8192M) 0.162ms
[2025-06-08T09:36:03.822+0000][2686][info ][gc,cpu      ] GC(16) User=0.00s Sys=0.00s Real=0.00s
[2025-06-08T09:36:03.822+0000][2686][info ][safepoint   ] Safepoint "G1PauseCleanup", Time since last: 6949500 ns, Reaching safepoint: 309917 ns, Cleanup: 21791 ns, At safepoint: 221375 ns, Total: 553083 ns
[2025-06-08T09:36:03.822+0000][2686][info ][gc,marking  ] GC(16) Concurrent Clear Claimed Marks
[2025-06-08T09:36:03.822+0000][2686][info ][gc,marking  ] GC(16) Concurrent Clear Claimed Marks 0.150ms
[2025-06-08T09:36:03.822+0000][2686][info ][gc,marking  ] GC(16) Concurrent Cleanup for Next Mark
[2025-06-08T09:36:03.893+0000][2686][info ][gc,marking  ] GC(16) Concurrent Cleanup for Next Mark 71.234ms
[2025-06-08T09:36:03.894+0000][2686][info ][gc          ] GC(16) Concurrent Mark Cycle 323.442ms
[2025-06-08T09:36:04.825+0000][2686][info ][safepoint   ] Safepoint "Cleanup", Time since last: 1003140250 ns, Reaching safepoint: 23542 ns, Cleanup: 243667 ns, At safepoint: 7333 ns, Total: 274542 ns
[2025-06-08T09:37:00.919+0000][2686][info ][safepoint   ] Safepoint "Cleanup", Time since last: 56092604458 ns, Reaching safepoint: 29875 ns, Cleanup: 198667 ns, At safepoint: 22292 ns, Total: 250834 ns
[2025-06-08T09:37:01.925+0000][2686][info ][safepoint   ] Safepoint "Cleanup", Time since last: 1004324000 ns, Reaching safepoint: 10500 ns, Cleanup: 1772708 ns, At safepoint: 10708 ns, Total: 1793916 ns
[2025-06-08T09:37:03.931+0000][2686][info ][safepoint   ] Safepoint "Cleanup", Time since last: 2005502000 ns, Reaching safepoint: 9209 ns, Cleanup: 69750 ns, At safepoint: 2916 ns, Total: 81875 ns
[2025-06-08T09:38:00.144+0000][2686][info ][safepoint   ] Safepoint "Cleanup", Time since last: 56212148584 ns, Reaching safepoint: 294916 ns, Cleanup: 102334 ns, At safepoint: 9583 ns, Total: 406833 ns
[2025-06-08T09:38:01.150+0000][2686][info ][safepoint   ] Safepoint "Cleanup", Time since last: 1005899292 ns, Reaching safepoint: 10333 ns, Cleanup: 134333 ns, At safepoint: 3417 ns, Total: 148083 ns
[2025-06-08T09:38:06.758+0000][2686][info ][safepoint   ] Safepoint "Cleanup", Time since last: 5606615000 ns, Reaching safepoint: 3875 ns, Cleanup: 1384708 ns, At safepoint: 77250 ns, Total: 1465833 ns
[2025-06-08T09:38:07.214+0000][2686][info ][safepoint   ] Safepoint "ICBufferFull", Time since last: 454729000 ns, Reaching safepoint: 25209 ns, Cleanup: 1798125 ns, At safepoint: 14125 ns, Total: 1837459 ns
[2025-06-08T09:38:07.825+0000][2686][info ][safepoint   ] Safepoint "ICBufferFull", Time since last: 608147916 ns, Reaching safepoint: 8375 ns, Cleanup: 2844667 ns, At safepoint: 5625 ns, Total: 2858667 ns
[2025-06-08T09:38:08.275+0000][2686][info ][safepoint   ] Safepoint "ICBufferFull", Time since last: 447761792 ns, Reaching safepoint: 6875 ns, Cleanup: 2164791 ns, At safepoint: 20000 ns, Total: 2191666 ns
[2025-06-08T09:38:08.965+0000][2686][info ][safepoint   ] Safepoint "ICBufferFull", Time since last: 687595417 ns, Reaching safepoint: 7292 ns, Cleanup: 2136166 ns, At safepoint: 13417 ns, Total: 2156875 ns
[2025-06-08T09:38:10.031+0000][2686][info ][safepoint   ] Safepoint "ICBufferFull", Time since last: 1062911458 ns, Reaching safepoint: 164417 ns, Cleanup: 2832083 ns, At safepoint: 18209 ns, Total: 3014709 ns
[2025-06-08T09:38:11.273+0000][2686][info ][safepoint   ] Safepoint "ICBufferFull", Time since last: 1240389416 ns, Reaching safepoint: 8834 ns, Cleanup: 1572666 ns, At safepoint: 21042 ns, Total: 1602542 ns
[2025-06-08T09:38:11.976+0000][2686][info ][safepoint   ] Safepoint "ICBufferFull", Time since last: 700124208 ns, Reaching safepoint: 8584 ns, Cleanup: 2826333 ns, At safepoint: 6292 ns, Total: 2841209 ns
[2025-06-08T09:38:13.156+0000][2686][info ][safepoint   ] Safepoint "Cleanup", Time since last: 1049695375 ns, Reaching safepoint: 31041 ns, Cleanup: 130220792 ns, At safepoint: 30917 ns, Total: 130282750 ns
[2025-06-08T09:38:14.158+0000][2686][info ][safepoint   ] Safepoint "Cleanup", Time since last: 1001641208 ns, Reaching safepoint: 10750 ns, Cleanup: 88083 ns, At safepoint: 3584 ns, Total: 102417 ns
[2025-06-08T09:38:29.991+0000][2686][info ][safepoint   ] Safepoint "Cleanup", Time since last: 15832980000 ns, Reaching safepoint: 20083 ns, Cleanup: 97458 ns, At safepoint: 3292 ns, Total: 120833 ns
[2025-06-08T09:38:30.997+0000][2686][info ][safepoint   ] Safepoint "Cleanup", Time since last: 1005860750 ns, Reaching safepoint: 20625 ns, Cleanup: 325917 ns, At safepoint: 4541 ns, Total: 351083 ns
[2025-06-08T09:38:33.005+0000][2686][info ][safepoint   ] Safepoint "Cleanup", Time since last: 2007507917 ns, Reaching safepoint: 18000 ns, Cleanup: 90583 ns, At safepoint: 3042 ns, Total: 111625 ns
[2025-06-08T09:38:34.010+0000][2686][info ][safepoint   ] Safepoint "Cleanup", Time since last: 1004561458 ns, Reaching safepoint: 10500 ns, Cleanup: 135542 ns, At safepoint: 4833 ns, Total: 150875 ns
[2025-06-08T09:38:38.025+0000][2686][info ][safepoint   ] Safepoint "Cleanup", Time since last: 4014783834 ns, Reaching safepoint: 23416 ns, Cleanup: 136417 ns, At safepoint: 3333 ns, Total: 163166 ns
[2025-06-08T09:38:54.088+0000][2686][info ][safepoint   ] Safepoint "Cleanup", Time since last: 16062672292 ns, Reaching safepoint: 283375 ns, Cleanup: 348333 ns, At safepoint: 11250 ns, Total: 642958 ns
[2025-06-08T09:39:01.125+0000][2686][info ][safepoint   ] Safepoint "Cleanup", Time since last: 7036978584 ns, Reaching safepoint: 68083 ns, Cleanup: 99583 ns, At safepoint: 3334 ns, Total: 171000 ns
[2025-06-08T09:39:02.131+0000][2686][info ][safepoint   ] Safepoint "Cleanup", Time since last: 1005465458 ns, Reaching safepoint: 99792 ns, Cleanup: 163875 ns, At safepoint: 33666 ns, Total: 297333 ns
[2025-06-08T09:39:03.136+0000][2686][info ][safepoint   ] Safepoint "Cleanup", Time since last: 1004938292 ns, Reaching safepoint: 9958 ns, Cleanup: 382209 ns, At safepoint: 2625 ns, Total: 394792 ns
[2025-06-08T09:39:24.224+0000][2686][info ][safepoint   ] Safepoint "Cleanup", Time since last: 21086370666 ns, Reaching safepoint: 226250 ns, Cleanup: 820417 ns, At safepoint: 5167 ns, Total: 1051834 ns
[2025-06-08T09:39:31.246+0000][2686][info ][safepoint   ] Safepoint "Cleanup", Time since last: 7022153458 ns, Reaching safepoint: 42667 ns, Cleanup: 94541 ns, At safepoint: 3417 ns, Total: 140625 ns
[2025-06-08T09:39:59.365+0000][2686][info ][safepoint   ] Safepoint "Cleanup", Time since last: 28118340542 ns, Reaching safepoint: 313041 ns, Cleanup: 76250 ns, At safepoint: 3834 ns, Total: 393125 ns
[2025-06-08T09:40:04.381+0000][2686][info ][safepoint   ] Safepoint "Cleanup", Time since last: 5015274500 ns, Reaching safepoint: 14125 ns, Cleanup: 64333 ns, At safepoint: 3000 ns, Total: 81458 ns
[2025-06-08T09:40:15.425+0000][2686][info ][safepoint   ] Safepoint "Cleanup", Time since last: 11043769042 ns, Reaching safepoint: 19750 ns, Cleanup: 59625 ns, At safepoint: 3000 ns, Total: 82375 ns
[2025-06-08T09:40:24.459+0000][2686][info ][safepoint   ] Safepoint "Cleanup", Time since last: 9033887750 ns, Reaching safepoint: 153125 ns, Cleanup: 113125 ns, At safepoint: 5125 ns, Total: 271375 ns
[2025-06-08T09:40:27.436+0000][2686][info ][safepoint   ] Safepoint "Cleanup", Time since last: 2977077500 ns, Reaching safepoint: 3291 ns, Cleanup: 86834 ns, At safepoint: 9208 ns, Total: 99333 ns
[2025-06-08T09:40:31.456+0000][2686][info ][safepoint   ] Safepoint "Cleanup", Time since last: 4020216917 ns, Reaching safepoint: 9416 ns, Cleanup: 77459 ns, At safepoint: 2583 ns, Total: 89458 ns
[2025-06-08T09:40:37.485+0000][2686][info ][safepoint   ] Safepoint "Cleanup", Time since last: 6028130667 ns, Reaching safepoint: 12875 ns, Cleanup: 65083 ns, At safepoint: 2458 ns, Total: 80416 ns
[2025-06-08T09:43:15.109+0000][2686][info ][safepoint   ] Safepoint "Cleanup", Time since last: 157622437709 ns, Reaching safepoint: 256791 ns, Cleanup: 76459 ns, At safepoint: 3458 ns, Total: 336708 ns
[2025-06-08T09:43:16.115+0000][2686][info ][safepoint   ] Safepoint "Cleanup", Time since last: 1006075292 ns, Reaching safepoint: 10833 ns, Cleanup: 70875 ns, At safepoint: 2583 ns, Total: 84291 ns
[2025-06-08T09:43:38.049+0000][2686][info ][safepoint   ] Safepoint "Cleanup", Time since last: 21932971250 ns, Reaching safepoint: 25417 ns, Cleanup: 962792 ns, At safepoint: 16083 ns, Total: 1004292 ns
[2025-06-08T09:43:38.724+0000][2686][info ][safepoint   ] Safepoint "ICBufferFull", Time since last: 670405042 ns, Reaching safepoint: 41791 ns, Cleanup: 4705250 ns, At safepoint: 28000 ns, Total: 4775041 ns
[2025-06-08T09:43:40.212+0000][2686][info ][safepoint   ] Safepoint "Cleanup", Time since last: 1485424834 ns, Reaching safepoint: 8500 ns, Cleanup: 2051791 ns, At safepoint: 16459 ns, Total: 2076750 ns
[2025-06-08T09:43:41.366+0000][2686][info ][safepoint   ] Safepoint "Cleanup", Time since last: 1153576583 ns, Reaching safepoint: 10875 ns, Cleanup: 618917 ns, At safepoint: 3666 ns, Total: 633458 ns
[2025-06-08T09:43:49.393+0000][2686][info ][safepoint   ] Safepoint "Cleanup", Time since last: 8026686709 ns, Reaching safepoint: 10375 ns, Cleanup: 107583 ns, At safepoint: 3500 ns, Total: 121458 ns
[2025-06-08T09:43:55.418+0000][2686][info ][safepoint   ] Safepoint "Cleanup", Time since last: 6024527917 ns, Reaching safepoint: 14833 ns, Cleanup: 133833 ns, At safepoint: 2292 ns, Total: 150958 ns
[2025-06-08T09:44:01.453+0000][2686][info ][safepoint   ] Safepoint "Cleanup", Time since last: 6032128833 ns, Reaching safepoint: 2900959 ns, Cleanup: 470208 ns, At safepoint: 10458 ns, Total: 3381625 ns
[2025-06-08T09:44:08.484+0000][2686][info ][safepoint   ] Safepoint "Cleanup", Time since last: 7029995667 ns, Reaching safepoint: 52000 ns, Cleanup: 196667 ns, At safepoint: 4833 ns, Total: 253500 ns
[2025-06-08T09:44:19.527+0000][2686][info ][safepoint   ] Safepoint "Cleanup", Time since last: 11042236917 ns, Reaching safepoint: 348875 ns, Cleanup: 188750 ns, At safepoint: 24750 ns, Total: 562375 ns
[2025-06-08T09:44:20.606+0000][2686][info ][safepoint   ] Safepoint "Cleanup", Time since last: 1076873083 ns, Reaching safepoint: 18000 ns, Cleanup: 2014083 ns, At safepoint: 28542 ns, Total: 2060625 ns
[2025-06-08T09:44:21.904+0000][2686][info ][safepoint   ] Safepoint "Cleanup", Time since last: 1297153917 ns, Reaching safepoint: 3750 ns, Cleanup: 1047708 ns, At safepoint: 14750 ns, Total: 1066208 ns
[2025-06-08T09:44:23.070+0000][2686][info ][safepoint   ] Safepoint "Cleanup", Time since last: 1166272042 ns, Reaching safepoint: 11416 ns, Cleanup: 255709 ns, At safepoint: 3750 ns, Total: 270875 ns
[2025-06-08T09:44:29.333+0000][2686][info ][safepoint   ] Safepoint "Cleanup", Time since last: 6262579291 ns, Reaching safepoint: 15125 ns, Cleanup: 296459 ns, At safepoint: 3666 ns, Total: 315250 ns
[2025-06-08T09:44:50.419+0000][2686][info ][safepoint   ] Safepoint "Cleanup", Time since last: 21085353792 ns, Reaching safepoint: 228500 ns, Cleanup: 73458 ns, At safepoint: 14750 ns, Total: 316708 ns
[2025-06-08T09:44:57.443+0000][2686][info ][safepoint   ] Safepoint "Cleanup", Time since last: 7023420000 ns, Reaching safepoint: 43667 ns, Cleanup: 179333 ns, At safepoint: 5625 ns, Total: 228625 ns
[2025-06-08T09:46:13.762+0000][2686][info ][safepoint   ] Safepoint "Cleanup", Time since last: 76316636459 ns, Reaching safepoint: 634500 ns, Cleanup: 1311250 ns, At safepoint: 24500 ns, Total: 1970250 ns
[2025-06-08T09:46:22.793+0000][2686][info ][safepoint   ] Safepoint "Cleanup", Time since last: 9029880166 ns, Reaching safepoint: 335292 ns, Cleanup: 305750 ns, At safepoint: 22583 ns, Total: 663625 ns
[2025-06-08T09:46:23.799+0000][2686][info ][safepoint   ] Safepoint "Cleanup", Time since last: 1005394500 ns, Reaching safepoint: 14167 ns, Cleanup: 418042 ns, At safepoint: 4458 ns, Total: 436667 ns
[2025-06-08T09:49:25.264+0000][2686][info ][safepoint   ] Safepoint "Cleanup", Time since last: 181463608958 ns, Reaching safepoint: 254542 ns, Cleanup: 90583 ns, At safepoint: 3959 ns, Total: 349084 ns
[2025-06-08T09:49:55.303+0000][2686][info ][safepoint   ] Safepoint "Cleanup", Time since last: 30038279250 ns, Reaching safepoint: 14000 ns, Cleanup: 80625 ns, At safepoint: 12041 ns, Total: 106666 ns
[2025-06-08T09:50:49.330+0000][2686][info ][safepoint   ] Safepoint "Cleanup", Time since last: 54026401959 ns, Reaching safepoint: 49208 ns, Cleanup: 105375 ns, At safepoint: 4708 ns, Total: 159291 ns
[2025-06-08T09:55:12.849+0000][2686][info ][safepoint   ] Safepoint "Cleanup", Time since last: 263516615209 ns, Reaching safepoint: 175750 ns, Cleanup: 275500 ns, At safepoint: 4500 ns, Total: 455750 ns
[2025-06-08T09:55:17.877+0000][2686][info ][safepoint   ] Safepoint "Cleanup", Time since last: 5027417250 ns, Reaching safepoint: 23083 ns, Cleanup: 312875 ns, At safepoint: 3875 ns, Total: 339833 ns
[2025-06-08T09:55:27.921+0000][2686][info ][safepoint   ] Safepoint "Cleanup", Time since last: 10043642583 ns, Reaching safepoint: 176042 ns, Cleanup: 17167 ns, At safepoint: 1875 ns, Total: 195084 ns
[2025-06-08T09:55:36.911+0000][2686][info ][safepoint   ] Safepoint "Cleanup", Time since last: 8989661083 ns, Reaching safepoint: 9958 ns, Cleanup: 94792 ns, At safepoint: 3583 ns, Total: 108333 ns
[2025-06-08T09:57:08.277+0000][2686][info ][safepoint   ] Safepoint "Cleanup", Time since last: 91364282250 ns, Reaching safepoint: 280917 ns, Cleanup: 240333 ns, At safepoint: 4792 ns, Total: 526042 ns
[2025-06-08T10:02:32.383+0000][2686][info ][safepoint   ] Safepoint "Cleanup", Time since last: 324103017500 ns, Reaching safepoint: 44167 ns, Cleanup: 397166 ns, At safepoint: 5292 ns, Total: 446625 ns
[2025-06-08T10:03:21.588+0000][2686][info ][safepoint   ] Safepoint "Cleanup", Time since last: 49204152333 ns, Reaching safepoint: 185667 ns, Cleanup: 419708 ns, At safepoint: 11167 ns, Total: 616542 ns
[2025-06-08T10:03:31.608+0000][2686][info ][safepoint   ] Safepoint "Cleanup", Time since last: 10019856583 ns, Reaching safepoint: 14667 ns, Cleanup: 199542 ns, At safepoint: 12875 ns, Total: 227084 ns
[2025-06-08T10:08:54.919+0000][2686][info ][safepoint   ] Safepoint "Cleanup", Time since last: 323307275791 ns, Reaching safepoint: 302917 ns, Cleanup: 79875 ns, At safepoint: 4083 ns, Total: 386875 ns
[2025-06-08T10:09:01.948+0000][2686][info ][safepoint   ] Safepoint "Cleanup", Time since last: 7028245917 ns, Reaching safepoint: 10750 ns, Cleanup: 149750 ns, At safepoint: 3125 ns, Total: 163625 ns
[2025-06-08T10:09:03.959+0000][2686][info ][safepoint   ] Safepoint "Cleanup", Time since last: 2010877833 ns, Reaching safepoint: 10167 ns, Cleanup: 41292 ns, At safepoint: 2625 ns, Total: 54084 ns
[2025-06-08T10:13:50.277+0000][2686][info ][safepoint   ] Safepoint "Cleanup", Time since last: 286368216250 ns, Reaching safepoint: 358208 ns, Cleanup: 107250 ns, At safepoint: 7083 ns, Total: 472541 ns
[2025-06-08T10:14:20.503+0000][2686][info ][safepoint   ] Safepoint "Cleanup", Time since last: 30226361459 ns, Reaching safepoint: 29000 ns, Cleanup: 134416 ns, At safepoint: 4500 ns, Total: 167916 ns
[2025-06-08T10:15:20.491+0000][2686][info ][safepoint   ] Safepoint "Cleanup", Time since last: 59987521000 ns, Reaching safepoint: 290584 ns, Cleanup: 86291 ns, At safepoint: 5125 ns, Total: 382000 ns
[2025-06-08T10:26:54.929+0000][2686][info ][safepoint   ] Safepoint "Cleanup", Time since last: 694441988584 ns, Reaching safepoint: 41000 ns, Cleanup: 34333 ns, At safepoint: 1917 ns, Total: 77250 ns
[2025-06-08T10:27:21.061+0000][2686][info ][safepoint   ] Safepoint "Cleanup", Time since last: 26130887958 ns, Reaching safepoint: 466958 ns, Cleanup: 147000 ns, At safepoint: 7209 ns, Total: 621167 ns
[2025-06-08T10:32:02.267+0000][2686][info ][safepoint   ] Safepoint "Cleanup", Time since last: 281207386291 ns, Reaching safepoint: 368584 ns, Cleanup: 98916 ns, At safepoint: 4459 ns, Total: 471959 ns
[2025-06-08T10:32:32.405+0000][2686][info ][safepoint   ] Safepoint "Cleanup", Time since last: 30137966541 ns, Reaching safepoint: 369042 ns, Cleanup: 120917 ns, At safepoint: 7708 ns, Total: 497667 ns
[2025-06-08T10:32:55.500+0000][2686][info ][safepoint   ] Safepoint "Cleanup", Time since last: 23094849917 ns, Reaching safepoint: 12250 ns, Cleanup: 131583 ns, At safepoint: 10042 ns, Total: 153875 ns
[2025-06-08T10:56:53.882+0000][2686][info ][safepoint   ] Safepoint "Cleanup", Time since last: 411978584916 ns, Reaching safepoint: 438292 ns, Cleanup: 155000 ns, At safepoint: 5875 ns, Total: 599167 ns
[2025-06-08T11:27:59.173+0000][2686][info ][safepoint   ] Safepoint "Cleanup", Time since last: 135235817875 ns, Reaching safepoint: 558333 ns, Cleanup: 20639209 ns, At safepoint: 20791 ns, Total: 21218333 ns
[2025-06-08T11:28:29.295+0000][2686][info ][safepoint   ] Safepoint "Cleanup", Time since last: 30122442375 ns, Reaching safepoint: 455375 ns, Cleanup: 133375 ns, At safepoint: 13417 ns, Total: 602167 ns
[2025-06-08T11:29:54.982+0000][2686][info ][safepoint   ] Safepoint "Cleanup", Time since last: 85687581583 ns, Reaching safepoint: 37042 ns, Cleanup: 93500 ns, At safepoint: 6875 ns, Total: 137417 ns
[2025-06-08T11:30:29.130+0000][2686][info ][safepoint   ] Safepoint "Cleanup", Time since last: 34148272958 ns, Reaching safepoint: 368292 ns, Cleanup: 85917 ns, At safepoint: 10791 ns, Total: 465000 ns
[2025-06-08T11:33:30.294+0000][2686][info ][safepoint   ] Safepoint "Cleanup", Time since last: 181165449000 ns, Reaching safepoint: 426292 ns, Cleanup: 134500 ns, At safepoint: 4625 ns, Total: 565417 ns
[2025-06-08T11:42:17.851+0000][2686][info ][safepoint   ] Safepoint "Cleanup", Time since last: 527562017417 ns, Reaching safepoint: 552750 ns, Cleanup: 162375 ns, At safepoint: 8416 ns, Total: 723541 ns
[2025-06-08T11:42:47.797+0000][2686][info ][safepoint   ] Safepoint "Cleanup", Time since last: 29946027000 ns, Reaching safepoint: 38209 ns, Cleanup: 180958 ns, At safepoint: 5750 ns, Total: 224917 ns
[2025-06-08T11:43:47.886+0000][2686][info ][safepoint   ] Safepoint "Cleanup", Time since last: 60089460167 ns, Reaching safepoint: 26541 ns, Cleanup: 107500 ns, At safepoint: 8542 ns, Total: 142583 ns
[2025-06-08T11:43:58.931+0000][2686][info ][safepoint   ] Safepoint "Cleanup", Time since last: 11044567792 ns, Reaching safepoint: 12875 ns, Cleanup: 146250 ns, At safepoint: 6916 ns, Total: 166041 ns
[2025-06-08T12:07:29.668+0000][2686][info ][safepoint   ] Safepoint "Cleanup", Time since last: 1410702689750 ns, Reaching safepoint: 456667 ns, Cleanup: 129542 ns, At safepoint: 11291 ns, Total: 597500 ns
[2025-06-08T12:08:17.735+0000][2686][info ][safepoint   ] Safepoint "Cleanup", Time since last: 48066033792 ns, Reaching safepoint: 341458 ns, Cleanup: 145417 ns, At safepoint: 9458 ns, Total: 496333 ns
[2025-06-08T12:08:59.833+0000][2686][info ][safepoint   ] Safepoint "Cleanup", Time since last: 42093603875 ns, Reaching safepoint: 4113584 ns, Cleanup: 547333 ns, At safepoint: 11208 ns, Total: 4672125 ns
[2025-06-08T15:00:02.747+0000][2686][info ][safepoint   ] Safepoint "Cleanup", Time since last: 988182766709 ns, Reaching safepoint: 124958 ns, Cleanup: 399250 ns, At safepoint: 3292 ns, Total: 527500 ns
[2025-06-08T15:17:15.295+0000][2686][info ][safepoint   ] Safepoint "Cleanup", Time since last: 100754695374 ns, Reaching safepoint: 2600542 ns, Cleanup: 109083 ns, At safepoint: 22917 ns, Total: 2732542 ns
[2025-06-08T15:23:07.196+0000][2686][info ][safepoint   ] Safepoint "Cleanup", Time since last: 27868049959 ns, Reaching safepoint: 7000 ns, Cleanup: 50583 ns, At safepoint: 1958 ns, Total: 59541 ns
[2025-06-08T15:32:58.271+0000][2686][info ][safepoint   ] Safepoint "Cleanup", Time since last: 53463515125 ns, Reaching safepoint: 13167 ns, Cleanup: 40833 ns, At safepoint: 4584 ns, Total: 58584 ns
[2025-06-08T15:37:04.887+0000][2686][info ][safepoint   ] Safepoint "Cleanup", Time since last: 29048841958 ns, Reaching safepoint: 13041 ns, Cleanup: 44167 ns, At safepoint: 2792 ns, Total: 60000 ns
[2025-06-08T15:39:13.718+0000][2686][info ][safepoint   ] Safepoint "Cleanup", Time since last: 18140330667 ns, Reaching safepoint: 24375 ns, Cleanup: 19667 ns, At safepoint: 5000 ns, Total: 49042 ns
[2025-06-08T16:16:59.661+0000][2686][info ][safepoint   ] Safepoint "Cleanup", Time since last: 99884901750 ns, Reaching safepoint: 71458 ns, Cleanup: 75042 ns, At safepoint: 4833 ns, Total: 151333 ns
[2025-06-08T16:40:18.194+0000][2686][info ][safepoint   ] Safepoint "Cleanup", Time since last: 13255033416 ns, Reaching safepoint: 230542 ns, Cleanup: 97750 ns, At safepoint: 3458 ns, Total: 331750 ns
[2025-06-08T19:42:55.471+0000][2686][info ][safepoint   ] Safepoint "Cleanup", Time since last: 84490542584 ns, Reaching safepoint: 294750 ns, Cleanup: 101542 ns, At safepoint: 8625 ns, Total: 404917 ns
[2025-06-09T02:18:49.219+0000][2686][info ][safepoint   ] Safepoint "Cleanup", Time since last: 355487934874 ns, Reaching safepoint: 359709 ns, Cleanup: 122541 ns, At safepoint: 9292 ns, Total: 491542 ns
[2025-06-09T02:19:53.347+0000][2686][info ][safepoint   ] Safepoint "Cleanup", Time since last: 64127139833 ns, Reaching safepoint: 415792 ns, Cleanup: 343417 ns, At safepoint: 13250 ns, Total: 772459 ns
