[2025-06-28T05:45:39.967+0000][28419][info][gc,init] CardTable entry size: 512
[2025-06-28T05:45:39.968+0000][28419][info][gc     ] Using G1
[2025-06-28T05:45:41.418+0000][28419][info][gc,init] Version: 21+35-2513 (release)
[2025-06-28T05:45:41.418+0000][28419][info][gc,init] CPUs: 8 total, 8 available
[2025-06-28T05:45:41.418+0000][28419][info][gc,init] Memory: 16384M
[2025-06-28T05:45:41.418+0000][28419][info][gc,init] Large Page Support: Disabled
[2025-06-28T05:45:41.418+0000][28419][info][gc,init] NUMA Support: Disabled
[2025-06-28T05:45:41.418+0000][28419][info][gc,init] Compressed Oops: Enabled (Zero based)
[2025-06-28T05:45:41.418+0000][28419][info][gc,init] Heap Region Size: 4M
[2025-06-28T05:45:41.418+0000][28419][info][gc,init] Heap Min Capacity: 8G
[2025-06-28T05:45:41.418+0000][28419][info][gc,init] Heap Initial Capacity: 8G
[2025-06-28T05:45:41.418+0000][28419][info][gc,init] Heap Max Capacity: 8G
[2025-06-28T05:45:41.418+0000][28419][info][gc,init] Pre-touch: Enabled
[2025-06-28T05:45:41.418+0000][28419][info][gc,init] Parallel Workers: 8
[2025-06-28T05:45:41.418+0000][28419][info][gc,init] Concurrent Workers: 2
[2025-06-28T05:45:41.418+0000][28419][info][gc,init] Concurrent Refinement Workers: 8
[2025-06-28T05:45:41.418+0000][28419][info][gc,init] Periodic GC: Disabled
[2025-06-28T05:45:41.423+0000][28419][info][gc,metaspace] CDS archive(s) mapped at: [0x0000000136000000-0x0000000136ca4000-0x0000000136ca4000), size 13254656, SharedBaseAddress: 0x0000000136000000, ArchiveRelocationMode: 1.
[2025-06-28T05:45:41.423+0000][28419][info][gc,metaspace] Compressed class space mapped at: 0x0000000137000000-0x0000000177000000, reserved size: 1073741824
[2025-06-28T05:45:41.423+0000][28419][info][gc,metaspace] Narrow klass base: 0x0000000136000000, Narrow klass shift: 0, Narrow klass range: 0x100000000
[2025-06-28T05:45:41.921+0000][28419][info][safepoint   ] Safepoint "ICBufferFull", Time since last: 491973083 ns, Reaching safepoint: 159833 ns, Cleanup: 1438000 ns, At safepoint: 152709 ns, Total: 1750542 ns
[2025-06-28T05:45:42.851+0000][28419][info][safepoint   ] Safepoint "ICBufferFull", Time since last: 928981208 ns, Reaching safepoint: 1958 ns, Cleanup: 1367417 ns, At safepoint: 2000 ns, Total: 1371375 ns
[2025-06-28T05:45:43.197+0000][28419][info][safepoint   ] Safepoint "ICBufferFull", Time since last: 344594792 ns, Reaching safepoint: 1750 ns, Cleanup: 1264125 ns, At safepoint: 1541 ns, Total: 1267416 ns
[2025-06-28T05:45:43.944+0000][28419][info][safepoint   ] Safepoint "ICBufferFull", Time since last: 745690667 ns, Reaching safepoint: 2292 ns, Cleanup: 1519791 ns, At safepoint: 8834 ns, Total: 1530917 ns
[2025-06-28T05:45:44.506+0000][28419][info][safepoint   ] Safepoint "ICBufferFull", Time since last: 559378916 ns, Reaching safepoint: 2750 ns, Cleanup: 1703584 ns, At safepoint: 273791 ns, Total: 1980125 ns
[2025-06-28T05:45:45.087+0000][28419][info][safepoint   ] Safepoint "ICBufferFull", Time since last: 579689084 ns, Reaching safepoint: 2708 ns, Cleanup: 1713292 ns, At safepoint: 2083 ns, Total: 1718083 ns
[2025-06-28T05:45:45.388+0000][28419][info][gc,start    ] GC(0) Pause Young (Concurrent Start) (Metadata GC Threshold)
[2025-06-28T05:45:45.388+0000][28419][info][gc,task     ] GC(0) Using 8 workers of 8 for evacuation
[2025-06-28T05:45:45.388+0000][28419][debug][gc,age      ] GC(0) Desired survivor size 27262976 bytes, new threshold 15 (max threshold 15)
[2025-06-28T05:45:45.414+0000][28419][info ][gc,phases   ] GC(0)   Pre Evacuate Collection Set: 0.8ms
[2025-06-28T05:45:45.415+0000][28419][info ][gc,phases   ] GC(0)   Merge Heap Roots: 0.4ms
[2025-06-28T05:45:45.415+0000][28419][info ][gc,phases   ] GC(0)   Evacuate Collection Set: 23.8ms
[2025-06-28T05:45:45.415+0000][28419][info ][gc,phases   ] GC(0)   Post Evacuate Collection Set: 0.7ms
[2025-06-28T05:45:45.415+0000][28419][info ][gc,phases   ] GC(0)   Other: 0.6ms
[2025-06-28T05:45:45.415+0000][28419][trace][gc,age      ] GC(0) Age table with threshold 15 (max threshold 15)
[2025-06-28T05:45:45.415+0000][28419][trace][gc,age      ] GC(0) - age   1:   12618704 bytes,   12618704 total
[2025-06-28T05:45:45.415+0000][28419][info ][gc,heap     ] GC(0) Eden regions: 72->0(98)
[2025-06-28T05:45:45.415+0000][28419][info ][gc,heap     ] GC(0) Survivor regions: 0->4(13)
[2025-06-28T05:45:45.415+0000][28419][info ][gc,heap     ] GC(0) Old regions: 1->1
[2025-06-28T05:45:45.415+0000][28419][info ][gc,heap     ] GC(0) Humongous regions: 0->0
[2025-06-28T05:45:45.415+0000][28419][info ][gc,metaspace] GC(0) Metaspace: 20991K(21504K)->20991K(21504K) NonClass: 18702K(19008K)->18702K(19008K) Class: 2289K(2496K)->2289K(2496K)
[2025-06-28T05:45:45.415+0000][28419][info ][gc          ] GC(0) Pause Young (Concurrent Start) (Metadata GC Threshold) 287M->13M(8192M) 26.470ms
[2025-06-28T05:45:45.415+0000][28419][info ][gc,cpu      ] GC(0) User=0.05s Sys=0.02s Real=0.03s
[2025-06-28T05:45:45.415+0000][28419][info ][gc          ] GC(1) Concurrent Mark Cycle
[2025-06-28T05:45:45.415+0000][28419][info ][gc,marking  ] GC(1) Concurrent Scan Root Regions
[2025-06-28T05:45:45.415+0000][28419][info ][safepoint   ] Safepoint "CollectForMetadataAllocation", Time since last: 299852917 ns, Reaching safepoint: 2000 ns, Cleanup: 990916 ns, At safepoint: 27366209 ns, Total: 28359125 ns
[2025-06-28T05:45:45.418+0000][28419][info ][gc,marking  ] GC(1) Concurrent Scan Root Regions 2.880ms
[2025-06-28T05:45:45.418+0000][28419][info ][gc,marking  ] GC(1) Concurrent Mark
[2025-06-28T05:45:45.418+0000][28419][info ][gc,marking  ] GC(1) Concurrent Mark From Roots
[2025-06-28T05:45:45.418+0000][28419][info ][gc,task     ] GC(1) Using 2 workers of 2 for marking
[2025-06-28T05:45:45.420+0000][28419][info ][gc,marking  ] GC(1) Concurrent Mark From Roots 1.578ms
[2025-06-28T05:45:45.420+0000][28419][info ][gc,marking  ] GC(1) Concurrent Preclean
[2025-06-28T05:45:45.420+0000][28419][info ][gc,marking  ] GC(1) Concurrent Preclean 0.011ms
[2025-06-28T05:45:45.420+0000][28419][info ][gc,start    ] GC(1) Pause Remark
[2025-06-28T05:45:45.428+0000][28419][info ][gc          ] GC(1) Pause Remark 15M->15M(8192M) 8.040ms
[2025-06-28T05:45:45.428+0000][28419][info ][gc,cpu      ] GC(1) User=0.02s Sys=0.01s Real=0.00s
[2025-06-28T05:45:45.428+0000][28419][info ][safepoint   ] Safepoint "G1PauseRemark", Time since last: 4523833 ns, Reaching safepoint: 461208 ns, Cleanup: 2750 ns, At safepoint: 8094042 ns, Total: 8558000 ns
[2025-06-28T05:45:45.428+0000][28419][info ][gc,marking  ] GC(1) Concurrent Mark 10.309ms
[2025-06-28T05:45:45.428+0000][28419][info ][gc,marking  ] GC(1) Concurrent Rebuild Remembered Sets and Scrub Regions
[2025-06-28T05:45:45.429+0000][28419][info ][gc,marking  ] GC(1) Concurrent Rebuild Remembered Sets and Scrub Regions 0.498ms
[2025-06-28T05:45:45.429+0000][28419][info ][gc,start    ] GC(1) Pause Cleanup
[2025-06-28T05:45:45.429+0000][28419][info ][gc          ] GC(1) Pause Cleanup 15M->15M(8192M) 0.085ms
[2025-06-28T05:45:45.429+0000][28419][info ][gc,cpu      ] GC(1) User=0.00s Sys=0.00s Real=0.00s
[2025-06-28T05:45:45.429+0000][28419][info ][safepoint   ] Safepoint "G1PauseCleanup", Time since last: 630625 ns, Reaching safepoint: 497042 ns, Cleanup: 1958 ns, At safepoint: 116792 ns, Total: 615792 ns
[2025-06-28T05:45:45.430+0000][28419][info ][gc,marking  ] GC(1) Concurrent Clear Claimed Marks
[2025-06-28T05:45:45.430+0000][28419][info ][gc,marking  ] GC(1) Concurrent Clear Claimed Marks 0.011ms
[2025-06-28T05:45:45.430+0000][28419][info ][gc,marking  ] GC(1) Concurrent Cleanup for Next Mark
[2025-06-28T05:45:45.440+0000][28419][info ][gc,marking  ] GC(1) Concurrent Cleanup for Next Mark 10.449ms
[2025-06-28T05:45:45.441+0000][28419][info ][gc          ] GC(1) Concurrent Mark Cycle 26.415ms
[2025-06-28T05:45:46.176+0000][28419][info ][safepoint   ] Safepoint "ICBufferFull", Time since last: 744596708 ns, Reaching safepoint: 31542 ns, Cleanup: 1780000 ns, At safepoint: 113250 ns, Total: 1924792 ns
[2025-06-28T05:45:46.524+0000][28419][info ][safepoint   ] Safepoint "ICBufferFull", Time since last: 346937791 ns, Reaching safepoint: 2584 ns, Cleanup: 1281625 ns, At safepoint: 6625 ns, Total: 1290834 ns
[2025-06-28T05:45:46.796+0000][28419][info ][gc,start    ] GC(2) Pause Young (Prepare Mixed) (G1 Evacuation Pause)
[2025-06-28T05:45:46.796+0000][28419][info ][gc,task     ] GC(2) Using 8 workers of 8 for evacuation
[2025-06-28T05:45:46.796+0000][28419][debug][gc,age      ] GC(2) Desired survivor size 27262976 bytes, new threshold 15 (max threshold 15)
[2025-06-28T05:45:46.823+0000][28419][info ][gc,phases   ] GC(2)   Pre Evacuate Collection Set: 0.2ms
[2025-06-28T05:45:46.824+0000][28419][info ][gc,phases   ] GC(2)   Merge Heap Roots: 0.1ms
[2025-06-28T05:45:46.824+0000][28419][info ][gc,phases   ] GC(2)   Evacuate Collection Set: 26.1ms
[2025-06-28T05:45:46.824+0000][28419][info ][gc,phases   ] GC(2)   Post Evacuate Collection Set: 0.6ms
[2025-06-28T05:45:46.824+0000][28419][info ][gc,phases   ] GC(2)   Other: 0.1ms
[2025-06-28T05:45:46.824+0000][28419][trace][gc,age      ] GC(2) Age table with threshold 15 (max threshold 15)
[2025-06-28T05:45:46.824+0000][28419][trace][gc,age      ] GC(2) - age   1:    8669200 bytes,    8669200 total
[2025-06-28T05:45:46.824+0000][28419][trace][gc,age      ] GC(2) - age   2:   11668504 bytes,   20337704 total
[2025-06-28T05:45:46.824+0000][28419][info ][gc,heap     ] GC(2) Eden regions: 98->0(96)
[2025-06-28T05:45:46.824+0000][28419][info ][gc,heap     ] GC(2) Survivor regions: 4->6(13)
[2025-06-28T05:45:46.824+0000][28419][info ][gc,heap     ] GC(2) Old regions: 1->1
[2025-06-28T05:45:46.824+0000][28419][info ][gc,heap     ] GC(2) Humongous regions: 0->0
[2025-06-28T05:45:46.824+0000][28419][info ][gc,metaspace] GC(2) Metaspace: 28284K(28992K)->28284K(28992K) NonClass: 25051K(25472K)->25051K(25472K) Class: 3232K(3520K)->3232K(3520K)
[2025-06-28T05:45:46.824+0000][28419][info ][gc          ] GC(2) Pause Young (Prepare Mixed) (G1 Evacuation Pause) 405M->23M(8192M) 27.227ms
[2025-06-28T05:45:46.824+0000][28419][info ][gc,cpu      ] GC(2) User=0.05s Sys=0.04s Real=0.03s
[2025-06-28T05:45:46.824+0000][28419][info ][safepoint   ] Safepoint "G1CollectForAllocation", Time since last: 271447416 ns, Reaching safepoint: 21584 ns, Cleanup: 721250 ns, At safepoint: 27358500 ns, Total: 28101334 ns
[2025-06-28T05:45:47.609+0000][28419][info ][gc,start    ] GC(3) Pause Young (Mixed) (G1 Evacuation Pause)
[2025-06-28T05:45:47.610+0000][28419][info ][gc,task     ] GC(3) Using 8 workers of 8 for evacuation
[2025-06-28T05:45:47.610+0000][28419][debug][gc,age      ] GC(3) Desired survivor size 27262976 bytes, new threshold 15 (max threshold 15)
[2025-06-28T05:45:47.631+0000][28419][info ][gc,phases   ] GC(3)   Pre Evacuate Collection Set: 0.2ms
[2025-06-28T05:45:47.631+0000][28419][info ][gc,phases   ] GC(3)   Merge Heap Roots: 0.1ms
[2025-06-28T05:45:47.631+0000][28419][info ][gc,phases   ] GC(3)   Evacuate Collection Set: 20.4ms
[2025-06-28T05:45:47.631+0000][28419][info ][gc,phases   ] GC(3)   Post Evacuate Collection Set: 0.7ms
[2025-06-28T05:45:47.631+0000][28419][info ][gc,phases   ] GC(3)   Other: 0.1ms
[2025-06-28T05:45:47.631+0000][28419][trace][gc,age      ] GC(3) Age table with threshold 15 (max threshold 15)
[2025-06-28T05:45:47.631+0000][28419][trace][gc,age      ] GC(3) - age   1:    5888272 bytes,    5888272 total
[2025-06-28T05:45:47.631+0000][28419][trace][gc,age      ] GC(3) - age   2:    8085304 bytes,   13973576 total
[2025-06-28T05:45:47.631+0000][28419][trace][gc,age      ] GC(3) - age   3:   11667176 bytes,   25640752 total
[2025-06-28T05:45:47.631+0000][28419][info ][gc,heap     ] GC(3) Eden regions: 96->0(95)
[2025-06-28T05:45:47.631+0000][28419][info ][gc,heap     ] GC(3) Survivor regions: 6->7(13)
[2025-06-28T05:45:47.631+0000][28419][info ][gc,heap     ] GC(3) Old regions: 1->1
[2025-06-28T05:45:47.631+0000][28419][info ][gc,heap     ] GC(3) Humongous regions: 0->0
[2025-06-28T05:45:47.631+0000][28419][info ][gc,metaspace] GC(3) Metaspace: 33888K(34688K)->33888K(34688K) NonClass: 30021K(30464K)->30021K(30464K) Class: 3866K(4224K)->3866K(4224K)
[2025-06-28T05:45:47.631+0000][28419][info ][gc          ] GC(3) Pause Young (Mixed) (G1 Evacuation Pause) 407M->28M(8192M) 21.680ms
[2025-06-28T05:45:47.631+0000][28419][info ][gc,cpu      ] GC(3) User=0.05s Sys=0.03s Real=0.03s
[2025-06-28T05:45:47.631+0000][28419][info ][safepoint   ] Safepoint "G1CollectForAllocation", Time since last: 782836041 ns, Reaching safepoint: 2792 ns, Cleanup: 1527833 ns, At safepoint: 23125959 ns, Total: 24656584 ns
[2025-06-28T05:45:47.864+0000][28419][info ][gc,start    ] GC(4) Pause Young (Concurrent Start) (Metadata GC Threshold)
[2025-06-28T05:45:47.864+0000][28419][info ][gc,task     ] GC(4) Using 8 workers of 8 for evacuation
[2025-06-28T05:45:47.864+0000][28419][debug][gc,age      ] GC(4) Desired survivor size 27262976 bytes, new threshold 15 (max threshold 15)
[2025-06-28T05:45:47.884+0000][28419][info ][gc,phases   ] GC(4)   Pre Evacuate Collection Set: 0.3ms
[2025-06-28T05:45:47.884+0000][28419][info ][gc,phases   ] GC(4)   Merge Heap Roots: 0.0ms
[2025-06-28T05:45:47.884+0000][28419][info ][gc,phases   ] GC(4)   Evacuate Collection Set: 18.6ms
[2025-06-28T05:45:47.884+0000][28419][info ][gc,phases   ] GC(4)   Post Evacuate Collection Set: 0.6ms
[2025-06-28T05:45:47.884+0000][28419][info ][gc,phases   ] GC(4)   Other: 0.1ms
[2025-06-28T05:45:47.884+0000][28419][trace][gc,age      ] GC(4) Age table with threshold 15 (max threshold 15)
[2025-06-28T05:45:47.884+0000][28419][trace][gc,age      ] GC(4) - age   1:    2406576 bytes,    2406576 total
[2025-06-28T05:45:47.884+0000][28419][trace][gc,age      ] GC(4) - age   2:    5840784 bytes,    8247360 total
[2025-06-28T05:45:47.884+0000][28419][trace][gc,age      ] GC(4) - age   3:    8079304 bytes,   16326664 total
[2025-06-28T05:45:47.884+0000][28419][trace][gc,age      ] GC(4) - age   4:   11658920 bytes,   27985584 total
[2025-06-28T05:45:47.884+0000][28419][info ][gc,heap     ] GC(4) Eden regions: 8->0(94)
[2025-06-28T05:45:47.884+0000][28419][info ][gc,heap     ] GC(4) Survivor regions: 7->8(13)
[2025-06-28T05:45:47.884+0000][28419][info ][gc,heap     ] GC(4) Old regions: 1->1
[2025-06-28T05:45:47.884+0000][28419][info ][gc,heap     ] GC(4) Humongous regions: 0->0
[2025-06-28T05:45:47.884+0000][28419][info ][gc,metaspace] GC(4) Metaspace: 35157K(35968K)->35157K(35968K) NonClass: 31134K(31616K)->31134K(31616K) Class: 4023K(4352K)->4023K(4352K)
[2025-06-28T05:45:47.884+0000][28419][info ][gc          ] GC(4) Pause Young (Concurrent Start) (Metadata GC Threshold) 58M->31M(8192M) 19.692ms
[2025-06-28T05:45:47.884+0000][28419][info ][gc          ] GC(5) Concurrent Mark Cycle
[2025-06-28T05:45:47.884+0000][28419][info ][gc,cpu      ] GC(4) User=0.05s Sys=0.01s Real=0.02s
[2025-06-28T05:45:47.884+0000][28419][info ][gc,marking  ] GC(5) Concurrent Scan Root Regions
[2025-06-28T05:45:47.884+0000][28419][info ][safepoint   ] Safepoint "CollectForMetadataAllocation", Time since last: 232578250 ns, Reaching safepoint: 2625 ns, Cleanup: 571583 ns, At safepoint: 19827833 ns, Total: 20402041 ns
[2025-06-28T05:45:47.888+0000][28419][info ][gc,marking  ] GC(5) Concurrent Scan Root Regions 4.074ms
[2025-06-28T05:45:47.888+0000][28419][info ][gc,marking  ] GC(5) Concurrent Mark
[2025-06-28T05:45:47.888+0000][28419][info ][gc,marking  ] GC(5) Concurrent Mark From Roots
[2025-06-28T05:45:47.888+0000][28419][info ][gc,task     ] GC(5) Using 2 workers of 2 for marking
[2025-06-28T05:45:47.889+0000][28419][info ][gc,marking  ] GC(5) Concurrent Mark From Roots 1.134ms
[2025-06-28T05:45:47.889+0000][28419][info ][gc,marking  ] GC(5) Concurrent Preclean
[2025-06-28T05:45:47.889+0000][28419][info ][gc,marking  ] GC(5) Concurrent Preclean 0.029ms
[2025-06-28T05:45:47.890+0000][28419][info ][gc,start    ] GC(5) Pause Remark
[2025-06-28T05:45:47.899+0000][28419][info ][gc          ] GC(5) Pause Remark 33M->33M(8192M) 9.279ms
[2025-06-28T05:45:47.899+0000][28419][info ][gc,cpu      ] GC(5) User=0.01s Sys=0.01s Real=0.00s
[2025-06-28T05:45:47.899+0000][28419][info ][safepoint   ] Safepoint "G1PauseRemark", Time since last: 5389000 ns, Reaching safepoint: 309959 ns, Cleanup: 4166 ns, At safepoint: 9332584 ns, Total: 9646709 ns
[2025-06-28T05:45:47.899+0000][28419][info ][gc,marking  ] GC(5) Concurrent Mark 11.044ms
[2025-06-28T05:45:47.899+0000][28419][info ][gc,marking  ] GC(5) Concurrent Rebuild Remembered Sets and Scrub Regions
[2025-06-28T05:45:47.900+0000][28419][info ][gc,marking  ] GC(5) Concurrent Rebuild Remembered Sets and Scrub Regions 0.362ms
[2025-06-28T05:45:47.900+0000][28419][info ][gc,start    ] GC(5) Pause Cleanup
[2025-06-28T05:45:47.901+0000][28419][info ][gc          ] GC(5) Pause Cleanup 33M->33M(8192M) 0.119ms
[2025-06-28T05:45:47.901+0000][28419][info ][gc,cpu      ] GC(5) User=0.00s Sys=0.00s Real=0.00s
[2025-06-28T05:45:47.901+0000][28419][info ][safepoint   ] Safepoint "G1PauseCleanup", Time since last: 420541 ns, Reaching safepoint: 821084 ns, Cleanup: 8041 ns, At safepoint: 147667 ns, Total: 976792 ns
[2025-06-28T05:45:47.901+0000][28419][info ][gc,marking  ] GC(5) Concurrent Clear Claimed Marks
[2025-06-28T05:45:47.901+0000][28419][info ][gc,marking  ] GC(5) Concurrent Clear Claimed Marks 0.022ms
[2025-06-28T05:45:47.901+0000][28419][info ][gc,marking  ] GC(5) Concurrent Cleanup for Next Mark
[2025-06-28T05:45:47.904+0000][28419][info ][gc,marking  ] GC(5) Concurrent Cleanup for Next Mark 3.777ms
[2025-06-28T05:45:47.904+0000][28419][info ][gc          ] GC(5) Concurrent Mark Cycle 20.391ms
[2025-06-28T05:45:48.594+0000][28419][info ][gc,start    ] GC(6) Pause Young (Normal) (G1 Evacuation Pause)
[2025-06-28T05:45:48.594+0000][28419][info ][gc,task     ] GC(6) Using 8 workers of 8 for evacuation
[2025-06-28T05:45:48.594+0000][28419][debug][gc,age      ] GC(6) Desired survivor size 27262976 bytes, new threshold 4 (max threshold 15)
[2025-06-28T05:45:48.614+0000][28419][info ][gc,phases   ] GC(6)   Pre Evacuate Collection Set: 0.2ms
[2025-06-28T05:45:48.614+0000][28419][info ][gc,phases   ] GC(6)   Merge Heap Roots: 0.0ms
[2025-06-28T05:45:48.614+0000][28419][info ][gc,phases   ] GC(6)   Evacuate Collection Set: 18.5ms
[2025-06-28T05:45:48.614+0000][28419][info ][gc,phases   ] GC(6)   Post Evacuate Collection Set: 0.5ms
[2025-06-28T05:45:48.614+0000][28419][info ][gc,phases   ] GC(6)   Other: 0.1ms
[2025-06-28T05:45:48.614+0000][28419][trace][gc,age      ] GC(6) Age table with threshold 4 (max threshold 15)
[2025-06-28T05:45:48.614+0000][28419][trace][gc,age      ] GC(6) - age   1:    3668504 bytes,    3668504 total
[2025-06-28T05:45:48.614+0000][28419][trace][gc,age      ] GC(6) - age   2:    2391464 bytes,    6059968 total
[2025-06-28T05:45:48.614+0000][28419][trace][gc,age      ] GC(6) - age   3:    5838536 bytes,   11898504 total
[2025-06-28T05:45:48.614+0000][28419][trace][gc,age      ] GC(6) - age   4:    8077032 bytes,   19975536 total
[2025-06-28T05:45:48.614+0000][28419][info ][gc,heap     ] GC(6) Eden regions: 94->0(175)
[2025-06-28T05:45:48.614+0000][28419][info ][gc,heap     ] GC(6) Survivor regions: 8->6(13)
[2025-06-28T05:45:48.614+0000][28419][info ][gc,heap     ] GC(6) Old regions: 1->4
[2025-06-28T05:45:48.614+0000][28419][info ][gc,heap     ] GC(6) Humongous regions: 0->0
[2025-06-28T05:45:48.614+0000][28419][info ][gc,metaspace] GC(6) Metaspace: 35950K(36800K)->35950K(36800K) NonClass: 31804K(32320K)->31804K(32320K) Class: 4145K(4480K)->4145K(4480K)
[2025-06-28T05:45:48.614+0000][28419][info ][gc          ] GC(6) Pause Young (Normal) (G1 Evacuation Pause) 407M->33M(8192M) 19.595ms
[2025-06-28T05:45:48.614+0000][28419][info ][gc,cpu      ] GC(6) User=0.05s Sys=0.02s Real=0.02s
[2025-06-28T05:45:48.614+0000][28419][info ][safepoint   ] Safepoint "G1CollectForAllocation", Time since last: 692929125 ns, Reaching safepoint: 21833 ns, Cleanup: 716709 ns, At safepoint: 19653875 ns, Total: 20392417 ns
[2025-06-28T05:45:49.633+0000][28419][info ][safepoint   ] Safepoint "ICBufferFull", Time since last: 1017670416 ns, Reaching safepoint: 3000 ns, Cleanup: 1670709 ns, At safepoint: 2291 ns, Total: 1676000 ns
[2025-06-28T05:45:50.640+0000][28419][info ][safepoint   ] Safepoint "Cleanup", Time since last: 1005185917 ns, Reaching safepoint: 96833 ns, Cleanup: 1319000 ns, At safepoint: 7667 ns, Total: 1423500 ns
[2025-06-28T05:45:51.020+0000][28419][info ][gc,heap,exit] Heap
[2025-06-28T05:45:51.020+0000][28419][info ][gc,heap,exit]  garbage-first heap   total 8388608K, used 525760K [0x0000000600000000, 0x0000000800000000)
[2025-06-28T05:45:51.020+0000][28419][info ][gc,heap,exit]   region size 4096K, 127 young (520192K), 6 survivors (24576K)
[2025-06-28T05:45:51.020+0000][28419][info ][gc,heap,exit]  Metaspace       used 52514K, committed 53888K, reserved 1114112K
[2025-06-28T05:45:51.020+0000][28419][info ][gc,heap,exit]   class space    used 6425K, committed 6976K, reserved 1048576K
