[2025-06-10T04:10:43.966+0000][94734][info][gc,init] CardTable entry size: 512
[2025-06-10T04:10:43.966+0000][94734][info][gc     ] Using G1
[2025-06-10T04:10:43.967+0000][94734][info][gc,init] Version: 21+35-2513 (release)
[2025-06-10T04:10:43.967+0000][94734][info][gc,init] CPUs: 8 total, 8 available
[2025-06-10T04:10:43.967+0000][94734][info][gc,init] Memory: 16384M
[2025-06-10T04:10:43.967+0000][94734][info][gc,init] Large Page Support: Disabled
[2025-06-10T04:10:43.967+0000][94734][info][gc,init] NUMA Support: Disabled
[2025-06-10T04:10:43.967+0000][94734][info][gc,init] Compressed Oops: Enabled (Zero based)
[2025-06-10T04:10:43.967+0000][94734][info][gc,init] Heap Region Size: 2M
[2025-06-10T04:10:43.967+0000][94734][info][gc,init] Heap Min Capacity: 8M
[2025-06-10T04:10:43.967+0000][94734][info][gc,init] Heap Initial Capacity: 256M
[2025-06-10T04:10:43.967+0000][94734][info][gc,init] Heap Max Capacity: 4G
[2025-06-10T04:10:43.967+0000][94734][info][gc,init] Pre-touch: Disabled
[2025-06-10T04:10:43.967+0000][94734][info][gc,init] Parallel Workers: 8
[2025-06-10T04:10:43.967+0000][94734][info][gc,init] Concurrent Workers: 2
[2025-06-10T04:10:43.967+0000][94734][info][gc,init] Concurrent Refinement Workers: 8
[2025-06-10T04:10:43.967+0000][94734][info][gc,init] Periodic GC: Disabled
[2025-06-10T04:10:43.972+0000][94734][info][gc,metaspace] CDS archive(s) mapped at: [0x0000000133000000-0x0000000133ca4000-0x0000000133ca4000), size 13254656, SharedBaseAddress: 0x0000000133000000, ArchiveRelocationMode: 1.
[2025-06-10T04:10:43.972+0000][94734][info][gc,metaspace] Compressed class space mapped at: 0x0000000134000000-0x0000000174000000, reserved size: 1073741824
[2025-06-10T04:10:43.972+0000][94734][info][gc,metaspace] Narrow klass base: 0x0000000133000000, Narrow klass shift: 0, Narrow klass range: 0x100000000
[2025-06-10T04:10:44.081+0000][94734][info][gc,heap,exit] Heap
[2025-06-10T04:10:44.081+0000][94734][info][gc,heap,exit]  garbage-first heap   total 264192K, used 3987K [0x0000000700000000, 0x0000000800000000)
[2025-06-10T04:10:44.081+0000][94734][info][gc,heap,exit]   region size 2048K, 2 young (4096K), 0 survivors (0K)
[2025-06-10T04:10:44.081+0000][94734][info][gc,heap,exit]  Metaspace       used 214K, committed 448K, reserved 1114112K
[2025-06-10T04:10:44.081+0000][94734][info][gc,heap,exit]   class space    used 6K, committed 128K, reserved 1048576K
