[2025-06-11T07:51:37.013+0000][36516][info][gc,init] CardTable entry size: 512
[2025-06-11T07:51:37.013+0000][36516][info][gc     ] Using G1
[2025-06-11T07:51:38.421+0000][36516][info][gc,init] Version: 21+35-2513 (release)
[2025-06-11T07:51:38.421+0000][36516][info][gc,init] CPUs: 8 total, 8 available
[2025-06-11T07:51:38.421+0000][36516][info][gc,init] Memory: 16384M
[2025-06-11T07:51:38.421+0000][36516][info][gc,init] Large Page Support: Disabled
[2025-06-11T07:51:38.421+0000][36516][info][gc,init] NUMA Support: Disabled
[2025-06-11T07:51:38.421+0000][36516][info][gc,init] Compressed Oops: Enabled (Zero based)
[2025-06-11T07:51:38.421+0000][36516][info][gc,init] Heap Region Size: 4M
[2025-06-11T07:51:38.421+0000][36516][info][gc,init] Heap Min Capacity: 8G
[2025-06-11T07:51:38.421+0000][36516][info][gc,init] Heap Initial Capacity: 8G
[2025-06-11T07:51:38.421+0000][36516][info][gc,init] Heap Max Capacity: 8G
[2025-06-11T07:51:38.421+0000][36516][info][gc,init] Pre-touch: Enabled
[2025-06-11T07:51:38.422+0000][36516][info][gc,init] Parallel Workers: 8
[2025-06-11T07:51:38.422+0000][36516][info][gc,init] Concurrent Workers: 2
[2025-06-11T07:51:38.422+0000][36516][info][gc,init] Concurrent Refinement Workers: 8
[2025-06-11T07:51:38.422+0000][36516][info][gc,init] Periodic GC: Disabled
[2025-06-11T07:51:38.426+0000][36516][info][gc,metaspace] CDS archive(s) mapped at: [0x0000000138000000-0x0000000138ca4000-0x0000000138ca4000), size 13254656, SharedBaseAddress: 0x0000000138000000, ArchiveRelocationMode: 1.
[2025-06-11T07:51:38.426+0000][36516][info][gc,metaspace] Compressed class space mapped at: 0x0000000139000000-0x0000000179000000, reserved size: 1073741824
[2025-06-11T07:51:38.426+0000][36516][info][gc,metaspace] Narrow klass base: 0x0000000138000000, Narrow klass shift: 0, Narrow klass range: 0x100000000
[2025-06-11T07:51:38.947+0000][36516][info][safepoint   ] Safepoint "ICBufferFull", Time since last: 515771000 ns, Reaching safepoint: 2500 ns, Cleanup: 1338875 ns, At safepoint: 165167 ns, Total: 1506542 ns
[2025-06-11T07:51:39.842+0000][36516][info][safepoint   ] Safepoint "ICBufferFull", Time since last: 894381458 ns, Reaching safepoint: 1875 ns, Cleanup: 1419458 ns, At safepoint: 9500 ns, Total: 1430833 ns
[2025-06-11T07:51:40.216+0000][36516][info][safepoint   ] Safepoint "ICBufferFull", Time since last: 372401417 ns, Reaching safepoint: 2125 ns, Cleanup: 1230875 ns, At safepoint: 1583 ns, Total: 1234583 ns
[2025-06-11T07:51:40.955+0000][36516][info][safepoint   ] Safepoint "ICBufferFull", Time since last: 736828959 ns, Reaching safepoint: 2125 ns, Cleanup: 1657583 ns, At safepoint: 84208 ns, Total: 1743916 ns
[2025-06-11T07:51:41.453+0000][36516][info][safepoint   ] Safepoint "ICBufferFull", Time since last: 496749167 ns, Reaching safepoint: 2750 ns, Cleanup: 1791917 ns, At safepoint: 2375 ns, Total: 1797042 ns
[2025-06-11T07:51:42.072+0000][36516][info][safepoint   ] Safepoint "ICBufferFull", Time since last: 617031333 ns, Reaching safepoint: 2875 ns, Cleanup: 1809208 ns, At safepoint: 2500 ns, Total: 1814583 ns
[2025-06-11T07:51:42.424+0000][36516][info][gc,start    ] GC(0) Pause Young (Concurrent Start) (Metadata GC Threshold)
[2025-06-11T07:51:42.425+0000][36516][info][gc,task     ] GC(0) Using 8 workers of 8 for evacuation
[2025-06-11T07:51:42.425+0000][36516][debug][gc,age      ] GC(0) Desired survivor size 27262976 bytes, new threshold 15 (max threshold 15)
[2025-06-11T07:51:42.452+0000][36516][info ][gc,phases   ] GC(0)   Pre Evacuate Collection Set: 0.8ms
[2025-06-11T07:51:42.452+0000][36516][info ][gc,phases   ] GC(0)   Merge Heap Roots: 0.3ms
[2025-06-11T07:51:42.452+0000][36516][info ][gc,phases   ] GC(0)   Evacuate Collection Set: 25.1ms
[2025-06-11T07:51:42.452+0000][36516][info ][gc,phases   ] GC(0)   Post Evacuate Collection Set: 0.9ms
[2025-06-11T07:51:42.452+0000][36516][info ][gc,phases   ] GC(0)   Other: 0.7ms
[2025-06-11T07:51:42.452+0000][36516][trace][gc,age      ] GC(0) Age table with threshold 15 (max threshold 15)
[2025-06-11T07:51:42.452+0000][36516][trace][gc,age      ] GC(0) - age   1:   12595184 bytes,   12595184 total
[2025-06-11T07:51:42.452+0000][36516][info ][gc,heap     ] GC(0) Eden regions: 72->0(98)
[2025-06-11T07:51:42.452+0000][36516][info ][gc,heap     ] GC(0) Survivor regions: 0->4(13)
[2025-06-11T07:51:42.452+0000][36516][info ][gc,heap     ] GC(0) Old regions: 1->1
[2025-06-11T07:51:42.452+0000][36516][info ][gc,heap     ] GC(0) Humongous regions: 0->0
[2025-06-11T07:51:42.452+0000][36516][info ][gc,metaspace] GC(0) Metaspace: 21000K(21504K)->21000K(21504K) NonClass: 18708K(19008K)->18708K(19008K) Class: 2291K(2496K)->2291K(2496K)
[2025-06-11T07:51:42.452+0000][36516][info ][gc          ] GC(0) Pause Young (Concurrent Start) (Metadata GC Threshold) 289M->13M(8192M) 27.968ms
[2025-06-11T07:51:42.452+0000][36516][info ][gc,cpu      ] GC(0) User=0.06s Sys=0.03s Real=0.03s
[2025-06-11T07:51:42.452+0000][36516][info ][gc          ] GC(1) Concurrent Mark Cycle
[2025-06-11T07:51:42.452+0000][36516][info ][gc,marking  ] GC(1) Concurrent Scan Root Regions
[2025-06-11T07:51:42.453+0000][36516][info ][safepoint   ] Safepoint "CollectForMetadataAllocation", Time since last: 350613292 ns, Reaching safepoint: 2167 ns, Cleanup: 1066708 ns, At safepoint: 29080083 ns, Total: 30148958 ns
[2025-06-11T07:51:42.456+0000][36516][info ][gc,marking  ] GC(1) Concurrent Scan Root Regions 3.138ms
[2025-06-11T07:51:42.456+0000][36516][info ][gc,marking  ] GC(1) Concurrent Mark
[2025-06-11T07:51:42.456+0000][36516][info ][gc,marking  ] GC(1) Concurrent Mark From Roots
[2025-06-11T07:51:42.456+0000][36516][info ][gc,task     ] GC(1) Using 2 workers of 2 for marking
[2025-06-11T07:51:42.459+0000][36516][info ][gc,marking  ] GC(1) Concurrent Mark From Roots 3.169ms
[2025-06-11T07:51:42.460+0000][36516][info ][gc,marking  ] GC(1) Concurrent Preclean
[2025-06-11T07:51:42.460+0000][36516][info ][gc,marking  ] GC(1) Concurrent Preclean 0.021ms
[2025-06-11T07:51:42.462+0000][36516][info ][gc,start    ] GC(1) Pause Remark
[2025-06-11T07:51:42.471+0000][36516][info ][gc          ] GC(1) Pause Remark 15M->15M(8192M) 8.949ms
[2025-06-11T07:51:42.471+0000][36516][info ][gc,cpu      ] GC(1) User=0.02s Sys=0.02s Real=0.01s
[2025-06-11T07:51:42.471+0000][36516][info ][safepoint   ] Safepoint "G1PauseRemark", Time since last: 6790792 ns, Reaching safepoint: 2368917 ns, Cleanup: 3291 ns, At safepoint: 9009209 ns, Total: 11381417 ns
[2025-06-11T07:51:42.471+0000][36516][info ][gc,marking  ] GC(1) Concurrent Mark 15.275ms
[2025-06-11T07:51:42.471+0000][36516][info ][gc,marking  ] GC(1) Concurrent Rebuild Remembered Sets and Scrub Regions
[2025-06-11T07:51:42.473+0000][36516][info ][gc,marking  ] GC(1) Concurrent Rebuild Remembered Sets and Scrub Regions 1.663ms
[2025-06-11T07:51:42.473+0000][36516][info ][gc,start    ] GC(1) Pause Cleanup
[2025-06-11T07:51:42.473+0000][36516][info ][gc          ] GC(1) Pause Cleanup 15M->15M(8192M) 0.114ms
[2025-06-11T07:51:42.473+0000][36516][info ][gc,cpu      ] GC(1) User=0.00s Sys=0.00s Real=0.00s
[2025-06-11T07:51:42.473+0000][36516][info ][safepoint   ] Safepoint "G1PauseCleanup", Time since last: 1861291 ns, Reaching safepoint: 281459 ns, Cleanup: 1666 ns, At safepoint: 138542 ns, Total: 421667 ns
[2025-06-11T07:51:42.473+0000][36516][info ][gc,marking  ] GC(1) Concurrent Clear Claimed Marks
[2025-06-11T07:51:42.473+0000][36516][info ][gc,marking  ] GC(1) Concurrent Clear Claimed Marks 0.020ms
[2025-06-11T07:51:42.473+0000][36516][info ][gc,marking  ] GC(1) Concurrent Cleanup for Next Mark
[2025-06-11T07:51:42.484+0000][36516][info ][gc,marking  ] GC(1) Concurrent Cleanup for Next Mark 10.704ms
[2025-06-11T07:51:42.484+0000][36516][info ][gc          ] GC(1) Concurrent Mark Cycle 31.815ms
[2025-06-11T07:51:43.209+0000][36516][info ][safepoint   ] Safepoint "ICBufferFull", Time since last: 733110125 ns, Reaching safepoint: 2083 ns, Cleanup: 1847917 ns, At safepoint: 365750 ns, Total: 2215750 ns
[2025-06-11T07:51:43.654+0000][36516][info ][safepoint   ] Safepoint "ICBufferFull", Time since last: 443687958 ns, Reaching safepoint: 3000 ns, Cleanup: 1829417 ns, At safepoint: 139292 ns, Total: 1971709 ns
[2025-06-11T07:51:43.840+0000][36516][info ][gc,start    ] GC(2) Pause Young (Prepare Mixed) (G1 Evacuation Pause)
[2025-06-11T07:51:43.840+0000][36516][info ][gc,task     ] GC(2) Using 8 workers of 8 for evacuation
[2025-06-11T07:51:43.840+0000][36516][debug][gc,age      ] GC(2) Desired survivor size 27262976 bytes, new threshold 15 (max threshold 15)
[2025-06-11T07:51:43.875+0000][36516][info ][gc,phases   ] GC(2)   Pre Evacuate Collection Set: 0.3ms
[2025-06-11T07:51:43.875+0000][36516][info ][gc,phases   ] GC(2)   Merge Heap Roots: 0.1ms
[2025-06-11T07:51:43.875+0000][36516][info ][gc,phases   ] GC(2)   Evacuate Collection Set: 33.3ms
[2025-06-11T07:51:43.875+0000][36516][info ][gc,phases   ] GC(2)   Post Evacuate Collection Set: 0.7ms
[2025-06-11T07:51:43.875+0000][36516][info ][gc,phases   ] GC(2)   Other: 0.1ms
[2025-06-11T07:51:43.875+0000][36516][trace][gc,age      ] GC(2) Age table with threshold 15 (max threshold 15)
[2025-06-11T07:51:43.875+0000][36516][trace][gc,age      ] GC(2) - age   1:    8852344 bytes,    8852344 total
[2025-06-11T07:51:43.875+0000][36516][trace][gc,age      ] GC(2) - age   2:   11668656 bytes,   20521000 total
[2025-06-11T07:51:43.875+0000][36516][info ][gc,heap     ] GC(2) Eden regions: 98->0(96)
[2025-06-11T07:51:43.875+0000][36516][info ][gc,heap     ] GC(2) Survivor regions: 4->6(13)
[2025-06-11T07:51:43.875+0000][36516][info ][gc,heap     ] GC(2) Old regions: 1->1
[2025-06-11T07:51:43.875+0000][36516][info ][gc,heap     ] GC(2) Humongous regions: 0->0
[2025-06-11T07:51:43.875+0000][36516][info ][gc,metaspace] GC(2) Metaspace: 28278K(28992K)->28278K(28992K) NonClass: 25046K(25472K)->25046K(25472K) Class: 3232K(3520K)->3232K(3520K)
[2025-06-11T07:51:43.875+0000][36516][info ][gc          ] GC(2) Pause Young (Prepare Mixed) (G1 Evacuation Pause) 405M->23M(8192M) 34.577ms
[2025-06-11T07:51:43.875+0000][36516][info ][gc,cpu      ] GC(2) User=0.05s Sys=0.04s Real=0.03s
[2025-06-11T07:51:43.875+0000][36516][info ][safepoint   ] Safepoint "G1CollectForAllocation", Time since last: 185413750 ns, Reaching safepoint: 3166 ns, Cleanup: 640500 ns, At safepoint: 34732292 ns, Total: 35375958 ns
[2025-06-11T07:51:44.684+0000][36516][info ][safepoint   ] Safepoint "ICBufferFull", Time since last: 807479333 ns, Reaching safepoint: 2709 ns, Cleanup: 1623875 ns, At safepoint: 10000 ns, Total: 1636584 ns
[2025-06-11T07:51:44.698+0000][36516][info ][gc,start    ] GC(3) Pause Young (Mixed) (G1 Evacuation Pause)
[2025-06-11T07:51:44.698+0000][36516][info ][gc,task     ] GC(3) Using 8 workers of 8 for evacuation
[2025-06-11T07:51:44.698+0000][36516][debug][gc,age      ] GC(3) Desired survivor size 27262976 bytes, new threshold 15 (max threshold 15)
[2025-06-11T07:51:44.720+0000][36516][info ][gc,phases   ] GC(3)   Pre Evacuate Collection Set: 0.3ms
[2025-06-11T07:51:44.720+0000][36516][info ][gc,phases   ] GC(3)   Merge Heap Roots: 0.1ms
[2025-06-11T07:51:44.720+0000][36516][info ][gc,phases   ] GC(3)   Evacuate Collection Set: 20.6ms
[2025-06-11T07:51:44.720+0000][36516][info ][gc,phases   ] GC(3)   Post Evacuate Collection Set: 0.7ms
[2025-06-11T07:51:44.720+0000][36516][info ][gc,phases   ] GC(3)   Other: 0.1ms
[2025-06-11T07:51:44.720+0000][36516][trace][gc,age      ] GC(3) Age table with threshold 15 (max threshold 15)
[2025-06-11T07:51:44.720+0000][36516][trace][gc,age      ] GC(3) - age   1:    5895280 bytes,    5895280 total
[2025-06-11T07:51:44.720+0000][36516][trace][gc,age      ] GC(3) - age   2:    8083728 bytes,   13979008 total
[2025-06-11T07:51:44.720+0000][36516][trace][gc,age      ] GC(3) - age   3:   11667392 bytes,   25646400 total
[2025-06-11T07:51:44.720+0000][36516][info ][gc,heap     ] GC(3) Eden regions: 96->0(95)
[2025-06-11T07:51:44.720+0000][36516][info ][gc,heap     ] GC(3) Survivor regions: 6->7(13)
[2025-06-11T07:51:44.720+0000][36516][info ][gc,heap     ] GC(3) Old regions: 1->1
[2025-06-11T07:51:44.720+0000][36516][info ][gc,heap     ] GC(3) Humongous regions: 0->0
[2025-06-11T07:51:44.720+0000][36516][info ][gc,metaspace] GC(3) Metaspace: 33880K(34624K)->33880K(34624K) NonClass: 30015K(30464K)->30015K(30464K) Class: 3865K(4160K)->3865K(4160K)
[2025-06-11T07:51:44.720+0000][36516][info ][gc          ] GC(3) Pause Young (Mixed) (G1 Evacuation Pause) 407M->28M(8192M) 21.950ms
[2025-06-11T07:51:44.720+0000][36516][info ][gc,cpu      ] GC(3) User=0.05s Sys=0.03s Real=0.03s
[2025-06-11T07:51:44.720+0000][36516][info ][safepoint   ] Safepoint "G1CollectForAllocation", Time since last: 13172250 ns, Reaching safepoint: 1541 ns, Cleanup: 82834 ns, At safepoint: 23068875 ns, Total: 23153250 ns
[2025-06-11T07:51:44.953+0000][36516][info ][gc,start    ] GC(4) Pause Young (Concurrent Start) (Metadata GC Threshold)
[2025-06-11T07:51:44.954+0000][36516][info ][gc,task     ] GC(4) Using 8 workers of 8 for evacuation
[2025-06-11T07:51:44.954+0000][36516][debug][gc,age      ] GC(4) Desired survivor size 27262976 bytes, new threshold 15 (max threshold 15)
[2025-06-11T07:51:44.971+0000][36516][info ][gc,phases   ] GC(4)   Pre Evacuate Collection Set: 0.2ms
[2025-06-11T07:51:44.971+0000][36516][info ][gc,phases   ] GC(4)   Merge Heap Roots: 0.0ms
[2025-06-11T07:51:44.971+0000][36516][info ][gc,phases   ] GC(4)   Evacuate Collection Set: 16.0ms
[2025-06-11T07:51:44.971+0000][36516][info ][gc,phases   ] GC(4)   Post Evacuate Collection Set: 0.6ms
[2025-06-11T07:51:44.971+0000][36516][info ][gc,phases   ] GC(4)   Other: 0.1ms
[2025-06-11T07:51:44.971+0000][36516][trace][gc,age      ] GC(4) Age table with threshold 15 (max threshold 15)
[2025-06-11T07:51:44.971+0000][36516][trace][gc,age      ] GC(4) - age   1:    2406416 bytes,    2406416 total
[2025-06-11T07:51:44.971+0000][36516][trace][gc,age      ] GC(4) - age   2:    5840912 bytes,    8247328 total
[2025-06-11T07:51:44.971+0000][36516][trace][gc,age      ] GC(4) - age   3:    8077792 bytes,   16325120 total
[2025-06-11T07:51:44.971+0000][36516][trace][gc,age      ] GC(4) - age   4:   11659136 bytes,   27984256 total
[2025-06-11T07:51:44.971+0000][36516][info ][gc,heap     ] GC(4) Eden regions: 7->0(94)
[2025-06-11T07:51:44.971+0000][36516][info ][gc,heap     ] GC(4) Survivor regions: 7->8(13)
[2025-06-11T07:51:44.971+0000][36516][info ][gc,heap     ] GC(4) Old regions: 1->1
[2025-06-11T07:51:44.971+0000][36516][info ][gc,heap     ] GC(4) Humongous regions: 0->0
[2025-06-11T07:51:44.971+0000][36516][info ][gc,metaspace] GC(4) Metaspace: 35151K(35968K)->35151K(35968K) NonClass: 31127K(31616K)->31127K(31616K) Class: 4024K(4352K)->4024K(4352K)
[2025-06-11T07:51:44.971+0000][36516][info ][gc          ] GC(4) Pause Young (Concurrent Start) (Metadata GC Threshold) 56M->30M(8192M) 17.124ms
[2025-06-11T07:51:44.971+0000][36516][info ][gc,cpu      ] GC(4) User=0.04s Sys=0.01s Real=0.02s
[2025-06-11T07:51:44.971+0000][36516][info ][gc          ] GC(5) Concurrent Mark Cycle
[2025-06-11T07:51:44.971+0000][36516][info ][gc,marking  ] GC(5) Concurrent Scan Root Regions
[2025-06-11T07:51:44.971+0000][36516][info ][safepoint   ] Safepoint "CollectForMetadataAllocation", Time since last: 232601916 ns, Reaching safepoint: 2584 ns, Cleanup: 539000 ns, At safepoint: 17198583 ns, Total: 17740167 ns
[2025-06-11T07:51:44.974+0000][36516][info ][gc,marking  ] GC(5) Concurrent Scan Root Regions 3.819ms
[2025-06-11T07:51:44.974+0000][36516][info ][gc,marking  ] GC(5) Concurrent Mark
[2025-06-11T07:51:44.975+0000][36516][info ][gc,marking  ] GC(5) Concurrent Mark From Roots
[2025-06-11T07:51:44.975+0000][36516][info ][gc,task     ] GC(5) Using 2 workers of 2 for marking
[2025-06-11T07:51:44.975+0000][36516][info ][gc,marking  ] GC(5) Concurrent Mark From Roots 0.866ms
[2025-06-11T07:51:44.975+0000][36516][info ][gc,marking  ] GC(5) Concurrent Preclean
[2025-06-11T07:51:44.975+0000][36516][info ][gc,marking  ] GC(5) Concurrent Preclean 0.009ms
[2025-06-11T07:51:44.976+0000][36516][info ][gc,start    ] GC(5) Pause Remark
[2025-06-11T07:51:44.984+0000][36516][info ][gc          ] GC(5) Pause Remark 32M->32M(8192M) 8.837ms
[2025-06-11T07:51:44.984+0000][36516][info ][gc,cpu      ] GC(5) User=0.02s Sys=0.02s Real=0.01s
[2025-06-11T07:51:44.984+0000][36516][info ][safepoint   ] Safepoint "G1PauseRemark", Time since last: 4747542 ns, Reaching safepoint: 104208 ns, Cleanup: 2667 ns, At safepoint: 8892666 ns, Total: 8999541 ns
[2025-06-11T07:51:44.984+0000][36516][info ][gc,marking  ] GC(5) Concurrent Mark 9.957ms
[2025-06-11T07:51:44.984+0000][36516][info ][gc,marking  ] GC(5) Concurrent Rebuild Remembered Sets and Scrub Regions
[2025-06-11T07:51:44.985+0000][36516][info ][gc,marking  ] GC(5) Concurrent Rebuild Remembered Sets and Scrub Regions 0.403ms
[2025-06-11T07:51:44.985+0000][36516][info ][gc,start    ] GC(5) Pause Cleanup
[2025-06-11T07:51:44.985+0000][36516][info ][gc          ] GC(5) Pause Cleanup 32M->32M(8192M) 0.169ms
[2025-06-11T07:51:44.985+0000][36516][info ][gc,cpu      ] GC(5) User=0.00s Sys=0.00s Real=0.00s
[2025-06-11T07:51:44.985+0000][36516][info ][safepoint   ] Safepoint "G1PauseCleanup", Time since last: 470792 ns, Reaching safepoint: 138333 ns, Cleanup: 7125 ns, At safepoint: 200917 ns, Total: 346375 ns
[2025-06-11T07:51:44.985+0000][36516][info ][gc,marking  ] GC(5) Concurrent Clear Claimed Marks
[2025-06-11T07:51:44.985+0000][36516][info ][gc,marking  ] GC(5) Concurrent Clear Claimed Marks 0.015ms
[2025-06-11T07:51:44.985+0000][36516][info ][gc,marking  ] GC(5) Concurrent Cleanup for Next Mark
[2025-06-11T07:51:44.989+0000][36516][info ][gc,marking  ] GC(5) Concurrent Cleanup for Next Mark 3.554ms
[2025-06-11T07:51:44.989+0000][36516][info ][gc          ] GC(5) Concurrent Mark Cycle 18.245ms
[2025-06-11T07:51:45.710+0000][36516][info ][gc,start    ] GC(6) Pause Young (Normal) (G1 Evacuation Pause)
[2025-06-11T07:51:45.710+0000][36516][info ][gc,task     ] GC(6) Using 8 workers of 8 for evacuation
[2025-06-11T07:51:45.710+0000][36516][debug][gc,age      ] GC(6) Desired survivor size 27262976 bytes, new threshold 4 (max threshold 15)
[2025-06-11T07:51:45.736+0000][36516][info ][gc,phases   ] GC(6)   Pre Evacuate Collection Set: 0.2ms
[2025-06-11T07:51:45.736+0000][36516][info ][gc,phases   ] GC(6)   Merge Heap Roots: 0.0ms
[2025-06-11T07:51:45.736+0000][36516][info ][gc,phases   ] GC(6)   Evacuate Collection Set: 25.1ms
[2025-06-11T07:51:45.736+0000][36516][info ][gc,phases   ] GC(6)   Post Evacuate Collection Set: 0.7ms
[2025-06-11T07:51:45.736+0000][36516][info ][gc,phases   ] GC(6)   Other: 0.1ms
[2025-06-11T07:51:45.736+0000][36516][trace][gc,age      ] GC(6) Age table with threshold 4 (max threshold 15)
[2025-06-11T07:51:45.736+0000][36516][trace][gc,age      ] GC(6) - age   1:    3901888 bytes,    3901888 total
[2025-06-11T07:51:45.736+0000][36516][trace][gc,age      ] GC(6) - age   2:    2391304 bytes,    6293192 total
[2025-06-11T07:51:45.736+0000][36516][trace][gc,age      ] GC(6) - age   3:    5838664 bytes,   12131856 total
[2025-06-11T07:51:45.736+0000][36516][trace][gc,age      ] GC(6) - age   4:    8075520 bytes,   20207376 total
[2025-06-11T07:51:45.736+0000][36516][info ][gc,heap     ] GC(6) Eden regions: 94->0(96)
[2025-06-11T07:51:45.736+0000][36516][info ][gc,heap     ] GC(6) Survivor regions: 8->6(13)
[2025-06-11T07:51:45.736+0000][36516][info ][gc,heap     ] GC(6) Old regions: 1->4
[2025-06-11T07:51:45.736+0000][36516][info ][gc,heap     ] GC(6) Humongous regions: 0->0
[2025-06-11T07:51:45.736+0000][36516][info ][gc,metaspace] GC(6) Metaspace: 35961K(36800K)->35961K(36800K) NonClass: 31814K(32320K)->31814K(32320K) Class: 4146K(4480K)->4146K(4480K)
[2025-06-11T07:51:45.736+0000][36516][info ][gc          ] GC(6) Pause Young (Normal) (G1 Evacuation Pause) 406M->35M(8192M) 26.328ms
[2025-06-11T07:51:45.736+0000][36516][info ][gc,cpu      ] GC(6) User=0.05s Sys=0.02s Real=0.02s
[2025-06-11T07:51:45.737+0000][36516][info ][safepoint   ] Safepoint "G1CollectForAllocation", Time since last: 723990667 ns, Reaching safepoint: 3000 ns, Cleanup: 927791 ns, At safepoint: 26374500 ns, Total: 27305291 ns
[2025-06-11T07:51:46.695+0000][36516][info ][safepoint   ] Safepoint "ICBufferFull", Time since last: 956500792 ns, Reaching safepoint: 3125 ns, Cleanup: 1582125 ns, At safepoint: 9667 ns, Total: 1594917 ns
[2025-06-11T07:51:47.700+0000][36516][info ][safepoint   ] Safepoint "Cleanup", Time since last: 1003986500 ns, Reaching safepoint: 85875 ns, Cleanup: 1269875 ns, At safepoint: 165458 ns, Total: 1521208 ns
[2025-06-11T07:51:47.940+0000][36516][info ][gc,start    ] GC(7) Pause Young (Normal) (G1 Evacuation Pause)
[2025-06-11T07:51:47.940+0000][36516][info ][gc,task     ] GC(7) Using 8 workers of 8 for evacuation
[2025-06-11T07:51:47.940+0000][36516][debug][gc,age      ] GC(7) Desired survivor size 27262976 bytes, new threshold 15 (max threshold 15)
[2025-06-11T07:51:47.952+0000][36516][info ][gc,phases   ] GC(7)   Pre Evacuate Collection Set: 0.2ms
[2025-06-11T07:51:47.952+0000][36516][info ][gc,phases   ] GC(7)   Merge Heap Roots: 0.0ms
[2025-06-11T07:51:47.952+0000][36516][info ][gc,phases   ] GC(7)   Evacuate Collection Set: 11.4ms
[2025-06-11T07:51:47.952+0000][36516][info ][gc,phases   ] GC(7)   Post Evacuate Collection Set: 0.7ms
[2025-06-11T07:51:47.952+0000][36516][info ][gc,phases   ] GC(7)   Other: 0.1ms
[2025-06-11T07:51:47.952+0000][36516][trace][gc,age      ] GC(7) Age table with threshold 15 (max threshold 15)
[2025-06-11T07:51:47.952+0000][36516][trace][gc,age      ] GC(7) - age   1:   21935656 bytes,   21935656 total
[2025-06-11T07:51:47.952+0000][36516][trace][gc,age      ] GC(7) - age   2:    3658896 bytes,   25594552 total
[2025-06-11T07:51:47.952+0000][36516][trace][gc,age      ] GC(7) - age   3:    2371072 bytes,   27965624 total
[2025-06-11T07:51:47.952+0000][36516][trace][gc,age      ] GC(7) - age   4:    5825856 bytes,   33791480 total
[2025-06-11T07:51:47.952+0000][36516][trace][gc,age      ] GC(7) - age   5:    8045944 bytes,   41837424 total
[2025-06-11T07:51:47.952+0000][36516][info ][gc,heap     ] GC(7) Eden regions: 96->0(108)
[2025-06-11T07:51:47.952+0000][36516][info ][gc,heap     ] GC(7) Survivor regions: 6->11(13)
[2025-06-11T07:51:47.952+0000][36516][info ][gc,heap     ] GC(7) Old regions: 4->4
[2025-06-11T07:51:47.952+0000][36516][info ][gc,heap     ] GC(7) Humongous regions: 0->0
[2025-06-11T07:51:47.952+0000][36516][info ][gc,metaspace] GC(7) Metaspace: 49855K(51200K)->49855K(51200K) NonClass: 43710K(44480K)->43710K(44480K) Class: 6144K(6720K)->6144K(6720K)
[2025-06-11T07:51:47.952+0000][36516][info ][gc          ] GC(7) Pause Young (Normal) (G1 Evacuation Pause) 419M->55M(8192M) 12.565ms
[2025-06-11T07:51:47.952+0000][36516][info ][gc,cpu      ] GC(7) User=0.06s Sys=0.01s Real=0.01s
[2025-06-11T07:51:47.952+0000][36516][info ][safepoint   ] Safepoint "G1CollectForAllocation", Time since last: 238850792 ns, Reaching safepoint: 2958 ns, Cleanup: 831708 ns, At safepoint: 12614584 ns, Total: 13449250 ns
[2025-06-11T07:51:48.356+0000][36516][info ][safepoint   ] Safepoint "ICBufferFull", Time since last: 401881208 ns, Reaching safepoint: 19875 ns, Cleanup: 1754208 ns, At safepoint: 12375 ns, Total: 1786458 ns
[2025-06-11T07:51:48.625+0000][36516][info ][gc,start    ] GC(8) Pause Young (Concurrent Start) (Metadata GC Threshold)
[2025-06-11T07:51:48.625+0000][36516][info ][gc,task     ] GC(8) Using 8 workers of 8 for evacuation
[2025-06-11T07:51:48.625+0000][36516][debug][gc,age      ] GC(8) Desired survivor size 31457280 bytes, new threshold 4 (max threshold 15)
[2025-06-11T07:51:48.636+0000][36516][info ][gc,phases   ] GC(8)   Pre Evacuate Collection Set: 0.2ms
[2025-06-11T07:51:48.636+0000][36516][info ][gc,phases   ] GC(8)   Merge Heap Roots: 0.0ms
[2025-06-11T07:51:48.636+0000][36516][info ][gc,phases   ] GC(8)   Evacuate Collection Set: 10.2ms
[2025-06-11T07:51:48.636+0000][36516][info ][gc,phases   ] GC(8)   Post Evacuate Collection Set: 0.5ms
[2025-06-11T07:51:48.636+0000][36516][info ][gc,phases   ] GC(8)   Other: 0.1ms
[2025-06-11T07:51:48.636+0000][36516][trace][gc,age      ] GC(8) Age table with threshold 4 (max threshold 15)
[2025-06-11T07:51:48.636+0000][36516][trace][gc,age      ] GC(8) - age   1:    3484744 bytes,    3484744 total
[2025-06-11T07:51:48.636+0000][36516][trace][gc,age      ] GC(8) - age   2:   21752560 bytes,   25237304 total
[2025-06-11T07:51:48.636+0000][36516][trace][gc,age      ] GC(8) - age   3:    3657592 bytes,   28894896 total
[2025-06-11T07:51:48.636+0000][36516][trace][gc,age      ] GC(8) - age   4:    2365728 bytes,   31260624 total
[2025-06-11T07:51:48.636+0000][36516][info ][gc,heap     ] GC(8) Eden regions: 34->0(195)
[2025-06-11T07:51:48.636+0000][36516][info ][gc,heap     ] GC(8) Survivor regions: 11->8(15)
[2025-06-11T07:51:48.636+0000][36516][info ][gc,heap     ] GC(8) Old regions: 4->7
[2025-06-11T07:51:48.636+0000][36516][info ][gc,heap     ] GC(8) Humongous regions: 0->0
[2025-06-11T07:51:48.636+0000][36516][info ][gc,metaspace] GC(8) Metaspace: 58636K(60096K)->58636K(60096K) NonClass: 51399K(52224K)->51399K(52224K) Class: 7236K(7872K)->7236K(7872K)
[2025-06-11T07:51:48.636+0000][36516][info ][gc          ] GC(8) Pause Young (Concurrent Start) (Metadata GC Threshold) 191M->58M(8192M) 11.299ms
[2025-06-11T07:51:48.636+0000][36516][info ][gc,cpu      ] GC(8) User=0.07s Sys=0.02s Real=0.01s
[2025-06-11T07:51:48.636+0000][36516][info ][gc          ] GC(9) Concurrent Mark Cycle
[2025-06-11T07:51:48.636+0000][36516][info ][gc,marking  ] GC(9) Concurrent Scan Root Regions
[2025-06-11T07:51:48.636+0000][36516][info ][safepoint   ] Safepoint "CollectForMetadataAllocation", Time since last: 268144042 ns, Reaching safepoint: 2375 ns, Cleanup: 561625 ns, At safepoint: 11389375 ns, Total: 11953375 ns
[2025-06-11T07:51:48.646+0000][36516][info ][gc,marking  ] GC(9) Concurrent Scan Root Regions 9.596ms
[2025-06-11T07:51:48.646+0000][36516][info ][gc,marking  ] GC(9) Concurrent Mark
[2025-06-11T07:51:48.646+0000][36516][info ][gc,marking  ] GC(9) Concurrent Mark From Roots
[2025-06-11T07:51:48.646+0000][36516][info ][gc,task     ] GC(9) Using 2 workers of 2 for marking
[2025-06-11T07:51:48.651+0000][36516][info ][gc,marking  ] GC(9) Concurrent Mark From Roots 5.268ms
[2025-06-11T07:51:48.651+0000][36516][info ][gc,marking  ] GC(9) Concurrent Preclean
[2025-06-11T07:51:48.652+0000][36516][info ][gc,marking  ] GC(9) Concurrent Preclean 0.851ms
[2025-06-11T07:51:48.652+0000][36516][info ][gc,start    ] GC(9) Pause Remark
[2025-06-11T07:51:48.670+0000][36516][info ][gc          ] GC(9) Pause Remark 60M->60M(8192M) 17.965ms
[2025-06-11T07:51:48.670+0000][36516][info ][gc,cpu      ] GC(9) User=0.03s Sys=0.02s Real=0.02s
[2025-06-11T07:51:48.670+0000][36516][info ][safepoint   ] Safepoint "G1PauseRemark", Time since last: 15797208 ns, Reaching safepoint: 91292 ns, Cleanup: 2625 ns, At safepoint: 18018583 ns, Total: 18112500 ns
[2025-06-11T07:51:48.670+0000][36516][info ][gc,marking  ] GC(9) Concurrent Mark 24.306ms
[2025-06-11T07:51:48.670+0000][36516][info ][gc,marking  ] GC(9) Concurrent Rebuild Remembered Sets and Scrub Regions
[2025-06-11T07:51:48.674+0000][36516][info ][gc,marking  ] GC(9) Concurrent Rebuild Remembered Sets and Scrub Regions 4.150ms
[2025-06-11T07:51:48.674+0000][36516][info ][gc,start    ] GC(9) Pause Cleanup
[2025-06-11T07:51:48.675+0000][36516][info ][gc          ] GC(9) Pause Cleanup 60M->60M(8192M) 0.148ms
[2025-06-11T07:51:48.675+0000][36516][info ][gc,cpu      ] GC(9) User=0.00s Sys=0.00s Real=0.00s
[2025-06-11T07:51:48.675+0000][36516][info ][safepoint   ] Safepoint "G1PauseCleanup", Time since last: 4208834 ns, Reaching safepoint: 229125 ns, Cleanup: 9458 ns, At safepoint: 179125 ns, Total: 417708 ns
[2025-06-11T07:51:48.675+0000][36516][info ][gc,marking  ] GC(9) Concurrent Clear Claimed Marks
[2025-06-11T07:51:48.675+0000][36516][info ][gc,marking  ] GC(9) Concurrent Clear Claimed Marks 0.020ms
[2025-06-11T07:51:48.675+0000][36516][info ][gc,marking  ] GC(9) Concurrent Cleanup for Next Mark
[2025-06-11T07:51:48.678+0000][36516][info ][gc,marking  ] GC(9) Concurrent Cleanup for Next Mark 3.514ms
[2025-06-11T07:51:48.678+0000][36516][info ][gc          ] GC(9) Concurrent Mark Cycle 42.190ms
[2025-06-11T07:51:49.681+0000][36516][info ][safepoint   ] Safepoint "Cleanup", Time since last: 1005024000 ns, Reaching safepoint: 30500 ns, Cleanup: 1085125 ns, At safepoint: 10542 ns, Total: 1126167 ns
[2025-06-11T07:51:50.636+0000][36516][info ][safepoint   ] Safepoint "ICBufferFull", Time since last: 953330458 ns, Reaching safepoint: 2708 ns, Cleanup: 1620042 ns, At safepoint: 2458 ns, Total: 1625208 ns
[2025-06-11T07:51:51.705+0000][36516][info ][safepoint   ] Safepoint "Cleanup", Time since last: 1068330459 ns, Reaching safepoint: 63416 ns, Cleanup: 1097417 ns, At safepoint: 6417 ns, Total: 1167250 ns
[2025-06-11T07:51:52.325+0000][36516][info ][safepoint   ] Safepoint "ICBufferFull", Time since last: 618008791 ns, Reaching safepoint: 3042 ns, Cleanup: 1648708 ns, At safepoint: 10500 ns, Total: 1662250 ns
[2025-06-11T07:51:52.620+0000][36516][info ][gc,start    ] GC(10) Pause Young (Concurrent Start) (Metadata GC Threshold)
[2025-06-11T07:51:52.620+0000][36516][info ][gc,task     ] GC(10) Using 8 workers of 8 for evacuation
[2025-06-11T07:51:52.620+0000][36516][debug][gc,age      ] GC(10) Desired survivor size 54525952 bytes, new threshold 15 (max threshold 15)
[2025-06-11T07:51:52.654+0000][36516][info ][gc,phases   ] GC(10)   Pre Evacuate Collection Set: 0.3ms
[2025-06-11T07:51:52.654+0000][36516][info ][gc,phases   ] GC(10)   Merge Heap Roots: 0.1ms
[2025-06-11T07:51:52.654+0000][36516][info ][gc,phases   ] GC(10)   Evacuate Collection Set: 32.4ms
[2025-06-11T07:51:52.654+0000][36516][info ][gc,phases   ] GC(10)   Post Evacuate Collection Set: 1.1ms
[2025-06-11T07:51:52.654+0000][36516][info ][gc,phases   ] GC(10)   Other: 0.1ms
[2025-06-11T07:51:52.654+0000][36516][trace][gc,age      ] GC(10) Age table with threshold 15 (max threshold 15)
[2025-06-11T07:51:52.654+0000][36516][trace][gc,age      ] GC(10) - age   1:   15965192 bytes,   15965192 total
[2025-06-11T07:51:52.654+0000][36516][trace][gc,age      ] GC(10) - age   2:    3380064 bytes,   19345256 total
[2025-06-11T07:51:52.655+0000][36516][trace][gc,age      ] GC(10) - age   3:   21519512 bytes,   40864768 total
[2025-06-11T07:51:52.655+0000][36516][trace][gc,age      ] GC(10) - age   4:    3609632 bytes,   44474400 total
[2025-06-11T07:51:52.655+0000][36516][trace][gc,age      ] GC(10) - age   5:    2362640 bytes,   46837040 total
[2025-06-11T07:51:52.655+0000][36516][info ][gc,heap     ] GC(10) Eden regions: 129->0(173)
[2025-06-11T07:51:52.655+0000][36516][info ][gc,heap     ] GC(10) Survivor regions: 8->13(26)
[2025-06-11T07:51:52.655+0000][36516][info ][gc,heap     ] GC(10) Old regions: 7->7
[2025-06-11T07:51:52.655+0000][36516][info ][gc,heap     ] GC(10) Humongous regions: 0->0
[2025-06-11T07:51:52.655+0000][36516][info ][gc,metaspace] GC(10) Metaspace: 97585K(100288K)->97585K(100288K) NonClass: 84432K(85952K)->84432K(85952K) Class: 13153K(14336K)->13153K(14336K)
[2025-06-11T07:51:52.655+0000][36516][info ][gc          ] GC(10) Pause Young (Concurrent Start) (Metadata GC Threshold) 572M->76M(8192M) 34.177ms
[2025-06-11T07:51:52.655+0000][36516][info ][gc,cpu      ] GC(10) User=0.10s Sys=0.05s Real=0.03s
[2025-06-11T07:51:52.655+0000][36516][info ][gc          ] GC(11) Concurrent Mark Cycle
[2025-06-11T07:51:52.655+0000][36516][info ][gc,marking  ] GC(11) Concurrent Scan Root Regions
[2025-06-11T07:51:52.655+0000][36516][info ][safepoint   ] Safepoint "CollectForMetadataAllocation", Time since last: 295099792 ns, Reaching safepoint: 2667 ns, Cleanup: 535333 ns, At safepoint: 34285250 ns, Total: 34823250 ns
[2025-06-11T07:51:52.668+0000][36516][info ][gc,marking  ] GC(11) Concurrent Scan Root Regions 12.991ms
[2025-06-11T07:51:52.668+0000][36516][info ][gc,marking  ] GC(11) Concurrent Mark
[2025-06-11T07:51:52.668+0000][36516][info ][gc,marking  ] GC(11) Concurrent Mark From Roots
[2025-06-11T07:51:52.668+0000][36516][info ][gc,task     ] GC(11) Using 2 workers of 2 for marking
[2025-06-11T07:51:52.676+0000][36516][info ][gc,marking  ] GC(11) Concurrent Mark From Roots 8.176ms
[2025-06-11T07:51:52.676+0000][36516][info ][gc,marking  ] GC(11) Concurrent Preclean
[2025-06-11T07:51:52.676+0000][36516][info ][gc,marking  ] GC(11) Concurrent Preclean 0.063ms
[2025-06-11T07:51:52.676+0000][36516][info ][gc,start    ] GC(11) Pause Remark
[2025-06-11T07:51:52.699+0000][36516][info ][gc          ] GC(11) Pause Remark 79M->79M(8192M) 22.876ms
[2025-06-11T07:51:52.699+0000][36516][info ][gc,cpu      ] GC(11) User=0.03s Sys=0.03s Real=0.02s
[2025-06-11T07:51:52.699+0000][36516][info ][safepoint   ] Safepoint "G1PauseRemark", Time since last: 21293583 ns, Reaching safepoint: 70000 ns, Cleanup: 2709 ns, At safepoint: 22952958 ns, Total: 23025667 ns
[2025-06-11T07:51:52.699+0000][36516][info ][gc,marking  ] GC(11) Concurrent Mark 31.344ms
[2025-06-11T07:51:52.699+0000][36516][info ][gc,marking  ] GC(11) Concurrent Rebuild Remembered Sets and Scrub Regions
[2025-06-11T07:51:52.702+0000][36516][info ][gc,marking  ] GC(11) Concurrent Rebuild Remembered Sets and Scrub Regions 3.433ms
[2025-06-11T07:51:52.703+0000][36516][info ][gc,start    ] GC(11) Pause Cleanup
[2025-06-11T07:51:52.703+0000][36516][info ][gc          ] GC(11) Pause Cleanup 79M->79M(8192M) 0.153ms
[2025-06-11T07:51:52.703+0000][36516][info ][gc,cpu      ] GC(11) User=0.00s Sys=0.00s Real=0.00s
[2025-06-11T07:51:52.703+0000][36516][info ][safepoint   ] Safepoint "G1PauseCleanup", Time since last: 3507542 ns, Reaching safepoint: 376625 ns, Cleanup: 14416 ns, At safepoint: 190334 ns, Total: 581375 ns
[2025-06-11T07:51:52.703+0000][36516][info ][gc,marking  ] GC(11) Concurrent Clear Claimed Marks
[2025-06-11T07:51:52.703+0000][36516][info ][gc,marking  ] GC(11) Concurrent Clear Claimed Marks 0.048ms
[2025-06-11T07:51:52.703+0000][36516][info ][gc,marking  ] GC(11) Concurrent Cleanup for Next Mark
[2025-06-11T07:51:52.707+0000][36516][info ][gc,marking  ] GC(11) Concurrent Cleanup for Next Mark 3.401ms
[2025-06-11T07:51:52.707+0000][36516][info ][gc          ] GC(11) Concurrent Mark Cycle 51.980ms
[2025-06-11T07:51:53.552+0000][36516][info ][safepoint   ] Safepoint "ICBufferFull", Time since last: 847041083 ns, Reaching safepoint: 2583 ns, Cleanup: 1804292 ns, At safepoint: 6125 ns, Total: 1813000 ns
[2025-06-11T07:51:54.056+0000][36516][info ][safepoint   ] Safepoint "ICBufferFull", Time since last: 502801042 ns, Reaching safepoint: 4583 ns, Cleanup: 1618708 ns, At safepoint: 2292 ns, Total: 1625583 ns
[2025-06-11T07:51:54.543+0000][36516][info ][safepoint   ] Safepoint "ICBufferFull", Time since last: 485063625 ns, Reaching safepoint: 4333 ns, Cleanup: 1796834 ns, At safepoint: 12541 ns, Total: 1813708 ns
[2025-06-11T07:51:55.600+0000][36516][info ][safepoint   ] Safepoint "Cleanup", Time since last: 1054978959 ns, Reaching safepoint: 15583 ns, Cleanup: 1649542 ns, At safepoint: 6708 ns, Total: 1671833 ns
[2025-06-11T07:51:56.605+0000][36516][info ][safepoint   ] Safepoint "Cleanup", Time since last: 1005231708 ns, Reaching safepoint: 34667 ns, Cleanup: 280208 ns, At safepoint: 12042 ns, Total: 326917 ns
[2025-06-11T07:51:59.617+0000][36516][info ][safepoint   ] Safepoint "Cleanup", Time since last: 3012029417 ns, Reaching safepoint: 34541 ns, Cleanup: 72792 ns, At safepoint: 9292 ns, Total: 116625 ns
[2025-06-11T07:52:05.644+0000][36516][info ][safepoint   ] Safepoint "Cleanup", Time since last: 6026936333 ns, Reaching safepoint: 23042 ns, Cleanup: 164375 ns, At safepoint: 11833 ns, Total: 199250 ns
[2025-06-11T07:52:06.647+0000][36516][info ][safepoint   ] Safepoint "Cleanup", Time since last: 1002197333 ns, Reaching safepoint: 13542 ns, Cleanup: 209417 ns, At safepoint: 9666 ns, Total: 232625 ns
[2025-06-11T07:52:12.666+0000][36516][info ][safepoint   ] Safepoint "Cleanup", Time since last: 6019077000 ns, Reaching safepoint: 37917 ns, Cleanup: 153208 ns, At safepoint: 5125 ns, Total: 196250 ns
[2025-06-11T07:52:15.672+0000][36516][info ][safepoint   ] Safepoint "Cleanup", Time since last: 3005785084 ns, Reaching safepoint: 226625 ns, Cleanup: 6916 ns, At safepoint: 5459 ns, Total: 239000 ns
[2025-06-11T07:52:16.742+0000][36516][info ][safepoint   ] Safepoint "Cleanup", Time since last: 1069794375 ns, Reaching safepoint: 12958 ns, Cleanup: 402750 ns, At safepoint: 3375 ns, Total: 419083 ns
[2025-06-11T07:52:18.751+0000][36516][info ][safepoint   ] Safepoint "Cleanup", Time since last: 2009261333 ns, Reaching safepoint: 45125 ns, Cleanup: 374250 ns, At safepoint: 16917 ns, Total: 436292 ns
[2025-06-11T07:52:21.765+0000][36516][info ][safepoint   ] Safepoint "Cleanup", Time since last: 3013704042 ns, Reaching safepoint: 19541 ns, Cleanup: 191125 ns, At safepoint: 7042 ns, Total: 217708 ns
[2025-06-11T07:52:24.781+0000][36516][info ][safepoint   ] Safepoint "Cleanup", Time since last: 3015251375 ns, Reaching safepoint: 28375 ns, Cleanup: 789208 ns, At safepoint: 10250 ns, Total: 827833 ns
[2025-06-11T07:52:33.816+0000][36516][info ][safepoint   ] Safepoint "Cleanup", Time since last: 9035135875 ns, Reaching safepoint: 44084 ns, Cleanup: 189958 ns, At safepoint: 4833 ns, Total: 238875 ns
[2025-06-11T07:52:41.111+0000][36516][info ][safepoint   ] Safepoint "Cleanup", Time since last: 7294781459 ns, Reaching safepoint: 16083 ns, Cleanup: 176708 ns, At safepoint: 3125 ns, Total: 195916 ns
[2025-06-11T07:52:48.143+0000][36516][info ][safepoint   ] Safepoint "Cleanup", Time since last: 7031747875 ns, Reaching safepoint: 14917 ns, Cleanup: 145875 ns, At safepoint: 5750 ns, Total: 166542 ns
[2025-06-11T07:52:50.153+0000][36516][info ][safepoint   ] Safepoint "Cleanup", Time since last: 2009938708 ns, Reaching safepoint: 9709 ns, Cleanup: 69666 ns, At safepoint: 2417 ns, Total: 81792 ns
[2025-06-11T07:52:52.162+0000][36516][info ][safepoint   ] Safepoint "Cleanup", Time since last: 2008774125 ns, Reaching safepoint: 34792 ns, Cleanup: 332666 ns, At safepoint: 13542 ns, Total: 381000 ns
[2025-06-11T07:52:54.172+0000][36516][info ][safepoint   ] Safepoint "Cleanup", Time since last: 2010357833 ns, Reaching safepoint: 35292 ns, Cleanup: 244208 ns, At safepoint: 16500 ns, Total: 296000 ns
[2025-06-11T07:52:55.178+0000][36516][info ][safepoint   ] Safepoint "Cleanup", Time since last: 1005644334 ns, Reaching safepoint: 30625 ns, Cleanup: 282333 ns, At safepoint: 14417 ns, Total: 327375 ns
[2025-06-11T07:52:56.184+0000][36516][info ][safepoint   ] Safepoint "Cleanup", Time since last: 1005320666 ns, Reaching safepoint: 16542 ns, Cleanup: 164917 ns, At safepoint: 5541 ns, Total: 187000 ns
[2025-06-11T07:53:00.202+0000][36516][info ][safepoint   ] Safepoint "Cleanup", Time since last: 4018686000 ns, Reaching safepoint: 4209 ns, Cleanup: 123041 ns, At safepoint: 5209 ns, Total: 132459 ns
[2025-06-11T07:53:00.541+0000][36516][info ][safepoint   ] Safepoint "ICBufferFull", Time since last: 337207625 ns, Reaching safepoint: 5625 ns, Cleanup: 1518458 ns, At safepoint: 16917 ns, Total: 1541000 ns
[2025-06-11T07:53:00.859+0000][36516][info ][safepoint   ] Safepoint "ICBufferFull", Time since last: 316642083 ns, Reaching safepoint: 6375 ns, Cleanup: 1434125 ns, At safepoint: 3542 ns, Total: 1444042 ns
[2025-06-11T07:53:01.390+0000][36516][info ][safepoint   ] Safepoint "ICBufferFull", Time since last: 529065750 ns, Reaching safepoint: 5958 ns, Cleanup: 1735833 ns, At safepoint: 3167 ns, Total: 1744958 ns
[2025-06-11T07:53:02.397+0000][36516][info ][safepoint   ] Safepoint "Cleanup", Time since last: 1003437000 ns, Reaching safepoint: 54500 ns, Cleanup: 3425583 ns, At safepoint: 11417 ns, Total: 3491500 ns
[2025-06-11T07:53:17.461+0000][36516][info ][safepoint   ] Safepoint "Cleanup", Time since last: 15064166583 ns, Reaching safepoint: 67709 ns, Cleanup: 182166 ns, At safepoint: 13125 ns, Total: 263000 ns
[2025-06-11T07:53:17.827+0000][36516][info ][safepoint   ] Safepoint "ICBufferFull", Time since last: 364014625 ns, Reaching safepoint: 5750 ns, Cleanup: 2055500 ns, At safepoint: 11625 ns, Total: 2072875 ns
[2025-06-11T07:53:18.253+0000][36516][info ][safepoint   ] Safepoint "ICBufferFull", Time since last: 424329375 ns, Reaching safepoint: 6292 ns, Cleanup: 1608292 ns, At safepoint: 2833 ns, Total: 1617417 ns
[2025-06-11T07:53:18.583+0000][36516][info ][safepoint   ] Safepoint "ICBufferFull", Time since last: 328789833 ns, Reaching safepoint: 6417 ns, Cleanup: 1670583 ns, At safepoint: 2792 ns, Total: 1679792 ns
[2025-06-11T07:53:19.590+0000][36516][info ][safepoint   ] Safepoint "Cleanup", Time since last: 1005121083 ns, Reaching safepoint: 31250 ns, Cleanup: 1759667 ns, At safepoint: 9208 ns, Total: 1800125 ns
[2025-06-11T07:53:24.609+0000][36516][info ][safepoint   ] Safepoint "Cleanup", Time since last: 5018432209 ns, Reaching safepoint: 61041 ns, Cleanup: 500125 ns, At safepoint: 13542 ns, Total: 574708 ns
[2025-06-11T07:53:25.615+0000][36516][info ][safepoint   ] Safepoint "Cleanup", Time since last: 1005831458 ns, Reaching safepoint: 20709 ns, Cleanup: 153875 ns, At safepoint: 5125 ns, Total: 179709 ns
[2025-06-11T07:53:30.632+0000][36516][info ][safepoint   ] Safepoint "Cleanup", Time since last: 5017514541 ns, Reaching safepoint: 61209 ns, Cleanup: 229708 ns, At safepoint: 16208 ns, Total: 307125 ns
[2025-06-11T07:53:31.633+0000][36516][info ][safepoint   ] Safepoint "Cleanup", Time since last: 1000596250 ns, Reaching safepoint: 55917 ns, Cleanup: 326708 ns, At safepoint: 19875 ns, Total: 402500 ns
[2025-06-11T07:53:34.648+0000][36516][info ][safepoint   ] Safepoint "Cleanup", Time since last: 3014687417 ns, Reaching safepoint: 26417 ns, Cleanup: 162750 ns, At safepoint: 5583 ns, Total: 194750 ns
[2025-06-11T07:53:36.654+0000][36516][info ][safepoint   ] Safepoint "Cleanup", Time since last: 2005741500 ns, Reaching safepoint: 29083 ns, Cleanup: 537667 ns, At safepoint: 12208 ns, Total: 578958 ns
[2025-06-11T07:53:37.149+0000][36516][info ][safepoint   ] Safepoint "ICBufferFull", Time since last: 492435000 ns, Reaching safepoint: 10292 ns, Cleanup: 1965917 ns, At safepoint: 3416 ns, Total: 1979625 ns
[2025-06-11T07:53:38.231+0000][36516][info ][safepoint   ] Safepoint "Cleanup", Time since last: 1080522167 ns, Reaching safepoint: 115000 ns, Cleanup: 1753125 ns, At safepoint: 24708 ns, Total: 1892833 ns
[2025-06-11T07:53:43.256+0000][36516][info ][safepoint   ] Safepoint "Cleanup", Time since last: 5024270750 ns, Reaching safepoint: 65209 ns, Cleanup: 304125 ns, At safepoint: 14708 ns, Total: 384042 ns
[2025-06-11T07:53:46.270+0000][36516][info ][safepoint   ] Safepoint "Cleanup", Time since last: 3014063708 ns, Reaching safepoint: 18167 ns, Cleanup: 124583 ns, At safepoint: 4959 ns, Total: 147709 ns
[2025-06-11T07:53:52.290+0000][36516][info ][safepoint   ] Safepoint "Cleanup", Time since last: 6019993958 ns, Reaching safepoint: 98500 ns, Cleanup: 249958 ns, At safepoint: 15250 ns, Total: 363708 ns
[2025-06-11T07:53:53.293+0000][36516][info ][safepoint   ] Safepoint "Cleanup", Time since last: 1002321459 ns, Reaching safepoint: 50125 ns, Cleanup: 442000 ns, At safepoint: 18666 ns, Total: 510791 ns
[2025-06-11T07:53:54.299+0000][36516][info ][safepoint   ] Safepoint "Cleanup", Time since last: 1005300917 ns, Reaching safepoint: 68208 ns, Cleanup: 506084 ns, At safepoint: 21333 ns, Total: 595625 ns
[2025-06-11T07:53:55.304+0000][36516][info ][safepoint   ] Safepoint "Cleanup", Time since last: 1005440292 ns, Reaching safepoint: 54625 ns, Cleanup: 258500 ns, At safepoint: 14000 ns, Total: 327125 ns
[2025-06-11T07:53:56.310+0000][36516][info ][safepoint   ] Safepoint "Cleanup", Time since last: 1005273541 ns, Reaching safepoint: 19000 ns, Cleanup: 809167 ns, At safepoint: 16292 ns, Total: 844459 ns
[2025-06-11T07:53:57.318+0000][36516][info ][safepoint   ] Safepoint "Cleanup", Time since last: 1005111458 ns, Reaching safepoint: 51583 ns, Cleanup: 1999292 ns, At safepoint: 17250 ns, Total: 2068125 ns
[2025-06-11T07:53:59.325+0000][36516][info ][safepoint   ] Safepoint "Cleanup", Time since last: 2006946375 ns, Reaching safepoint: 59000 ns, Cleanup: 259417 ns, At safepoint: 16916 ns, Total: 335333 ns
[2025-06-11T07:54:00.328+0000][36516][info ][safepoint   ] Safepoint "Cleanup", Time since last: 1002886209 ns, Reaching safepoint: 70500 ns, Cleanup: 235666 ns, At safepoint: 8125 ns, Total: 314291 ns
[2025-06-11T07:54:10.369+0000][36516][info ][safepoint   ] Safepoint "Cleanup", Time since last: 10039151959 ns, Reaching safepoint: 35041 ns, Cleanup: 2205209 ns, At safepoint: 5708 ns, Total: 2245958 ns
[2025-06-11T07:54:12.001+0000][36516][info ][gc,start    ] GC(12) Pause Young (Normal) (G1 Evacuation Pause)
[2025-06-11T07:54:12.001+0000][36516][info ][gc,task     ] GC(12) Using 8 workers of 8 for evacuation
[2025-06-11T07:54:12.001+0000][36516][debug][gc,age      ] GC(12) Desired survivor size 48234496 bytes, new threshold 15 (max threshold 15)
[2025-06-11T07:54:12.087+0000][36516][info ][gc,phases   ] GC(12)   Pre Evacuate Collection Set: 1.8ms
[2025-06-11T07:54:12.087+0000][36516][info ][gc,phases   ] GC(12)   Merge Heap Roots: 0.5ms
[2025-06-11T07:54:12.087+0000][36516][info ][gc,phases   ] GC(12)   Evacuate Collection Set: 80.3ms
[2025-06-11T07:54:12.087+0000][36516][info ][gc,phases   ] GC(12)   Post Evacuate Collection Set: 2.8ms
[2025-06-11T07:54:12.087+0000][36516][info ][gc,phases   ] GC(12)   Other: 0.3ms
[2025-06-11T07:54:12.087+0000][36516][trace][gc,age      ] GC(12) Age table with threshold 15 (max threshold 15)
[2025-06-11T07:54:12.087+0000][36516][trace][gc,age      ] GC(12) - age   1:   19051872 bytes,   19051872 total
[2025-06-11T07:54:12.087+0000][36516][trace][gc,age      ] GC(12) - age   2:   14988200 bytes,   34040072 total
[2025-06-11T07:54:12.087+0000][36516][trace][gc,age      ] GC(12) - age   3:    3288496 bytes,   37328568 total
[2025-06-11T07:54:12.087+0000][36516][trace][gc,age      ] GC(12) - age   4:   21443512 bytes,   58772080 total
[2025-06-11T07:54:12.087+0000][36516][trace][gc,age      ] GC(12) - age   5:    3592256 bytes,   62364336 total
[2025-06-11T07:54:12.087+0000][36516][trace][gc,age      ] GC(12) - age   6:    2360736 bytes,   64725072 total
[2025-06-11T07:54:12.087+0000][36516][info ][gc,heap     ] GC(12) Eden regions: 164->0(155)
[2025-06-11T07:54:12.087+0000][36516][info ][gc,heap     ] GC(12) Survivor regions: 13->17(23)
[2025-06-11T07:54:12.087+0000][36516][info ][gc,heap     ] GC(12) Old regions: 7->7
[2025-06-11T07:54:12.087+0000][36516][info ][gc,heap     ] GC(12) Humongous regions: 0->0
[2025-06-11T07:54:12.087+0000][36516][info ][gc,metaspace] GC(12) Metaspace: 119852K(123008K)->119852K(123008K) NonClass: 103527K(105216K)->103527K(105216K) Class: 16324K(17792K)->16324K(17792K)
[2025-06-11T07:54:12.087+0000][36516][info ][gc          ] GC(12) Pause Young (Normal) (G1 Evacuation Pause) 732M->92M(8192M) 86.206ms
[2025-06-11T07:54:12.087+0000][36516][info ][gc,cpu      ] GC(12) User=0.18s Sys=0.24s Real=0.08s
[2025-06-11T07:54:12.087+0000][36516][info ][safepoint   ] Safepoint "G1CollectForAllocation", Time since last: 1631651792 ns, Reaching safepoint: 80375 ns, Cleanup: 41458 ns, At safepoint: 86375750 ns, Total: 86497583 ns
[2025-06-11T07:54:20.124+0000][36516][info ][safepoint   ] Safepoint "Cleanup", Time since last: 8036633083 ns, Reaching safepoint: 81209 ns, Cleanup: 204500 ns, At safepoint: 9416 ns, Total: 295125 ns
[2025-06-11T07:54:24.135+0000][36516][info ][safepoint   ] Safepoint "Cleanup", Time since last: 4011531959 ns, Reaching safepoint: 26000 ns, Cleanup: 107291 ns, At safepoint: 5584 ns, Total: 138875 ns
[2025-06-11T07:54:25.141+0000][36516][info ][safepoint   ] Safepoint "Cleanup", Time since last: 1005214458 ns, Reaching safepoint: 67833 ns, Cleanup: 301375 ns, At safepoint: 18459 ns, Total: 387667 ns
[2025-06-11T07:54:28.155+0000][36516][info ][safepoint   ] Safepoint "Cleanup", Time since last: 3014394416 ns, Reaching safepoint: 41834 ns, Cleanup: 201416 ns, At safepoint: 10834 ns, Total: 254084 ns
[2025-06-11T07:54:54.441+0000][36516][info ][safepoint   ] Safepoint "Cleanup", Time since last: 26286085583 ns, Reaching safepoint: 46833 ns, Cleanup: 210084 ns, At safepoint: 17750 ns, Total: 274667 ns
[2025-06-11T07:54:57.454+0000][36516][info ][safepoint   ] Safepoint "Cleanup", Time since last: 3012981666 ns, Reaching safepoint: 30584 ns, Cleanup: 250208 ns, At safepoint: 9458 ns, Total: 290250 ns
[2025-06-11T07:55:08.493+0000][36516][info ][safepoint   ] Safepoint "Cleanup", Time since last: 11039073375 ns, Reaching safepoint: 93584 ns, Cleanup: 198916 ns, At safepoint: 16334 ns, Total: 308834 ns
[2025-06-11T07:55:20.540+0000][36516][info ][safepoint   ] Safepoint "Cleanup", Time since last: 12047795875 ns, Reaching safepoint: 15875 ns, Cleanup: 138625 ns, At safepoint: 5416 ns, Total: 159916 ns
[2025-06-11T07:55:22.551+0000][36516][info ][safepoint   ] Safepoint "Cleanup", Time since last: 2010248709 ns, Reaching safepoint: 53458 ns, Cleanup: 391958 ns, At safepoint: 16417 ns, Total: 461833 ns
[2025-06-11T07:55:24.563+0000][36516][info ][safepoint   ] Safepoint "Cleanup", Time since last: 2011543833 ns, Reaching safepoint: 20792 ns, Cleanup: 127000 ns, At safepoint: 6417 ns, Total: 154209 ns
[2025-06-11T07:55:32.596+0000][36516][info ][safepoint   ] Safepoint "Cleanup", Time since last: 8033053125 ns, Reaching safepoint: 52583 ns, Cleanup: 193125 ns, At safepoint: 5125 ns, Total: 250833 ns
[2025-06-11T07:55:47.488+0000][36516][info ][safepoint   ] Safepoint "Cleanup", Time since last: 14892615542 ns, Reaching safepoint: 34625 ns, Cleanup: 133750 ns, At safepoint: 7666 ns, Total: 176041 ns
[2025-06-11T07:55:51.505+0000][36516][info ][safepoint   ] Safepoint "Cleanup", Time since last: 4016507125 ns, Reaching safepoint: 78959 ns, Cleanup: 211083 ns, At safepoint: 6708 ns, Total: 296750 ns
[2025-06-11T07:55:52.510+0000][36516][info ][safepoint   ] Safepoint "Cleanup", Time since last: 1005256459 ns, Reaching safepoint: 70416 ns, Cleanup: 302209 ns, At safepoint: 16583 ns, Total: 389208 ns
[2025-06-11T07:55:53.512+0000][36516][info ][safepoint   ] Safepoint "Cleanup", Time since last: 1001837125 ns, Reaching safepoint: 36000 ns, Cleanup: 209083 ns, At safepoint: 11292 ns, Total: 256375 ns
[2025-06-11T07:55:54.513+0000][36516][info ][safepoint   ] Safepoint "Cleanup", Time since last: 1000711917 ns, Reaching safepoint: 63291 ns, Cleanup: 127167 ns, At safepoint: 16542 ns, Total: 207000 ns
[2025-06-11T07:56:13.574+0000][36516][info ][safepoint   ] Safepoint "Cleanup", Time since last: 19061181791 ns, Reaching safepoint: 64292 ns, Cleanup: 195208 ns, At safepoint: 17000 ns, Total: 276500 ns
[2025-06-11T07:56:24.621+0000][36516][info ][safepoint   ] Safepoint "Cleanup", Time since last: 11047381834 ns, Reaching safepoint: 239291 ns, Cleanup: 303542 ns, At safepoint: 13917 ns, Total: 556750 ns
[2025-06-11T07:56:26.633+0000][36516][info ][safepoint   ] Safepoint "Cleanup", Time since last: 2011101500 ns, Reaching safepoint: 15833 ns, Cleanup: 104208 ns, At safepoint: 3875 ns, Total: 123916 ns
[2025-06-11T07:56:45.684+0000][36516][info ][safepoint   ] Safepoint "Cleanup", Time since last: 19051523584 ns, Reaching safepoint: 60250 ns, Cleanup: 178916 ns, At safepoint: 13375 ns, Total: 252541 ns
[2025-06-11T07:56:52.704+0000][36516][info ][safepoint   ] Safepoint "Cleanup", Time since last: 7020653375 ns, Reaching safepoint: 147584 ns, Cleanup: 163958 ns, At safepoint: 6500 ns, Total: 318042 ns
[2025-06-11T07:56:55.718+0000][36516][info ][safepoint   ] Safepoint "Cleanup", Time since last: 3013126208 ns, Reaching safepoint: 16167 ns, Cleanup: 292208 ns, At safepoint: 5209 ns, Total: 313584 ns
[2025-06-11T07:56:56.718+0000][36516][info ][safepoint   ] Safepoint "Cleanup", Time since last: 1000294875 ns, Reaching safepoint: 14375 ns, Cleanup: 158541 ns, At safepoint: 4167 ns, Total: 177083 ns
[2025-06-11T07:57:50.868+0000][36516][info ][safepoint   ] Safepoint "Cleanup", Time since last: 54151545458 ns, Reaching safepoint: 10334 ns, Cleanup: 122083 ns, At safepoint: 3375 ns, Total: 135792 ns
[2025-06-11T07:57:54.886+0000][36516][info ][safepoint   ] Safepoint "Cleanup", Time since last: 4017031500 ns, Reaching safepoint: 20708 ns, Cleanup: 1431625 ns, At safepoint: 6375 ns, Total: 1458708 ns
[2025-06-11T07:57:56.893+0000][36516][info ][safepoint   ] Safepoint "Cleanup", Time since last: 2006461750 ns, Reaching safepoint: 21167 ns, Cleanup: 150792 ns, At safepoint: 5500 ns, Total: 177459 ns
[2025-06-11T07:58:21.982+0000][36516][info ][safepoint   ] Safepoint "Cleanup", Time since last: 25089833416 ns, Reaching safepoint: 119750 ns, Cleanup: 348334 ns, At safepoint: 7083 ns, Total: 475167 ns
[2025-06-11T07:58:36.036+0000][36516][info ][safepoint   ] Safepoint "Cleanup", Time since last: 14054535417 ns, Reaching safepoint: 111791 ns, Cleanup: 133667 ns, At safepoint: 5292 ns, Total: 250750 ns
[2025-06-11T07:59:01.086+0000][36516][info ][safepoint   ] Safepoint "Cleanup", Time since last: 25049638875 ns, Reaching safepoint: 287625 ns, Cleanup: 715208 ns, At safepoint: 10250 ns, Total: 1013083 ns
[2025-06-11T07:59:12.132+0000][36516][info ][safepoint   ] Safepoint "Cleanup", Time since last: 11045983208 ns, Reaching safepoint: 31292 ns, Cleanup: 554042 ns, At safepoint: 7625 ns, Total: 592959 ns
[2025-06-11T07:59:18.158+0000][36516][info ][safepoint   ] Safepoint "Cleanup", Time since last: 6024233583 ns, Reaching safepoint: 16042 ns, Cleanup: 1660791 ns, At safepoint: 4375 ns, Total: 1681208 ns
[2025-06-11T07:59:24.178+0000][36516][info ][safepoint   ] Safepoint "Cleanup", Time since last: 6020075292 ns, Reaching safepoint: 99292 ns, Cleanup: 123833 ns, At safepoint: 5542 ns, Total: 228667 ns
[2025-06-11T07:59:27.190+0000][36516][info ][safepoint   ] Safepoint "Cleanup", Time since last: 3011928666 ns, Reaching safepoint: 53000 ns, Cleanup: 348959 ns, At safepoint: 15875 ns, Total: 417834 ns
[2025-06-11T07:59:39.142+0000][36516][info ][safepoint   ] Safepoint "Cleanup", Time since last: 11951900708 ns, Reaching safepoint: 43625 ns, Cleanup: 505500 ns, At safepoint: 29375 ns, Total: 578500 ns
[2025-06-11T07:59:40.145+0000][36516][info ][safepoint   ] Safepoint "Cleanup", Time since last: 1002894750 ns, Reaching safepoint: 23083 ns, Cleanup: 157292 ns, At safepoint: 6292 ns, Total: 186667 ns
[2025-06-11T08:00:25.321+0000][36516][info ][safepoint   ] Safepoint "Cleanup", Time since last: 45176459333 ns, Reaching safepoint: 190000 ns, Cleanup: 294875 ns, At safepoint: 13667 ns, Total: 498542 ns
[2025-06-11T08:00:30.344+0000][36516][info ][safepoint   ] Safepoint "Cleanup", Time since last: 5022700500 ns, Reaching safepoint: 16833 ns, Cleanup: 300333 ns, At safepoint: 6917 ns, Total: 324083 ns
[2025-06-11T08:00:41.299+0000][36516][info ][safepoint   ] Safepoint "Cleanup", Time since last: 10955967458 ns, Reaching safepoint: 20042 ns, Cleanup: 175583 ns, At safepoint: 5375 ns, Total: 201000 ns
[2025-06-11T08:00:46.324+0000][36516][info ][safepoint   ] Safepoint "Cleanup", Time since last: 5024938875 ns, Reaching safepoint: 16750 ns, Cleanup: 136125 ns, At safepoint: 7334 ns, Total: 160209 ns
[2025-06-11T08:00:48.328+0000][36516][info ][safepoint   ] Safepoint "Cleanup", Time since last: 2003304333 ns, Reaching safepoint: 21250 ns, Cleanup: 33000 ns, At safepoint: 3958 ns, Total: 58208 ns
[2025-06-11T08:00:54.352+0000][36516][info ][safepoint   ] Safepoint "Cleanup", Time since last: 6024574959 ns, Reaching safepoint: 87916 ns, Cleanup: 223000 ns, At safepoint: 7875 ns, Total: 318791 ns
[2025-06-11T08:01:07.398+0000][36516][info ][safepoint   ] Safepoint "Cleanup", Time since last: 13046128209 ns, Reaching safepoint: 40791 ns, Cleanup: 100042 ns, At safepoint: 2250 ns, Total: 143083 ns
[2025-06-11T08:01:55.480+0000][36516][info ][safepoint   ] Safepoint "Cleanup", Time since last: 48083338542 ns, Reaching safepoint: 77458 ns, Cleanup: 254458 ns, At safepoint: 17584 ns, Total: 349500 ns
[2025-06-11T08:02:08.517+0000][36516][info ][safepoint   ] Safepoint "Cleanup", Time since last: 13037882458 ns, Reaching safepoint: 34500 ns, Cleanup: 110708 ns, At safepoint: 7292 ns, Total: 152500 ns
[2025-06-11T08:02:51.695+0000][36516][info ][safepoint   ] Safepoint "Cleanup", Time since last: 43178799333 ns, Reaching safepoint: 141834 ns, Cleanup: 266583 ns, At safepoint: 32750 ns, Total: 441167 ns
[2025-06-11T08:03:10.767+0000][36516][info ][safepoint   ] Safepoint "Cleanup", Time since last: 19071353458 ns, Reaching safepoint: 16042 ns, Cleanup: 795208 ns, At safepoint: 3042 ns, Total: 814292 ns
[2025-06-11T08:03:24.818+0000][36516][info ][safepoint   ] Safepoint "Cleanup", Time since last: 14051477375 ns, Reaching safepoint: 119042 ns, Cleanup: 263125 ns, At safepoint: 7250 ns, Total: 389417 ns
[2025-06-11T08:03:30.835+0000][36516][info ][safepoint   ] Safepoint "Cleanup", Time since last: 6016852708 ns, Reaching safepoint: 25750 ns, Cleanup: 118500 ns, At safepoint: 6708 ns, Total: 150958 ns
[2025-06-11T08:03:54.793+0000][36516][info ][safepoint   ] Safepoint "Cleanup", Time since last: 23959444000 ns, Reaching safepoint: 9750 ns, Cleanup: 67542 ns, At safepoint: 2500 ns, Total: 79792 ns
[2025-06-11T08:03:57.809+0000][36516][info ][safepoint   ] Safepoint "Cleanup", Time since last: 3015271042 ns, Reaching safepoint: 137250 ns, Cleanup: 239333 ns, At safepoint: 5333 ns, Total: 381916 ns
[2025-06-11T08:04:07.842+0000][36516][info ][safepoint   ] Safepoint "Cleanup", Time since last: 10032412500 ns, Reaching safepoint: 43292 ns, Cleanup: 890958 ns, At safepoint: 28375 ns, Total: 962625 ns
[2025-06-11T08:04:08.850+0000][36516][info ][safepoint   ] Safepoint "Cleanup", Time since last: 1007096292 ns, Reaching safepoint: 26542 ns, Cleanup: 1376208 ns, At safepoint: 6375 ns, Total: 1409125 ns
[2025-06-11T08:04:09.852+0000][36516][info ][safepoint   ] Safepoint "Cleanup", Time since last: 1000871458 ns, Reaching safepoint: 47875 ns, Cleanup: 327167 ns, At safepoint: 14500 ns, Total: 389542 ns
[2025-06-11T08:04:24.916+0000][36516][info ][safepoint   ] Safepoint "Cleanup", Time since last: 15063668000 ns, Reaching safepoint: 69417 ns, Cleanup: 683166 ns, At safepoint: 18459 ns, Total: 771042 ns
[2025-06-11T08:04:27.932+0000][36516][info ][safepoint   ] Safepoint "Cleanup", Time since last: 3016510500 ns, Reaching safepoint: 24833 ns, Cleanup: 100542 ns, At safepoint: 9666 ns, Total: 135041 ns
[2025-06-11T08:04:28.935+0000][36516][info ][safepoint   ] Safepoint "Cleanup", Time since last: 1001726042 ns, Reaching safepoint: 14708 ns, Cleanup: 1254625 ns, At safepoint: 6542 ns, Total: 1275875 ns
[2025-06-11T08:04:29.935+0000][36516][info ][safepoint   ] Safepoint "Cleanup", Time since last: 1000195208 ns, Reaching safepoint: 12417 ns, Cleanup: 88833 ns, At safepoint: 3459 ns, Total: 104709 ns
[2025-06-11T08:04:30.937+0000][36516][info ][safepoint   ] Safepoint "Cleanup", Time since last: 1001278458 ns, Reaching safepoint: 54083 ns, Cleanup: 351000 ns, At safepoint: 17417 ns, Total: 422500 ns
[2025-06-11T08:04:45.893+0000][36516][info ][safepoint   ] Safepoint "Cleanup", Time since last: 14956612375 ns, Reaching safepoint: 17250 ns, Cleanup: 58542 ns, At safepoint: 3458 ns, Total: 79250 ns
[2025-06-11T08:04:52.775+0000][36516][info ][gc,start    ] GC(13) Pause Young (Normal) (G1 Evacuation Pause)
[2025-06-11T08:04:52.776+0000][36516][info ][gc,task     ] GC(13) Using 8 workers of 8 for evacuation
[2025-06-11T08:04:52.776+0000][36516][debug][gc,age      ] GC(13) Desired survivor size 46137344 bytes, new threshold 4 (max threshold 15)
[2025-06-11T08:04:52.841+0000][36516][info ][gc,phases   ] GC(13)   Pre Evacuate Collection Set: 0.6ms
[2025-06-11T08:04:52.841+0000][36516][info ][gc,phases   ] GC(13)   Merge Heap Roots: 0.2ms
[2025-06-11T08:04:52.841+0000][36516][info ][gc,phases   ] GC(13)   Evacuate Collection Set: 62.8ms
[2025-06-11T08:04:52.841+0000][36516][info ][gc,phases   ] GC(13)   Post Evacuate Collection Set: 1.7ms
[2025-06-11T08:04:52.841+0000][36516][info ][gc,phases   ] GC(13)   Other: 0.1ms
[2025-06-11T08:04:52.841+0000][36516][trace][gc,age      ] GC(13) Age table with threshold 4 (max threshold 15)
[2025-06-11T08:04:52.841+0000][36516][trace][gc,age      ] GC(13) - age   1:     279288 bytes,     279288 total
[2025-06-11T08:04:52.841+0000][36516][trace][gc,age      ] GC(13) - age   2:   18648648 bytes,   18927936 total
[2025-06-11T08:04:52.841+0000][36516][trace][gc,age      ] GC(13) - age   3:   14988120 bytes,   33916056 total
[2025-06-11T08:04:52.841+0000][36516][trace][gc,age      ] GC(13) - age   4:    3288496 bytes,   37204552 total
[2025-06-11T08:04:52.841+0000][36516][info ][gc,heap     ] GC(13) Eden regions: 155->0(302)
[2025-06-11T08:04:52.841+0000][36516][info ][gc,heap     ] GC(13) Survivor regions: 17->10(22)
[2025-06-11T08:04:52.841+0000][36516][info ][gc,heap     ] GC(13) Old regions: 7->14
[2025-06-11T08:04:52.841+0000][36516][info ][gc,heap     ] GC(13) Humongous regions: 0->0
[2025-06-11T08:04:52.841+0000][36516][info ][gc,metaspace] GC(13) Metaspace: 120710K(123904K)->120710K(123904K) NonClass: 104373K(106112K)->104373K(106112K) Class: 16337K(17792K)->16337K(17792K)
[2025-06-11T08:04:52.842+0000][36516][info ][gc          ] GC(13) Pause Young (Normal) (G1 Evacuation Pause) 712M->93M(8192M) 66.362ms
[2025-06-11T08:04:52.842+0000][36516][info ][gc,cpu      ] GC(13) User=0.13s Sys=0.19s Real=0.07s
[2025-06-11T08:04:52.842+0000][36516][info ][safepoint   ] Safepoint "G1CollectForAllocation", Time since last: 6881939500 ns, Reaching safepoint: 6792 ns, Cleanup: 327541 ns, At safepoint: 66450542 ns, Total: 66784875 ns
[2025-06-11T08:04:53.847+0000][36516][info ][safepoint   ] Safepoint "Cleanup", Time since last: 1005080625 ns, Reaching safepoint: 20167 ns, Cleanup: 430125 ns, At safepoint: 5666 ns, Total: 455958 ns
[2025-06-11T08:04:54.853+0000][36516][info ][safepoint   ] Safepoint "Cleanup", Time since last: 1005251834 ns, Reaching safepoint: 79250 ns, Cleanup: 305750 ns, At safepoint: 13541 ns, Total: 398541 ns
[2025-06-11T08:05:09.917+0000][36516][info ][safepoint   ] Safepoint "Cleanup", Time since last: 15063999167 ns, Reaching safepoint: 71667 ns, Cleanup: 768708 ns, At safepoint: 5958 ns, Total: 846333 ns
[2025-06-11T08:05:11.928+0000][36516][info ][safepoint   ] Safepoint "Cleanup", Time since last: 2010233167 ns, Reaching safepoint: 66000 ns, Cleanup: 296042 ns, At safepoint: 18250 ns, Total: 380292 ns
[2025-06-11T08:05:22.956+0000][36516][info ][safepoint   ] Safepoint "Cleanup", Time since last: 11028096583 ns, Reaching safepoint: 27708 ns, Cleanup: 575667 ns, At safepoint: 12875 ns, Total: 616250 ns
[2025-06-11T08:05:23.962+0000][36516][info ][safepoint   ] Safepoint "Cleanup", Time since last: 1005902958 ns, Reaching safepoint: 16959 ns, Cleanup: 117500 ns, At safepoint: 2958 ns, Total: 137417 ns
[2025-06-11T08:05:24.965+0000][36516][info ][safepoint   ] Safepoint "Cleanup", Time since last: 1002965500 ns, Reaching safepoint: 48292 ns, Cleanup: 221083 ns, At safepoint: 14042 ns, Total: 283417 ns
[2025-06-11T08:05:54.044+0000][36516][info ][safepoint   ] Safepoint "Cleanup", Time since last: 29079061666 ns, Reaching safepoint: 343250 ns, Cleanup: 270584 ns, At safepoint: 16208 ns, Total: 630042 ns
[2025-06-11T08:06:34.209+0000][36516][info ][safepoint   ] Safepoint "Cleanup", Time since last: 40166930333 ns, Reaching safepoint: 56542 ns, Cleanup: 206917 ns, At safepoint: 5875 ns, Total: 269334 ns
[2025-06-11T08:06:52.191+0000][36516][info ][safepoint   ] Safepoint "Cleanup", Time since last: 17981808500 ns, Reaching safepoint: 60125 ns, Cleanup: 221041 ns, At safepoint: 12000 ns, Total: 293166 ns
[2025-06-11T08:06:54.200+0000][36516][info ][safepoint   ] Safepoint "Cleanup", Time since last: 2009442042 ns, Reaching safepoint: 46792 ns, Cleanup: 66416 ns, At safepoint: 8500 ns, Total: 121708 ns
[2025-06-11T08:06:55.206+0000][36516][info ][safepoint   ] Safepoint "Cleanup", Time since last: 1005358209 ns, Reaching safepoint: 81541 ns, Cleanup: 475584 ns, At safepoint: 15916 ns, Total: 573041 ns
[2025-06-11T08:08:58.555+0000][36516][info ][safepoint   ] Safepoint "Cleanup", Time since last: 123352385334 ns, Reaching safepoint: 91083 ns, Cleanup: 313375 ns, At safepoint: 18083 ns, Total: 422541 ns
[2025-06-11T08:09:28.660+0000][36516][info ][safepoint   ] Safepoint "Cleanup", Time since last: 30106783792 ns, Reaching safepoint: 31375 ns, Cleanup: 35250 ns, At safepoint: 4042 ns, Total: 70667 ns
[2025-06-11T08:09:46.619+0000][36516][info ][safepoint   ] Safepoint "Cleanup", Time since last: 17959149625 ns, Reaching safepoint: 71166 ns, Cleanup: 335042 ns, At safepoint: 13917 ns, Total: 420125 ns
[2025-06-11T08:09:52.643+0000][36516][info ][safepoint   ] Safepoint "Cleanup", Time since last: 6024161458 ns, Reaching safepoint: 12917 ns, Cleanup: 28291 ns, At safepoint: 3625 ns, Total: 44833 ns
[2025-06-11T08:10:54.853+0000][36516][info ][safepoint   ] Safepoint "Cleanup", Time since last: 62212169667 ns, Reaching safepoint: 28583 ns, Cleanup: 59375 ns, At safepoint: 2000 ns, Total: 89958 ns
[2025-06-11T08:11:32.998+0000][36516][info ][safepoint   ] Safepoint "Cleanup", Time since last: 38145548959 ns, Reaching safepoint: 58500 ns, Cleanup: 252541 ns, At safepoint: 15209 ns, Total: 326250 ns
[2025-06-11T08:12:21.206+0000][36516][info ][safepoint   ] Safepoint "Cleanup", Time since last: 48209624541 ns, Reaching safepoint: 277000 ns, Cleanup: 193709 ns, At safepoint: 7208 ns, Total: 477917 ns
[2025-06-11T08:12:22.208+0000][36516][info ][safepoint   ] Safepoint "Cleanup", Time since last: 1001628500 ns, Reaching safepoint: 56417 ns, Cleanup: 320375 ns, At safepoint: 20708 ns, Total: 397500 ns
[2025-06-11T08:12:25.221+0000][36516][info ][safepoint   ] Safepoint "Cleanup", Time since last: 3012782000 ns, Reaching safepoint: 62250 ns, Cleanup: 262917 ns, At safepoint: 14250 ns, Total: 339417 ns
[2025-06-11T08:12:50.276+0000][36516][info ][safepoint   ] Safepoint "Cleanup", Time since last: 25055900250 ns, Reaching safepoint: 52333 ns, Cleanup: 205125 ns, At safepoint: 6708 ns, Total: 264166 ns
[2025-06-11T08:12:55.298+0000][36516][info ][safepoint   ] Safepoint "Cleanup", Time since last: 5021916417 ns, Reaching safepoint: 47750 ns, Cleanup: 228833 ns, At safepoint: 12959 ns, Total: 289542 ns
[2025-06-11T08:13:16.388+0000][36516][info ][safepoint   ] Safepoint "Cleanup", Time since last: 21090071791 ns, Reaching safepoint: 100209 ns, Cleanup: 157625 ns, At safepoint: 12000 ns, Total: 269834 ns
[2025-06-11T08:14:25.551+0000][36516][info ][safepoint   ] Safepoint "Cleanup", Time since last: 69165865875 ns, Reaching safepoint: 86916 ns, Cleanup: 216042 ns, At safepoint: 15833 ns, Total: 318791 ns
[2025-06-11T08:14:46.555+0000][36516][info ][safepoint   ] Safepoint "Cleanup", Time since last: 21003942959 ns, Reaching safepoint: 128916 ns, Cleanup: 242709 ns, At safepoint: 5875 ns, Total: 377500 ns
[2025-06-11T08:15:10.646+0000][36516][info ][safepoint   ] Safepoint "Cleanup", Time since last: 24091355666 ns, Reaching safepoint: 51167 ns, Cleanup: 469875 ns, At safepoint: 14167 ns, Total: 535209 ns
[2025-06-11T08:15:11.652+0000][36516][info ][safepoint   ] Safepoint "Cleanup", Time since last: 1005829125 ns, Reaching safepoint: 22208 ns, Cleanup: 266667 ns, At safepoint: 5041 ns, Total: 293916 ns
[2025-06-11T08:15:31.740+0000][36516][info ][safepoint   ] Safepoint "Cleanup", Time since last: 20088244875 ns, Reaching safepoint: 149542 ns, Cleanup: 39542 ns, At safepoint: 10583 ns, Total: 199667 ns
[2025-06-11T08:15:32.743+0000][36516][info ][safepoint   ] Safepoint "Cleanup", Time since last: 1002390875 ns, Reaching safepoint: 20958 ns, Cleanup: 435875 ns, At safepoint: 3459 ns, Total: 460292 ns
[2025-06-11T08:15:48.682+0000][36516][info ][safepoint   ] Safepoint "Cleanup", Time since last: 15935455333 ns, Reaching safepoint: 1427917 ns, Cleanup: 2544916 ns, At safepoint: 5167 ns, Total: 3978000 ns
[2025-06-11T08:16:12.790+0000][36516][info ][safepoint   ] Safepoint "Cleanup", Time since last: 24108467333 ns, Reaching safepoint: 61750 ns, Cleanup: 854917 ns, At safepoint: 7667 ns, Total: 924334 ns
[2025-06-11T08:16:24.845+0000][36516][info ][safepoint   ] Safepoint "Cleanup", Time since last: 12055248791 ns, Reaching safepoint: 54709 ns, Cleanup: 263291 ns, At safepoint: 15542 ns, Total: 333542 ns
[2025-06-11T08:16:26.858+0000][36516][info ][safepoint   ] Safepoint "Cleanup", Time since last: 2010540458 ns, Reaching safepoint: 67709 ns, Cleanup: 1883333 ns, At safepoint: 13958 ns, Total: 1965000 ns
[2025-06-11T08:16:54.871+0000][36516][info ][safepoint   ] Safepoint "Cleanup", Time since last: 28013816375 ns, Reaching safepoint: 47459 ns, Cleanup: 233541 ns, At safepoint: 14917 ns, Total: 295917 ns
[2025-06-11T08:21:51.683+0000][36516][info ][safepoint   ] Safepoint "Cleanup", Time since last: 296823187833 ns, Reaching safepoint: 110042 ns, Cleanup: 260167 ns, At safepoint: 11541 ns, Total: 381750 ns
[2025-06-11T08:21:53.695+0000][36516][info ][safepoint   ] Safepoint "Cleanup", Time since last: 2011158917 ns, Reaching safepoint: 65917 ns, Cleanup: 375708 ns, At safepoint: 15542 ns, Total: 457167 ns
[2025-06-11T08:22:31.844+0000][36516][info ][safepoint   ] Safepoint "Cleanup", Time since last: 38149543458 ns, Reaching safepoint: 887833 ns, Cleanup: 205167 ns, At safepoint: 16208 ns, Total: 1109208 ns
[2025-06-11T08:22:35.865+0000][36516][info ][safepoint   ] Safepoint "Cleanup", Time since last: 4020290917 ns, Reaching safepoint: 51542 ns, Cleanup: 319125 ns, At safepoint: 12458 ns, Total: 383125 ns
[2025-06-11T08:23:24.969+0000][36516][info ][safepoint   ] Safepoint "Cleanup", Time since last: 49104948542 ns, Reaching safepoint: 58166 ns, Cleanup: 489792 ns, At safepoint: 16917 ns, Total: 564875 ns
[2025-06-11T08:23:54.979+0000][36516][info ][safepoint   ] Safepoint "Cleanup", Time since last: 30011406750 ns, Reaching safepoint: 96708 ns, Cleanup: 161042 ns, At safepoint: 7625 ns, Total: 265375 ns
[2025-06-11T08:23:56.984+0000][36516][info ][safepoint   ] Safepoint "Cleanup", Time since last: 2005234458 ns, Reaching safepoint: 24250 ns, Cleanup: 200750 ns, At safepoint: 8167 ns, Total: 233167 ns
[2025-06-11T08:27:25.579+0000][36516][info ][safepoint   ] Safepoint "Cleanup", Time since last: 208602020833 ns, Reaching safepoint: 150458 ns, Cleanup: 319209 ns, At safepoint: 22833 ns, Total: 492500 ns
[2025-06-11T08:27:26.586+0000][36516][info ][safepoint   ] Safepoint "Cleanup", Time since last: 1006360792 ns, Reaching safepoint: 24333 ns, Cleanup: 370250 ns, At safepoint: 3667 ns, Total: 398250 ns
[2025-06-11T08:27:41.648+0000][36516][info ][safepoint   ] Safepoint "Cleanup", Time since last: 15062067500 ns, Reaching safepoint: 86250 ns, Cleanup: 51833 ns, At safepoint: 9917 ns, Total: 148000 ns
[2025-06-11T08:28:17.697+0000][36516][info ][safepoint   ] Safepoint "Cleanup", Time since last: 36049744666 ns, Reaching safepoint: 302834 ns, Cleanup: 293583 ns, At safepoint: 11125 ns, Total: 607542 ns
[2025-06-11T08:28:25.732+0000][36516][info ][safepoint   ] Safepoint "Cleanup", Time since last: 8034995292 ns, Reaching safepoint: 60166 ns, Cleanup: 320584 ns, At safepoint: 16666 ns, Total: 397416 ns
[2025-06-11T08:30:24.969+0000][36516][info ][safepoint   ] Safepoint "Cleanup", Time since last: 119241285750 ns, Reaching safepoint: 365834 ns, Cleanup: 132375 ns, At safepoint: 8916 ns, Total: 507125 ns
[2025-06-11T08:30:54.963+0000][36516][info ][safepoint   ] Safepoint "Cleanup", Time since last: 29994364875 ns, Reaching safepoint: 28334 ns, Cleanup: 107041 ns, At safepoint: 3542 ns, Total: 138917 ns
[2025-06-11T08:31:16.046+0000][36516][info ][safepoint   ] Safepoint "Cleanup", Time since last: 21083113042 ns, Reaching safepoint: 158208 ns, Cleanup: 289333 ns, At safepoint: 15209 ns, Total: 462750 ns
[2025-06-11T08:32:13.137+0000][36516][info ][safepoint   ] Safepoint "Cleanup", Time since last: 57093255291 ns, Reaching safepoint: 66167 ns, Cleanup: 249375 ns, At safepoint: 14167 ns, Total: 329709 ns
[2025-06-11T08:32:14.139+0000][36516][info ][safepoint   ] Safepoint "Cleanup", Time since last: 1001489583 ns, Reaching safepoint: 44583 ns, Cleanup: 250709 ns, At safepoint: 14541 ns, Total: 309833 ns
[2025-06-11T08:32:18.157+0000][36516][info ][safepoint   ] Safepoint "Cleanup", Time since last: 4017824917 ns, Reaching safepoint: 40042 ns, Cleanup: 248375 ns, At safepoint: 7333 ns, Total: 295750 ns
[2025-06-11T08:33:55.448+0000][36516][info ][safepoint   ] Safepoint "Cleanup", Time since last: 97294375667 ns, Reaching safepoint: 63208 ns, Cleanup: 50583 ns, At safepoint: 10584 ns, Total: 124375 ns
[2025-06-11T08:34:25.564+0000][36516][info ][safepoint   ] Safepoint "Cleanup", Time since last: 30116938750 ns, Reaching safepoint: 66875 ns, Cleanup: 280458 ns, At safepoint: 16833 ns, Total: 364166 ns
[2025-06-11T08:34:37.612+0000][36516][info ][safepoint   ] Safepoint "Cleanup", Time since last: 12047676209 ns, Reaching safepoint: 49125 ns, Cleanup: 361000 ns, At safepoint: 18000 ns, Total: 428125 ns
[2025-06-11T08:36:25.984+0000][36516][info ][safepoint   ] Safepoint "Cleanup", Time since last: 108375333458 ns, Reaching safepoint: 396542 ns, Cleanup: 237541 ns, At safepoint: 16167 ns, Total: 650250 ns
[2025-06-11T08:36:51.063+0000][36516][info ][safepoint   ] Safepoint "Cleanup", Time since last: 25079662458 ns, Reaching safepoint: 25709 ns, Cleanup: 102750 ns, At safepoint: 4958 ns, Total: 133417 ns
[2025-06-11T08:38:55.347+0000][36516][info ][safepoint   ] Safepoint "Cleanup", Time since last: 124288033375 ns, Reaching safepoint: 62458 ns, Cleanup: 404000 ns, At safepoint: 20834 ns, Total: 487292 ns
[2025-06-11T08:41:53.882+0000][36516][info ][safepoint   ] Safepoint "Cleanup", Time since last: 178541508500 ns, Reaching safepoint: 105666 ns, Cleanup: 224459 ns, At safepoint: 11333 ns, Total: 341458 ns
[2025-06-11T08:44:25.439+0000][36516][info ][safepoint   ] Safepoint "Cleanup", Time since last: 151561223250 ns, Reaching safepoint: 88417 ns, Cleanup: 805416 ns, At safepoint: 19209 ns, Total: 913042 ns
[2025-06-11T08:44:55.555+0000][36516][info ][safepoint   ] Safepoint "Cleanup", Time since last: 30117436458 ns, Reaching safepoint: 230125 ns, Cleanup: 248042 ns, At safepoint: 16500 ns, Total: 494667 ns
[2025-06-11T08:47:25.021+0000][36516][info ][safepoint   ] Safepoint "Cleanup", Time since last: 149470263083 ns, Reaching safepoint: 180208 ns, Cleanup: 219250 ns, At safepoint: 73459 ns, Total: 472917 ns
[2025-06-11T08:49:16.350+0000][36516][info ][safepoint   ] Safepoint "Cleanup", Time since last: 111333071416 ns, Reaching safepoint: 357709 ns, Cleanup: 107250 ns, At safepoint: 42625 ns, Total: 507584 ns
[2025-06-11T08:49:17.777+0000][36516][info ][safepoint   ] Safepoint "Cleanup", Time since last: 1424709000 ns, Reaching safepoint: 16875 ns, Cleanup: 2567458 ns, At safepoint: 11250 ns, Total: 2595583 ns
[2025-06-11T08:49:18.842+0000][36516][info ][gc,heap,exit] Heap
[2025-06-11T08:49:18.842+0000][36516][info ][gc,heap,exit]  garbage-first heap   total 8388608K, used 886612K [0x0000000600000000, 0x0000000800000000)
[2025-06-11T08:49:18.842+0000][36516][info ][gc,heap,exit]   region size 4096K, 204 young (835584K), 10 survivors (40960K)
[2025-06-11T08:49:18.842+0000][36516][info ][gc,heap,exit]  Metaspace       used 121286K, committed 124480K, reserved 1179648K
[2025-06-11T08:49:18.842+0000][36516][info ][gc,heap,exit]   class space    used 16408K, committed 17856K, reserved 1048576K
