[2025-06-11T09:24:49.735+0000][52378][info][gc,init] CardTable entry size: 512
[2025-06-11T09:24:49.736+0000][52378][info][gc     ] Using G1
[2025-06-11T09:24:51.190+0000][52378][info][gc,init] Version: 21+35-2513 (release)
[2025-06-11T09:24:51.190+0000][52378][info][gc,init] CPUs: 8 total, 8 available
[2025-06-11T09:24:51.190+0000][52378][info][gc,init] Memory: 16384M
[2025-06-11T09:24:51.190+0000][52378][info][gc,init] Large Page Support: Disabled
[2025-06-11T09:24:51.190+0000][52378][info][gc,init] NUMA Support: Disabled
[2025-06-11T09:24:51.190+0000][52378][info][gc,init] Compressed Oops: Enabled (Zero based)
[2025-06-11T09:24:51.190+0000][52378][info][gc,init] Heap Region Size: 4M
[2025-06-11T09:24:51.190+0000][52378][info][gc,init] Heap Min Capacity: 8G
[2025-06-11T09:24:51.190+0000][52378][info][gc,init] Heap Initial Capacity: 8G
[2025-06-11T09:24:51.190+0000][52378][info][gc,init] Heap Max Capacity: 8G
[2025-06-11T09:24:51.190+0000][52378][info][gc,init] Pre-touch: Enabled
[2025-06-11T09:24:51.190+0000][52378][info][gc,init] Parallel Workers: 8
[2025-06-11T09:24:51.190+0000][52378][info][gc,init] Concurrent Workers: 2
[2025-06-11T09:24:51.190+0000][52378][info][gc,init] Concurrent Refinement Workers: 8
[2025-06-11T09:24:51.190+0000][52378][info][gc,init] Periodic GC: Disabled
[2025-06-11T09:24:51.195+0000][52378][info][gc,metaspace] CDS archive(s) mapped at: [0x0000000138000000-0x0000000138ca4000-0x0000000138ca4000), size 13254656, SharedBaseAddress: 0x0000000138000000, ArchiveRelocationMode: 1.
[2025-06-11T09:24:51.195+0000][52378][info][gc,metaspace] Compressed class space mapped at: 0x0000000139000000-0x0000000179000000, reserved size: 1073741824
[2025-06-11T09:24:51.195+0000][52378][info][gc,metaspace] Narrow klass base: 0x0000000138000000, Narrow klass shift: 0, Narrow klass range: 0x100000000
[2025-06-11T09:24:51.689+0000][52378][info][safepoint   ] Safepoint "ICBufferFull", Time since last: 487701875 ns, Reaching safepoint: 2416 ns, Cleanup: 1312917 ns, At safepoint: 38500 ns, Total: 1353833 ns
[2025-06-11T09:24:52.071+0000][52378][info][safepoint   ] Safepoint "ICBufferFull", Time since last: 381110708 ns, Reaching safepoint: 1959 ns, Cleanup: 1369083 ns, At safepoint: 1792 ns, Total: 1372834 ns
[2025-06-11T09:24:52.952+0000][52378][info][safepoint   ] Safepoint "ICBufferFull", Time since last: 879402833 ns, Reaching safepoint: 2125 ns, Cleanup: 1304708 ns, At safepoint: 1917 ns, Total: 1308750 ns
[2025-06-11T09:24:53.645+0000][52378][info][safepoint   ] Safepoint "ICBufferFull", Time since last: 691061125 ns, Reaching safepoint: 2333 ns, Cleanup: 1529667 ns, At safepoint: 147792 ns, Total: 1679792 ns
[2025-06-11T09:24:54.074+0000][52378][info][safepoint   ] Safepoint "ICBufferFull", Time since last: 426977583 ns, Reaching safepoint: 2667 ns, Cleanup: 1757583 ns, At safepoint: 469000 ns, Total: 2229250 ns
[2025-06-11T09:24:54.685+0000][52378][info][safepoint   ] Safepoint "ICBufferFull", Time since last: 609043750 ns, Reaching safepoint: 2333 ns, Cleanup: 1546959 ns, At safepoint: 2291 ns, Total: 1551583 ns
[2025-06-11T09:24:55.103+0000][52378][info][gc,start    ] GC(0) Pause Young (Concurrent Start) (Metadata GC Threshold)
[2025-06-11T09:24:55.103+0000][52378][info][gc,task     ] GC(0) Using 8 workers of 8 for evacuation
[2025-06-11T09:24:55.103+0000][52378][debug][gc,age      ] GC(0) Desired survivor size 27262976 bytes, new threshold 15 (max threshold 15)
[2025-06-11T09:24:55.129+0000][52378][info ][gc,phases   ] GC(0)   Pre Evacuate Collection Set: 0.8ms
[2025-06-11T09:24:55.130+0000][52378][info ][gc,phases   ] GC(0)   Merge Heap Roots: 0.3ms
[2025-06-11T09:24:55.130+0000][52378][info ][gc,phases   ] GC(0)   Evacuate Collection Set: 24.2ms
[2025-06-11T09:24:55.130+0000][52378][info ][gc,phases   ] GC(0)   Post Evacuate Collection Set: 0.9ms
[2025-06-11T09:24:55.130+0000][52378][info ][gc,phases   ] GC(0)   Other: 0.7ms
[2025-06-11T09:24:55.130+0000][52378][trace][gc,age      ] GC(0) Age table with threshold 15 (max threshold 15)
[2025-06-11T09:24:55.130+0000][52378][trace][gc,age      ] GC(0) - age   1:   12593880 bytes,   12593880 total
[2025-06-11T09:24:55.130+0000][52378][info ][gc,heap     ] GC(0) Eden regions: 72->0(98)
[2025-06-11T09:24:55.130+0000][52378][info ][gc,heap     ] GC(0) Survivor regions: 0->4(13)
[2025-06-11T09:24:55.130+0000][52378][info ][gc,heap     ] GC(0) Old regions: 1->1
[2025-06-11T09:24:55.130+0000][52378][info ][gc,heap     ] GC(0) Humongous regions: 0->0
[2025-06-11T09:24:55.130+0000][52378][info ][gc,metaspace] GC(0) Metaspace: 20935K(21504K)->20935K(21504K) NonClass: 18646K(18944K)->18646K(18944K) Class: 2288K(2560K)->2288K(2560K)
[2025-06-11T09:24:55.130+0000][52378][info ][gc          ] GC(0) Pause Young (Concurrent Start) (Metadata GC Threshold) 289M->13M(8192M) 27.137ms
[2025-06-11T09:24:55.130+0000][52378][info ][gc,cpu      ] GC(0) User=0.07s Sys=0.02s Real=0.03s
[2025-06-11T09:24:55.130+0000][52378][info ][gc          ] GC(1) Concurrent Mark Cycle
[2025-06-11T09:24:55.130+0000][52378][info ][gc,marking  ] GC(1) Concurrent Scan Root Regions
[2025-06-11T09:24:55.130+0000][52378][info ][safepoint   ] Safepoint "CollectForMetadataAllocation", Time since last: 416366584 ns, Reaching safepoint: 2333 ns, Cleanup: 1266458 ns, At safepoint: 27782959 ns, Total: 29051750 ns
[2025-06-11T09:24:55.133+0000][52378][info ][gc,marking  ] GC(1) Concurrent Scan Root Regions 2.925ms
[2025-06-11T09:24:55.133+0000][52378][info ][gc,marking  ] GC(1) Concurrent Mark
[2025-06-11T09:24:55.133+0000][52378][info ][gc,marking  ] GC(1) Concurrent Mark From Roots
[2025-06-11T09:24:55.133+0000][52378][info ][gc,task     ] GC(1) Using 2 workers of 2 for marking
[2025-06-11T09:24:55.136+0000][52378][info ][gc,marking  ] GC(1) Concurrent Mark From Roots 3.124ms
[2025-06-11T09:24:55.137+0000][52378][info ][gc,marking  ] GC(1) Concurrent Preclean
[2025-06-11T09:24:55.137+0000][52378][info ][gc,marking  ] GC(1) Concurrent Preclean 0.020ms
[2025-06-11T09:24:55.138+0000][52378][info ][gc,start    ] GC(1) Pause Remark
[2025-06-11T09:24:55.149+0000][52378][info ][gc          ] GC(1) Pause Remark 15M->15M(8192M) 11.004ms
[2025-06-11T09:24:55.149+0000][52378][info ][gc,cpu      ] GC(1) User=0.01s Sys=0.01s Real=0.01s
[2025-06-11T09:24:55.149+0000][52378][info ][safepoint   ] Safepoint "G1PauseRemark", Time since last: 6995625 ns, Reaching safepoint: 532250 ns, Cleanup: 4041 ns, At safepoint: 11062792 ns, Total: 11599083 ns
[2025-06-11T09:24:55.149+0000][52378][info ][gc,marking  ] GC(1) Concurrent Mark 15.872ms
[2025-06-11T09:24:55.149+0000][52378][info ][gc,marking  ] GC(1) Concurrent Rebuild Remembered Sets and Scrub Regions
[2025-06-11T09:24:55.151+0000][52378][info ][gc,marking  ] GC(1) Concurrent Rebuild Remembered Sets and Scrub Regions 2.445ms
[2025-06-11T09:24:55.152+0000][52378][info ][gc,start    ] GC(1) Pause Cleanup
[2025-06-11T09:24:55.152+0000][52378][info ][gc          ] GC(1) Pause Cleanup 15M->15M(8192M) 0.135ms
[2025-06-11T09:24:55.152+0000][52378][info ][gc,cpu      ] GC(1) User=0.00s Sys=0.00s Real=0.00s
[2025-06-11T09:24:55.152+0000][52378][info ][safepoint   ] Safepoint "G1PauseCleanup", Time since last: 2626625 ns, Reaching safepoint: 558292 ns, Cleanup: 2791 ns, At safepoint: 199209 ns, Total: 760292 ns
[2025-06-11T09:24:55.152+0000][52378][info ][gc,marking  ] GC(1) Concurrent Clear Claimed Marks
[2025-06-11T09:24:55.152+0000][52378][info ][gc,marking  ] GC(1) Concurrent Clear Claimed Marks 0.018ms
[2025-06-11T09:24:55.152+0000][52378][info ][gc,marking  ] GC(1) Concurrent Cleanup for Next Mark
[2025-06-11T09:24:55.164+0000][52378][info ][gc,marking  ] GC(1) Concurrent Cleanup for Next Mark 11.690ms
[2025-06-11T09:24:55.164+0000][52378][info ][gc          ] GC(1) Concurrent Mark Cycle 34.453ms
[2025-06-11T09:24:55.926+0000][52378][info ][safepoint   ] Safepoint "ICBufferFull", Time since last: 771848333 ns, Reaching safepoint: 2583 ns, Cleanup: 2198959 ns, At safepoint: 2083 ns, Total: 2203625 ns
[2025-06-11T09:24:56.228+0000][52378][info ][safepoint   ] Safepoint "ICBufferFull", Time since last: 300761292 ns, Reaching safepoint: 2041 ns, Cleanup: 1348667 ns, At safepoint: 1750 ns, Total: 1352458 ns
[2025-06-11T09:24:56.538+0000][52378][info ][gc,start    ] GC(2) Pause Young (Prepare Mixed) (G1 Evacuation Pause)
[2025-06-11T09:24:56.538+0000][52378][info ][gc,task     ] GC(2) Using 8 workers of 8 for evacuation
[2025-06-11T09:24:56.538+0000][52378][debug][gc,age      ] GC(2) Desired survivor size 27262976 bytes, new threshold 15 (max threshold 15)
[2025-06-11T09:24:56.558+0000][52378][info ][gc,phases   ] GC(2)   Pre Evacuate Collection Set: 0.3ms
[2025-06-11T09:24:56.558+0000][52378][info ][gc,phases   ] GC(2)   Merge Heap Roots: 0.1ms
[2025-06-11T09:24:56.558+0000][52378][info ][gc,phases   ] GC(2)   Evacuate Collection Set: 18.8ms
[2025-06-11T09:24:56.558+0000][52378][info ][gc,phases   ] GC(2)   Post Evacuate Collection Set: 0.6ms
[2025-06-11T09:24:56.558+0000][52378][info ][gc,phases   ] GC(2)   Other: 0.1ms
[2025-06-11T09:24:56.558+0000][52378][trace][gc,age      ] GC(2) Age table with threshold 15 (max threshold 15)
[2025-06-11T09:24:56.558+0000][52378][trace][gc,age      ] GC(2) - age   1:    8875080 bytes,    8875080 total
[2025-06-11T09:24:56.558+0000][52378][trace][gc,age      ] GC(2) - age   2:   11667064 bytes,   20542144 total
[2025-06-11T09:24:56.558+0000][52378][info ][gc,heap     ] GC(2) Eden regions: 98->0(96)
[2025-06-11T09:24:56.558+0000][52378][info ][gc,heap     ] GC(2) Survivor regions: 4->6(13)
[2025-06-11T09:24:56.558+0000][52378][info ][gc,heap     ] GC(2) Old regions: 1->1
[2025-06-11T09:24:56.558+0000][52378][info ][gc,heap     ] GC(2) Humongous regions: 0->0
[2025-06-11T09:24:56.558+0000][52378][info ][gc,metaspace] GC(2) Metaspace: 28387K(29120K)->28387K(29120K) NonClass: 25139K(25536K)->25139K(25536K) Class: 3247K(3584K)->3247K(3584K)
[2025-06-11T09:24:56.558+0000][52378][info ][gc          ] GC(2) Pause Young (Prepare Mixed) (G1 Evacuation Pause) 405M->22M(8192M) 20.303ms
[2025-06-11T09:24:56.558+0000][52378][info ][gc,cpu      ] GC(2) User=0.04s Sys=0.03s Real=0.02s
[2025-06-11T09:24:56.558+0000][52378][info ][safepoint   ] Safepoint "G1CollectForAllocation", Time since last: 308677042 ns, Reaching safepoint: 22041 ns, Cleanup: 959500 ns, At safepoint: 20426792 ns, Total: 21408333 ns
[2025-06-11T09:24:57.335+0000][52378][info ][gc,start    ] GC(3) Pause Young (Mixed) (G1 Evacuation Pause)
[2025-06-11T09:24:57.335+0000][52378][info ][gc,task     ] GC(3) Using 8 workers of 8 for evacuation
[2025-06-11T09:24:57.335+0000][52378][debug][gc,age      ] GC(3) Desired survivor size 27262976 bytes, new threshold 15 (max threshold 15)
[2025-06-11T09:24:57.357+0000][52378][info ][gc,phases   ] GC(3)   Pre Evacuate Collection Set: 0.3ms
[2025-06-11T09:24:57.357+0000][52378][info ][gc,phases   ] GC(3)   Merge Heap Roots: 0.1ms
[2025-06-11T09:24:57.357+0000][52378][info ][gc,phases   ] GC(3)   Evacuate Collection Set: 20.9ms
[2025-06-11T09:24:57.357+0000][52378][info ][gc,phases   ] GC(3)   Post Evacuate Collection Set: 0.7ms
[2025-06-11T09:24:57.357+0000][52378][info ][gc,phases   ] GC(3)   Other: 0.1ms
[2025-06-11T09:24:57.357+0000][52378][trace][gc,age      ] GC(3) Age table with threshold 15 (max threshold 15)
[2025-06-11T09:24:57.357+0000][52378][trace][gc,age      ] GC(3) - age   1:    5904104 bytes,    5904104 total
[2025-06-11T09:24:57.357+0000][52378][trace][gc,age      ] GC(3) - age   2:    8188064 bytes,   14092168 total
[2025-06-11T09:24:57.357+0000][52378][trace][gc,age      ] GC(3) - age   3:   11665704 bytes,   25757872 total
[2025-06-11T09:24:57.357+0000][52378][info ][gc,heap     ] GC(3) Eden regions: 96->0(95)
[2025-06-11T09:24:57.357+0000][52378][info ][gc,heap     ] GC(3) Survivor regions: 6->7(13)
[2025-06-11T09:24:57.357+0000][52378][info ][gc,heap     ] GC(3) Old regions: 1->1
[2025-06-11T09:24:57.357+0000][52378][info ][gc,heap     ] GC(3) Humongous regions: 0->0
[2025-06-11T09:24:57.357+0000][52378][info ][gc,metaspace] GC(3) Metaspace: 33989K(34816K)->33989K(34816K) NonClass: 30108K(30592K)->30108K(30592K) Class: 3880K(4224K)->3880K(4224K)
[2025-06-11T09:24:57.357+0000][52378][info ][gc          ] GC(3) Pause Young (Mixed) (G1 Evacuation Pause) 406M->28M(8192M) 22.263ms
[2025-06-11T09:24:57.357+0000][52378][info ][gc,cpu      ] GC(3) User=0.06s Sys=0.03s Real=0.02s
[2025-06-11T09:24:57.357+0000][52378][info ][safepoint   ] Safepoint "G1CollectForAllocation", Time since last: 774653458 ns, Reaching safepoint: 2875 ns, Cleanup: 1649917 ns, At safepoint: 22743208 ns, Total: 24396000 ns
[2025-06-11T09:24:57.560+0000][52378][info ][gc,start    ] GC(4) Pause Young (Concurrent Start) (Metadata GC Threshold)
[2025-06-11T09:24:57.560+0000][52378][info ][gc,task     ] GC(4) Using 8 workers of 8 for evacuation
[2025-06-11T09:24:57.560+0000][52378][debug][gc,age      ] GC(4) Desired survivor size 27262976 bytes, new threshold 15 (max threshold 15)
[2025-06-11T09:24:57.576+0000][52378][info ][gc,phases   ] GC(4)   Pre Evacuate Collection Set: 0.2ms
[2025-06-11T09:24:57.576+0000][52378][info ][gc,phases   ] GC(4)   Merge Heap Roots: 0.0ms
[2025-06-11T09:24:57.576+0000][52378][info ][gc,phases   ] GC(4)   Evacuate Collection Set: 15.7ms
[2025-06-11T09:24:57.576+0000][52378][info ][gc,phases   ] GC(4)   Post Evacuate Collection Set: 0.6ms
[2025-06-11T09:24:57.576+0000][52378][info ][gc,phases   ] GC(4)   Other: 0.1ms
[2025-06-11T09:24:57.576+0000][52378][trace][gc,age      ] GC(4) Age table with threshold 15 (max threshold 15)
[2025-06-11T09:24:57.576+0000][52378][trace][gc,age      ] GC(4) - age   1:    2342752 bytes,    2342752 total
[2025-06-11T09:24:57.576+0000][52378][trace][gc,age      ] GC(4) - age   2:    5841336 bytes,    8184088 total
[2025-06-11T09:24:57.576+0000][52378][trace][gc,age      ] GC(4) - age   3:    8185088 bytes,   16369176 total
[2025-06-11T09:24:57.576+0000][52378][trace][gc,age      ] GC(4) - age   4:   11658600 bytes,   28027776 total
[2025-06-11T09:24:57.576+0000][52378][info ][gc,heap     ] GC(4) Eden regions: 5->0(94)
[2025-06-11T09:24:57.576+0000][52378][info ][gc,heap     ] GC(4) Survivor regions: 7->8(13)
[2025-06-11T09:24:57.576+0000][52378][info ][gc,heap     ] GC(4) Old regions: 1->1
[2025-06-11T09:24:57.577+0000][52378][info ][gc,heap     ] GC(4) Humongous regions: 0->0
[2025-06-11T09:24:57.577+0000][52378][info ][gc,metaspace] GC(4) Metaspace: 35185K(35968K)->35185K(35968K) NonClass: 31157K(31616K)->31157K(31616K) Class: 4028K(4352K)->4028K(4352K)
[2025-06-11T09:24:57.577+0000][52378][info ][gc          ] GC(4) Pause Young (Concurrent Start) (Metadata GC Threshold) 46M->29M(8192M) 16.689ms
[2025-06-11T09:24:57.577+0000][52378][info ][gc,cpu      ] GC(4) User=0.04s Sys=0.01s Real=0.01s
[2025-06-11T09:24:57.577+0000][52378][info ][gc          ] GC(5) Concurrent Mark Cycle
[2025-06-11T09:24:57.577+0000][52378][info ][gc,marking  ] GC(5) Concurrent Scan Root Regions
[2025-06-11T09:24:57.577+0000][52378][info ][safepoint   ] Safepoint "CollectForMetadataAllocation", Time since last: 201902834 ns, Reaching safepoint: 21708 ns, Cleanup: 490542 ns, At safepoint: 16769916 ns, Total: 17282166 ns
[2025-06-11T09:24:57.580+0000][52378][info ][gc,marking  ] GC(5) Concurrent Scan Root Regions 3.772ms
[2025-06-11T09:24:57.580+0000][52378][info ][gc,marking  ] GC(5) Concurrent Mark
[2025-06-11T09:24:57.580+0000][52378][info ][gc,marking  ] GC(5) Concurrent Mark From Roots
[2025-06-11T09:24:57.580+0000][52378][info ][gc,task     ] GC(5) Using 2 workers of 2 for marking
[2025-06-11T09:24:57.581+0000][52378][info ][gc,marking  ] GC(5) Concurrent Mark From Roots 0.869ms
[2025-06-11T09:24:57.581+0000][52378][info ][gc,marking  ] GC(5) Concurrent Preclean
[2025-06-11T09:24:57.581+0000][52378][info ][gc,marking  ] GC(5) Concurrent Preclean 0.008ms
[2025-06-11T09:24:57.581+0000][52378][info ][gc,start    ] GC(5) Pause Remark
[2025-06-11T09:24:57.590+0000][52378][info ][gc          ] GC(5) Pause Remark 31M->31M(8192M) 8.901ms
[2025-06-11T09:24:57.590+0000][52378][info ][gc,cpu      ] GC(5) User=0.01s Sys=0.02s Real=0.01s
[2025-06-11T09:24:57.590+0000][52378][info ][safepoint   ] Safepoint "G1PauseRemark", Time since last: 4726584 ns, Reaching safepoint: 116333 ns, Cleanup: 2833 ns, At safepoint: 8956084 ns, Total: 9075250 ns
[2025-06-11T09:24:57.590+0000][52378][info ][gc,marking  ] GC(5) Concurrent Mark 10.011ms
[2025-06-11T09:24:57.590+0000][52378][info ][gc,marking  ] GC(5) Concurrent Rebuild Remembered Sets and Scrub Regions
[2025-06-11T09:24:57.591+0000][52378][info ][gc,marking  ] GC(5) Concurrent Rebuild Remembered Sets and Scrub Regions 0.352ms
[2025-06-11T09:24:57.591+0000][52378][info ][gc,start    ] GC(5) Pause Cleanup
[2025-06-11T09:24:57.591+0000][52378][info ][gc          ] GC(5) Pause Cleanup 31M->31M(8192M) 0.107ms
[2025-06-11T09:24:57.591+0000][52378][info ][gc,cpu      ] GC(5) User=0.00s Sys=0.00s Real=0.00s
[2025-06-11T09:24:57.591+0000][52378][info ][safepoint   ] Safepoint "G1PauseCleanup", Time since last: 408875 ns, Reaching safepoint: 243291 ns, Cleanup: 7709 ns, At safepoint: 147250 ns, Total: 398250 ns
[2025-06-11T09:24:57.591+0000][52378][info ][gc,marking  ] GC(5) Concurrent Clear Claimed Marks
[2025-06-11T09:24:57.591+0000][52378][info ][gc,marking  ] GC(5) Concurrent Clear Claimed Marks 0.012ms
[2025-06-11T09:24:57.591+0000][52378][info ][gc,marking  ] GC(5) Concurrent Cleanup for Next Mark
[2025-06-11T09:24:57.595+0000][52378][info ][gc,marking  ] GC(5) Concurrent Cleanup for Next Mark 3.636ms
[2025-06-11T09:24:57.595+0000][52378][info ][gc          ] GC(5) Concurrent Mark Cycle 18.359ms
[2025-06-11T09:24:58.300+0000][52378][info ][gc,start    ] GC(6) Pause Young (Normal) (G1 Evacuation Pause)
[2025-06-11T09:24:58.300+0000][52378][info ][gc,task     ] GC(6) Using 8 workers of 8 for evacuation
[2025-06-11T09:24:58.300+0000][52378][debug][gc,age      ] GC(6) Desired survivor size 27262976 bytes, new threshold 4 (max threshold 15)
[2025-06-11T09:24:58.320+0000][52378][info ][gc,phases   ] GC(6)   Pre Evacuate Collection Set: 0.2ms
[2025-06-11T09:24:58.320+0000][52378][info ][gc,phases   ] GC(6)   Merge Heap Roots: 0.1ms
[2025-06-11T09:24:58.320+0000][52378][info ][gc,phases   ] GC(6)   Evacuate Collection Set: 19.4ms
[2025-06-11T09:24:58.320+0000][52378][info ][gc,phases   ] GC(6)   Post Evacuate Collection Set: 0.5ms
[2025-06-11T09:24:58.320+0000][52378][info ][gc,phases   ] GC(6)   Other: 0.1ms
[2025-06-11T09:24:58.320+0000][52378][trace][gc,age      ] GC(6) Age table with threshold 4 (max threshold 15)
[2025-06-11T09:24:58.320+0000][52378][trace][gc,age      ] GC(6) - age   1:    4475160 bytes,    4475160 total
[2025-06-11T09:24:58.320+0000][52378][trace][gc,age      ] GC(6) - age   2:    2330752 bytes,    6805912 total
[2025-06-11T09:24:58.320+0000][52378][trace][gc,age      ] GC(6) - age   3:    5838944 bytes,   12644856 total
[2025-06-11T09:24:58.320+0000][52378][trace][gc,age      ] GC(6) - age   4:    8179808 bytes,   20824664 total
[2025-06-11T09:24:58.320+0000][52378][info ][gc,heap     ] GC(6) Eden regions: 94->0(96)
[2025-06-11T09:24:58.320+0000][52378][info ][gc,heap     ] GC(6) Survivor regions: 8->6(13)
[2025-06-11T09:24:58.320+0000][52378][info ][gc,heap     ] GC(6) Old regions: 1->4
[2025-06-11T09:24:58.320+0000][52378][info ][gc,heap     ] GC(6) Humongous regions: 0->0
[2025-06-11T09:24:58.320+0000][52378][info ][gc,metaspace] GC(6) Metaspace: 36057K(36928K)->36057K(36928K) NonClass: 31896K(32384K)->31896K(32384K) Class: 4160K(4544K)->4160K(4544K)
[2025-06-11T09:24:58.320+0000][52378][info ][gc          ] GC(6) Pause Young (Normal) (G1 Evacuation Pause) 405M->35M(8192M) 20.430ms
[2025-06-11T09:24:58.320+0000][52378][info ][gc,cpu      ] GC(6) User=0.05s Sys=0.02s Real=0.02s
[2025-06-11T09:24:58.320+0000][52378][info ][safepoint   ] Safepoint "G1CollectForAllocation", Time since last: 707844250 ns, Reaching safepoint: 3416 ns, Cleanup: 606292 ns, At safepoint: 20472500 ns, Total: 21082208 ns
[2025-06-11T09:24:59.224+0000][52378][info ][safepoint   ] Safepoint "ICBufferFull", Time since last: 902322917 ns, Reaching safepoint: 2166 ns, Cleanup: 1887292 ns, At safepoint: 2333 ns, Total: 1891791 ns
[2025-06-11T09:25:00.231+0000][52378][info ][safepoint   ] Safepoint "Cleanup", Time since last: 1005201000 ns, Reaching safepoint: 74292 ns, Cleanup: 1048833 ns, At safepoint: 11500 ns, Total: 1134625 ns
[2025-06-11T09:25:00.413+0000][52378][info ][gc,start    ] GC(7) Pause Young (Normal) (G1 Evacuation Pause)
[2025-06-11T09:25:00.413+0000][52378][info ][gc,task     ] GC(7) Using 8 workers of 8 for evacuation
[2025-06-11T09:25:00.413+0000][52378][debug][gc,age      ] GC(7) Desired survivor size 27262976 bytes, new threshold 15 (max threshold 15)
[2025-06-11T09:25:00.425+0000][52378][info ][gc,phases   ] GC(7)   Pre Evacuate Collection Set: 0.2ms
[2025-06-11T09:25:00.425+0000][52378][info ][gc,phases   ] GC(7)   Merge Heap Roots: 0.0ms
[2025-06-11T09:25:00.425+0000][52378][info ][gc,phases   ] GC(7)   Evacuate Collection Set: 11.3ms
[2025-06-11T09:25:00.425+0000][52378][info ][gc,phases   ] GC(7)   Post Evacuate Collection Set: 0.6ms
[2025-06-11T09:25:00.425+0000][52378][info ][gc,phases   ] GC(7)   Other: 0.0ms
[2025-06-11T09:25:00.425+0000][52378][trace][gc,age      ] GC(7) Age table with threshold 15 (max threshold 15)
[2025-06-11T09:25:00.425+0000][52378][trace][gc,age      ] GC(7) - age   1:   21276776 bytes,   21276776 total
[2025-06-11T09:25:00.425+0000][52378][trace][gc,age      ] GC(7) - age   2:    3697608 bytes,   24974384 total
[2025-06-11T09:25:00.425+0000][52378][trace][gc,age      ] GC(7) - age   3:    2318560 bytes,   27292944 total
[2025-06-11T09:25:00.425+0000][52378][trace][gc,age      ] GC(7) - age   4:    5826104 bytes,   33119048 total
[2025-06-11T09:25:00.425+0000][52378][trace][gc,age      ] GC(7) - age   5:    8150008 bytes,   41269056 total
[2025-06-11T09:25:00.425+0000][52378][info ][gc,heap     ] GC(7) Eden regions: 96->0(111)
[2025-06-11T09:25:00.425+0000][52378][info ][gc,heap     ] GC(7) Survivor regions: 6->11(13)
[2025-06-11T09:25:00.425+0000][52378][info ][gc,heap     ] GC(7) Old regions: 4->4
[2025-06-11T09:25:00.425+0000][52378][info ][gc,heap     ] GC(7) Humongous regions: 0->0
[2025-06-11T09:25:00.425+0000][52378][info ][gc,metaspace] GC(7) Metaspace: 48636K(49984K)->48636K(49984K) NonClass: 42750K(43520K)->42750K(43520K) Class: 5885K(6464K)->5885K(6464K)
[2025-06-11T09:25:00.425+0000][52378][info ][gc          ] GC(7) Pause Young (Normal) (G1 Evacuation Pause) 419M->54M(8192M) 12.324ms
[2025-06-11T09:25:00.425+0000][52378][info ][gc,cpu      ] GC(7) User=0.06s Sys=0.01s Real=0.01s
[2025-06-11T09:25:00.425+0000][52378][info ][safepoint   ] Safepoint "G1CollectForAllocation", Time since last: 181123917 ns, Reaching safepoint: 2333 ns, Cleanup: 711500 ns, At safepoint: 12363500 ns, Total: 13077333 ns
[2025-06-11T09:25:00.878+0000][52378][info ][safepoint   ] Safepoint "ICBufferFull", Time since last: 451159709 ns, Reaching safepoint: 2541 ns, Cleanup: 1580167 ns, At safepoint: 150292 ns, Total: 1733000 ns
[2025-06-11T09:25:01.187+0000][52378][info ][gc,start    ] GC(8) Pause Young (Concurrent Start) (Metadata GC Threshold)
[2025-06-11T09:25:01.187+0000][52378][info ][gc,task     ] GC(8) Using 8 workers of 8 for evacuation
[2025-06-11T09:25:01.187+0000][52378][debug][gc,age      ] GC(8) Desired survivor size 33554432 bytes, new threshold 5 (max threshold 15)
[2025-06-11T09:25:01.201+0000][52378][info ][gc,phases   ] GC(8)   Pre Evacuate Collection Set: 0.3ms
[2025-06-11T09:25:01.201+0000][52378][info ][gc,phases   ] GC(8)   Merge Heap Roots: 0.1ms
[2025-06-11T09:25:01.201+0000][52378][info ][gc,phases   ] GC(8)   Evacuate Collection Set: 12.3ms
[2025-06-11T09:25:01.201+0000][52378][info ][gc,phases   ] GC(8)   Post Evacuate Collection Set: 1.0ms
[2025-06-11T09:25:01.201+0000][52378][info ][gc,phases   ] GC(8)   Other: 0.1ms
[2025-06-11T09:25:01.201+0000][52378][trace][gc,age      ] GC(8) Age table with threshold 5 (max threshold 15)
[2025-06-11T09:25:01.201+0000][52378][trace][gc,age      ] GC(8) - age   1:    4151264 bytes,    4151264 total
[2025-06-11T09:25:01.201+0000][52378][trace][gc,age      ] GC(8) - age   2:   21123376 bytes,   25274640 total
[2025-06-11T09:25:01.201+0000][52378][trace][gc,age      ] GC(8) - age   3:    3696304 bytes,   28970944 total
[2025-06-11T09:25:01.201+0000][52378][trace][gc,age      ] GC(8) - age   4:    2312048 bytes,   31282992 total
[2025-06-11T09:25:01.201+0000][52378][trace][gc,age      ] GC(8) - age   5:    5824592 bytes,   37107584 total
[2025-06-11T09:25:01.201+0000][52378][info ][gc,heap     ] GC(8) Eden regions: 37->0(143)
[2025-06-11T09:25:01.201+0000][52378][info ][gc,heap     ] GC(8) Survivor regions: 11->11(16)
[2025-06-11T09:25:01.201+0000][52378][info ][gc,heap     ] GC(8) Old regions: 4->6
[2025-06-11T09:25:01.201+0000][52378][info ][gc,heap     ] GC(8) Humongous regions: 0->0
[2025-06-11T09:25:01.201+0000][52378][info ][gc,metaspace] GC(8) Metaspace: 58721K(60096K)->58721K(60096K) NonClass: 51475K(52288K)->51475K(52288K) Class: 7245K(7808K)->7245K(7808K)
[2025-06-11T09:25:01.201+0000][52378][info ][gc          ] GC(8) Pause Young (Concurrent Start) (Metadata GC Threshold) 202M->61M(8192M) 13.896ms
[2025-06-11T09:25:01.201+0000][52378][info ][gc,cpu      ] GC(8) User=0.08s Sys=0.01s Real=0.02s
[2025-06-11T09:25:01.201+0000][52378][info ][gc          ] GC(9) Concurrent Mark Cycle
[2025-06-11T09:25:01.201+0000][52378][info ][gc,marking  ] GC(9) Concurrent Scan Root Regions
[2025-06-11T09:25:01.201+0000][52378][info ][safepoint   ] Safepoint "CollectForMetadataAllocation", Time since last: 308340041 ns, Reaching safepoint: 1959 ns, Cleanup: 577958 ns, At safepoint: 14003375 ns, Total: 14583292 ns
[2025-06-11T09:25:01.211+0000][52378][info ][gc,marking  ] GC(9) Concurrent Scan Root Regions 10.670ms
[2025-06-11T09:25:01.211+0000][52378][info ][gc,marking  ] GC(9) Concurrent Mark
[2025-06-11T09:25:01.211+0000][52378][info ][gc,marking  ] GC(9) Concurrent Mark From Roots
[2025-06-11T09:25:01.211+0000][52378][info ][gc,task     ] GC(9) Using 2 workers of 2 for marking
[2025-06-11T09:25:01.218+0000][52378][info ][gc,marking  ] GC(9) Concurrent Mark From Roots 6.891ms
[2025-06-11T09:25:01.218+0000][52378][info ][gc,marking  ] GC(9) Concurrent Preclean
[2025-06-11T09:25:01.218+0000][52378][info ][gc,marking  ] GC(9) Concurrent Preclean 0.035ms
[2025-06-11T09:25:01.219+0000][52378][info ][gc,start    ] GC(9) Pause Remark
[2025-06-11T09:25:01.238+0000][52378][info ][gc          ] GC(9) Pause Remark 63M->63M(8192M) 18.883ms
[2025-06-11T09:25:01.238+0000][52378][info ][gc,cpu      ] GC(9) User=0.02s Sys=0.03s Real=0.02s
[2025-06-11T09:25:01.238+0000][52378][info ][safepoint   ] Safepoint "G1PauseRemark", Time since last: 17654083 ns, Reaching safepoint: 299125 ns, Cleanup: 6042 ns, At safepoint: 18959292 ns, Total: 19264459 ns
[2025-06-11T09:25:01.238+0000][52378][info ][gc,marking  ] GC(9) Concurrent Mark 26.283ms
[2025-06-11T09:25:01.238+0000][52378][info ][gc,marking  ] GC(9) Concurrent Rebuild Remembered Sets and Scrub Regions
[2025-06-11T09:25:01.243+0000][52378][info ][gc,marking  ] GC(9) Concurrent Rebuild Remembered Sets and Scrub Regions 5.145ms
[2025-06-11T09:25:01.244+0000][52378][info ][gc,start    ] GC(9) Pause Cleanup
[2025-06-11T09:25:01.244+0000][52378][info ][gc          ] GC(9) Pause Cleanup 63M->63M(8192M) 0.242ms
[2025-06-11T09:25:01.244+0000][52378][info ][gc,cpu      ] GC(9) User=0.00s Sys=0.00s Real=0.00s
[2025-06-11T09:25:01.244+0000][52378][info ][safepoint   ] Safepoint "G1PauseCleanup", Time since last: 5685041 ns, Reaching safepoint: 250542 ns, Cleanup: 16417 ns, At safepoint: 302041 ns, Total: 569000 ns
[2025-06-11T09:25:01.244+0000][52378][info ][gc,marking  ] GC(9) Concurrent Clear Claimed Marks
[2025-06-11T09:25:01.244+0000][52378][info ][gc,marking  ] GC(9) Concurrent Clear Claimed Marks 0.057ms
[2025-06-11T09:25:01.244+0000][52378][info ][gc,marking  ] GC(9) Concurrent Cleanup for Next Mark
[2025-06-11T09:25:01.249+0000][52378][info ][gc,marking  ] GC(9) Concurrent Cleanup for Next Mark 4.468ms
[2025-06-11T09:25:01.249+0000][52378][info ][gc          ] GC(9) Concurrent Mark Cycle 47.962ms
[2025-06-11T09:25:02.250+0000][52378][info ][safepoint   ] Safepoint "Cleanup", Time since last: 1005024584 ns, Reaching safepoint: 21750 ns, Cleanup: 1299208 ns, At safepoint: 15083 ns, Total: 1336041 ns
[2025-06-11T09:25:03.039+0000][52378][info ][safepoint   ] Safepoint "ICBufferFull", Time since last: 786389875 ns, Reaching safepoint: 19167 ns, Cleanup: 1776167 ns, At safepoint: 9458 ns, Total: 1804792 ns
[2025-06-11T09:25:03.842+0000][52378][info ][safepoint   ] Safepoint "ICBufferFull", Time since last: 801571792 ns, Reaching safepoint: 3000 ns, Cleanup: 1800291 ns, At safepoint: 10459 ns, Total: 1813750 ns
[2025-06-11T09:25:04.279+0000][52378][info ][gc,start    ] GC(10) Pause Young (Concurrent Start) (Metadata GC Threshold)
[2025-06-11T09:25:04.279+0000][52378][info ][gc,task     ] GC(10) Using 8 workers of 8 for evacuation
[2025-06-11T09:25:04.279+0000][52378][debug][gc,age      ] GC(10) Desired survivor size 41943040 bytes, new threshold 15 (max threshold 15)
[2025-06-11T09:25:04.302+0000][52378][info ][gc,phases   ] GC(10)   Pre Evacuate Collection Set: 0.2ms
[2025-06-11T09:25:04.302+0000][52378][info ][gc,phases   ] GC(10)   Merge Heap Roots: 0.1ms
[2025-06-11T09:25:04.302+0000][52378][info ][gc,phases   ] GC(10)   Evacuate Collection Set: 21.7ms
[2025-06-11T09:25:04.302+0000][52378][info ][gc,phases   ] GC(10)   Post Evacuate Collection Set: 1.2ms
[2025-06-11T09:25:04.302+0000][52378][info ][gc,phases   ] GC(10)   Other: 0.1ms
[2025-06-11T09:25:04.302+0000][52378][trace][gc,age      ] GC(10) Age table with threshold 15 (max threshold 15)
[2025-06-11T09:25:04.302+0000][52378][trace][gc,age      ] GC(10) - age   1:   15896632 bytes,   15896632 total
[2025-06-11T09:25:04.302+0000][52378][trace][gc,age      ] GC(10) - age   2:    4003928 bytes,   19900560 total
[2025-06-11T09:25:04.302+0000][52378][trace][gc,age      ] GC(10) - age   3:   20904688 bytes,   40805248 total
[2025-06-11T09:25:04.302+0000][52378][trace][gc,age      ] GC(10) - age   4:    3636408 bytes,   44441656 total
[2025-06-11T09:25:04.302+0000][52378][trace][gc,age      ] GC(10) - age   5:    2308800 bytes,   46750456 total
[2025-06-11T09:25:04.302+0000][52378][trace][gc,age      ] GC(10) - age   6:    5782352 bytes,   52532808 total
[2025-06-11T09:25:04.303+0000][52378][info ][gc,heap     ] GC(10) Eden regions: 131->0(195)
[2025-06-11T09:25:04.303+0000][52378][info ][gc,heap     ] GC(10) Survivor regions: 11->14(20)
[2025-06-11T09:25:04.303+0000][52378][info ][gc,heap     ] GC(10) Old regions: 6->6
[2025-06-11T09:25:04.303+0000][52378][info ][gc,heap     ] GC(10) Humongous regions: 0->0
[2025-06-11T09:25:04.303+0000][52378][info ][gc,metaspace] GC(10) Metaspace: 97623K(100288K)->97623K(100288K) NonClass: 84458K(85888K)->84458K(85888K) Class: 13165K(14400K)->13165K(14400K)
[2025-06-11T09:25:04.303+0000][52378][info ][gc          ] GC(10) Pause Young (Concurrent Start) (Metadata GC Threshold) 583M->74M(8192M) 23.447ms
[2025-06-11T09:25:04.303+0000][52378][info ][gc,cpu      ] GC(10) User=0.10s Sys=0.05s Real=0.03s
[2025-06-11T09:25:04.303+0000][52378][info ][gc          ] GC(11) Concurrent Mark Cycle
[2025-06-11T09:25:04.303+0000][52378][info ][gc,marking  ] GC(11) Concurrent Scan Root Regions
[2025-06-11T09:25:04.303+0000][52378][info ][safepoint   ] Safepoint "CollectForMetadataAllocation", Time since last: 436176500 ns, Reaching safepoint: 2625 ns, Cleanup: 960125 ns, At safepoint: 23567416 ns, Total: 24530166 ns
[2025-06-11T09:25:04.317+0000][52378][info ][gc,marking  ] GC(11) Concurrent Scan Root Regions 14.587ms
[2025-06-11T09:25:04.317+0000][52378][info ][gc,marking  ] GC(11) Concurrent Mark
[2025-06-11T09:25:04.317+0000][52378][info ][gc,marking  ] GC(11) Concurrent Mark From Roots
[2025-06-11T09:25:04.317+0000][52378][info ][gc,task     ] GC(11) Using 2 workers of 2 for marking
[2025-06-11T09:25:04.326+0000][52378][info ][gc,marking  ] GC(11) Concurrent Mark From Roots 8.277ms
[2025-06-11T09:25:04.326+0000][52378][info ][gc,marking  ] GC(11) Concurrent Preclean
[2025-06-11T09:25:04.326+0000][52378][info ][gc,marking  ] GC(11) Concurrent Preclean 0.063ms
[2025-06-11T09:25:04.326+0000][52378][info ][gc,start    ] GC(11) Pause Remark
[2025-06-11T09:25:04.348+0000][52378][info ][gc          ] GC(11) Pause Remark 76M->76M(8192M) 22.675ms
[2025-06-11T09:25:04.348+0000][52378][info ][gc,cpu      ] GC(11) User=0.03s Sys=0.03s Real=0.02s
[2025-06-11T09:25:04.348+0000][52378][info ][safepoint   ] Safepoint "G1PauseRemark", Time since last: 22969917 ns, Reaching safepoint: 36375 ns, Cleanup: 3417 ns, At safepoint: 22772916 ns, Total: 22812708 ns
[2025-06-11T09:25:04.348+0000][52378][info ][gc,marking  ] GC(11) Concurrent Mark 31.257ms
[2025-06-11T09:25:04.348+0000][52378][info ][gc,marking  ] GC(11) Concurrent Rebuild Remembered Sets and Scrub Regions
[2025-06-11T09:25:04.352+0000][52378][info ][gc,marking  ] GC(11) Concurrent Rebuild Remembered Sets and Scrub Regions 3.478ms
[2025-06-11T09:25:04.352+0000][52378][info ][gc,start    ] GC(11) Pause Cleanup
[2025-06-11T09:25:04.352+0000][52378][info ][gc          ] GC(11) Pause Cleanup 76M->76M(8192M) 0.161ms
[2025-06-11T09:25:04.352+0000][52378][info ][gc,cpu      ] GC(11) User=0.00s Sys=0.00s Real=0.00s
[2025-06-11T09:25:04.352+0000][52378][info ][safepoint   ] Safepoint "G1PauseCleanup", Time since last: 3568584 ns, Reaching safepoint: 199041 ns, Cleanup: 13959 ns, At safepoint: 198625 ns, Total: 411625 ns
[2025-06-11T09:25:04.352+0000][52378][info ][gc,marking  ] GC(11) Concurrent Clear Claimed Marks
[2025-06-11T09:25:04.353+0000][52378][info ][gc,marking  ] GC(11) Concurrent Clear Claimed Marks 0.076ms
[2025-06-11T09:25:04.353+0000][52378][info ][gc,marking  ] GC(11) Concurrent Cleanup for Next Mark
[2025-06-11T09:25:04.356+0000][52378][info ][gc,marking  ] GC(11) Concurrent Cleanup for Next Mark 3.636ms
[2025-06-11T09:25:04.356+0000][52378][info ][gc          ] GC(11) Concurrent Mark Cycle 53.624ms
[2025-06-11T09:25:05.178+0000][52378][info ][safepoint   ] Safepoint "ICBufferFull", Time since last: 824071166 ns, Reaching safepoint: 2709 ns, Cleanup: 1695916 ns, At safepoint: 11042 ns, Total: 1709667 ns
[2025-06-11T09:25:05.731+0000][52378][info ][safepoint   ] Safepoint "ICBufferFull", Time since last: 551243042 ns, Reaching safepoint: 21208 ns, Cleanup: 1423083 ns, At safepoint: 10000 ns, Total: 1454291 ns
[2025-06-11T09:25:06.416+0000][52378][info ][safepoint   ] Safepoint "ICBufferFull", Time since last: 683157709 ns, Reaching safepoint: 20916 ns, Cleanup: 1520000 ns, At safepoint: 216375 ns, Total: 1757291 ns
[2025-06-11T09:25:07.532+0000][52378][info ][safepoint   ] Safepoint "Cleanup", Time since last: 1113937292 ns, Reaching safepoint: 31583 ns, Cleanup: 1941167 ns, At safepoint: 17292 ns, Total: 1990042 ns
[2025-06-11T09:25:08.538+0000][52378][info ][safepoint   ] Safepoint "Cleanup", Time since last: 1005307125 ns, Reaching safepoint: 67166 ns, Cleanup: 354875 ns, At safepoint: 16250 ns, Total: 438291 ns
[2025-06-11T09:25:09.543+0000][52378][info ][safepoint   ] Safepoint "Cleanup", Time since last: 1005300917 ns, Reaching safepoint: 31625 ns, Cleanup: 246042 ns, At safepoint: 15041 ns, Total: 292708 ns
[2025-06-11T09:25:11.554+0000][52378][info ][safepoint   ] Safepoint "Cleanup", Time since last: 2010233125 ns, Reaching safepoint: 31042 ns, Cleanup: 265708 ns, At safepoint: 12209 ns, Total: 308959 ns
[2025-06-11T09:25:12.554+0000][52378][info ][safepoint   ] Safepoint "Cleanup", Time since last: 1000358333 ns, Reaching safepoint: 27625 ns, Cleanup: 104625 ns, At safepoint: 10292 ns, Total: 142542 ns
[2025-06-11T09:25:16.567+0000][52378][info ][safepoint   ] Safepoint "Cleanup", Time since last: 4012710583 ns, Reaching safepoint: 34542 ns, Cleanup: 325500 ns, At safepoint: 13416 ns, Total: 373458 ns
[2025-06-11T09:25:25.601+0000][52378][info ][safepoint   ] Safepoint "Cleanup", Time since last: 9033152792 ns, Reaching safepoint: 13417 ns, Cleanup: 124791 ns, At safepoint: 6000 ns, Total: 144208 ns
[2025-06-11T09:25:27.612+0000][52378][info ][safepoint   ] Safepoint "Cleanup", Time since last: 2010065667 ns, Reaching safepoint: 80708 ns, Cleanup: 203334 ns, At safepoint: 1086416 ns, Total: 1370458 ns
[2025-06-11T09:25:29.390+0000][52378][info ][safepoint   ] Safepoint "Cleanup", Time since last: 1777139709 ns, Reaching safepoint: 22041 ns, Cleanup: 557959 ns, At safepoint: 2916 ns, Total: 582916 ns
[2025-06-11T09:25:31.400+0000][52378][info ][safepoint   ] Safepoint "Cleanup", Time since last: 2009469500 ns, Reaching safepoint: 33625 ns, Cleanup: 275125 ns, At safepoint: 12542 ns, Total: 321292 ns
[2025-06-11T09:25:32.406+0000][52378][info ][safepoint   ] Safepoint "Cleanup", Time since last: 1005750333 ns, Reaching safepoint: 34709 ns, Cleanup: 177666 ns, At safepoint: 14250 ns, Total: 226625 ns
[2025-06-11T09:25:34.417+0000][52378][info ][safepoint   ] Safepoint "Cleanup", Time since last: 2010400125 ns, Reaching safepoint: 14125 ns, Cleanup: 135750 ns, At safepoint: 5750 ns, Total: 155625 ns
[2025-06-11T09:25:36.427+0000][52378][info ][safepoint   ] Safepoint "Cleanup", Time since last: 2010142959 ns, Reaching safepoint: 5375 ns, Cleanup: 227750 ns, At safepoint: 2375 ns, Total: 235500 ns
[2025-06-11T09:25:38.433+0000][52378][info ][safepoint   ] Safepoint "Cleanup", Time since last: 2005950708 ns, Reaching safepoint: 65167 ns, Cleanup: 228375 ns, At safepoint: 26708 ns, Total: 320250 ns
[2025-06-11T09:25:58.718+0000][52378][info ][safepoint   ] Safepoint "Cleanup", Time since last: 20284307375 ns, Reaching safepoint: 22750 ns, Cleanup: 370208 ns, At safepoint: 5250 ns, Total: 398208 ns
[2025-06-11T09:25:59.000+0000][52378][info ][safepoint   ] Safepoint "ICBufferFull", Time since last: 279722875 ns, Reaching safepoint: 5459 ns, Cleanup: 1409750 ns, At safepoint: 2916 ns, Total: 1418125 ns
[2025-06-11T09:25:59.302+0000][52378][info ][safepoint   ] Safepoint "ICBufferFull", Time since last: 301662167 ns, Reaching safepoint: 6208 ns, Cleanup: 1256000 ns, At safepoint: 15834 ns, Total: 1278042 ns
[2025-06-11T09:25:59.650+0000][52378][info ][safepoint   ] Safepoint "ICBufferFull", Time since last: 345428541 ns, Reaching safepoint: 5959 ns, Cleanup: 1672791 ns, At safepoint: 2875 ns, Total: 1681625 ns
[2025-06-11T09:26:00.914+0000][52378][info ][safepoint   ] Safepoint "Cleanup", Time since last: 1260574000 ns, Reaching safepoint: 33667 ns, Cleanup: 3452250 ns, At safepoint: 8958 ns, Total: 3494875 ns
[2025-06-11T09:26:05.930+0000][52378][info ][safepoint   ] Safepoint "Cleanup", Time since last: 5016351750 ns, Reaching safepoint: 45417 ns, Cleanup: 208375 ns, At safepoint: 10250 ns, Total: 264042 ns
[2025-06-11T09:26:06.934+0000][52378][info ][safepoint   ] Safepoint "Cleanup", Time since last: 1003178958 ns, Reaching safepoint: 53042 ns, Cleanup: 309875 ns, At safepoint: 16708 ns, Total: 379625 ns
[2025-06-11T09:26:14.963+0000][52378][info ][safepoint   ] Safepoint "Cleanup", Time since last: 8028261875 ns, Reaching safepoint: 78459 ns, Cleanup: 184958 ns, At safepoint: 11833 ns, Total: 275250 ns
[2025-06-11T09:26:19.985+0000][52378][info ][safepoint   ] Safepoint "Cleanup", Time since last: 5021726042 ns, Reaching safepoint: 225750 ns, Cleanup: 430625 ns, At safepoint: 12000 ns, Total: 668375 ns
[2025-06-11T09:26:20.399+0000][52378][info ][safepoint   ] Safepoint "ICBufferFull", Time since last: 412419417 ns, Reaching safepoint: 6166 ns, Cleanup: 1780334 ns, At safepoint: 10708 ns, Total: 1797208 ns
[2025-06-11T09:26:21.402+0000][52378][info ][safepoint   ] Safepoint "Cleanup", Time since last: 1001404708 ns, Reaching safepoint: 19459 ns, Cleanup: 1046375 ns, At safepoint: 7583 ns, Total: 1073417 ns
[2025-06-11T09:26:29.434+0000][52378][info ][safepoint   ] Safepoint "Cleanup", Time since last: 8031917292 ns, Reaching safepoint: 22750 ns, Cleanup: 206666 ns, At safepoint: 7500 ns, Total: 236916 ns
[2025-06-11T09:26:36.463+0000][52378][info ][safepoint   ] Safepoint "Cleanup", Time since last: 7028765667 ns, Reaching safepoint: 18833 ns, Cleanup: 283000 ns, At safepoint: 5750 ns, Total: 307583 ns
[2025-06-11T09:26:37.470+0000][52378][info ][safepoint   ] Safepoint "Cleanup", Time since last: 1005754417 ns, Reaching safepoint: 51250 ns, Cleanup: 300583 ns, At safepoint: 17334 ns, Total: 369167 ns
[2025-06-11T09:26:37.773+0000][52378][info ][safepoint   ] Safepoint "ICBufferFull", Time since last: 301473166 ns, Reaching safepoint: 6625 ns, Cleanup: 1614875 ns, At safepoint: 11292 ns, Total: 1632792 ns
[2025-06-11T09:26:38.777+0000][52378][info ][safepoint   ] Safepoint "Cleanup", Time since last: 1003820333 ns, Reaching safepoint: 23542 ns, Cleanup: 180583 ns, At safepoint: 3625 ns, Total: 207750 ns
[2025-06-11T09:26:42.795+0000][52378][info ][safepoint   ] Safepoint "Cleanup", Time since last: 4017494625 ns, Reaching safepoint: 54625 ns, Cleanup: 297959 ns, At safepoint: 15375 ns, Total: 367959 ns
[2025-06-11T09:26:43.796+0000][52378][info ][safepoint   ] Safepoint "Cleanup", Time since last: 1001319041 ns, Reaching safepoint: 20709 ns, Cleanup: 26708 ns, At safepoint: 3833 ns, Total: 51250 ns
[2025-06-11T09:26:46.806+0000][52378][info ][safepoint   ] Safepoint "Cleanup", Time since last: 3009853250 ns, Reaching safepoint: 20042 ns, Cleanup: 186750 ns, At safepoint: 5542 ns, Total: 212334 ns
[2025-06-11T09:26:48.815+0000][52378][info ][safepoint   ] Safepoint "Cleanup", Time since last: 2007999166 ns, Reaching safepoint: 60709 ns, Cleanup: 263416 ns, At safepoint: 14709 ns, Total: 338834 ns
[2025-06-11T09:26:58.019+0000][52378][info ][safepoint   ] Safepoint "Cleanup", Time since last: 9204219583 ns, Reaching safepoint: 26167 ns, Cleanup: 269166 ns, At safepoint: 10917 ns, Total: 306250 ns
[2025-06-11T09:26:59.026+0000][52378][info ][safepoint   ] Safepoint "Cleanup", Time since last: 1005114083 ns, Reaching safepoint: 20417 ns, Cleanup: 1640208 ns, At safepoint: 3625 ns, Total: 1664250 ns
[2025-06-11T09:27:04.052+0000][52378][info ][safepoint   ] Safepoint "Cleanup", Time since last: 5025122292 ns, Reaching safepoint: 22792 ns, Cleanup: 164583 ns, At safepoint: 24583 ns, Total: 211958 ns
[2025-06-11T09:27:06.058+0000][52378][info ][safepoint   ] Safepoint "Cleanup", Time since last: 2006583875 ns, Reaching safepoint: 12125 ns, Cleanup: 85542 ns, At safepoint: 3333 ns, Total: 101000 ns
[2025-06-11T09:27:11.080+0000][52378][info ][safepoint   ] Safepoint "Cleanup", Time since last: 5021873750 ns, Reaching safepoint: 36959 ns, Cleanup: 149083 ns, At safepoint: 5458 ns, Total: 191500 ns
[2025-06-11T09:27:12.086+0000][52378][info ][safepoint   ] Safepoint "Cleanup", Time since last: 1005210667 ns, Reaching safepoint: 43333 ns, Cleanup: 304042 ns, At safepoint: 19875 ns, Total: 367250 ns
[2025-06-11T09:27:15.098+0000][52378][info ][safepoint   ] Safepoint "Cleanup", Time since last: 3008262583 ns, Reaching safepoint: 20417 ns, Cleanup: 3319042 ns, At safepoint: 6958 ns, Total: 3346417 ns
[2025-06-11T09:27:31.166+0000][52378][info ][safepoint   ] Safepoint "Cleanup", Time since last: 16067341208 ns, Reaching safepoint: 17000 ns, Cleanup: 228250 ns, At safepoint: 6542 ns, Total: 251792 ns
[2025-06-11T09:27:36.187+0000][52378][info ][safepoint   ] Safepoint "Cleanup", Time since last: 5020935250 ns, Reaching safepoint: 25167 ns, Cleanup: 661000 ns, At safepoint: 8791 ns, Total: 694958 ns
[2025-06-11T09:27:40.205+0000][52378][info ][safepoint   ] Safepoint "Cleanup", Time since last: 4017365209 ns, Reaching safepoint: 41333 ns, Cleanup: 172167 ns, At safepoint: 7000 ns, Total: 220500 ns
[2025-06-11T09:28:06.283+0000][52378][info ][safepoint   ] Safepoint "Cleanup", Time since last: 26077230541 ns, Reaching safepoint: 57875 ns, Cleanup: 177209 ns, At safepoint: 14208 ns, Total: 249292 ns
[2025-06-11T09:28:09.296+0000][52378][info ][safepoint   ] Safepoint "Cleanup", Time since last: 3012703208 ns, Reaching safepoint: 90875 ns, Cleanup: 350709 ns, At safepoint: 20208 ns, Total: 461792 ns
[2025-06-11T09:28:11.305+0000][52378][info ][safepoint   ] Safepoint "Cleanup", Time since last: 2008507500 ns, Reaching safepoint: 58250 ns, Cleanup: 184625 ns, At safepoint: 14667 ns, Total: 257542 ns
[2025-06-11T09:28:34.408+0000][52378][info ][safepoint   ] Safepoint "Cleanup", Time since last: 23102351750 ns, Reaching safepoint: 62041 ns, Cleanup: 328917 ns, At safepoint: 13833 ns, Total: 404791 ns
[2025-06-11T09:28:36.416+0000][52378][info ][safepoint   ] Safepoint "Cleanup", Time since last: 2007040125 ns, Reaching safepoint: 52709 ns, Cleanup: 294125 ns, At safepoint: 14625 ns, Total: 361459 ns
[2025-06-11T09:28:44.447+0000][52378][info ][safepoint   ] Safepoint "Cleanup", Time since last: 8030524041 ns, Reaching safepoint: 111125 ns, Cleanup: 282042 ns, At safepoint: 36625 ns, Total: 429792 ns
[2025-06-11T09:28:59.480+0000][52378][info ][safepoint   ] Safepoint "Cleanup", Time since last: 15033054500 ns, Reaching safepoint: 51125 ns, Cleanup: 269958 ns, At safepoint: 14875 ns, Total: 335958 ns
[2025-06-11T09:29:03.502+0000][52378][info ][safepoint   ] Safepoint "Cleanup", Time since last: 4021411667 ns, Reaching safepoint: 47583 ns, Cleanup: 238709 ns, At safepoint: 12916 ns, Total: 299208 ns
[2025-06-11T09:29:04.508+0000][52378][info ][safepoint   ] Safepoint "Cleanup", Time since last: 1005238584 ns, Reaching safepoint: 53875 ns, Cleanup: 288083 ns, At safepoint: 14417 ns, Total: 356375 ns
[2025-06-11T09:29:05.511+0000][52378][info ][safepoint   ] Safepoint "Cleanup", Time since last: 1002286541 ns, Reaching safepoint: 54584 ns, Cleanup: 404000 ns, At safepoint: 14666 ns, Total: 473250 ns
[2025-06-11T09:29:25.568+0000][52378][info ][safepoint   ] Safepoint "Cleanup", Time since last: 20057223750 ns, Reaching safepoint: 23292 ns, Cleanup: 109292 ns, At safepoint: 2916 ns, Total: 135500 ns
[2025-06-11T09:29:36.613+0000][52378][info ][safepoint   ] Safepoint "Cleanup", Time since last: 11044358459 ns, Reaching safepoint: 21458 ns, Cleanup: 202208 ns, At safepoint: 5250 ns, Total: 228916 ns
[2025-06-11T09:30:06.701+0000][52378][info ][safepoint   ] Safepoint "Cleanup", Time since last: 30087038084 ns, Reaching safepoint: 199166 ns, Cleanup: 269584 ns, At safepoint: 13083 ns, Total: 481833 ns
[2025-06-11T09:30:08.712+0000][52378][info ][safepoint   ] Safepoint "Cleanup", Time since last: 2009699708 ns, Reaching safepoint: 151000 ns, Cleanup: 578000 ns, At safepoint: 18334 ns, Total: 747334 ns
[2025-06-11T09:30:09.717+0000][52378][info ][safepoint   ] Safepoint "Cleanup", Time since last: 1005301125 ns, Reaching safepoint: 16666 ns, Cleanup: 109084 ns, At safepoint: 2458 ns, Total: 128208 ns
[2025-06-11T09:30:38.834+0000][52378][info ][safepoint   ] Safepoint "Cleanup", Time since last: 29116227042 ns, Reaching safepoint: 80458 ns, Cleanup: 160500 ns, At safepoint: 9208 ns, Total: 250166 ns
[2025-06-11T09:31:05.814+0000][52378][info ][safepoint   ] Safepoint "Cleanup", Time since last: 26987226750 ns, Reaching safepoint: 21625 ns, Cleanup: 183792 ns, At safepoint: 5917 ns, Total: 211334 ns
[2025-06-11T09:31:33.920+0000][52378][info ][safepoint   ] Safepoint "Cleanup", Time since last: 28121451625 ns, Reaching safepoint: 94000 ns, Cleanup: 357333 ns, At safepoint: 11708 ns, Total: 463041 ns
[2025-06-11T09:31:47.980+0000][52378][info ][safepoint   ] Safepoint "Cleanup", Time since last: 14061320084 ns, Reaching safepoint: 58791 ns, Cleanup: 196375 ns, At safepoint: 11292 ns, Total: 266458 ns
[2025-06-11T09:32:13.033+0000][52378][info ][safepoint   ] Safepoint "Cleanup", Time since last: 25052911750 ns, Reaching safepoint: 109833 ns, Cleanup: 237542 ns, At safepoint: 6042 ns, Total: 353417 ns
[2025-06-11T09:33:08.152+0000][52378][info ][safepoint   ] Safepoint "Cleanup", Time since last: 55118317000 ns, Reaching safepoint: 30666 ns, Cleanup: 216750 ns, At safepoint: 8500 ns, Total: 255916 ns
[2025-06-11T09:33:14.174+0000][52378][info ][safepoint   ] Safepoint "Cleanup", Time since last: 6022432042 ns, Reaching safepoint: 70333 ns, Cleanup: 238000 ns, At safepoint: 10209 ns, Total: 318542 ns
[2025-06-11T09:33:17.182+0000][52378][info ][safepoint   ] Safepoint "Cleanup", Time since last: 3006751625 ns, Reaching safepoint: 72125 ns, Cleanup: 1242291 ns, At safepoint: 14292 ns, Total: 1328708 ns
[2025-06-11T09:33:23.211+0000][52378][info ][safepoint   ] Safepoint "Cleanup", Time since last: 6027530542 ns, Reaching safepoint: 36916 ns, Cleanup: 514042 ns, At safepoint: 6583 ns, Total: 557541 ns
[2025-06-11T09:33:31.248+0000][52378][info ][safepoint   ] Safepoint "Cleanup", Time since last: 8036584125 ns, Reaching safepoint: 14917 ns, Cleanup: 549583 ns, At safepoint: 5250 ns, Total: 569750 ns
[2025-06-11T09:33:42.296+0000][52378][info ][safepoint   ] Safepoint "Cleanup", Time since last: 11047968334 ns, Reaching safepoint: 66708 ns, Cleanup: 273792 ns, At safepoint: 15041 ns, Total: 355541 ns
[2025-06-11T09:33:43.302+0000][52378][info ][safepoint   ] Safepoint "Cleanup", Time since last: 1005265584 ns, Reaching safepoint: 19083 ns, Cleanup: 212875 ns, At safepoint: 5083 ns, Total: 237041 ns
[2025-06-11T09:34:06.331+0000][52378][info ][safepoint   ] Safepoint "Cleanup", Time since last: 23028444292 ns, Reaching safepoint: 39125 ns, Cleanup: 341167 ns, At safepoint: 14041 ns, Total: 394333 ns
[2025-06-11T09:34:25.407+0000][52378][info ][safepoint   ] Safepoint "Cleanup", Time since last: 19075496292 ns, Reaching safepoint: 31167 ns, Cleanup: 87541 ns, At safepoint: 4917 ns, Total: 123625 ns
[2025-06-11T09:34:54.443+0000][52378][info ][safepoint   ] Safepoint "Cleanup", Time since last: 29036030167 ns, Reaching safepoint: 56791 ns, Cleanup: 113334 ns, At safepoint: 3541 ns, Total: 173666 ns
[2025-06-11T09:35:19.547+0000][52378][info ][safepoint   ] Safepoint "Cleanup", Time since last: 25102837125 ns, Reaching safepoint: 194042 ns, Cleanup: 168750 ns, At safepoint: 7542 ns, Total: 370334 ns
[2025-06-11T09:35:38.630+0000][52378][info ][safepoint   ] Safepoint "Cleanup", Time since last: 19082629250 ns, Reaching safepoint: 124500 ns, Cleanup: 81458 ns, At safepoint: 17250 ns, Total: 223208 ns
[2025-06-11T09:36:45.826+0000][52378][info ][safepoint   ] Safepoint "Cleanup", Time since last: 67194160208 ns, Reaching safepoint: 601375 ns, Cleanup: 178750 ns, At safepoint: 5959 ns, Total: 786084 ns
[2025-06-11T09:38:06.938+0000][52378][info ][safepoint   ] Safepoint "Cleanup", Time since last: 81109970291 ns, Reaching safepoint: 141917 ns, Cleanup: 422167 ns, At safepoint: 40041 ns, Total: 604125 ns
[2025-06-11T09:38:18.986+0000][52378][info ][safepoint   ] Safepoint "Cleanup", Time since last: 12048581375 ns, Reaching safepoint: 24375 ns, Cleanup: 139584 ns, At safepoint: 3125 ns, Total: 167084 ns
[2025-06-11T09:38:22.691+0000][52378][info ][safepoint   ] Safepoint "Cleanup", Time since last: 3704671166 ns, Reaching safepoint: 3709 ns, Cleanup: 122250 ns, At safepoint: 9625 ns, Total: 135584 ns
[2025-06-11T09:38:23.138+0000][52378][info ][safepoint   ] Safepoint "ICBufferFull", Time since last: 445334416 ns, Reaching safepoint: 32667 ns, Cleanup: 1851292 ns, At safepoint: 14000 ns, Total: 1897959 ns
[2025-06-11T09:38:24.145+0000][52378][info ][safepoint   ] Safepoint "Cleanup", Time since last: 1005122458 ns, Reaching safepoint: 141833 ns, Cleanup: 1072500 ns, At safepoint: 7542 ns, Total: 1221875 ns
[2025-06-11T09:38:28.161+0000][52378][info ][safepoint   ] Safepoint "Cleanup", Time since last: 4015725708 ns, Reaching safepoint: 67125 ns, Cleanup: 309542 ns, At safepoint: 13958 ns, Total: 390625 ns
[2025-06-11T09:38:34.185+0000][52378][info ][safepoint   ] Safepoint "Cleanup", Time since last: 6024071042 ns, Reaching safepoint: 23458 ns, Cleanup: 165209 ns, At safepoint: 6166 ns, Total: 194833 ns
[2025-06-11T09:40:27.414+0000][52378][info ][safepoint   ] Safepoint "Cleanup", Time since last: 113227142875 ns, Reaching safepoint: 20125 ns, Cleanup: 237542 ns, At safepoint: 3417 ns, Total: 261084 ns
[2025-06-11T09:40:54.466+0000][52378][info ][safepoint   ] Safepoint "Cleanup", Time since last: 27051113916 ns, Reaching safepoint: 22417 ns, Cleanup: 160125 ns, At safepoint: 5167 ns, Total: 187709 ns
[2025-06-11T09:42:07.720+0000][52378][info ][safepoint   ] Safepoint "Cleanup", Time since last: 73252975083 ns, Reaching safepoint: 144542 ns, Cleanup: 163500 ns, At safepoint: 7583 ns, Total: 315625 ns
[2025-06-11T09:42:58.888+0000][52378][info ][safepoint   ] Safepoint "Cleanup", Time since last: 51167121833 ns, Reaching safepoint: 20584 ns, Cleanup: 189333 ns, At safepoint: 6208 ns, Total: 216125 ns
[2025-06-11T09:43:06.921+0000][52378][info ][safepoint   ] Safepoint "Cleanup", Time since last: 8032280375 ns, Reaching safepoint: 21125 ns, Cleanup: 216625 ns, At safepoint: 6084 ns, Total: 243834 ns
[2025-06-11T09:43:12.821+0000][52378][info ][safepoint   ] Safepoint "Cleanup", Time since last: 5899717291 ns, Reaching safepoint: 20375 ns, Cleanup: 890959 ns, At safepoint: 7458 ns, Total: 918792 ns
[2025-06-11T09:43:13.937+0000][52378][info ][safepoint   ] Safepoint "Cleanup", Time since last: 1113553375 ns, Reaching safepoint: 8542 ns, Cleanup: 2169041 ns, At safepoint: 3542 ns, Total: 2181125 ns
[2025-06-11T09:43:14.938+0000][52378][info ][safepoint   ] Safepoint "Cleanup", Time since last: 1000607500 ns, Reaching safepoint: 26750 ns, Cleanup: 185708 ns, At safepoint: 7500 ns, Total: 219958 ns
[2025-06-11T09:43:15.240+0000][52378][info ][safepoint   ] Safepoint "ICBufferFull", Time since last: 299940250 ns, Reaching safepoint: 5709 ns, Cleanup: 1548541 ns, At safepoint: 3000 ns, Total: 1557250 ns
[2025-06-11T09:43:15.812+0000][52378][info ][safepoint   ] Safepoint "ICBufferFull", Time since last: 571063542 ns, Reaching safepoint: 9167 ns, Cleanup: 1706583 ns, At safepoint: 10583 ns, Total: 1726333 ns
[2025-06-11T09:43:15.999+0000][52378][info ][gc,start    ] GC(12) Pause Young (Normal) (G1 Evacuation Pause)
[2025-06-11T09:43:16.000+0000][52378][info ][gc,task     ] GC(12) Using 8 workers of 8 for evacuation
[2025-06-11T09:43:16.000+0000][52378][debug][gc,age      ] GC(12) Desired survivor size 54525952 bytes, new threshold 15 (max threshold 15)
[2025-06-11T09:43:16.072+0000][52378][info ][gc,phases   ] GC(12)   Pre Evacuate Collection Set: 0.9ms
[2025-06-11T09:43:16.072+0000][52378][info ][gc,phases   ] GC(12)   Merge Heap Roots: 0.4ms
[2025-06-11T09:43:16.072+0000][52378][info ][gc,phases   ] GC(12)   Evacuate Collection Set: 68.1ms
[2025-06-11T09:43:16.072+0000][52378][info ][gc,phases   ] GC(12)   Post Evacuate Collection Set: 2.2ms
[2025-06-11T09:43:16.072+0000][52378][info ][gc,phases   ] GC(12)   Other: 1.1ms
[2025-06-11T09:43:16.072+0000][52378][trace][gc,age      ] GC(12) Age table with threshold 15 (max threshold 15)
[2025-06-11T09:43:16.072+0000][52378][trace][gc,age      ] GC(12) - age   1:   25552832 bytes,   25552832 total
[2025-06-11T09:43:16.072+0000][52378][trace][gc,age      ] GC(12) - age   2:   14918264 bytes,   40471096 total
[2025-06-11T09:43:16.072+0000][52378][trace][gc,age      ] GC(12) - age   3:    3912448 bytes,   44383544 total
[2025-06-11T09:43:16.072+0000][52378][trace][gc,age      ] GC(12) - age   4:   20831960 bytes,   65215504 total
[2025-06-11T09:43:16.072+0000][52378][trace][gc,age      ] GC(12) - age   5:    3631152 bytes,   68846656 total
[2025-06-11T09:43:16.072+0000][52378][trace][gc,age      ] GC(12) - age   6:    2307576 bytes,   71154232 total
[2025-06-11T09:43:16.072+0000][52378][trace][gc,age      ] GC(12) - age   7:    5778528 bytes,   76932760 total
[2025-06-11T09:43:16.072+0000][52378][info ][gc,heap     ] GC(12) Eden regions: 190->0(180)
[2025-06-11T09:43:16.072+0000][52378][info ][gc,heap     ] GC(12) Survivor regions: 14->20(26)
[2025-06-11T09:43:16.072+0000][52378][info ][gc,heap     ] GC(12) Old regions: 6->6
[2025-06-11T09:43:16.072+0000][52378][info ][gc,heap     ] GC(12) Humongous regions: 0->0
[2025-06-11T09:43:16.072+0000][52378][info ][gc,metaspace] GC(12) Metaspace: 122260K(125376K)->122260K(125376K) NonClass: 105679K(107392K)->105679K(107392K) Class: 16581K(17984K)->16581K(17984K)
[2025-06-11T09:43:16.073+0000][52378][info ][gc          ] GC(12) Pause Young (Normal) (G1 Evacuation Pause) 834M->100M(8192M) 74.248ms
[2025-06-11T09:43:16.073+0000][52378][info ][gc,cpu      ] GC(12) User=0.16s Sys=0.20s Real=0.08s
[2025-06-11T09:43:16.073+0000][52378][info ][safepoint   ] Safepoint "G1CollectForAllocation", Time since last: 185208459 ns, Reaching safepoint: 7333 ns, Cleanup: 317875 ns, At safepoint: 74762500 ns, Total: 75087708 ns
[2025-06-11T09:43:16.340+0000][52378][info ][safepoint   ] Safepoint "ICBufferFull", Time since last: 266123792 ns, Reaching safepoint: 25875 ns, Cleanup: 1085958 ns, At safepoint: 16375 ns, Total: 1128208 ns
[2025-06-11T09:43:16.599+0000][52378][info ][safepoint   ] Safepoint "ICBufferFull", Time since last: 258410000 ns, Reaching safepoint: 28625 ns, Cleanup: 1136833 ns, At safepoint: 11959 ns, Total: 1177417 ns
[2025-06-11T09:43:16.986+0000][52378][info ][safepoint   ] Safepoint "ICBufferFull", Time since last: 384272291 ns, Reaching safepoint: 7292 ns, Cleanup: 1729708 ns, At safepoint: 22417 ns, Total: 1759417 ns
[2025-06-11T09:43:18.081+0000][52378][info ][safepoint   ] Safepoint "ICBufferFull", Time since last: 1094178333 ns, Reaching safepoint: 7000 ns, Cleanup: 1435875 ns, At safepoint: 3334 ns, Total: 1446209 ns
[2025-06-11T09:43:19.151+0000][52378][info ][safepoint   ] Safepoint "Cleanup", Time since last: 1069714916 ns, Reaching safepoint: 23292 ns, Cleanup: 404083 ns, At safepoint: 6334 ns, Total: 433709 ns
[2025-06-11T09:43:36.223+0000][52378][info ][safepoint   ] Safepoint "Cleanup", Time since last: 17071500250 ns, Reaching safepoint: 70375 ns, Cleanup: 125541 ns, At safepoint: 3000 ns, Total: 198916 ns
[2025-06-11T09:43:43.257+0000][52378][info ][safepoint   ] Safepoint "Cleanup", Time since last: 7033741959 ns, Reaching safepoint: 26166 ns, Cleanup: 232334 ns, At safepoint: 5666 ns, Total: 264166 ns
[2025-06-11T09:43:56.943+0000][52378][info ][safepoint   ] Safepoint "ICBufferFull", Time since last: 13684083542 ns, Reaching safepoint: 14958 ns, Cleanup: 1684917 ns, At safepoint: 6417 ns, Total: 1706292 ns
[2025-06-11T09:43:57.950+0000][52378][info ][safepoint   ] Safepoint "Cleanup", Time since last: 1005376458 ns, Reaching safepoint: 66792 ns, Cleanup: 1121291 ns, At safepoint: 22084 ns, Total: 1210167 ns
[2025-06-11T09:44:21.046+0000][52378][info ][safepoint   ] Safepoint "Cleanup", Time since last: 23095597083 ns, Reaching safepoint: 14500 ns, Cleanup: 254292 ns, At safepoint: 3791 ns, Total: 272583 ns
[2025-06-11T09:44:26.066+0000][52378][info ][safepoint   ] Safepoint "Cleanup", Time since last: 5019984584 ns, Reaching safepoint: 22916 ns, Cleanup: 159584 ns, At safepoint: 5708 ns, Total: 188208 ns
[2025-06-11T09:44:43.137+0000][52378][info ][safepoint   ] Safepoint "Cleanup", Time since last: 17070412167 ns, Reaching safepoint: 67916 ns, Cleanup: 360042 ns, At safepoint: 14792 ns, Total: 442750 ns
[2025-06-11T09:44:46.150+0000][52378][info ][safepoint   ] Safepoint "Cleanup", Time since last: 3012694208 ns, Reaching safepoint: 66667 ns, Cleanup: 300208 ns, At safepoint: 17875 ns, Total: 384750 ns
[2025-06-11T09:45:11.321+0000][52378][info ][safepoint   ] Safepoint "Cleanup", Time since last: 25170517750 ns, Reaching safepoint: 33917 ns, Cleanup: 94000 ns, At safepoint: 3875 ns, Total: 131792 ns
[2025-06-11T09:45:19.359+0000][52378][info ][safepoint   ] Safepoint "Cleanup", Time since last: 8037623916 ns, Reaching safepoint: 91750 ns, Cleanup: 110584 ns, At safepoint: 4041 ns, Total: 206375 ns
[2025-06-11T09:45:29.395+0000][52378][info ][safepoint   ] Safepoint "Cleanup", Time since last: 10034807792 ns, Reaching safepoint: 60375 ns, Cleanup: 247917 ns, At safepoint: 13375 ns, Total: 321667 ns
[2025-06-11T09:45:30.400+0000][52378][info ][safepoint   ] Safepoint "Cleanup", Time since last: 1005305333 ns, Reaching safepoint: 23042 ns, Cleanup: 234750 ns, At safepoint: 6375 ns, Total: 264167 ns
[2025-06-11T09:45:32.411+0000][52378][info ][safepoint   ] Safepoint "Cleanup", Time since last: 2010238125 ns, Reaching safepoint: 57875 ns, Cleanup: 271500 ns, At safepoint: 20250 ns, Total: 349625 ns
[2025-06-11T09:45:35.425+0000][52378][info ][safepoint   ] Safepoint "Cleanup", Time since last: 3013962708 ns, Reaching safepoint: 14708 ns, Cleanup: 76292 ns, At safepoint: 3042 ns, Total: 94042 ns
[2025-06-11T09:46:00.419+0000][52378][info ][safepoint   ] Safepoint "Cleanup", Time since last: 24993186791 ns, Reaching safepoint: 25417 ns, Cleanup: 238667 ns, At safepoint: 6583 ns, Total: 270667 ns
[2025-06-11T09:46:02.426+0000][52378][info ][safepoint   ] Safepoint "Cleanup", Time since last: 2006884250 ns, Reaching safepoint: 62625 ns, Cleanup: 282208 ns, At safepoint: 16292 ns, Total: 361125 ns
[2025-06-11T09:46:06.438+0000][52378][info ][safepoint   ] Safepoint "Cleanup", Time since last: 4012047917 ns, Reaching safepoint: 50416 ns, Cleanup: 229959 ns, At safepoint: 14375 ns, Total: 294750 ns
[2025-06-11T09:46:26.515+0000][52378][info ][safepoint   ] Safepoint "Cleanup", Time since last: 20076408750 ns, Reaching safepoint: 52708 ns, Cleanup: 235417 ns, At safepoint: 15791 ns, Total: 303916 ns
[2025-06-11T09:46:38.568+0000][52378][info ][safepoint   ] Safepoint "Cleanup", Time since last: 12052294334 ns, Reaching safepoint: 95083 ns, Cleanup: 255208 ns, At safepoint: 8500 ns, Total: 358791 ns
[2025-06-11T09:46:58.638+0000][52378][info ][safepoint   ] Safepoint "Cleanup", Time since last: 20068852500 ns, Reaching safepoint: 22125 ns, Cleanup: 614750 ns, At safepoint: 3792 ns, Total: 640667 ns
[2025-06-11T09:46:59.642+0000][52378][info ][safepoint   ] Safepoint "Cleanup", Time since last: 1003909542 ns, Reaching safepoint: 9375 ns, Cleanup: 519291 ns, At safepoint: 3209 ns, Total: 531875 ns
[2025-06-11T09:47:00.646+0000][52378][info ][safepoint   ] Safepoint "Cleanup", Time since last: 1003627208 ns, Reaching safepoint: 9042 ns, Cleanup: 490125 ns, At safepoint: 11000 ns, Total: 510167 ns
[2025-06-11T09:47:05.656+0000][52378][info ][safepoint   ] Safepoint "Cleanup", Time since last: 5009546958 ns, Reaching safepoint: 187667 ns, Cleanup: 159833 ns, At safepoint: 5583 ns, Total: 353083 ns
[2025-06-11T09:47:06.663+0000][52378][info ][safepoint   ] Safepoint "Cleanup", Time since last: 1006239875 ns, Reaching safepoint: 52084 ns, Cleanup: 236375 ns, At safepoint: 12583 ns, Total: 301042 ns
[2025-06-11T09:47:21.718+0000][52378][info ][safepoint   ] Safepoint "Cleanup", Time since last: 15053656750 ns, Reaching safepoint: 8208 ns, Cleanup: 704625 ns, At safepoint: 2834 ns, Total: 715667 ns
[2025-06-11T09:47:41.807+0000][52378][info ][safepoint   ] Safepoint "Cleanup", Time since last: 20088440416 ns, Reaching safepoint: 22417 ns, Cleanup: 705917 ns, At safepoint: 2750 ns, Total: 731084 ns
[2025-06-11T09:47:42.810+0000][52378][info ][safepoint   ] Safepoint "Cleanup", Time since last: 1002695916 ns, Reaching safepoint: 25000 ns, Cleanup: 142542 ns, At safepoint: 5958 ns, Total: 173500 ns
[2025-06-11T09:47:43.815+0000][52378][info ][safepoint   ] Safepoint "Cleanup", Time since last: 1005164792 ns, Reaching safepoint: 22583 ns, Cleanup: 153209 ns, At safepoint: 43208 ns, Total: 219000 ns
[2025-06-11T09:48:06.892+0000][52378][info ][safepoint   ] Safepoint "Cleanup", Time since last: 23075876375 ns, Reaching safepoint: 46000 ns, Cleanup: 244583 ns, At safepoint: 14459 ns, Total: 305042 ns
[2025-06-11T09:48:08.904+0000][52378][info ][safepoint   ] Safepoint "Cleanup", Time since last: 2011303041 ns, Reaching safepoint: 103584 ns, Cleanup: 303500 ns, At safepoint: 21791 ns, Total: 428875 ns
[2025-06-11T09:48:12.919+0000][52378][info ][safepoint   ] Safepoint "Cleanup", Time since last: 4013763417 ns, Reaching safepoint: 66625 ns, Cleanup: 1521250 ns, At safepoint: 19792 ns, Total: 1607667 ns
[2025-06-11T09:48:13.925+0000][52378][info ][safepoint   ] Safepoint "Cleanup", Time since last: 1005333208 ns, Reaching safepoint: 48875 ns, Cleanup: 233250 ns, At safepoint: 13958 ns, Total: 296083 ns
[2025-06-11T09:48:18.942+0000][52378][info ][safepoint   ] Safepoint "Cleanup", Time since last: 5017141875 ns, Reaching safepoint: 16459 ns, Cleanup: 146666 ns, At safepoint: 5834 ns, Total: 168959 ns
[2025-06-11T09:48:19.947+0000][52378][info ][safepoint   ] Safepoint "Cleanup", Time since last: 1005171791 ns, Reaching safepoint: 59084 ns, Cleanup: 260250 ns, At safepoint: 12916 ns, Total: 332250 ns
[2025-06-11T09:48:27.984+0000][52378][info ][safepoint   ] Safepoint "Cleanup", Time since last: 8036184709 ns, Reaching safepoint: 34041 ns, Cleanup: 127000 ns, At safepoint: 12667 ns, Total: 173708 ns
[2025-06-11T09:48:28.989+0000][52378][info ][safepoint   ] Safepoint "Cleanup", Time since last: 1004254833 ns, Reaching safepoint: 27334 ns, Cleanup: 472250 ns, At safepoint: 4375 ns, Total: 503959 ns
[2025-06-11T09:48:37.029+0000][52378][info ][safepoint   ] Safepoint "Cleanup", Time since last: 8039631000 ns, Reaching safepoint: 54916 ns, Cleanup: 259000 ns, At safepoint: 15459 ns, Total: 329375 ns
[2025-06-11T09:48:55.999+0000][52378][info ][safepoint   ] Safepoint "Cleanup", Time since last: 18969767250 ns, Reaching safepoint: 47000 ns, Cleanup: 79583 ns, At safepoint: 2875 ns, Total: 129458 ns
[2025-06-11T09:53:45.619+0000][52378][info ][safepoint   ] Safepoint "Cleanup", Time since last: 5038282542 ns, Reaching safepoint: 30042 ns, Cleanup: 525333 ns, At safepoint: 25167 ns, Total: 580542 ns
[2025-06-11T09:53:48.639+0000][52378][info ][safepoint   ] Safepoint "Cleanup", Time since last: 3020055458 ns, Reaching safepoint: 202750 ns, Cleanup: 272083 ns, At safepoint: 10834 ns, Total: 485667 ns
[2025-06-11T09:53:50.653+0000][52378][info ][safepoint   ] Safepoint "Cleanup", Time since last: 2013544791 ns, Reaching safepoint: 37417 ns, Cleanup: 115417 ns, At safepoint: 12166 ns, Total: 165000 ns
[2025-06-11T09:53:51.664+0000][52378][info ][safepoint   ] Safepoint "Cleanup", Time since last: 1010144000 ns, Reaching safepoint: 64209 ns, Cleanup: 325625 ns, At safepoint: 13625 ns, Total: 403459 ns
[2025-06-11T09:53:57.702+0000][52378][info ][safepoint   ] Safepoint "Cleanup", Time since last: 6038166916 ns, Reaching safepoint: 59167 ns, Cleanup: 265667 ns, At safepoint: 22541 ns, Total: 347375 ns
[2025-06-11T10:10:25.786+0000][52378][info ][safepoint   ] Safepoint "Cleanup", Time since last: 51057573917 ns, Reaching safepoint: 96625 ns, Cleanup: 330333 ns, At safepoint: 15375 ns, Total: 442333 ns
[2025-06-11T10:10:37.861+0000][52378][info ][safepoint   ] Safepoint "Cleanup", Time since last: 12097008583 ns, Reaching safepoint: 57167 ns, Cleanup: 286917 ns, At safepoint: 14833 ns, Total: 358917 ns
[2025-06-11T10:12:05.071+0000][52378][info ][safepoint   ] Safepoint "Cleanup", Time since last: 87230347083 ns, Reaching safepoint: 113000 ns, Cleanup: 353334 ns, At safepoint: 31958 ns, Total: 498292 ns
[2025-06-11T10:12:26.017+0000][52378][info ][safepoint   ] Safepoint "Cleanup", Time since last: 20945002375 ns, Reaching safepoint: 42083 ns, Cleanup: 359792 ns, At safepoint: 11292 ns, Total: 413167 ns
[2025-06-11T10:12:28.033+0000][52378][info ][safepoint   ] Safepoint "Cleanup", Time since last: 2016392083 ns, Reaching safepoint: 257083 ns, Cleanup: 226917 ns, At safepoint: 58167 ns, Total: 542167 ns
[2025-06-11T10:13:26.092+0000][52378][info ][safepoint   ] Safepoint "Cleanup", Time since last: 58058591875 ns, Reaching safepoint: 59750 ns, Cleanup: 52708 ns, At safepoint: 10833 ns, Total: 123291 ns
[2025-06-11T10:14:26.177+0000][52378][info ][safepoint   ] Safepoint "Cleanup", Time since last: 60084039542 ns, Reaching safepoint: 52708 ns, Cleanup: 279709 ns, At safepoint: 8916 ns, Total: 341333 ns
[2025-06-11T10:14:27.185+0000][52378][info ][safepoint   ] Safepoint "Cleanup", Time since last: 1007859625 ns, Reaching safepoint: 132250 ns, Cleanup: 316000 ns, At safepoint: 17167 ns, Total: 465417 ns
[2025-06-11T10:14:28.192+0000][52378][info ][safepoint   ] Safepoint "Cleanup", Time since last: 1007136417 ns, Reaching safepoint: 55666 ns, Cleanup: 286292 ns, At safepoint: 12000 ns, Total: 353958 ns
[2025-06-11T10:14:35.239+0000][52378][info ][safepoint   ] Safepoint "Cleanup", Time since last: 7045846792 ns, Reaching safepoint: 82875 ns, Cleanup: 328916 ns, At safepoint: 25584 ns, Total: 437375 ns
[2025-06-11T10:15:05.425+0000][52378][info ][safepoint   ] Safepoint "Cleanup", Time since last: 30185997875 ns, Reaching safepoint: 108666 ns, Cleanup: 244167 ns, At safepoint: 10500 ns, Total: 363333 ns
[2025-06-11T10:15:25.580+0000][52378][info ][safepoint   ] Safepoint "Cleanup", Time since last: 20154858000 ns, Reaching safepoint: 68625 ns, Cleanup: 265500 ns, At safepoint: 20500 ns, Total: 354625 ns
[2025-06-11T10:15:27.595+0000][52378][info ][safepoint   ] Safepoint "Cleanup", Time since last: 2014107583 ns, Reaching safepoint: 64959 ns, Cleanup: 217833 ns, At safepoint: 12875 ns, Total: 295667 ns
[2025-06-11T10:15:31.613+0000][52378][info ][safepoint   ] Safepoint "Cleanup", Time since last: 4018168083 ns, Reaching safepoint: 70959 ns, Cleanup: 182083 ns, At safepoint: 13792 ns, Total: 266834 ns
[2025-06-11T10:15:35.646+0000][52378][info ][safepoint   ] Safepoint "Cleanup", Time since last: 4032224416 ns, Reaching safepoint: 56334 ns, Cleanup: 231250 ns, At safepoint: 18208 ns, Total: 305792 ns
[2025-06-11T10:16:10.867+0000][52378][info ][safepoint   ] Safepoint "Cleanup", Time since last: 35220812333 ns, Reaching safepoint: 59667 ns, Cleanup: 333708 ns, At safepoint: 15375 ns, Total: 408750 ns
[2025-06-11T10:17:31.533+0000][52378][info ][safepoint   ] Safepoint "Cleanup", Time since last: 80665635459 ns, Reaching safepoint: 89208 ns, Cleanup: 251500 ns, At safepoint: 21542 ns, Total: 362250 ns
[2025-06-11T10:21:18.100+0000][52378][info ][safepoint   ] Safepoint "Cleanup", Time since last: 226566794750 ns, Reaching safepoint: 68375 ns, Cleanup: 281166 ns, At safepoint: 11875 ns, Total: 361416 ns
[2025-06-11T10:21:35.217+0000][52378][info ][safepoint   ] Safepoint "Cleanup", Time since last: 17116782167 ns, Reaching safepoint: 59125 ns, Cleanup: 302250 ns, At safepoint: 29917 ns, Total: 391292 ns
[2025-06-11T10:21:54.344+0000][52378][info ][safepoint   ] Safepoint "Cleanup", Time since last: 19126777333 ns, Reaching safepoint: 59292 ns, Cleanup: 434333 ns, At safepoint: 16542 ns, Total: 510167 ns
[2025-06-11T10:23:58.639+0000][52378][info ][safepoint   ] Safepoint "Cleanup", Time since last: 124293598166 ns, Reaching safepoint: 62834 ns, Cleanup: 589708 ns, At safepoint: 30708 ns, Total: 683250 ns
[2025-06-11T10:24:35.714+0000][52378][info ][safepoint   ] Safepoint "Cleanup", Time since last: 37074806209 ns, Reaching safepoint: 53166 ns, Cleanup: 234209 ns, At safepoint: 14458 ns, Total: 301833 ns
[2025-06-11T10:24:58.857+0000][52378][info ][safepoint   ] Safepoint "Cleanup", Time since last: 23142467042 ns, Reaching safepoint: 58291 ns, Cleanup: 341250 ns, At safepoint: 16875 ns, Total: 416416 ns
[2025-06-11T10:25:04.890+0000][52378][info ][safepoint   ] Safepoint "Cleanup", Time since last: 6033182750 ns, Reaching safepoint: 41042 ns, Cleanup: 117875 ns, At safepoint: 8417 ns, Total: 167334 ns
[2025-06-11T10:25:05.901+0000][52378][info ][safepoint   ] Safepoint "Cleanup", Time since last: 1010397666 ns, Reaching safepoint: 57750 ns, Cleanup: 322000 ns, At safepoint: 20250 ns, Total: 400000 ns
[2025-06-11T10:28:29.096+0000][52378][info ][safepoint   ] Safepoint "Cleanup", Time since last: 203194542125 ns, Reaching safepoint: 48167 ns, Cleanup: 259417 ns, At safepoint: 15000 ns, Total: 322584 ns
[2025-06-11T10:30:33.369+0000][52378][info ][safepoint   ] Safepoint "Cleanup", Time since last: 124272633250 ns, Reaching safepoint: 100500 ns, Cleanup: 268458 ns, At safepoint: 15125 ns, Total: 384083 ns
[2025-06-11T10:33:20.755+0000][52378][info ][safepoint   ] Safepoint "Cleanup", Time since last: 167385760792 ns, Reaching safepoint: 56458 ns, Cleanup: 242667 ns, At safepoint: 13375 ns, Total: 312500 ns
[2025-06-11T10:33:22.772+0000][52378][info ][safepoint   ] Safepoint "Cleanup", Time since last: 2016495416 ns, Reaching safepoint: 58125 ns, Cleanup: 399417 ns, At safepoint: 14208 ns, Total: 471750 ns
[2025-06-11T10:33:28.816+0000][52378][info ][safepoint   ] Safepoint "Cleanup", Time since last: 6044098417 ns, Reaching safepoint: 52292 ns, Cleanup: 292541 ns, At safepoint: 19000 ns, Total: 363833 ns
[2025-06-11T10:39:59.037+0000][52378][info ][safepoint   ] Safepoint "Cleanup", Time since last: 390198568209 ns, Reaching safepoint: 62583 ns, Cleanup: 66875 ns, At safepoint: 12500 ns, Total: 141958 ns
[2025-06-11T10:40:29.011+0000][52378][info ][safepoint   ] Safepoint "Cleanup", Time since last: 29973681833 ns, Reaching safepoint: 55875 ns, Cleanup: 297750 ns, At safepoint: 17209 ns, Total: 370834 ns
[2025-06-11T10:43:28.511+0000][52378][info ][safepoint   ] Safepoint "Cleanup", Time since last: 179498160333 ns, Reaching safepoint: 54208 ns, Cleanup: 258500 ns, At safepoint: 13167 ns, Total: 325875 ns
[2025-06-11T10:44:02.749+0000][52378][info ][safepoint   ] Safepoint "Cleanup", Time since last: 34237996833 ns, Reaching safepoint: 82959 ns, Cleanup: 211541 ns, At safepoint: 16209 ns, Total: 310709 ns
[2025-06-11T10:44:03.762+0000][52378][info ][safepoint   ] Safepoint "Cleanup", Time since last: 1012816958 ns, Reaching safepoint: 64292 ns, Cleanup: 282583 ns, At safepoint: 13250 ns, Total: 360125 ns
[2025-06-11T10:44:28.651+0000][52378][info ][safepoint   ] Safepoint "Cleanup", Time since last: 24888495542 ns, Reaching safepoint: 44875 ns, Cleanup: 276166 ns, At safepoint: 12917 ns, Total: 333958 ns
[2025-06-11T10:44:58.878+0000][52378][info ][safepoint   ] Safepoint "Cleanup", Time since last: 30225697625 ns, Reaching safepoint: 130500 ns, Cleanup: 604625 ns, At safepoint: 16000 ns, Total: 751125 ns
[2025-06-11T10:46:28.905+0000][52378][info ][safepoint   ] Safepoint "Cleanup", Time since last: 90026286792 ns, Reaching safepoint: 57541 ns, Cleanup: 320584 ns, At safepoint: 14708 ns, Total: 392833 ns
[2025-06-11T10:46:57.117+0000][52378][info ][safepoint   ] Safepoint "Cleanup", Time since last: 28211154292 ns, Reaching safepoint: 65041 ns, Cleanup: 245542 ns, At safepoint: 17000 ns, Total: 327583 ns
[2025-06-11T10:49:29.332+0000][52378][info ][safepoint   ] Safepoint "Cleanup", Time since last: 152213802583 ns, Reaching safepoint: 60667 ns, Cleanup: 321375 ns, At safepoint: 22000 ns, Total: 404042 ns
[2025-06-11T10:50:35.519+0000][52378][info ][safepoint   ] Safepoint "Cleanup", Time since last: 66186786167 ns, Reaching safepoint: 63375 ns, Cleanup: 245333 ns, At safepoint: 10792 ns, Total: 319500 ns
[2025-06-11T10:51:05.751+0000][52378][info ][safepoint   ] Safepoint "Cleanup", Time since last: 30231358166 ns, Reaching safepoint: 86459 ns, Cleanup: 299500 ns, At safepoint: 13416 ns, Total: 399375 ns
[2025-06-11T10:54:55.328+0000][52378][info ][safepoint   ] Safepoint "Cleanup", Time since last: 229575184792 ns, Reaching safepoint: 103458 ns, Cleanup: 346500 ns, At safepoint: 21500 ns, Total: 471458 ns
[2025-06-11T10:54:59.364+0000][52378][info ][safepoint   ] Safepoint "Cleanup", Time since last: 4034978334 ns, Reaching safepoint: 63333 ns, Cleanup: 265833 ns, At safepoint: 14209 ns, Total: 343375 ns
[2025-06-11T10:56:35.560+0000][52378][info ][safepoint   ] Safepoint "Cleanup", Time since last: 96194531708 ns, Reaching safepoint: 61167 ns, Cleanup: 823333 ns, At safepoint: 18083 ns, Total: 902583 ns
[2025-06-11T10:56:59.723+0000][52378][info ][safepoint   ] Safepoint "Cleanup", Time since last: 24162273625 ns, Reaching safepoint: 82792 ns, Cleanup: 374333 ns, At safepoint: 17875 ns, Total: 475000 ns
[2025-06-11T10:57:35.645+0000][52378][info ][safepoint   ] Safepoint "Cleanup", Time since last: 35922100875 ns, Reaching safepoint: 63292 ns, Cleanup: 323333 ns, At safepoint: 36167 ns, Total: 422792 ns
[2025-06-11T11:00:28.112+0000][52378][info ][safepoint   ] Safepoint "Cleanup", Time since last: 172464896375 ns, Reaching safepoint: 54542 ns, Cleanup: 249625 ns, At safepoint: 12333 ns, Total: 316500 ns
[2025-06-11T11:03:05.552+0000][52378][info ][safepoint   ] Safepoint "Cleanup", Time since last: 157438701500 ns, Reaching safepoint: 97792 ns, Cleanup: 313166 ns, At safepoint: 14625 ns, Total: 425583 ns
[2025-06-11T11:06:29.862+0000][52378][info ][safepoint   ] Safepoint "Cleanup", Time since last: 204308568584 ns, Reaching safepoint: 84916 ns, Cleanup: 295959 ns, At safepoint: 22958 ns, Total: 403833 ns
[2025-06-11T11:07:25.991+0000][52378][info ][safepoint   ] Safepoint "Cleanup", Time since last: 56128046875 ns, Reaching safepoint: 63625 ns, Cleanup: 280375 ns, At safepoint: 18250 ns, Total: 362250 ns
[2025-06-11T11:07:27.001+0000][52378][info ][safepoint   ] Safepoint "Cleanup", Time since last: 1010668292 ns, Reaching safepoint: 64083 ns, Cleanup: 229458 ns, At safepoint: 15500 ns, Total: 309041 ns
[2025-06-11T11:14:30.099+0000][52378][info ][safepoint   ] Safepoint "Cleanup", Time since last: 423095173709 ns, Reaching safepoint: 89416 ns, Cleanup: 86792 ns, At safepoint: 21667 ns, Total: 197875 ns
[2025-06-11T11:16:36.442+0000][52378][info ][safepoint   ] Safepoint "Cleanup", Time since last: 126341900500 ns, Reaching safepoint: 54083 ns, Cleanup: 317667 ns, At safepoint: 25166 ns, Total: 396916 ns
[2025-06-11T11:18:59.825+0000][52378][info ][safepoint   ] Safepoint "Cleanup", Time since last: 143434392250 ns, Reaching safepoint: 93084 ns, Cleanup: 324416 ns, At safepoint: 23875 ns, Total: 441375 ns
[2025-06-11T11:35:41.793+0000][52378][info ][safepoint   ] Safepoint "Cleanup", Time since last: 78629490751 ns, Reaching safepoint: 146500 ns, Cleanup: 232708 ns, At safepoint: 17167 ns, Total: 396375 ns
[2025-06-11T11:36:23.131+0000][52378][info ][safepoint   ] Safepoint "Cleanup", Time since last: 41341856583 ns, Reaching safepoint: 107792 ns, Cleanup: 266708 ns, At safepoint: 18292 ns, Total: 392792 ns
[2025-06-11T11:36:53.380+0000][52378][info ][safepoint   ] Safepoint "Cleanup", Time since last: 30248985166 ns, Reaching safepoint: 82667 ns, Cleanup: 254000 ns, At safepoint: 19292 ns, Total: 355959 ns
[2025-06-11T14:10:40.487+0000][52378][info ][safepoint   ] Safepoint "Cleanup", Time since last: 1110209288042 ns, Reaching safepoint: 87083 ns, Cleanup: 250917 ns, At safepoint: 17208 ns, Total: 355208 ns
[2025-06-11T14:53:33.476+0000][52378][info ][safepoint   ] Safepoint "Cleanup", Time since last: 389976882083 ns, Reaching safepoint: 71042 ns, Cleanup: 283166 ns, At safepoint: 14500 ns, Total: 368708 ns
[2025-06-11T14:54:39.778+0000][52378][info ][safepoint   ] Safepoint "Cleanup", Time since last: 66302501250 ns, Reaching safepoint: 58542 ns, Cleanup: 223250 ns, At safepoint: 13958 ns, Total: 295750 ns
[2025-06-11T15:10:19.678+0000][52378][info ][safepoint   ] Safepoint "Cleanup", Time since last: 31272134709 ns, Reaching safepoint: 86541 ns, Cleanup: 982917 ns, At safepoint: 17917 ns, Total: 1087375 ns
[2025-06-11T15:10:39.837+0000][52378][info ][safepoint   ] Safepoint "Cleanup", Time since last: 20159056833 ns, Reaching safepoint: 147208 ns, Cleanup: 253125 ns, At safepoint: 12959 ns, Total: 413292 ns
[2025-06-11T15:10:42.603+0000][52378][info ][safepoint   ] Safepoint "Cleanup", Time since last: 2765334375 ns, Reaching safepoint: 65041 ns, Cleanup: 352250 ns, At safepoint: 14084 ns, Total: 431375 ns
[2025-06-11T15:28:09.209+0000][52378][info ][safepoint   ] Safepoint "Cleanup", Time since last: 22189981458 ns, Reaching safepoint: 73167 ns, Cleanup: 190208 ns, At safepoint: 14167 ns, Total: 277542 ns
[2025-06-11T15:31:16.417+0000][52378][info ][safepoint   ] Safepoint "Cleanup", Time since last: 187190226041 ns, Reaching safepoint: 63417 ns, Cleanup: 192458 ns, At safepoint: 13125 ns, Total: 269000 ns
[2025-06-11T15:32:16.603+0000][52378][info ][safepoint   ] Safepoint "Cleanup", Time since last: 60186716084 ns, Reaching safepoint: 74708 ns, Cleanup: 209417 ns, At safepoint: 16708 ns, Total: 300833 ns
[2025-06-11T15:48:44.389+0000][52378][info ][safepoint   ] Safepoint "Cleanup", Time since last: 29842655583 ns, Reaching safepoint: 28542 ns, Cleanup: 186375 ns, At safepoint: 5792 ns, Total: 220709 ns
[2025-06-11T15:48:51.457+0000][52378][info ][safepoint   ] Safepoint "Cleanup", Time since last: 7064643958 ns, Reaching safepoint: 54875 ns, Cleanup: 653292 ns, At safepoint: 21958 ns, Total: 730125 ns
[2025-06-11T15:51:44.628+0000][52378][info ][safepoint   ] Safepoint "Cleanup", Time since last: 173166515500 ns, Reaching safepoint: 37667 ns, Cleanup: 217750 ns, At safepoint: 8750 ns, Total: 264167 ns
[2025-06-11T15:54:00.033+0000][52378][info ][safepoint   ] Safepoint "Cleanup", Time since last: 55452474333 ns, Reaching safepoint: 16083 ns, Cleanup: 58000 ns, At safepoint: 3292 ns, Total: 77375 ns
[2025-06-11T16:23:13.938+0000][52378][info ][safepoint   ] Safepoint "Cleanup", Time since last: 246214990917 ns, Reaching safepoint: 92875 ns, Cleanup: 322875 ns, At safepoint: 14042 ns, Total: 429792 ns
[2025-06-11T16:23:15.958+0000][52378][info ][safepoint   ] Safepoint "Cleanup", Time since last: 2020097583 ns, Reaching safepoint: 57708 ns, Cleanup: 305667 ns, At safepoint: 15750 ns, Total: 379125 ns
[2025-06-11T16:23:43.177+0000][52378][info ][safepoint   ] Safepoint "Cleanup", Time since last: 27218260333 ns, Reaching safepoint: 74000 ns, Cleanup: 330792 ns, At safepoint: 16375 ns, Total: 421167 ns
[2025-06-11T16:26:21.187+0000][52378][info ][safepoint   ] Safepoint "Cleanup", Time since last: 158009830250 ns, Reaching safepoint: 26458 ns, Cleanup: 170250 ns, At safepoint: 9667 ns, Total: 206375 ns
[2025-06-11T16:43:28.950+0000][52378][info ][safepoint   ] Safepoint "Cleanup", Time since last: 30266174874 ns, Reaching safepoint: 67459 ns, Cleanup: 259666 ns, At safepoint: 18209 ns, Total: 345334 ns
[2025-06-11T16:55:19.560+0000][52378][info ][safepoint   ] Safepoint "Cleanup", Time since last: 62212492500 ns, Reaching safepoint: 52166 ns, Cleanup: 256000 ns, At safepoint: 17875 ns, Total: 326041 ns
[2025-06-11T17:29:37.102+0000][52378][info ][safepoint   ] Safepoint "Cleanup", Time since last: 109113821751 ns, Reaching safepoint: 139791 ns, Cleanup: 332542 ns, At safepoint: 23125 ns, Total: 495458 ns
[2025-06-11T17:30:12.977+0000][52378][info ][safepoint   ] Safepoint "Cleanup", Time since last: 35876717417 ns, Reaching safepoint: 170750 ns, Cleanup: 248875 ns, At safepoint: 40750 ns, Total: 460375 ns
[2025-06-11T17:31:51.394+0000][52378][info ][safepoint   ] Safepoint "Cleanup", Time since last: 98416516791 ns, Reaching safepoint: 58292 ns, Cleanup: 311500 ns, At safepoint: 16250 ns, Total: 386042 ns
[2025-06-11T17:36:56.788+0000][52378][info ][safepoint   ] Safepoint "Cleanup", Time since last: 305393218500 ns, Reaching safepoint: 53708 ns, Cleanup: 292250 ns, At safepoint: 34292 ns, Total: 380250 ns
[2025-06-11T17:45:42.247+0000][52378][info ][safepoint   ] Safepoint "Cleanup", Time since last: 525457915292 ns, Reaching safepoint: 155458 ns, Cleanup: 263500 ns, At safepoint: 14958 ns, Total: 433916 ns
[2025-06-11T17:45:44.267+0000][52378][info ][safepoint   ] Safepoint "Cleanup", Time since last: 2019167542 ns, Reaching safepoint: 64917 ns, Cleanup: 299541 ns, At safepoint: 16334 ns, Total: 380792 ns
[2025-06-11T17:46:14.064+0000][52378][info ][safepoint   ] Safepoint "Cleanup", Time since last: 29796195458 ns, Reaching safepoint: 68625 ns, Cleanup: 266750 ns, At safepoint: 13625 ns, Total: 349000 ns
[2025-06-11T17:47:13.125+0000][52378][info ][safepoint   ] Safepoint "Cleanup", Time since last: 59060892792 ns, Reaching safepoint: 47500 ns, Cleanup: 494291 ns, At safepoint: 14625 ns, Total: 556416 ns
[2025-06-11T17:51:37.840+0000][52378][info ][safepoint   ] Safepoint "Cleanup", Time since last: 264713388625 ns, Reaching safepoint: 68417 ns, Cleanup: 346333 ns, At safepoint: 19750 ns, Total: 434500 ns
[2025-06-11T17:53:07.040+0000][52378][info ][safepoint   ] Safepoint "Cleanup", Time since last: 89200095417 ns, Reaching safepoint: 41833 ns, Cleanup: 501334 ns, At safepoint: 6791 ns, Total: 549958 ns
[2025-06-11T17:57:26.334+0000][52378][info ][safepoint   ] Safepoint "Cleanup", Time since last: 259293102084 ns, Reaching safepoint: 71208 ns, Cleanup: 307458 ns, At safepoint: 16250 ns, Total: 394916 ns
[2025-06-11T17:58:07.663+0000][52378][info ][safepoint   ] Safepoint "Cleanup", Time since last: 41327894542 ns, Reaching safepoint: 80875 ns, Cleanup: 358750 ns, At safepoint: 23167 ns, Total: 462792 ns
[2025-06-11T18:06:17.834+0000][52378][info ][safepoint   ] Safepoint "Cleanup", Time since last: 490182886291 ns, Reaching safepoint: 62042 ns, Cleanup: 252833 ns, At safepoint: 14375 ns, Total: 329250 ns
[2025-06-11T18:07:14.059+0000][52378][info ][safepoint   ] Safepoint "Cleanup", Time since last: 56224647125 ns, Reaching safepoint: 62459 ns, Cleanup: 331250 ns, At safepoint: 17875 ns, Total: 411584 ns
[2025-06-11T18:08:37.293+0000][52378][info ][safepoint   ] Safepoint "Cleanup", Time since last: 83233501458 ns, Reaching safepoint: 79625 ns, Cleanup: 576917 ns, At safepoint: 21416 ns, Total: 677958 ns
[2025-06-11T18:09:22.321+0000][52378][info ][safepoint   ] Safepoint "Cleanup", Time since last: 45028236917 ns, Reaching safepoint: 71375 ns, Cleanup: 291042 ns, At safepoint: 16041 ns, Total: 378458 ns
[2025-06-11T18:12:07.755+0000][52378][info ][safepoint   ] Safepoint "Cleanup", Time since last: 165433433792 ns, Reaching safepoint: 80667 ns, Cleanup: 337250 ns, At safepoint: 13458 ns, Total: 431375 ns
[2025-06-11T18:12:37.621+0000][52378][info ][safepoint   ] Safepoint "Cleanup", Time since last: 29866088750 ns, Reaching safepoint: 90333 ns, Cleanup: 260292 ns, At safepoint: 18125 ns, Total: 368750 ns
[2025-06-11T18:28:15.208+0000][52378][info ][safepoint   ] Safepoint "Cleanup", Time since last: 23201254000 ns, Reaching safepoint: 74375 ns, Cleanup: 183834 ns, At safepoint: 13333 ns, Total: 271542 ns
[2025-06-11T18:58:01.334+0000][52378][info ][gc,start    ] GC(13) Pause Young (Normal) (G1 Evacuation Pause)
[2025-06-11T18:58:01.337+0000][52378][info ][gc,task     ] GC(13) Using 8 workers of 8 for evacuation
[2025-06-11T18:58:01.337+0000][52378][debug][gc,age      ] GC(13) Desired survivor size 52428800 bytes, new threshold 4 (max threshold 15)
[2025-06-11T18:58:01.453+0000][52378][info ][gc,phases   ] GC(13)   Pre Evacuate Collection Set: 1.7ms
[2025-06-11T18:58:01.453+0000][52378][info ][gc,phases   ] GC(13)   Merge Heap Roots: 0.7ms
[2025-06-11T18:58:01.453+0000][52378][info ][gc,phases   ] GC(13)   Evacuate Collection Set: 110.1ms
[2025-06-11T18:58:01.454+0000][52378][info ][gc,phases   ] GC(13)   Post Evacuate Collection Set: 3.9ms
[2025-06-11T18:58:01.454+0000][52378][info ][gc,phases   ] GC(13)   Other: 1.5ms
[2025-06-11T18:58:01.454+0000][52378][trace][gc,age      ] GC(13) Age table with threshold 4 (max threshold 15)
[2025-06-11T18:58:01.454+0000][52378][trace][gc,age      ] GC(13) - age   1:    2124464 bytes,    2124464 total
[2025-06-11T18:58:01.454+0000][52378][trace][gc,age      ] GC(13) - age   2:   20487792 bytes,   22612256 total
[2025-06-11T18:58:01.454+0000][52378][trace][gc,age      ] GC(13) - age   3:   14917792 bytes,   37530048 total
[2025-06-11T18:58:01.454+0000][52378][trace][gc,age      ] GC(13) - age   4:    3912448 bytes,   41442496 total
[2025-06-11T18:58:01.454+0000][52378][info ][gc,heap     ] GC(13) Eden regions: 180->0(286)
[2025-06-11T18:58:01.454+0000][52378][info ][gc,heap     ] GC(13) Survivor regions: 20->12(25)
[2025-06-11T18:58:01.454+0000][52378][info ][gc,heap     ] GC(13) Old regions: 6->14
[2025-06-11T18:58:01.454+0000][52378][info ][gc,heap     ] GC(13) Humongous regions: 0->0
[2025-06-11T18:58:01.454+0000][52378][info ][gc,metaspace] GC(13) Metaspace: 123543K(126592K)->123543K(126592K) NonClass: 106935K(108608K)->106935K(108608K) Class: 16607K(17984K)->16607K(17984K)
[2025-06-11T18:58:01.454+0000][52378][info ][gc          ] GC(13) Pause Young (Normal) (G1 Evacuation Pause) 820M->101M(8192M) 119.936ms
[2025-06-11T18:58:01.454+0000][52378][info ][gc,cpu      ] GC(13) User=0.19s Sys=0.28s Real=0.12s
[2025-06-11T18:58:01.454+0000][52378][info ][safepoint   ] Safepoint "G1CollectForAllocation", Time since last: 210349535541 ns, Reaching safepoint: 56292 ns, Cleanup: 27500 ns, At safepoint: 121565958 ns, Total: 121649750 ns
[2025-06-11T18:58:34.720+0000][52378][info ][safepoint   ] Safepoint "Cleanup", Time since last: 33265968834 ns, Reaching safepoint: 58125 ns, Cleanup: 299166 ns, At safepoint: 10459 ns, Total: 367750 ns
[2025-06-11T18:59:07.587+0000][52378][info ][safepoint   ] Safepoint "Cleanup", Time since last: 32866364916 ns, Reaching safepoint: 64542 ns, Cleanup: 208958 ns, At safepoint: 13375 ns, Total: 286875 ns
[2025-06-11T19:00:07.716+0000][52378][info ][safepoint   ] Safepoint "Cleanup", Time since last: 60128309584 ns, Reaching safepoint: 99625 ns, Cleanup: 1555875 ns, At safepoint: 23625 ns, Total: 1679125 ns
[2025-06-11T19:12:43.862+0000][52378][info ][safepoint   ] Safepoint "Cleanup", Time since last: 756150564750 ns, Reaching safepoint: 22750 ns, Cleanup: 52000 ns, At safepoint: 3833 ns, Total: 78583 ns
[2025-06-11T19:13:08.035+0000][52378][info ][safepoint   ] Safepoint "Cleanup", Time since last: 24171980792 ns, Reaching safepoint: 83916 ns, Cleanup: 336542 ns, At safepoint: 24167 ns, Total: 444625 ns
[2025-06-11T19:18:38.091+0000][52378][info ][safepoint   ] Safepoint "Cleanup", Time since last: 330057702583 ns, Reaching safepoint: 73167 ns, Cleanup: 239833 ns, At safepoint: 13042 ns, Total: 326042 ns
[2025-06-11T19:22:29.750+0000][52378][info ][safepoint   ] Safepoint "Cleanup", Time since last: 231660258000 ns, Reaching safepoint: 165958 ns, Cleanup: 314250 ns, At safepoint: 15375 ns, Total: 495583 ns
[2025-06-11T19:26:20.156+0000][52378][info ][safepoint   ] Safepoint "Cleanup", Time since last: 230407175833 ns, Reaching safepoint: 67792 ns, Cleanup: 275958 ns, At safepoint: 17542 ns, Total: 361292 ns
[2025-06-11T19:35:01.285+0000][52378][info ][safepoint   ] Safepoint "Cleanup", Time since last: 521115800417 ns, Reaching safepoint: 30333 ns, Cleanup: 185417 ns, At safepoint: 7375 ns, Total: 223125 ns
[2025-06-11T19:46:08.888+0000][52378][info ][safepoint   ] Safepoint "Cleanup", Time since last: 667603768458 ns, Reaching safepoint: 98167 ns, Cleanup: 334208 ns, At safepoint: 23958 ns, Total: 456333 ns
[2025-06-11T19:48:34.276+0000][52378][info ][safepoint   ] Safepoint "Cleanup", Time since last: 145387308167 ns, Reaching safepoint: 35000 ns, Cleanup: 159750 ns, At safepoint: 9417 ns, Total: 204167 ns
[2025-06-11T19:51:44.830+0000][52378][info ][safepoint   ] Safepoint "Cleanup", Time since last: 190554844666 ns, Reaching safepoint: 83292 ns, Cleanup: 256625 ns, At safepoint: 19833 ns, Total: 359750 ns
[2025-06-11T19:52:35.975+0000][52378][info ][safepoint   ] Safepoint "Cleanup", Time since last: 51143713375 ns, Reaching safepoint: 56834 ns, Cleanup: 330666 ns, At safepoint: 15584 ns, Total: 403084 ns
[2025-06-11T19:52:45.033+0000][52378][info ][safepoint   ] Safepoint "Cleanup", Time since last: 9057876875 ns, Reaching safepoint: 61458 ns, Cleanup: 259958 ns, At safepoint: 27042 ns, Total: 348458 ns
[2025-06-11T19:54:34.225+0000][52378][info ][safepoint   ] Safepoint "Cleanup", Time since last: 109192582208 ns, Reaching safepoint: 35500 ns, Cleanup: 205250 ns, At safepoint: 20000 ns, Total: 260750 ns
[2025-06-11T19:55:02.032+0000][52378][info ][safepoint   ] Safepoint "Cleanup", Time since last: 27806309000 ns, Reaching safepoint: 60042 ns, Cleanup: 117958 ns, At safepoint: 15250 ns, Total: 193250 ns
[2025-06-11T19:57:38.603+0000][52378][info ][safepoint   ] Safepoint "Cleanup", Time since last: 156570894792 ns, Reaching safepoint: 60083 ns, Cleanup: 389459 ns, At safepoint: 12083 ns, Total: 461625 ns
[2025-06-11T19:58:08.540+0000][52378][info ][safepoint   ] Safepoint "Cleanup", Time since last: 29934746167 ns, Reaching safepoint: 2568500 ns, Cleanup: 81500 ns, At safepoint: 25708 ns, Total: 2675708 ns
[2025-06-11T20:19:49.580+0000][52378][info ][safepoint   ] Safepoint "Cleanup", Time since last: 325884895875 ns, Reaching safepoint: 33250 ns, Cleanup: 103459 ns, At safepoint: 15416 ns, Total: 152125 ns
[2025-06-11T20:20:24.529+0000][52378][info ][safepoint   ] Safepoint "Cleanup", Time since last: 34949074125 ns, Reaching safepoint: 86834 ns, Cleanup: 216583 ns, At safepoint: 18833 ns, Total: 322250 ns
[2025-06-11T20:36:57.432+0000][52378][info ][safepoint   ] Safepoint "Cleanup", Time since last: 30234583334 ns, Reaching safepoint: 122833 ns, Cleanup: 404167 ns, At safepoint: 12666 ns, Total: 539666 ns
[2025-06-11T23:55:04.508+0000][52378][info ][safepoint   ] Safepoint "Cleanup", Time since last: 1646062845166 ns, Reaching safepoint: 88917 ns, Cleanup: 248125 ns, At safepoint: 29250 ns, Total: 366292 ns
[2025-06-11T23:55:08.535+0000][52378][info ][safepoint   ] Safepoint "Cleanup", Time since last: 4026519958 ns, Reaching safepoint: 84125 ns, Cleanup: 434334 ns, At safepoint: 23541 ns, Total: 542000 ns
[2025-06-12T00:17:35.831+0000][52378][info ][safepoint   ] Safepoint "Cleanup", Time since last: 219689542251 ns, Reaching safepoint: 64333 ns, Cleanup: 240084 ns, At safepoint: 20958 ns, Total: 325375 ns
[2025-06-12T01:02:20.428+0000][52378][info ][safepoint   ] Safepoint "Cleanup", Time since last: 467896722791 ns, Reaching safepoint: 83708 ns, Cleanup: 340209 ns, At safepoint: 18458 ns, Total: 442375 ns
[2025-06-12T01:04:32.665+0000][52378][info ][safepoint   ] Safepoint "Cleanup", Time since last: 132237640792 ns, Reaching safepoint: 92500 ns, Cleanup: 331791 ns, At safepoint: 28375 ns, Total: 452666 ns
[2025-06-12T01:13:33.054+0000][52378][info ][safepoint   ] Safepoint "Cleanup", Time since last: 438897551334 ns, Reaching safepoint: 156833 ns, Cleanup: 114792 ns, At safepoint: 5333 ns, Total: 276958 ns
[2025-06-12T01:17:04.722+0000][52378][info ][safepoint   ] Safepoint "Cleanup", Time since last: 211667444458 ns, Reaching safepoint: 118334 ns, Cleanup: 302250 ns, At safepoint: 31458 ns, Total: 452042 ns
[2025-06-12T01:17:10.751+0000][52378][info ][safepoint   ] Safepoint "Cleanup", Time since last: 6028322458 ns, Reaching safepoint: 66625 ns, Cleanup: 242584 ns, At safepoint: 14250 ns, Total: 323459 ns
[2025-06-12T01:17:59.910+0000][52378][info ][safepoint   ] Safepoint "Cleanup", Time since last: 49158986500 ns, Reaching safepoint: 15666 ns, Cleanup: 63834 ns, At safepoint: 4000 ns, Total: 83500 ns
[2025-06-12T01:23:10.814+0000][52378][info ][safepoint   ] Safepoint "Cleanup", Time since last: 310904128375 ns, Reaching safepoint: 291166 ns, Cleanup: 325209 ns, At safepoint: 4041 ns, Total: 620416 ns
[2025-06-12T01:24:00.011+0000][52378][info ][safepoint   ] Safepoint "Cleanup", Time since last: 49197134375 ns, Reaching safepoint: 25084 ns, Cleanup: 98041 ns, At safepoint: 8417 ns, Total: 131542 ns
[2025-06-12T01:25:53.305+0000][52378][info ][safepoint   ] Safepoint "Cleanup", Time since last: 113292776667 ns, Reaching safepoint: 235000 ns, Cleanup: 856208 ns, At safepoint: 15667 ns, Total: 1106875 ns
[2025-06-12T01:26:01.322+0000][52378][info ][safepoint   ] Safepoint "Cleanup", Time since last: 8015984750 ns, Reaching safepoint: 44750 ns, Cleanup: 744833 ns, At safepoint: 8500 ns, Total: 798083 ns
[2025-06-12T01:26:12.370+0000][52378][info ][safepoint   ] Safepoint "Cleanup", Time since last: 11046315458 ns, Reaching safepoint: 52209 ns, Cleanup: 1769333 ns, At safepoint: 16292 ns, Total: 1837834 ns
[2025-06-12T01:26:21.408+0000][52378][info ][safepoint   ] Safepoint "Cleanup", Time since last: 9037896000 ns, Reaching safepoint: 52291 ns, Cleanup: 437875 ns, At safepoint: 14125 ns, Total: 504291 ns
[2025-06-12T01:26:41.405+0000][52378][info ][safepoint   ] Safepoint "Cleanup", Time since last: 19996098917 ns, Reaching safepoint: 33083 ns, Cleanup: 151959 ns, At safepoint: 5875 ns, Total: 190917 ns
[2025-06-12T01:29:04.793+0000][52378][info ][safepoint   ] Safepoint "Cleanup", Time since last: 143387810625 ns, Reaching safepoint: 85708 ns, Cleanup: 443458 ns, At safepoint: 13709 ns, Total: 542875 ns
[2025-06-12T01:34:35.768+0000][52378][info ][safepoint   ] Safepoint "Cleanup", Time since last: 330975242958 ns, Reaching safepoint: 114833 ns, Cleanup: 319042 ns, At safepoint: 16500 ns, Total: 450375 ns
[2025-06-12T01:35:04.891+0000][52378][info ][safepoint   ] Safepoint "Cleanup", Time since last: 29121231625 ns, Reaching safepoint: 1003667 ns, Cleanup: 327541 ns, At safepoint: 23209 ns, Total: 1354417 ns
[2025-06-12T01:39:10.550+0000][52378][info ][safepoint   ] Safepoint "Cleanup", Time since last: 245678827208 ns, Reaching safepoint: 182875 ns, Cleanup: 187792 ns, At safepoint: 3750 ns, Total: 374417 ns
[2025-06-12T01:39:12.561+0000][52378][info ][safepoint   ] Safepoint "Cleanup", Time since last: 2010381416 ns, Reaching safepoint: 139875 ns, Cleanup: 768125 ns, At safepoint: 4042 ns, Total: 912042 ns
[2025-06-12T01:39:33.575+0000][52378][info ][safepoint   ] Safepoint "Cleanup", Time since last: 21013856917 ns, Reaching safepoint: 39083 ns, Cleanup: 270292 ns, At safepoint: 7291 ns, Total: 316666 ns
[2025-06-12T01:39:34.581+0000][52378][info ][safepoint   ] Safepoint "Cleanup", Time since last: 1004800084 ns, Reaching safepoint: 43041 ns, Cleanup: 798292 ns, At safepoint: 4750 ns, Total: 846083 ns
[2025-06-12T01:39:35.586+0000][52378][info ][safepoint   ] Safepoint "Cleanup", Time since last: 1003995333 ns, Reaching safepoint: 159792 ns, Cleanup: 569333 ns, At safepoint: 20375 ns, Total: 749500 ns
[2025-06-12T01:39:55.664+0000][52378][info ][safepoint   ] Safepoint "Cleanup", Time since last: 20077689250 ns, Reaching safepoint: 251375 ns, Cleanup: 864834 ns, At safepoint: 4291 ns, Total: 1120500 ns
[2025-06-12T01:40:12.731+0000][52378][info ][safepoint   ] Safepoint "Cleanup", Time since last: 17065398459 ns, Reaching safepoint: 234250 ns, Cleanup: 977333 ns, At safepoint: 18917 ns, Total: 1230500 ns
[2025-06-12T01:41:00.784+0000][52378][info ][safepoint   ] Safepoint "Cleanup", Time since last: 48052477041 ns, Reaching safepoint: 494542 ns, Cleanup: 193375 ns, At safepoint: 9000 ns, Total: 696917 ns
[2025-06-12T01:47:23.809+0000][52378][info ][safepoint   ] Safepoint "Cleanup", Time since last: 383027045458 ns, Reaching safepoint: 108250 ns, Cleanup: 1094875 ns, At safepoint: 20667 ns, Total: 1223792 ns
[2025-06-12T01:47:31.782+0000][52378][info ][safepoint   ] Safepoint "Cleanup", Time since last: 7972010625 ns, Reaching safepoint: 94042 ns, Cleanup: 449000 ns, At safepoint: 15208 ns, Total: 558250 ns
[2025-06-12T01:47:40.823+0000][52378][info ][safepoint   ] Safepoint "Cleanup", Time since last: 9040924042 ns, Reaching safepoint: 57000 ns, Cleanup: 323166 ns, At safepoint: 10667 ns, Total: 390833 ns
[2025-06-12T01:49:09.109+0000][52378][info ][safepoint   ] Safepoint "Cleanup", Time since last: 88285465375 ns, Reaching safepoint: 625875 ns, Cleanup: 206208 ns, At safepoint: 15334 ns, Total: 847417 ns
[2025-06-12T01:49:35.157+0000][52378][info ][safepoint   ] Safepoint "Cleanup", Time since last: 26048317875 ns, Reaching safepoint: 106000 ns, Cleanup: 261291 ns, At safepoint: 20625 ns, Total: 387916 ns
[2025-06-12T01:59:10.906+0000][52378][info ][safepoint   ] Safepoint "Cleanup", Time since last: 575751664500 ns, Reaching safepoint: 285500 ns, Cleanup: 215875 ns, At safepoint: 5584 ns, Total: 506959 ns
[2025-06-12T02:02:11.360+0000][52378][info ][safepoint   ] Safepoint "Cleanup", Time since last: 180454970041 ns, Reaching safepoint: 255625 ns, Cleanup: 168834 ns, At safepoint: 4875 ns, Total: 429334 ns
[2025-06-12T02:02:13.371+0000][52378][info ][safepoint   ] Safepoint "Cleanup", Time since last: 2010402125 ns, Reaching safepoint: 35083 ns, Cleanup: 282083 ns, At safepoint: 16334 ns, Total: 333500 ns
[2025-06-12T02:02:16.380+0000][52378][info ][safepoint   ] Safepoint "Cleanup", Time since last: 3009416916 ns, Reaching safepoint: 17500 ns, Cleanup: 209334 ns, At safepoint: 3666 ns, Total: 230500 ns
[2025-06-12T02:02:17.386+0000][52378][info ][safepoint   ] Safepoint "Cleanup", Time since last: 1005577959 ns, Reaching safepoint: 43000 ns, Cleanup: 380500 ns, At safepoint: 21791 ns, Total: 445291 ns
[2025-06-12T02:02:54.417+0000][52378][info ][safepoint   ] Safepoint "Cleanup", Time since last: 37030486625 ns, Reaching safepoint: 636959 ns, Cleanup: 289916 ns, At safepoint: 10084 ns, Total: 936959 ns
[2025-06-12T02:04:15.725+0000][52378][info ][safepoint   ] Safepoint "Cleanup", Time since last: 81308251000 ns, Reaching safepoint: 99041 ns, Cleanup: 294417 ns, At safepoint: 6542 ns, Total: 400000 ns
[2025-06-12T02:06:19.898+0000][52378][info ][safepoint   ] Safepoint "Cleanup", Time since last: 124180606833 ns, Reaching safepoint: 449250 ns, Cleanup: 40917 ns, At safepoint: 4500 ns, Total: 494667 ns
[2025-06-12T02:06:20.901+0000][52378][info ][safepoint   ] Safepoint "Cleanup", Time since last: 1003021125 ns, Reaching safepoint: 52208 ns, Cleanup: 489417 ns, At safepoint: 15708 ns, Total: 557333 ns
[2025-06-12T02:07:01.044+0000][52378][info ][safepoint   ] Safepoint "Cleanup", Time since last: 40142809958 ns, Reaching safepoint: 58917 ns, Cleanup: 173667 ns, At safepoint: 15583 ns, Total: 248167 ns
[2025-06-12T02:07:02.050+0000][52378][info ][safepoint   ] Safepoint "Cleanup", Time since last: 1006140000 ns, Reaching safepoint: 17167 ns, Cleanup: 63833 ns, At safepoint: 2750 ns, Total: 83750 ns
[2025-06-12T02:07:04.060+0000][52378][info ][safepoint   ] Safepoint "Cleanup", Time since last: 2010213833 ns, Reaching safepoint: 20209 ns, Cleanup: 135708 ns, At safepoint: 5875 ns, Total: 161792 ns
[2025-06-12T02:07:51.173+0000][52378][info ][safepoint   ] Safepoint "Cleanup", Time since last: 47112901958 ns, Reaching safepoint: 27334 ns, Cleanup: 89291 ns, At safepoint: 2292 ns, Total: 118917 ns
[2025-06-12T02:13:38.143+0000][52378][info ][safepoint   ] Safepoint "Cleanup", Time since last: 346973020500 ns, Reaching safepoint: 159458 ns, Cleanup: 207667 ns, At safepoint: 5667 ns, Total: 372792 ns
[2025-06-12T02:14:36.263+0000][52378][info ][safepoint   ] Safepoint "Cleanup", Time since last: 58120333250 ns, Reaching safepoint: 22625 ns, Cleanup: 124125 ns, At safepoint: 3500 ns, Total: 150250 ns
[2025-06-12T02:19:03.055+0000][52378][info ][safepoint   ] Safepoint "Cleanup", Time since last: 266791777291 ns, Reaching safepoint: 2609875 ns, Cleanup: 88959 ns, At safepoint: 14833 ns, Total: 2713667 ns
[2025-06-12T02:19:04.765+0000][52378][info ][safepoint   ] Safepoint "Cleanup", Time since last: 1708123083 ns, Reaching safepoint: 39459 ns, Cleanup: 1838125 ns, At safepoint: 5333 ns, Total: 1882917 ns
[2025-06-12T02:19:05.771+0000][52378][info ][safepoint   ] Safepoint "Cleanup", Time since last: 1005163750 ns, Reaching safepoint: 43125 ns, Cleanup: 54083 ns, At safepoint: 16667 ns, Total: 113875 ns
[2025-06-12T02:19:05.787+0000][52378][info ][gc,heap,exit] Heap
[2025-06-12T02:19:05.787+0000][52378][info ][gc,heap,exit]  garbage-first heap   total 8388608K, used 633588K [0x0000000600000000, 0x0000000800000000)
[2025-06-12T02:19:05.787+0000][52378][info ][gc,heap,exit]   region size 4096K, 142 young (581632K), 12 survivors (49152K)
[2025-06-12T02:19:05.787+0000][52378][info ][gc,heap,exit]  Metaspace       used 124281K, committed 127360K, reserved 1179648K
[2025-06-12T02:19:05.787+0000][52378][info ][gc,heap,exit]   class space    used 16681K, committed 18112K, reserved 1048576K
